ai-ml-challenge-main/retail_pricing_demand_2024.csv
date,store_id,sku_id,base_price,promo_flag,promo_depth,final_price,competitor_price,holiday_flag,weather_index,week_of_year,units_sold,revenue,margin,stock_cap,stockout_flag,set
2024-01-01,S01,SKU001,10.49,0,0.0,10.49,10.02,1,0.291,0,2,20.98,12.58,71,0,train
2024-01-02,S01,SKU001,10.49,0,0.0,10.49,10.54,0,0.459,0,11,115.39,69.19,76,0,train
2024-01-03,S01,SKU001,10.49,0,0.0,10.49,10.6,0,0.337,0,11,115.39,69.19,61,0,train
2024-01-04,S01,SKU001,10.49,0,0.0,10.49,10.99,0,0.381,0,6,62.94,37.74,49,0,train
2024-01-05,S01,SKU001,10.49,0,0.0,10.49,11.55,0,0.398,0,5,52.45,31.45,34,0,train
2024-01-06,S01,SKU001,10.49,0,0.0,10.49,10.58,0,0.365,0,11,115.39,69.19,82,0,train
2024-01-07,S01,SKU001,10.49,0,0.0,10.49,10.5,0,0.334,1,8,83.92,50.32,43,0,train
2024-01-08,S01,SKU001,10.49,0,0.0,10.49,10.12,0,0.462,1,10,104.9,62.9,97,0,train
2024-01-09,S01,SKU001,10.49,0,0.0,10.49,10.3,0,0.451,1,8,83.92,50.32,59,0,train
2024-01-10,S01,SKU001,10.49,0,0.0,10.49,11.06,0,0.319,1,7,73.43,44.03,103,0,train
2024-01-11,S01,SKU001,10.49,0,0.0,10.49,11.09,0,0.584,1,8,83.92,50.32,74,0,train
2024-01-12,S01,SKU001,10.49,0,0.0,10.49,11.26,0,0.508,1,10,104.9,62.9,23,0,train
2024-01-13,S01,SKU001,10.49,1,0.21,8.29,10.5,0,0.411,1,18,149.22,73.62,73,0,train
2024-01-14,S01,SKU001,10.49,1,0.2,8.39,10.52,0,0.518,2,19,159.41,79.61,88,0,train
2024-01-15,S01,SKU001,10.49,0,0.0,10.49,11.37,0,0.443,2,8,83.92,50.32,29,0,train
2024-01-16,S01,SKU001,10.49,0,0.0,10.49,11.14,0,0.474,2,9,94.41,56.61,32,0,train
2024-01-17,S01,SKU001,10.49,0,0.0,10.49,10.16,0,0.532,2,7,73.43,44.03,40,0,train
2024-01-18,S01,SKU001,10.49,0,0.0,10.49,10.67,0,0.416,2,5,52.45,31.45,70,0,train
2024-01-19,S01,SKU001,10.49,0,0.0,10.49,9.85,0,0.533,2,7,73.43,44.03,56,0,train
2024-01-20,S01,SKU001,10.49,0,0.0,10.49,10.73,0,0.589,2,7,73.43,44.03,86,0,train
2024-01-21,S01,SKU001,10.49,0,0.0,10.49,10.93,0,0.591,3,10,104.9,62.9,98,0,train
2024-01-22,S01,SKU001,10.49,0,0.0,10.49,10.76,0,0.501,3,12,125.88,75.48,96,0,train
2024-01-23,S01,SKU001,10.49,1,0.26,7.76,10.77,0,0.58,3,27,209.52,96.12,72,0,train
2024-01-24,S01,SKU001,10.49,1,0.32,7.13,10.3,0,0.435,3,11,78.43,32.23,92,0,train
2024-01-25,S01,SKU001,10.49,0,0.0,10.49,11.3,0,0.53,3,4,41.96,25.16,54,0,train
2024-01-26,S01,SKU001,10.49,0,0.0,10.49,11.19,0,0.573,3,12,125.88,75.48,104,0,train
2024-01-27,S01,SKU001,10.49,0,0.0,10.49,11.12,0,0.472,3,9,94.41,56.61,99,0,train
2024-01-28,S01,SKU001,10.49,0,0.0,10.49,10.51,0,0.555,4,8,83.92,50.32,24,0,train
2024-01-29,S01,SKU001,10.49,0,0.0,10.49,11.0,0,0.67,4,11,115.39,69.19,97,0,train
2024-01-30,S01,SKU001,10.49,0,0.0,10.49,11.01,0,0.731,4,7,73.43,44.03,98,0,train
2024-01-31,S01,SKU001,10.49,0,0.0,10.49,11.39,0,0.627,4,8,83.92,50.32,48,0,train
2024-02-01,S01,SKU001,10.49,0,0.0,10.49,10.83,0,0.637,4,13,136.37,81.77,77,0,train
2024-02-02,S01,SKU001,10.49,0,0.0,10.49,10.3,0,0.536,4,8,83.92,50.32,104,0,train
2024-02-03,S01,SKU001,10.49,0,0.0,10.49,9.99,0,0.528,4,8,83.92,50.32,53,0,train
2024-02-04,S01,SKU001,10.49,0,0.0,10.49,10.75,0,0.522,5,12,125.88,75.48,27,0,train
2024-02-05,S01,SKU001,10.49,0,0.0,10.49,11.18,0,0.646,5,9,94.41,56.61,99,0,train
2024-02-06,S01,SKU001,10.49,0,0.0,10.49,10.82,0,0.665,5,7,73.43,44.03,93,0,train
2024-02-07,S01,SKU001,10.49,0,0.0,10.49,11.15,0,0.587,5,15,157.35,94.35,63,0,train
2024-02-08,S01,SKU001,10.49,1,0.27,7.66,11.27,0,0.559,5,21,160.86,72.66,75,0,train
2024-02-09,S01,SKU001,10.49,0,0.0,10.49,10.11,1,0.655,5,14,146.86,88.06,84,0,train
2024-02-10,S01,SKU001,10.49,0,0.0,10.49,10.94,0,0.665,5,12,125.88,75.48,57,0,train
2024-02-11,S01,SKU001,10.49,0,0.0,10.49,10.8,0,0.645,6,15,157.35,94.35,63,0,train
2024-02-12,S01,SKU001,10.49,0,0.0,10.49,10.79,0,0.735,6,6,62.94,37.74,44,0,train
2024-02-13,S01,SKU001,10.49,0,0.0,10.49,11.82,0,0.66,6,8,83.92,50.32,25,0,train
2024-02-14,S01,SKU001,10.49,0,0.0,10.49,11.54,0,0.667,6,9,94.41,56.61,51,0,train
2024-02-15,S01,SKU001,10.49,0,0.0,10.49,10.58,0,0.611,6,6,62.94,37.74,64,0,train
2024-02-16,S01,SKU001,10.49,0,0.0,10.49,10.63,0,0.692,6,9,94.41,56.61,54,0,train
2024-02-17,S01,SKU001,10.49,1,0.21,8.29,10.91,0,0.771,6,21,174.09,85.89,55,0,train
2024-02-18,S01,SKU001,10.49,0,0.0,10.49,10.93,0,0.699,7,11,115.39,69.19,77,0,train
2024-02-19,S01,SKU001,10.49,0,0.0,10.49,10.93,0,0.706,7,14,146.86,88.06,41,0,train
2024-02-20,S01,SKU001,10.49,1,0.26,7.76,10.89,0,0.734,7,13,100.88,46.28,33,0,train
2024-02-21,S01,SKU001,10.49,0,0.0,10.49,10.99,0,0.73,7,7,73.43,44.03,94,0,train
2024-02-22,S01,SKU001,10.49,0,0.0,10.49,11.2,0,0.751,7,11,115.39,69.19,36,0,train
2024-02-23,S01,SKU001,10.49,0,0.0,10.49,10.92,0,0.757,7,12,125.88,75.48,42,0,train
2024-02-24,S01,SKU001,10.49,0,0.0,10.49,10.33,0,0.768,7,8,83.92,50.32,27,0,train
2024-02-25,S01,SKU001,10.49,0,0.0,10.49,11.41,0,0.689,8,14,146.86,88.06,98,0,train
2024-02-26,S01,SKU001,10.49,0,0.0,10.49,10.86,0,0.76,8,11,115.39,69.19,76,0,train
2024-02-27,S01,SKU001,10.49,0,0.0,10.49,11.62,0,0.651,8,8,83.92,50.32,52,0,train
2024-02-28,S01,SKU001,10.49,0,0.0,10.49,10.96,0,0.769,8,11,115.39,69.19,88,0,train
2024-02-29,S01,SKU001,10.49,0,0.0,10.49,10.46,0,0.682,8,6,62.94,37.74,38,0,train
2024-03-01,S01,SKU001,10.49,0,0.0,10.49,10.99,0,0.759,8,12,125.88,75.48,78,0,train
2024-03-02,S01,SKU001,10.49,0,0.0,10.49,10.83,0,0.797,8,16,167.84,100.64,25,0,train
2024-03-03,S01,SKU001,10.49,1,0.09,9.55,11.16,0,0.748,9,19,181.45,101.65,94,0,train
2024-03-04,S01,SKU001,10.49,0,0.0,10.49,10.86,0,0.784,9,11,115.39,69.19,85,0,train
2024-03-05,S01,SKU001,10.49,0,0.0,10.49,10.49,0,0.685,9,13,136.37,81.77,53,0,train
2024-03-06,S01,SKU001,10.49,0,0.0,10.49,11.37,0,0.737,9,18,188.82,113.22,34,0,train
2024-03-07,S01,SKU001,10.49,0,0.0,10.49,11.06,0,0.834,9,7,73.43,44.03,74,0,train
2024-03-08,S01,SKU001,10.49,1,0.15,8.92,10.71,0,0.728,9,20,178.4,94.4,68,0,train
2024-03-09,S01,SKU001,10.49,0,0.0,10.49,10.52,0,0.841,9,14,146.86,88.06,84,0,train
2024-03-10,S01,SKU001,10.49,1,0.23,8.08,11.67,0,0.723,10,16,129.28,62.08,56,0,train
2024-03-11,S01,SKU001,10.49,0,0.0,10.49,10.91,0,0.756,10,5,52.45,31.45,62,0,train
2024-03-12,S01,SKU001,10.49,0,0.0,10.49,11.12,0,0.749,10,10,104.9,62.9,90,0,train
2024-03-13,S01,SKU001,10.49,0,0.0,10.49,11.35,0,0.82,10,20,209.8,125.8,75,0,train
2024-03-14,S01,SKU001,10.49,0,0.0,10.49,10.93,0,0.855,10,12,125.88,75.48,56,0,train
2024-03-15,S01,SKU001,10.49,0,0.0,10.49,10.74,0,0.763,10,14,146.86,88.06,27,0,train
2024-03-16,S01,SKU001,10.49,0,0.0,10.49,10.85,0,0.82,10,6,62.94,37.74,52,0,train
2024-03-17,S01,SKU001,10.49,0,0.0,10.49,11.53,0,0.932,11,17,178.33,106.93,53,0,train
2024-03-18,S01,SKU001,10.49,0,0.0,10.49,10.49,0,0.82,11,17,178.33,106.93,60,0,train
2024-03-19,S01,SKU001,10.49,0,0.0,10.49,10.79,0,0.793,11,13,136.37,81.77,24,0,train
2024-03-20,S01,SKU001,10.49,1,0.12,9.23,10.82,0,0.869,11,22,203.06,110.66,60,0,train
2024-03-21,S01,SKU001,10.49,0,0.0,10.49,11.25,0,0.836,11,17,178.33,106.93,55,0,train
2024-03-22,S01,SKU001,10.49,0,0.0,10.49,11.64,0,0.811,11,19,199.31,119.51,80,0,train
2024-03-23,S01,SKU001,10.49,0,0.0,10.49,10.77,0,0.748,11,12,125.88,75.48,86,0,train
2024-03-24,S01,SKU001,10.49,1,0.19,8.5,10.87,0,0.908,12,23,195.5,98.9,62,0,train
2024-03-25,S01,SKU001,10.49,0,0.0,10.49,10.51,0,0.828,12,19,199.31,119.51,73,0,train
2024-03-26,S01,SKU001,10.49,0,0.0,10.49,11.59,0,0.865,12,15,157.35,94.35,91,0,train
2024-03-27,S01,SKU001,10.49,0,0.0,10.49,11.01,0,0.804,12,9,94.41,56.61,85,0,train
2024-03-28,S01,SKU001,10.49,0,0.0,10.49,11.43,0,0.948,12,12,125.88,75.48,26,0,train
2024-03-29,S01,SKU001,10.49,0,0.0,10.49,11.18,0,0.918,12,12,125.88,75.48,35,0,train
2024-03-30,S01,SKU001,10.49,0,0.0,10.49,11.16,0,0.934,12,12,125.88,75.48,85,0,train
2024-03-31,S01,SKU001,10.49,0,0.0,10.49,10.73,0,0.871,13,9,94.41,56.61,59,0,train
2024-04-01,S01,SKU001,10.49,0,0.0,10.49,11.63,0,0.908,13,19,199.31,119.51,90,0,train
2024-04-02,S01,SKU001,10.49,1,0.15,8.92,10.46,0,0.935,13,17,151.64,80.24,33,0,train
2024-04-03,S01,SKU001,10.49,0,0.0,10.49,11.45,0,0.945,13,15,157.35,94.35,36,0,train
2024-04-04,S01,SKU001,10.49,1,0.26,7.76,10.93,0,0.904,13,29,225.04,103.24,34,0,train
2024-04-05,S01,SKU001,10.49,0,0.0,10.49,10.95,0,0.884,13,14,146.86,88.06,59,0,train
2024-04-06,S01,SKU001,10.49,0,0.0,10.49,11.34,0,0.868,13,24,251.76,150.96,24,1,train
2024-04-07,S01,SKU001,10.49,0,0.0,10.49,11.41,0,0.846,14,19,199.31,119.51,36,0,train
2024-04-08,S01,SKU001,10.49,0,0.0,10.49,11.5,0,0.834,14,18,188.82,113.22,64,0,train
2024-04-09,S01,SKU001,10.49,0,0.0,10.49,10.63,0,0.915,14,13,136.37,81.77,32,0,train
2024-04-10,S01,SKU001,10.49,0,0.0,10.49,11.56,0,0.88,14,22,230.78,138.38,49,0,train
2024-04-11,S01,SKU001,10.49,0,0.0,10.49,11.53,0,0.776,14,13,136.37,81.77,62,0,train
2024-04-12,S01,SKU001,10.49,1,0.28,7.55,11.36,0,0.887,14,24,181.2,80.4,46,0,train
2024-04-13,S01,SKU001,10.49,0,0.0,10.49,11.13,0,0.961,14,11,115.39,69.19,89,0,train
2024-04-14,S01,SKU001,10.49,1,0.16,8.81,10.73,0,0.882,15,39,343.59,179.79,39,1,train
2024-04-15,S01,SKU001,10.49,1,0.23,8.08,10.34,0,0.788,15,18,145.44,69.84,104,0,train
2024-04-16,S01,SKU001,10.49,0,0.0,10.49,10.83,0,0.892,15,11,115.39,69.19,55,0,train
2024-04-17,S01,SKU001,10.49,0,0.0,10.49,10.75,0,0.947,15,22,230.78,138.38,100,0,train
2024-04-18,S01,SKU001,10.49,0,0.0,10.49,10.82,0,0.912,15,5,52.45,31.45,85,0,train
2024-04-19,S01,SKU001,10.49,0,0.0,10.49,10.6,0,0.874,15,16,167.84,100.64,74,0,train
2024-04-20,S01,SKU001,10.49,0,0.0,10.49,11.01,0,1.0,15,12,125.88,75.48,77,0,train
2024-04-21,S01,SKU001,10.49,0,0.0,10.49,11.75,0,1.0,16,17,178.33,106.93,36,0,train
2024-04-22,S01,SKU001,10.49,0,0.0,10.49,11.8,0,0.894,16,16,167.84,100.64,94,0,train
2024-04-23,S01,SKU001,10.49,0,0.0,10.49,11.39,0,0.948,16,15,157.35,94.35,54,0,train
2024-04-24,S01,SKU001,10.49,0,0.0,10.49,11.22,0,0.922,16,15,157.35,94.35,45,0,train
2024-04-25,S01,SKU001,10.49,1,0.1,9.44,10.99,0,0.945,16,16,151.04,83.84,49,0,train
2024-04-26,S01,SKU001,10.49,1,0.21,8.29,11.17,0,0.985,16,35,290.15,143.15,80,0,train
2024-04-27,S01,SKU001,10.49,1,0.18,8.6,10.6,0,0.946,16,30,258.0,132.0,92,0,train
2024-04-28,S01,SKU001,10.49,0,0.0,10.49,11.22,0,0.901,17,19,199.31,119.51,52,0,train
2024-04-29,S01,SKU001,10.49,0,0.0,10.49,11.3,0,0.856,17,21,220.29,132.09,100,0,train
2024-04-30,S01,SKU001,10.49,0,0.0,10.49,11.04,1,0.845,17,17,178.33,106.93,60,0,train
2024-05-01,S01,SKU001,10.49,1,0.18,8.6,11.81,1,0.891,17,41,352.6,180.4,101,0,train
2024-05-02,S01,SKU001,10.49,0,0.0,10.49,11.49,0,0.96,17,18,188.82,113.22,60,0,train
2024-05-03,S01,SKU001,10.49,0,0.0,10.49,10.97,0,0.907,17,12,125.88,75.48,103,0,train
2024-05-04,S01,SKU001,10.49,1,0.24,7.97,10.86,0,0.891,17,38,302.86,143.26,52,0,train
2024-05-05,S01,SKU001,10.49,1,0.06,9.86,10.84,0,0.901,18,31,305.66,175.46,75,0,train
2024-05-06,S01,SKU001,10.49,0,0.0,10.49,10.79,0,0.886,18,16,167.84,100.64,22,0,train
2024-05-07,S01,SKU001,10.49,0,0.0,10.49,10.98,0,0.915,18,12,125.88,75.48,102,0,train
2024-05-08,S01,SKU001,10.49,1,0.25,7.87,10.94,0,0.813,18,26,204.62,95.42,26,1,train
2024-05-09,S01,SKU001,10.49,1,0.15,8.92,10.62,0,0.759,18,26,231.92,122.72,51,0,train
2024-05-10,S01,SKU001,10.49,0,0.0,10.49,11.02,0,0.85,18,23,241.27,144.67,31,0,train
2024-05-11,S01,SKU001,10.49,0,0.0,10.49,10.92,0,0.804,18,18,188.82,113.22,95,0,train
2024-05-12,S01,SKU001,10.49,0,0.0,10.49,11.72,0,0.968,19,19,199.31,119.51,103,0,train
2024-05-13,S01,SKU001,10.49,0,0.0,10.49,10.68,0,0.858,19,18,188.82,113.22,82,0,train
2024-05-14,S01,SKU001,10.49,1,0.18,8.6,10.45,0,0.85,19,29,249.4,127.6,92,0,train
2024-05-15,S01,SKU001,10.49,1,0.09,9.55,11.05,0,0.77,19,27,257.85,144.45,54,0,train
2024-05-16,S01,SKU001,10.49,0,0.0,10.49,10.55,0,0.876,19,14,146.86,88.06,73,0,train
2024-05-17,S01,SKU001,10.49,0,0.0,10.49,10.51,0,0.819,19,26,272.74,163.54,73,0,train
2024-05-18,S01,SKU001,10.49,1,0.11,9.34,11.33,0,0.92,19,30,280.2,154.2,40,0,train
2024-05-19,S01,SKU001,10.49,0,0.0,10.49,11.09,0,0.9,20,19,199.31,119.51,26,0,train
2024-05-20,S01,SKU001,10.49,0,0.0,10.49,10.5,0,0.8,20,24,251.76,150.96,38,0,train
2024-05-21,S01,SKU001,10.49,0,0.0,10.49,10.65,0,0.868,20,7,73.43,44.03,66,0,train
2024-05-22,S01,SKU001,10.49,0,0.0,10.49,11.05,0,0.676,20,26,272.74,163.54,67,0,train
2024-05-23,S01,SKU001,10.49,0,0.0,10.49,11.46,0,0.795,20,16,167.84,100.64,100,0,train
2024-05-24,S01,SKU001,10.49,0,0.0,10.49,10.94,0,0.907,20,23,241.27,144.67,25,0,train
2024-05-25,S01,SKU001,10.49,0,0.0,10.49,10.66,0,0.875,20,20,209.8,125.8,97,0,train
2024-05-26,S01,SKU001,10.49,0,0.0,10.49,10.98,0,0.835,21,22,230.78,138.38,87,0,train
2024-05-27,S01,SKU001,10.49,1,0.16,8.81,10.52,0,0.818,21,28,246.68,129.08,28,1,train
2024-05-28,S01,SKU001,10.49,0,0.0,10.49,10.99,0,0.731,21,22,230.78,138.38,63,0,train
2024-05-29,S01,SKU001,10.49,1,0.22,8.18,10.36,0,0.73,21,33,269.94,131.34,55,0,train
2024-05-30,S01,SKU001,10.49,0,0.0,10.49,10.23,0,0.821,21,15,157.35,94.35,102,0,train
2024-05-31,S01,SKU001,10.49,0,0.0,10.49,10.22,0,0.908,21,21,220.29,132.09,75,0,train
2024-06-01,S01,SKU001,10.49,0,0.0,10.49,10.68,0,0.668,21,25,262.25,157.25,70,0,train
2024-06-02,S01,SKU001,10.49,0,0.0,10.49,11.16,0,0.831,22,24,251.76,150.96,38,0,train
2024-06-03,S01,SKU001,10.49,1,0.27,7.66,10.49,0,0.825,22,34,260.44,117.64,34,1,train
2024-06-04,S01,SKU001,10.49,0,0.0,10.49,10.21,0,0.841,22,21,220.29,132.09,83,0,train
2024-06-05,S01,SKU001,10.49,1,0.23,8.08,10.78,0,0.727,22,34,274.72,131.92,78,0,train
2024-06-06,S01,SKU001,10.49,0,0.0,10.49,10.11,0,0.742,22,20,209.8,125.8,34,0,train
2024-06-07,S01,SKU001,10.49,0,0.0,10.49,11.57,0,0.772,22,24,251.76,150.96,43,0,train
2024-06-08,S01,SKU001,10.49,0,0.0,10.49,10.96,0,0.702,22,27,283.23,169.83,75,0,train
2024-06-09,S01,SKU001,10.49,1,0.23,8.08,10.77,0,0.685,23,41,331.28,159.08,41,1,train
2024-06-10,S01,SKU001,10.49,0,0.0,10.49,10.42,0,0.7,23,24,251.76,150.96,80,0,train
2024-06-11,S01,SKU001,10.49,0,0.0,10.49,11.22,0,0.744,23,17,178.33,106.93,83,0,train
2024-06-12,S01,SKU001,10.49,1,0.18,8.6,9.66,0,0.765,23,38,326.8,167.2,91,0,train
2024-06-13,S01,SKU001,10.49,0,0.0,10.49,10.19,0,0.736,23,13,136.37,81.77,28,0,train
2024-06-14,S01,SKU001,10.49,0,0.0,10.49,10.14,0,0.736,23,23,241.27,144.67,63,0,train
2024-06-15,S01,SKU001,10.49,1,0.13,9.13,10.95,0,0.685,23,34,310.42,167.62,43,0,train
2024-06-16,S01,SKU001,10.49,1,0.2,8.39,10.35,0,0.677,24,30,251.7,125.7,30,1,train
2024-06-17,S01,SKU001,10.49,0,0.0,10.49,10.18,0,0.782,24,23,241.27,144.67,82,0,train
2024-06-18,S01,SKU001,10.49,0,0.0,10.49,10.21,0,0.705,24,19,199.31,119.51,34,0,train
2024-06-19,S01,SKU001,10.49,0,0.0,10.49,10.54,0,0.698,24,27,283.23,169.83,33,0,train
2024-06-20,S01,SKU001,10.49,0,0.0,10.49,10.81,0,0.753,24,28,293.72,176.12,67,0,train
2024-06-21,S01,SKU001,10.49,1,0.33,7.03,10.94,0,0.765,24,50,351.5,141.5,54,0,train
2024-06-22,S01,SKU001,10.49,0,0.0,10.49,10.8,0,0.761,24,37,388.13,232.73,68,0,train
2024-06-23,S01,SKU001,10.49,0,0.0,10.49,10.85,0,0.703,25,28,293.72,176.12,47,0,train
2024-06-24,S01,SKU001,10.49,0,0.0,10.49,10.95,0,0.669,25,17,178.33,106.93,85,0,train
2024-06-25,S01,SKU001,10.49,0,0.0,10.49,9.68,0,0.683,25,25,262.25,157.25,93,0,train
2024-06-26,S01,SKU001,10.49,0,0.0,10.49,10.76,0,0.671,25,14,146.86,88.06,72,0,train
2024-06-27,S01,SKU001,10.49,0,0.0,10.49,10.63,0,0.737,25,17,178.33,106.93,95,0,train
2024-06-28,S01,SKU001,10.49,1,0.25,7.87,10.48,0,0.665,25,41,322.67,150.47,100,0,train
2024-06-29,S01,SKU001,10.49,1,0.16,8.81,10.69,0,0.679,25,43,378.83,198.23,94,0,train
2024-06-30,S01,SKU001,10.49,0,0.0,10.49,10.25,0,0.633,26,22,230.78,138.38,55,0,train
2024-07-01,S01,SKU001,10.49,1,0.09,9.55,10.12,0,0.71,26,32,305.6,171.2,50,0,train
2024-07-02,S01,SKU001,10.49,0,0.0,10.49,10.36,0,0.498,26,30,314.7,188.7,101,0,train
2024-07-03,S01,SKU001,10.49,1,0.12,9.23,11.05,0,0.637,26,41,378.43,206.23,63,0,train
2024-07-04,S01,SKU001,10.49,0,0.0,10.49,10.92,0,0.653,26,28,293.72,176.12,28,1,train
2024-07-05,S01,SKU001,10.49,1,0.16,8.81,9.68,0,0.532,26,41,361.21,189.01,88,0,train
2024-07-06,S01,SKU001,10.49,1,0.2,8.39,10.05,0,0.724,26,39,327.21,163.41,62,0,train
2024-07-07,S01,SKU001,10.49,0,0.0,10.49,10.45,0,0.579,27,28,293.72,176.12,88,0,train
2024-07-08,S01,SKU001,10.49,1,0.05,9.97,10.25,0,0.572,27,23,229.31,132.71,63,0,train
2024-07-09,S01,SKU001,10.49,0,0.0,10.49,10.94,0,0.51,27,15,157.35,94.35,32,0,train
2024-07-10,S01,SKU001,10.49,0,0.0,10.49,10.58,0,0.62,27,24,251.76,150.96,71,0,train
2024-07-11,S01,SKU001,10.49,1,0.2,8.39,10.7,0,0.574,27,27,226.53,113.13,27,1,train
2024-07-12,S01,SKU001,10.49,0,0.0,10.49,9.89,0,0.519,27,21,220.29,132.09,42,0,train
2024-07-13,S01,SKU001,10.49,0,0.0,10.49,10.5,0,0.561,27,33,346.17,207.57,60,0,train
2024-07-14,S01,SKU001,10.49,0,0.0,10.49,10.36,0,0.582,28,28,293.72,176.12,77,0,train
2024-07-15,S01,SKU001,10.49,0,0.0,10.49,9.82,0,0.606,28,25,262.25,157.25,71,0,train
2024-07-16,S01,SKU001,10.49,0,0.0,10.49,10.78,0,0.54,28,23,241.27,144.67,73,0,train
2024-07-17,S01,SKU001,10.49,0,0.0,10.49,10.96,0,0.462,28,26,272.74,163.54,61,0,train
2024-07-18,S01,SKU001,10.49,0,0.0,10.49,10.54,0,0.48,28,19,199.31,119.51,95,0,train
2024-07-19,S01,SKU001,10.49,0,0.0,10.49,9.57,0,0.368,28,32,335.68,201.28,95,0,train
2024-07-20,S01,SKU001,10.49,0,0.0,10.49,10.04,0,0.455,28,23,241.27,144.67,65,0,train
2024-07-21,S01,SKU001,10.49,0,0.0,10.49,9.82,0,0.537,29,32,335.68,201.28,36,0,train
2024-07-22,S01,SKU001,10.49,0,0.0,10.49,9.54,0,0.513,29,30,314.7,188.7,35,0,train
2024-07-23,S01,SKU001,10.49,0,0.0,10.49,9.73,0,0.472,29,23,241.27,144.67,36,0,train
2024-07-24,S01,SKU001,10.49,0,0.0,10.49,10.43,0,0.451,29,20,209.8,125.8,62,0,train
2024-07-25,S01,SKU001,10.49,0,0.0,10.49,9.84,0,0.56,29,22,230.78,138.38,71,0,train
2024-07-26,S01,SKU001,10.49,0,0.0,10.49,10.28,0,0.475,29,18,188.82,113.22,74,0,train
2024-07-27,S01,SKU001,10.49,1,0.25,7.87,10.68,0,0.506,29,44,346.28,161.48,62,0,train
2024-07-28,S01,SKU001,10.49,0,0.0,10.49,10.51,0,0.468,30,23,241.27,144.67,69,0,train
2024-07-29,S01,SKU001,10.49,0,0.0,10.49,10.22,0,0.397,30,23,241.27,144.67,87,0,train
2024-07-30,S01,SKU001,10.49,0,0.0,10.49,10.56,0,0.524,30,18,188.82,113.22,101,0,train
2024-07-31,S01,SKU001,10.49,0,0.0,10.49,10.33,0,0.35,30,19,199.31,119.51,53,0,train
