ai-ml-challenge-main/retail_pricing_demand_2024.csv
date,store_id,sku_id,base_price,promo_flag,promo_depth,final_price,competitor_price,holiday_flag,weather_index,week_of_year,units_sold,revenue,margin,stock_cap,stockout_flag,set
2024-08-01,S01,SKU001,10.49,0,0.0,10.49,9.6,0,0.345,30,18,188.82,113.22,63,0,train
2024-08-02,S01,SKU001,10.49,0,0.0,10.49,9.73,0,0.385,30,15,157.35,94.35,31,0,train
2024-08-03,S01,SKU001,10.49,1,0.2,8.39,10.08,0,0.36,30,40,335.6,167.6,84,0,train
2024-08-04,S01,SKU001,10.49,0,0.0,10.49,10.52,0,0.364,31,25,262.25,157.25,29,0,train
2024-08-05,S01,SKU001,10.49,0,0.0,10.49,10.52,0,0.355,31,14,146.86,88.06,42,0,train
2024-08-06,S01,SKU001,10.49,0,0.0,10.49,10.26,0,0.443,31,34,356.66,213.86,61,0,train
2024-08-07,S01,SKU001,10.49,1,0.31,7.24,10.53,0,0.381,31,46,333.04,139.84,93,0,train
2024-08-08,S01,SKU001,10.49,0,0.0,10.49,9.7,0,0.392,31,29,304.21,182.41,55,0,train
2024-08-09,S01,SKU001,10.49,1,0.05,9.97,10.14,0,0.269,31,28,279.16,161.56,81,0,train
2024-08-10,S01,SKU001,10.49,0,0.0,10.49,9.78,0,0.307,31,27,283.23,169.83,68,0,train
2024-08-11,S01,SKU001,10.49,0,0.0,10.49,10.51,0,0.417,32,22,230.78,138.38,22,1,train
2024-08-12,S01,SKU001,10.49,0,0.0,10.49,10.31,0,0.273,32,16,167.84,100.64,63,0,train
2024-08-13,S01,SKU001,10.49,0,0.0,10.49,9.47,0,0.41,32,28,293.72,176.12,64,0,train
2024-08-14,S01,SKU001,10.49,1,0.13,9.13,10.51,0,0.271,32,28,255.64,138.04,75,0,train
2024-08-15,S01,SKU001,10.49,0,0.0,10.49,9.83,0,0.344,32,10,104.9,62.9,94,0,train
2024-08-16,S01,SKU001,10.49,0,0.0,10.49,10.64,0,0.269,32,20,209.8,125.8,57,0,train
2024-08-17,S01,SKU001,10.49,0,0.0,10.49,9.62,0,0.326,32,24,251.76,150.96,97,0,train
2024-08-18,S01,SKU001,10.49,1,0.31,7.24,10.24,0,0.254,33,33,238.92,100.32,33,1,train
2024-08-19,S01,SKU001,10.49,0,0.0,10.49,10.59,0,0.287,33,25,262.25,157.25,31,0,train
2024-08-20,S01,SKU001,10.49,1,0.14,9.02,10.07,0,0.396,33,41,369.82,197.62,42,0,train
2024-08-21,S01,SKU001,10.49,0,0.0,10.49,10.01,0,0.268,33,21,220.29,132.09,87,0,train
2024-08-22,S01,SKU001,10.49,0,0.0,10.49,9.9,0,0.406,33,20,209.8,125.8,67,0,train
2024-08-23,S01,SKU001,10.49,0,0.0,10.49,9.64,0,0.251,33,13,136.37,81.77,61,0,train
2024-08-24,S01,SKU001,10.49,0,0.0,10.49,10.52,0,0.202,33,22,230.78,138.38,49,0,train
2024-08-25,S01,SKU001,10.49,0,0.0,10.49,10.15,0,0.272,34,22,230.78,138.38,67,0,train
2024-08-26,S01,SKU001,10.49,0,0.0,10.49,10.0,0,0.237,34,12,125.88,75.48,78,0,train
2024-08-27,S01,SKU001,10.49,0,0.0,10.49,9.47,0,0.362,34,22,230.78,138.38,37,0,train
2024-08-28,S01,SKU001,10.49,0,0.0,10.49,10.01,0,0.302,34,19,199.31,119.51,78,0,train
2024-08-29,S01,SKU001,10.49,0,0.0,10.49,9.37,0,0.316,34,22,230.78,138.38,33,0,train
2024-08-30,S01,SKU001,10.49,0,0.0,10.49,9.84,0,0.278,34,18,188.82,113.22,32,0,train
2024-08-31,S01,SKU001,10.49,0,0.0,10.49,10.05,0,0.383,34,37,388.13,232.73,101,0,train
2024-09-01,S01,SKU001,10.49,0,0.0,10.49,9.96,0,0.277,35,30,314.7,188.7,81,0,train
2024-09-02,S01,SKU001,10.49,0,0.0,10.49,10.05,1,0.257,35,24,251.76,150.96,77,0,train
2024-09-03,S01,SKU001,10.49,0,0.0,10.49,10.67,0,0.17,35,17,178.33,106.93,42,0,train
2024-09-04,S01,SKU001,10.49,0,0.0,10.49,9.18,0,0.16,35,19,199.31,119.51,31,0,train
2024-09-05,S01,SKU001,10.49,0,0.0,10.49,9.52,0,0.221,35,16,167.84,100.64,41,0,train
2024-09-06,S01,SKU001,10.49,0,0.0,10.49,10.01,0,0.265,35,12,125.88,75.48,38,0,train
2024-09-07,S01,SKU001,10.49,1,0.15,8.92,10.08,0,0.268,35,32,285.44,151.04,97,0,train
2024-09-08,S01,SKU001,10.49,1,0.23,8.08,9.87,0,0.14,36,36,290.88,139.68,78,0,train
2024-09-09,S01,SKU001,10.49,0,0.0,10.49,10.0,0,0.224,36,21,220.29,132.09,48,0,train
2024-09-10,S01,SKU001,10.49,0,0.0,10.49,10.19,0,0.199,36,15,157.35,94.35,75,0,train
2024-09-11,S01,SKU001,10.49,0,0.0,10.49,9.12,0,0.116,36,17,178.33,106.93,52,0,train
2024-09-12,S01,SKU001,10.49,0,0.0,10.49,9.68,0,0.21,36,18,188.82,113.22,82,0,train
2024-09-13,S01,SKU001,10.49,0,0.0,10.49,9.84,0,0.039,36,21,220.29,132.09,45,0,train
2024-09-14,S01,SKU001,10.49,0,0.0,10.49,10.55,0,0.187,36,17,178.33,106.93,54,0,train
2024-09-15,S01,SKU001,10.49,1,0.32,7.13,9.71,0,0.316,37,27,192.51,79.11,27,1,train
2024-09-16,S01,SKU001,10.49,0,0.0,10.49,9.67,0,0.102,37,15,157.35,94.35,41,0,train
2024-09-17,S01,SKU001,10.49,0,0.0,10.49,10.36,0,0.161,37,12,125.88,75.48,91,0,train
2024-09-18,S01,SKU001,10.49,1,0.25,7.87,10.28,0,0.043,37,34,267.58,124.78,95,0,train
2024-09-19,S01,SKU001,10.49,0,0.0,10.49,10.5,0,0.107,37,18,188.82,113.22,29,0,train
2024-09-20,S01,SKU001,10.49,0,0.0,10.49,9.55,0,0.195,37,17,178.33,106.93,78,0,train
2024-09-21,S01,SKU001,10.49,0,0.0,10.49,9.65,0,0.084,37,22,230.78,138.38,44,0,train
2024-09-22,S01,SKU001,10.49,1,0.19,8.5,10.12,0,0.141,38,37,314.5,159.1,46,0,train
2024-09-23,S01,SKU001,10.49,0,0.0,10.49,10.49,0,0.119,38,13,136.37,81.77,80,0,train
2024-09-24,S01,SKU001,10.49,0,0.0,10.49,9.77,0,0.114,38,11,115.39,69.19,74,0,train
2024-09-25,S01,SKU001,10.49,0,0.0,10.49,9.4,0,0.146,38,15,157.35,94.35,24,0,train
2024-09-26,S01,SKU001,10.49,0,0.0,10.49,10.0,0,0.16,38,11,115.39,69.19,38,0,train
2024-09-27,S01,SKU001,10.49,0,0.0,10.49,10.43,0,0.203,38,19,199.31,119.51,41,0,train
2024-09-28,S01,SKU001,10.49,0,0.0,10.49,9.74,0,0.176,38,22,230.78,138.38,40,0,train
2024-09-29,S01,SKU001,10.49,0,0.0,10.49,10.1,0,0.09,39,23,241.27,144.67,84,0,train
2024-09-30,S01,SKU001,10.49,0,0.0,10.49,9.57,0,0.207,39,13,136.37,81.77,26,0,train
2024-10-01,S01,SKU001,10.49,1,0.21,8.29,9.44,0,0.194,39,25,207.25,102.25,65,0,test
2024-10-02,S01,SKU001,10.49,0,0.0,10.49,9.82,0,0.024,39,13,136.37,81.77,102,0,test
2024-10-03,S01,SKU001,10.49,1,0.17,8.71,9.27,0,0.155,39,33,287.43,148.83,103,0,test
2024-10-04,S01,SKU001,10.49,0,0.0,10.49,9.96,0,0.163,39,14,146.86,88.06,54,0,test
2024-10-05,S01,SKU001,10.49,0,0.0,10.49,9.88,0,0.17,39,17,178.33,106.93,96,0,test
2024-10-06,S01,SKU001,10.49,0,0.0,10.49,9.38,0,0.143,40,13,136.37,81.77,52,0,test
2024-10-07,S01,SKU001,10.49,0,0.0,10.49,9.42,0,0.031,40,13,136.37,81.77,38,0,test
2024-10-08,S01,SKU001,10.49,0,0.0,10.49,9.6,0,0.091,40,8,83.92,50.32,83,0,test
2024-10-09,S01,SKU001,10.49,0,0.0,10.49,9.64,0,0.0,40,15,157.35,94.35,32,0,test
2024-10-10,S01,SKU001,10.49,0,0.0,10.49,9.46,0,0.096,40,15,157.35,94.35,70,0,test
2024-10-11,S01,SKU001,10.49,0,0.0,10.49,10.08,0,0.226,40,18,188.82,113.22,46,0,test
2024-10-12,S01,SKU001,10.49,0,0.0,10.49,9.96,0,0.144,40,23,241.27,144.67,43,0,test
2024-10-13,S01,SKU001,10.49,1,0.19,8.5,10.06,0,0.152,41,21,178.5,90.3,25,0,test
2024-10-14,S01,SKU001,10.49,0,0.0,10.49,9.94,0,0.071,41,17,178.33,106.93,36,0,test
2024-10-15,S01,SKU001,10.49,0,0.0,10.49,10.06,0,0.04,41,14,146.86,88.06,37,0,test
2024-10-16,S01,SKU001,10.49,0,0.0,10.49,10.17,0,0.036,41,14,146.86,88.06,39,0,test
2024-10-17,S01,SKU001,10.49,1,0.22,8.18,9.28,0,0.108,41,26,212.68,103.48,45,0,test
2024-10-18,S01,SKU001,10.49,1,0.18,8.6,10.19,0,0.052,41,30,258.0,132.0,36,0,test
2024-10-19,S01,SKU001,10.49,0,0.0,10.49,9.8,0,0.062,41,18,188.82,113.22,84,0,test
2024-10-20,S01,SKU001,10.49,1,0.26,7.76,9.43,0,0.169,42,30,232.8,106.8,78,0,test
2024-10-21,S01,SKU001,10.49,0,0.0,10.49,10.13,0,0.002,42,17,178.33,106.93,62,0,test
2024-10-22,S01,SKU001,10.49,0,0.0,10.49,10.35,0,0.022,42,11,115.39,69.19,104,0,test
2024-10-23,S01,SKU001,10.49,0,0.0,10.49,9.95,0,0.07,42,12,125.88,75.48,57,0,test
2024-10-24,S01,SKU001,10.49,0,0.0,10.49,10.05,0,0.095,42,15,157.35,94.35,67,0,test
2024-10-25,S01,SKU001,10.49,1,0.2,8.39,9.45,0,0.094,42,28,234.92,117.32,44,0,test
2024-10-26,S01,SKU001,10.49,1,0.15,8.92,9.36,0,0.019,42,29,258.68,136.88,102,0,test
2024-10-27,S01,SKU001,10.49,0,0.0,10.49,10.22,0,0.115,43,12,125.88,75.48,78,0,test
2024-10-28,S01,SKU001,10.49,0,0.0,10.49,9.66,0,0.097,43,14,146.86,88.06,77,0,test
2024-10-29,S01,SKU001,10.49,0,0.0,10.49,10.39,0,0.127,43,13,136.37,81.77,36,0,test
2024-10-30,S01,SKU001,10.49,0,0.0,10.49,10.11,0,0.042,43,21,220.29,132.09,97,0,test
2024-10-31,S01,SKU001,10.49,0,0.0,10.49,10.16,0,0.123,43,12,125.88,75.48,83,0,test
2024-11-01,S01,SKU001,10.49,0,0.0,10.49,10.17,0,0.123,43,12,125.88,75.48,61,0,test
2024-11-02,S01,SKU001,10.49,0,0.0,10.49,10.05,0,0.072,43,14,146.86,88.06,100,0,test
2024-11-03,S01,SKU001,10.49,1,0.19,8.5,10.61,0,0.1,44,24,204.0,103.2,97,0,test
2024-11-04,S01,SKU001,10.49,0,0.0,10.49,9.82,0,0.081,44,10,104.9,62.9,40,0,test
2024-11-05,S01,SKU001,10.49,0,0.0,10.49,9.93,0,0.198,44,8,83.92,50.32,95,0,test
2024-11-06,S01,SKU001,10.49,0,0.0,10.49,10.28,0,0.0,44,10,104.9,62.9,98,0,test
2024-11-07,S01,SKU001,10.49,1,0.32,7.13,9.95,0,0.034,44,23,163.99,67.39,96,0,test
2024-11-08,S01,SKU001,10.49,0,0.0,10.49,10.2,0,0.021,44,11,115.39,69.19,60,0,test
2024-11-09,S01,SKU001,10.49,0,0.0,10.49,9.86,0,0.103,44,11,115.39,69.19,100,0,test
2024-11-10,S01,SKU001,10.49,1,0.09,9.55,10.25,0,0.087,45,23,219.65,123.05,94,0,test
2024-11-11,S01,SKU001,10.49,0,0.0,10.49,10.51,0,0.106,45,5,52.45,31.45,37,0,test
2024-11-12,S01,SKU001,10.49,0,0.0,10.49,9.76,0,0.176,45,6,62.94,37.74,52,0,test
2024-01-01,S01,SKU002,15.49,0,0.0,15.49,15.04,1,0.291,0,12,185.88,105.48,78,0,train
2024-01-02,S01,SKU002,15.49,0,0.0,15.49,15.6,0,0.459,0,15,232.35,131.85,87,0,train
2024-01-03,S01,SKU002,15.49,0,0.0,15.49,14.86,0,0.337,0,18,278.82,158.22,86,0,train
2024-01-04,S01,SKU002,15.49,0,0.0,15.49,15.93,0,0.381,0,13,201.37,114.27,34,0,train
2024-01-05,S01,SKU002,15.49,0,0.0,15.49,16.21,0,0.398,0,8,123.92,70.32,43,0,train
2024-01-06,S01,SKU002,15.49,0,0.0,15.49,15.76,0,0.365,0,22,340.78,193.38,70,0,train
2024-01-07,S01,SKU002,15.49,0,0.0,15.49,16.08,0,0.334,1,17,263.33,149.43,41,0,train
2024-01-08,S01,SKU002,15.49,0,0.0,15.49,15.41,0,0.462,1,13,201.37,114.27,84,0,train
2024-01-09,S01,SKU002,15.49,0,0.0,15.49,16.45,0,0.451,1,14,216.86,123.06,63,0,train
2024-01-10,S01,SKU002,15.49,0,0.0,15.49,16.02,0,0.319,1,13,201.37,114.27,24,0,train
2024-01-11,S01,SKU002,15.49,0,0.0,15.49,16.82,0,0.584,1,17,263.33,149.43,69,0,train
2024-01-12,S01,SKU002,15.49,1,0.36,9.91,15.39,0,0.508,1,39,386.49,125.19,39,1,train
2024-01-13,S01,SKU002,15.49,0,0.0,15.49,15.57,0,0.411,1,23,356.27,202.17,23,1,train
2024-01-14,S01,SKU002,15.49,0,0.0,15.49,16.77,0,0.518,2,24,371.76,210.96,40,0,train
2024-01-15,S01,SKU002,15.49,0,0.0,15.49,15.83,0,0.443,2,18,278.82,158.22,102,0,train
2024-01-16,S01,SKU002,15.49,0,0.0,15.49,16.54,0,0.474,2,16,247.84,140.64,88,0,train
2024-01-17,S01,SKU002,15.49,0,0.0,15.49,15.57,0,0.532,2,11,170.39,96.69,80,0,train
2024-01-18,S01,SKU002,15.49,0,0.0,15.49,16.18,0,0.416,2,15,232.35,131.85,104,0,train
2024-01-19,S01,SKU002,15.49,1,0.11,13.79,15.85,0,0.533,2,30,413.7,212.7,44,0,train
2024-01-20,S01,SKU002,15.49,1,0.23,11.93,14.39,0,0.589,2,35,417.55,183.05,36,0,train
2024-01-21,S01,SKU002,15.49,0,0.0,15.49,15.98,0,0.591,3,16,247.84,140.64,67,0,train
2024-01-22,S01,SKU002,15.49,0,0.0,15.49,15.37,0,0.501,3,17,263.33,149.43,29,0,train
2024-01-23,S01,SKU002,15.49,0,0.0,15.49,16.37,0,0.58,3,15,232.35,131.85,104,0,train
2024-01-24,S01,SKU002,15.49,0,0.0,15.49,15.1,0,0.435,3,16,247.84,140.64,68,0,train
2024-01-25,S01,SKU002,15.49,0,0.0,15.49,16.52,0,0.53,3,17,263.33,149.43,41,0,train
2024-01-26,S01,SKU002,15.49,0,0.0,15.49,16.17,0,0.573,3,16,247.84,140.64,47,0,train
2024-01-27,S01,SKU002,15.49,1,0.26,11.46,16.03,0,0.472,3,40,458.4,190.4,40,0,train
2024-01-28,S01,SKU002,15.49,0,0.0,15.49,16.24,0,0.555,4,14,216.86,123.06,33,0,train
2024-01-29,S01,SKU002,15.49,0,0.0,15.49,16.54,0,0.67,4,10,154.9,87.9,22,0,train
2024-01-30,S01,SKU002,15.49,0,0.0,15.49,15.86,0,0.731,4,23,356.27,202.17,80,0,train
2024-01-31,S01,SKU002,15.49,0,0.0,15.49,15.51,0,0.627,4,15,232.35,131.85,66,0,train
2024-02-01,S01,SKU002,15.49,0,0.0,15.49,15.92,0,0.637,4,8,123.92,70.32,71,0,train
2024-02-02,S01,SKU002,15.49,0,0.0,15.49,16.59,0,0.536,4,8,123.92,70.32,28,0,train
2024-02-03,S01,SKU002,15.49,0,0.0,15.49,15.62,0,0.528,4,13,201.37,114.27,96,0,train
2024-02-04,S01,SKU002,15.49,0,0.0,15.49,16.4,0,0.522,5,17,263.33,149.43,57,0,train
2024-02-05,S01,SKU002,15.49,0,0.0,15.49,16.58,0,0.646,5,17,263.33,149.43,88,0,train
2024-02-06,S01,SKU002,15.49,0,0.0,15.49,16.44,0,0.665,5,17,263.33,149.43,27,0,train
2024-02-07,S01,SKU002,15.49,0,0.0,15.49,16.72,0,0.587,5,15,232.35,131.85,92,0,train
2024-02-08,S01,SKU002,15.49,0,0.0,15.49,15.75,0,0.559,5,9,139.41,79.11,84,0,train
2024-02-09,S01,SKU002,15.49,0,0.0,15.49,15.98,1,0.655,5,20,309.8,175.8,67,0,train
2024-02-10,S01,SKU002,15.49,0,0.0,15.49,15.89,0,0.665,5,17,263.33,149.43,66,0,train
2024-02-11,S01,SKU002,15.49,1,0.11,13.79,16.48,0,0.645,6,23,317.17,163.07,71,0,train
2024-02-12,S01,SKU002,15.49,0,0.0,15.49,17.2,0,0.735,6,12,185.88,105.48,90,0,train
2024-02-13,S01,SKU002,15.49,0,0.0,15.49,16.5,0,0.66,6,15,232.35,131.85,43,0,train
2024-02-14,S01,SKU002,15.49,0,0.0,15.49,16.33,0,0.667,6,16,247.84,140.64,54,0,train
2024-02-15,S01,SKU002,15.49,0,0.0,15.49,16.11,0,0.611,6,17,263.33,149.43,93,0,train
2024-02-16,S01,SKU002,15.49,0,0.0,15.49,15.81,0,0.692,6,12,185.88,105.48,104,0,train
2024-02-17,S01,SKU002,15.49,0,0.0,15.49,17.48,0,0.771,6,20,309.8,175.8,44,0,train
2024-02-18,S01,SKU002,15.49,0,0.0,15.49,15.54,0,0.699,7,7,108.43,61.53,97,0,train
2024-02-19,S01,SKU002,15.49,0,0.0,15.49,15.51,0,0.706,7,13,201.37,114.27,29,0,train
2024-02-20,S01,SKU002,15.49,0,0.0,15.49,16.47,0,0.734,7,16,247.84,140.64,88,0,train
2024-02-21,S01,SKU002,15.49,0,0.0,15.49,16.02,0,0.73,7,15,232.35,131.85,68,0,train
2024-02-22,S01,SKU002,15.49,1,0.15,13.17,16.14,0,0.751,7,19,250.23,122.93,97,0,train
2024-02-23,S01,SKU002,15.49,1,0.13,13.48,15.91,0,0.757,7,25,337.0,169.5,25,0,train
2024-02-24,S01,SKU002,15.49,1,0.23,11.93,15.51,0,0.768,7,40,477.2,209.2,41,0,train
2024-02-25,S01,SKU002,15.49,0,0.0,15.49,16.05,0,0.689,8,16,247.84,140.64,26,0,train
2024-02-26,S01,SKU002,15.49,0,0.0,15.49,16.41,0,0.76,8,14,216.86,123.06,58,0,train
2024-02-27,S01,SKU002,15.49,0,0.0,15.49,17.02,0,0.651,8,15,232.35,131.85,35,0,train
2024-02-28,S01,SKU002,15.49,0,0.0,15.49,15.78,0,0.769,8,23,356.27,202.17,24,0,train
2024-02-29,S01,SKU002,15.49,1,0.32,10.53,16.49,0,0.682,8,39,410.67,149.37,62,0,train
2024-03-01,S01,SKU002,15.49,0,0.0,15.49,16.15,0,0.759,8,14,216.86,123.06,75,0,train
2024-03-02,S01,SKU002,15.49,0,0.0,15.49,16.19,0,0.797,8,16,247.84,140.64,23,0,train
2024-03-03,S01,SKU002,15.49,0,0.0,15.49,16.03,0,0.748,9,20,309.8,175.8,47,0,train
2024-03-04,S01,SKU002,15.49,0,0.0,15.49,16.11,0,0.784,9,14,216.86,123.06,85,0,train
2024-03-05,S01,SKU002,15.49,0,0.0,15.49,15.08,0,0.685,9,16,247.84,140.64,46,0,train
2024-03-06,S01,SKU002,15.49,0,0.0,15.49,16.42,0,0.737,9,12,185.88,105.48,38,0,train
2024-03-07,S01,SKU002,15.49,0,0.0,15.49,16.55,0,0.834,9,14,216.86,123.06,24,0,train
2024-03-08,S01,SKU002,15.49,0,0.0,15.49,16.47,0,0.728,9,13,201.37,114.27,82,0,train
2024-03-09,S01,SKU002,15.49,0,0.0,15.49,16.06,0,0.841,9,16,247.84,140.64,100,0,train
2024-03-10,S01,SKU002,15.49,0,0.0,15.49,16.47,0,0.723,10,17,263.33,149.43,78,0,train
2024-03-11,S01,SKU002,15.49,1,0.21,12.24,15.95,0,0.756,10,22,269.28,121.88,62,0,train
2024-03-12,S01,SKU002,15.49,1,0.18,12.7,16.17,0,0.749,10,22,279.4,132.0,63,0,train
2024-03-13,S01,SKU002,15.49,0,0.0,15.49,16.41,0,0.82,10,9,139.41,79.11,36,0,train
2024-03-14,S01,SKU002,15.49,0,0.0,15.49,16.6,0,0.855,10,17,263.33,149.43,83,0,train
2024-03-15,S01,SKU002,15.49,0,0.0,15.49,15.71,0,0.763,10,13,201.37,114.27,52,0,train
2024-03-16,S01,SKU002,15.49,0,0.0,15.49,16.53,0,0.82,10,16,247.84,140.64,44,0,train
2024-03-17,S01,SKU002,15.49,0,0.0,15.49,16.96,0,0.932,11,17,263.33,149.43,79,0,train
2024-03-18,S01,SKU002,15.49,0,0.0,15.49,15.9,0,0.82,11,17,263.33,149.43,37,0,train
2024-03-19,S01,SKU002,15.49,0,0.0,15.49,15.89,0,0.793,11,15,232.35,131.85,41,0,train
2024-03-20,S01,SKU002,15.49,0,0.0,15.49,16.65,0,0.869,11,11,170.39,96.69,36,0,train
2024-03-21,S01,SKU002,15.49,0,0.0,15.49,16.76,0,0.836,11,12,185.88,105.48,96,0,train
2024-03-22,S01,SKU002,15.49,0,0.0,15.49,16.55,0,0.811,11,13,201.37,114.27,68,0,train
2024-03-23,S01,SKU002,15.49,0,0.0,15.49,16.1,0,0.748,11,13,201.37,114.27,26,0,train
2024-03-24,S01,SKU002,15.49,1,0.2,12.39,16.88,0,0.908,12,28,346.92,159.32,86,0,train
2024-03-25,S01,SKU002,15.49,0,0.0,15.49,16.94,0,0.828,12,18,278.82,158.22,25,0,train
2024-03-26,S01,SKU002,15.49,0,0.0,15.49,16.05,0,0.865,12,17,263.33,149.43,61,0,train
2024-03-27,S01,SKU002,15.49,0,0.0,15.49,15.88,0,0.804,12,16,247.84,140.64,92,0,train
2024-03-28,S01,SKU002,15.49,0,0.0,15.49,16.26,0,0.948,12,10,154.9,87.9,27,0,train
2024-03-29,S01,SKU002,15.49,0,0.0,15.49,16.58,0,0.918,12,10,154.9,87.9,61,0,train
2024-03-30,S01,SKU002,15.49,0,0.0,15.49,15.17,0,0.934,12,10,154.9,87.9,97,0,train
2024-03-31,S01,SKU002,15.49,0,0.0,15.49,16.72,0,0.871,13,11,170.39,96.69,44,0,train
2024-04-01,S01,SKU002,15.49,0,0.0,15.49,16.89,0,0.908,13,14,216.86,123.06,98,0,train
2024-04-02,S01,SKU002,15.49,1,0.16,13.01,16.18,0,0.935,13,30,390.3,189.3,42,0,train
2024-04-03,S01,SKU002,15.49,0,0.0,15.49,15.46,0,0.945,13,9,139.41,79.11,86,0,train
2024-04-04,S01,SKU002,15.49,0,0.0,15.49,16.76,0,0.904,13,16,247.84,140.64,79,0,train
2024-04-05,S01,SKU002,15.49,0,0.0,15.49,16.97,0,0.884,13,15,232.35,131.85,103,0,train
2024-04-06,S01,SKU002,15.49,0,0.0,15.49,16.16,0,0.868,13,11,170.39,96.69,92,0,train
2024-04-07,S01,SKU002,15.49,1,0.13,13.48,17.72,0,0.846,14,26,350.48,176.28,96,0,train
2024-04-08,S01,SKU002,15.49,0,0.0,15.49,16.13,0,0.834,14,14,216.86,123.06,50,0,train
2024-04-09,S01,SKU002,15.49,0,0.0,15.49,16.32,0,0.915,14,9,139.41,79.11,56,0,train
2024-04-10,S01,SKU002,15.49,0,0.0,15.49,16.56,0,0.88,14,13,201.37,114.27,72,0,train
2024-04-11,S01,SKU002,15.49,0,0.0,15.49,15.02,0,0.776,14,6,92.94,52.74,45,0,train
2024-04-12,S01,SKU002,15.49,0,0.0,15.49,16.69,0,0.887,14,13,201.37,114.27,88,0,train
2024-04-13,S01,SKU002,15.49,1,0.16,13.01,16.79,0,0.961,14,35,455.35,220.85,87,0,train
2024-04-14,S01,SKU002,15.49,0,0.0,15.49,15.29,0,0.882,15,10,154.9,87.9,22,0,train
2024-04-15,S01,SKU002,15.49,1,0.3,10.84,16.7,0,0.788,15,21,227.64,86.94,26,0,train
2024-04-16,S01,SKU002,15.49,1,0.15,13.17,16.78,0,0.892,15,19,250.23,122.93,27,0,train
2024-04-17,S01,SKU002,15.49,1,0.15,13.17,16.09,0,0.947,15,25,329.25,161.75,43,0,train
