ai-ml-challenge-main/retail_pricing_demand_2024.csv
date,store_id,sku_id,base_price,promo_flag,promo_depth,final_price,competitor_price,holiday_flag,weather_index,week_of_year,units_sold,revenue,margin,stock_cap,stockout_flag,set
2024-04-18,S01,SKU002,15.49,1,0.13,13.48,15.96,0,0.912,15,24,323.52,162.72,55,0,train
2024-04-19,S01,SKU002,15.49,0,0.0,15.49,16.71,0,0.874,15,13,201.37,114.27,98,0,train
2024-04-20,S01,SKU002,15.49,0,0.0,15.49,16.79,0,1.0,15,21,325.29,184.59,81,0,train
2024-04-21,S01,SKU002,15.49,0,0.0,15.49,16.49,0,1.0,16,15,232.35,131.85,37,0,train
2024-04-22,S01,SKU002,15.49,0,0.0,15.49,15.8,0,0.894,16,12,185.88,105.48,53,0,train
2024-04-23,S01,SKU002,15.49,0,0.0,15.49,15.75,0,0.948,16,15,232.35,131.85,45,0,train
2024-04-24,S01,SKU002,15.49,0,0.0,15.49,16.75,0,0.922,16,11,170.39,96.69,84,0,train
2024-04-25,S01,SKU002,15.49,0,0.0,15.49,15.77,0,0.945,16,8,123.92,70.32,33,0,train
2024-04-26,S01,SKU002,15.49,0,0.0,15.49,16.94,0,0.985,16,9,139.41,79.11,98,0,train
2024-04-27,S01,SKU002,15.49,0,0.0,15.49,16.83,0,0.946,16,17,263.33,149.43,84,0,train
2024-04-28,S01,SKU002,15.49,1,0.14,13.32,16.21,0,0.901,17,25,333.0,165.5,70,0,train
2024-04-29,S01,SKU002,15.49,0,0.0,15.49,15.88,0,0.856,17,17,263.33,149.43,41,0,train
2024-04-30,S01,SKU002,15.49,0,0.0,15.49,16.35,1,0.845,17,9,139.41,79.11,64,0,train
2024-05-01,S01,SKU002,15.49,0,0.0,15.49,15.96,1,0.891,17,14,216.86,123.06,54,0,train
2024-05-02,S01,SKU002,15.49,0,0.0,15.49,16.55,0,0.96,17,7,108.43,61.53,90,0,train
2024-05-03,S01,SKU002,15.49,0,0.0,15.49,16.82,0,0.907,17,10,154.9,87.9,73,0,train
2024-05-04,S01,SKU002,15.49,1,0.2,12.39,16.81,0,0.891,17,22,272.58,125.18,81,0,train
2024-05-05,S01,SKU002,15.49,1,0.43,8.83,16.08,0,0.901,18,49,432.67,104.37,86,0,train
2024-05-06,S01,SKU002,15.49,0,0.0,15.49,16.05,0,0.886,18,9,139.41,79.11,26,0,train
2024-05-07,S01,SKU002,15.49,1,0.14,13.32,16.53,0,0.915,18,27,359.64,178.74,78,0,train
2024-05-08,S01,SKU002,15.49,1,0.19,12.55,15.55,0,0.813,18,19,238.45,111.15,38,0,train
2024-05-09,S01,SKU002,15.49,0,0.0,15.49,16.26,0,0.759,18,7,108.43,61.53,81,0,train
2024-05-10,S01,SKU002,15.49,0,0.0,15.49,15.9,0,0.85,18,12,185.88,105.48,35,0,train
2024-05-11,S01,SKU002,15.49,0,0.0,15.49,15.6,0,0.804,18,9,139.41,79.11,25,0,train
2024-05-12,S01,SKU002,15.49,1,0.31,10.69,17.0,0,0.968,19,41,438.29,163.59,70,0,train
2024-05-13,S01,SKU002,15.49,0,0.0,15.49,15.3,0,0.858,19,10,154.9,87.9,99,0,train
2024-05-14,S01,SKU002,15.49,0,0.0,15.49,15.72,0,0.85,19,11,170.39,96.69,41,0,train
2024-05-15,S01,SKU002,15.49,1,0.17,12.86,16.34,0,0.77,19,27,347.22,166.32,82,0,train
2024-05-16,S01,SKU002,15.49,0,0.0,15.49,17.35,0,0.876,19,9,139.41,79.11,48,0,train
2024-05-17,S01,SKU002,15.49,1,0.13,13.48,15.14,0,0.819,19,15,202.2,101.7,30,0,train
2024-05-18,S01,SKU002,15.49,0,0.0,15.49,15.85,0,0.92,19,17,263.33,149.43,46,0,train
2024-05-19,S01,SKU002,15.49,0,0.0,15.49,16.23,0,0.9,20,18,278.82,158.22,58,0,train
2024-05-20,S01,SKU002,15.49,0,0.0,15.49,16.11,0,0.8,20,15,232.35,131.85,32,0,train
2024-05-21,S01,SKU002,15.49,1,0.19,12.55,16.09,0,0.868,20,24,301.2,140.4,24,0,train
2024-05-22,S01,SKU002,15.49,0,0.0,15.49,16.6,0,0.676,20,11,170.39,96.69,95,0,train
2024-05-23,S01,SKU002,15.49,0,0.0,15.49,16.85,0,0.795,20,9,139.41,79.11,103,0,train
2024-05-24,S01,SKU002,15.49,0,0.0,15.49,16.19,0,0.907,20,5,77.45,43.95,78,0,train
2024-05-25,S01,SKU002,15.49,0,0.0,15.49,16.99,0,0.875,20,16,247.84,140.64,55,0,train
2024-05-26,S01,SKU002,15.49,0,0.0,15.49,16.84,0,0.835,21,7,108.43,61.53,80,0,train
2024-05-27,S01,SKU002,15.49,1,0.19,12.55,16.14,0,0.818,21,27,338.85,157.95,79,0,train
2024-05-28,S01,SKU002,15.49,0,0.0,15.49,15.71,0,0.731,21,15,232.35,131.85,31,0,train
2024-05-29,S01,SKU002,15.49,0,0.0,15.49,16.08,0,0.73,21,11,170.39,96.69,78,0,train
2024-05-30,S01,SKU002,15.49,0,0.0,15.49,16.0,0,0.821,21,9,139.41,79.11,91,0,train
2024-05-31,S01,SKU002,15.49,1,0.12,13.63,16.56,0,0.908,21,22,299.86,152.46,45,0,train
2024-06-01,S01,SKU002,15.49,0,0.0,15.49,15.69,0,0.668,21,14,216.86,123.06,43,0,train
2024-06-02,S01,SKU002,15.49,0,0.0,15.49,16.89,0,0.831,22,11,170.39,96.69,48,0,train
2024-06-03,S01,SKU002,15.49,0,0.0,15.49,15.3,0,0.825,22,6,92.94,52.74,97,0,train
2024-06-04,S01,SKU002,15.49,0,0.0,15.49,14.94,0,0.841,22,8,123.92,70.32,27,0,train
2024-06-05,S01,SKU002,15.49,0,0.0,15.49,15.53,0,0.727,22,9,139.41,79.11,70,0,train
2024-06-06,S01,SKU002,15.49,0,0.0,15.49,17.0,0,0.742,22,4,61.96,35.16,61,0,train
2024-06-07,S01,SKU002,15.49,0,0.0,15.49,15.25,0,0.772,22,13,201.37,114.27,36,0,train
2024-06-08,S01,SKU002,15.49,1,0.32,10.53,16.37,0,0.702,22,37,389.61,141.71,53,0,train
2024-06-09,S01,SKU002,15.49,0,0.0,15.49,15.97,0,0.685,23,14,216.86,123.06,104,0,train
2024-06-10,S01,SKU002,15.49,1,0.31,10.69,15.81,0,0.7,23,31,331.39,123.69,56,0,train
2024-06-11,S01,SKU002,15.49,1,0.19,12.55,15.17,0,0.744,23,26,326.3,152.1,93,0,train
2024-06-12,S01,SKU002,15.49,1,0.19,12.55,15.81,0,0.765,23,21,263.55,122.85,79,0,train
2024-06-13,S01,SKU002,15.49,0,0.0,15.49,15.92,0,0.736,23,11,170.39,96.69,59,0,train
2024-06-14,S01,SKU002,15.49,0,0.0,15.49,16.84,0,0.736,23,15,232.35,131.85,41,0,train
2024-06-15,S01,SKU002,15.49,0,0.0,15.49,16.07,0,0.685,23,26,402.74,228.54,34,0,train
2024-06-16,S01,SKU002,15.49,0,0.0,15.49,14.33,0,0.677,24,11,170.39,96.69,61,0,train
2024-06-17,S01,SKU002,15.49,0,0.0,15.49,16.51,0,0.782,24,8,123.92,70.32,78,0,train
2024-06-18,S01,SKU002,15.49,0,0.0,15.49,15.9,0,0.705,24,10,154.9,87.9,75,0,train
2024-06-19,S01,SKU002,15.49,1,0.23,11.93,15.83,0,0.698,24,27,322.11,141.21,84,0,train
2024-06-20,S01,SKU002,15.49,0,0.0,15.49,15.84,0,0.753,24,6,92.94,52.74,43,0,train
2024-06-21,S01,SKU002,15.49,0,0.0,15.49,14.9,0,0.765,24,4,61.96,35.16,94,0,train
2024-06-22,S01,SKU002,15.49,1,0.16,13.01,15.48,0,0.761,24,33,429.33,208.23,78,0,train
2024-06-23,S01,SKU002,15.49,0,0.0,15.49,15.96,0,0.703,25,17,263.33,149.43,45,0,train
2024-06-24,S01,SKU002,15.49,0,0.0,15.49,15.52,0,0.669,25,11,170.39,96.69,94,0,train
2024-06-25,S01,SKU002,15.49,1,0.23,11.93,15.87,0,0.683,25,28,334.04,146.44,49,0,train
2024-06-26,S01,SKU002,15.49,1,0.2,12.39,15.73,0,0.671,25,23,284.97,130.87,23,1,train
2024-06-27,S01,SKU002,15.49,0,0.0,15.49,15.28,0,0.737,25,15,232.35,131.85,95,0,train
2024-06-28,S01,SKU002,15.49,0,0.0,15.49,16.24,0,0.665,25,13,201.37,114.27,29,0,train
2024-06-29,S01,SKU002,15.49,1,0.22,12.08,15.24,0,0.679,25,32,386.56,172.16,96,0,train
2024-06-30,S01,SKU002,15.49,0,0.0,15.49,14.8,0,0.633,26,12,185.88,105.48,73,0,train
2024-07-01,S01,SKU002,15.49,0,0.0,15.49,15.18,0,0.71,26,14,216.86,123.06,60,0,train
2024-07-02,S01,SKU002,15.49,0,0.0,15.49,15.33,0,0.498,26,5,77.45,43.95,41,0,train
2024-07-03,S01,SKU002,15.49,0,0.0,15.49,15.86,0,0.637,26,12,185.88,105.48,101,0,train
2024-07-04,S01,SKU002,15.49,0,0.0,15.49,16.28,0,0.653,26,14,216.86,123.06,92,0,train
2024-07-05,S01,SKU002,15.49,1,0.24,11.77,15.73,0,0.532,26,27,317.79,136.89,30,0,train
2024-07-06,S01,SKU002,15.49,0,0.0,15.49,15.32,0,0.724,26,16,247.84,140.64,52,0,train
2024-07-07,S01,SKU002,15.49,0,0.0,15.49,15.63,0,0.579,27,9,139.41,79.11,94,0,train
2024-07-08,S01,SKU002,15.49,0,0.0,15.49,15.3,0,0.572,27,12,185.88,105.48,84,0,train
2024-07-09,S01,SKU002,15.49,0,0.0,15.49,16.18,0,0.51,27,11,170.39,96.69,22,0,train
2024-07-10,S01,SKU002,15.49,0,0.0,15.49,14.84,0,0.62,27,17,263.33,149.43,72,0,train
2024-07-11,S01,SKU002,15.49,0,0.0,15.49,15.12,0,0.574,27,16,247.84,140.64,89,0,train
2024-07-12,S01,SKU002,15.49,0,0.0,15.49,15.79,0,0.519,27,17,263.33,149.43,57,0,train
2024-07-13,S01,SKU002,15.49,0,0.0,15.49,15.18,0,0.561,27,11,170.39,96.69,89,0,train
2024-07-14,S01,SKU002,15.49,1,0.25,11.62,15.03,0,0.582,28,31,360.22,152.52,63,0,train
2024-07-15,S01,SKU002,15.49,1,0.13,13.48,14.47,0,0.606,28,20,269.6,135.6,100,0,train
2024-07-16,S01,SKU002,15.49,0,0.0,15.49,15.6,0,0.54,28,15,232.35,131.85,38,0,train
2024-07-17,S01,SKU002,15.49,0,0.0,15.49,15.9,0,0.462,28,17,263.33,149.43,40,0,train
2024-07-18,S01,SKU002,15.49,1,0.21,12.24,14.32,0,0.48,28,24,293.76,132.96,102,0,train
2024-07-19,S01,SKU002,15.49,0,0.0,15.49,14.93,0,0.368,28,6,92.94,52.74,82,0,train
2024-07-20,S01,SKU002,15.49,0,0.0,15.49,14.99,0,0.455,28,11,170.39,96.69,34,0,train
2024-07-21,S01,SKU002,15.49,1,0.16,13.01,14.07,0,0.537,29,25,325.25,157.75,50,0,train
2024-07-22,S01,SKU002,15.49,0,0.0,15.49,15.78,0,0.513,29,9,139.41,79.11,68,0,train
2024-07-23,S01,SKU002,15.49,1,0.11,13.79,14.86,0,0.472,29,13,179.27,92.17,54,0,train
2024-07-24,S01,SKU002,15.49,0,0.0,15.49,15.92,0,0.451,29,11,170.39,96.69,77,0,train
2024-07-25,S01,SKU002,15.49,0,0.0,15.49,15.79,0,0.56,29,15,232.35,131.85,58,0,train
2024-07-26,S01,SKU002,15.49,0,0.0,15.49,15.34,0,0.475,29,19,294.31,167.01,78,0,train
2024-07-27,S01,SKU002,15.49,0,0.0,15.49,15.48,0,0.506,29,15,232.35,131.85,53,0,train
2024-07-28,S01,SKU002,15.49,0,0.0,15.49,15.69,0,0.468,30,15,232.35,131.85,64,0,train
2024-07-29,S01,SKU002,15.49,1,0.13,13.48,15.08,0,0.397,30,22,296.56,149.16,25,0,train
2024-07-30,S01,SKU002,15.49,0,0.0,15.49,15.08,0,0.524,30,15,232.35,131.85,85,0,train
2024-07-31,S01,SKU002,15.49,0,0.0,15.49,15.05,0,0.35,30,10,154.9,87.9,31,0,train
2024-08-01,S01,SKU002,15.49,0,0.0,15.49,15.55,0,0.345,30,14,216.86,123.06,36,0,train
2024-08-02,S01,SKU002,15.49,1,0.25,11.62,14.84,0,0.385,30,32,371.84,157.44,32,1,train
2024-08-03,S01,SKU002,15.49,0,0.0,15.49,14.97,0,0.36,30,13,201.37,114.27,49,0,train
2024-08-04,S01,SKU002,15.49,0,0.0,15.49,13.64,0,0.364,31,17,263.33,149.43,90,0,train
2024-08-05,S01,SKU002,15.49,0,0.0,15.49,15.25,0,0.355,31,16,247.84,140.64,57,0,train
2024-08-06,S01,SKU002,15.49,1,0.23,11.93,15.26,0,0.443,31,30,357.9,156.9,57,0,train
2024-08-07,S01,SKU002,15.49,0,0.0,15.49,15.86,0,0.381,31,15,232.35,131.85,62,0,train
2024-08-08,S01,SKU002,15.49,0,0.0,15.49,14.9,0,0.392,31,20,309.8,175.8,43,0,train
2024-08-09,S01,SKU002,15.49,0,0.0,15.49,14.87,0,0.269,31,4,61.96,35.16,28,0,train
2024-08-10,S01,SKU002,15.49,0,0.0,15.49,15.33,0,0.307,31,20,309.8,175.8,100,0,train
2024-08-11,S01,SKU002,15.49,0,0.0,15.49,14.42,0,0.417,32,15,232.35,131.85,32,0,train
2024-08-12,S01,SKU002,15.49,0,0.0,15.49,15.03,0,0.273,32,14,216.86,123.06,32,0,train
2024-08-13,S01,SKU002,15.49,0,0.0,15.49,14.72,0,0.41,32,13,201.37,114.27,26,0,train
2024-08-14,S01,SKU002,15.49,0,0.0,15.49,15.17,0,0.271,32,14,216.86,123.06,69,0,train
2024-08-15,S01,SKU002,15.49,0,0.0,15.49,15.02,0,0.344,32,20,309.8,175.8,54,0,train
2024-08-16,S01,SKU002,15.49,0,0.0,15.49,15.79,0,0.269,32,12,185.88,105.48,89,0,train
2024-08-17,S01,SKU002,15.49,1,0.23,11.93,15.13,0,0.326,32,35,417.55,183.05,35,1,train
2024-08-18,S01,SKU002,15.49,0,0.0,15.49,14.11,0,0.254,33,10,154.9,87.9,51,0,train
2024-08-19,S01,SKU002,15.49,0,0.0,15.49,14.13,0,0.287,33,8,123.92,70.32,50,0,train
2024-08-20,S01,SKU002,15.49,1,0.27,11.31,15.74,0,0.396,33,38,429.78,175.18,93,0,train
2024-08-21,S01,SKU002,15.49,0,0.0,15.49,14.38,0,0.268,33,11,170.39,96.69,52,0,train
2024-08-22,S01,SKU002,15.49,0,0.0,15.49,14.59,0,0.406,33,15,232.35,131.85,63,0,train
2024-08-23,S01,SKU002,15.49,0,0.0,15.49,13.32,0,0.251,33,12,185.88,105.48,62,0,train
2024-08-24,S01,SKU002,15.49,0,0.0,15.49,13.74,0,0.202,33,15,232.35,131.85,94,0,train
2024-08-25,S01,SKU002,15.49,0,0.0,15.49,15.0,0,0.272,34,12,185.88,105.48,96,0,train
2024-08-26,S01,SKU002,15.49,1,0.31,10.69,15.5,0,0.237,34,37,395.53,147.63,94,0,train
2024-08-27,S01,SKU002,15.49,0,0.0,15.49,14.8,0,0.362,34,10,154.9,87.9,43,0,train
2024-08-28,S01,SKU002,15.49,0,0.0,15.49,14.92,0,0.302,34,14,216.86,123.06,77,0,train
2024-08-29,S01,SKU002,15.49,0,0.0,15.49,14.56,0,0.316,34,14,216.86,123.06,93,0,train
2024-08-30,S01,SKU002,15.49,0,0.0,15.49,13.47,0,0.278,34,16,247.84,140.64,37,0,train
2024-08-31,S01,SKU002,15.49,1,0.24,11.77,14.51,0,0.383,34,42,494.34,212.94,104,0,train
2024-09-01,S01,SKU002,15.49,0,0.0,15.49,15.06,0,0.277,35,23,356.27,202.17,44,0,train
2024-09-02,S01,SKU002,15.49,0,0.0,15.49,14.67,1,0.257,35,14,216.86,123.06,23,0,train
2024-09-03,S01,SKU002,15.49,0,0.0,15.49,14.88,0,0.17,35,19,294.31,167.01,71,0,train
2024-09-04,S01,SKU002,15.49,0,0.0,15.49,13.63,0,0.16,35,9,139.41,79.11,30,0,train
2024-09-05,S01,SKU002,15.49,0,0.0,15.49,13.45,0,0.221,35,13,201.37,114.27,41,0,train
2024-09-06,S01,SKU002,15.49,0,0.0,15.49,14.64,0,0.265,35,17,263.33,149.43,89,0,train
2024-09-07,S01,SKU002,15.49,1,0.14,13.32,14.21,0,0.268,35,37,492.84,244.94,37,1,train
2024-09-08,S01,SKU002,15.49,1,0.18,12.7,13.96,0,0.14,36,49,622.3,294.0,99,0,train
2024-09-09,S01,SKU002,15.49,1,0.08,14.25,14.66,0,0.224,36,25,356.25,188.75,55,0,train
2024-09-10,S01,SKU002,15.49,0,0.0,15.49,13.86,0,0.199,36,20,309.8,175.8,31,0,train
2024-09-11,S01,SKU002,15.49,0,0.0,15.49,14.58,0,0.116,36,18,278.82,158.22,100,0,train
2024-09-12,S01,SKU002,15.49,1,0.25,11.62,14.31,0,0.21,36,32,371.84,157.44,65,0,train
2024-09-13,S01,SKU002,15.49,1,0.05,14.72,14.67,0,0.039,36,21,309.12,168.42,46,0,train
2024-09-14,S01,SKU002,15.49,1,0.14,13.32,14.12,0,0.187,36,39,519.48,258.18,43,0,train
2024-09-15,S01,SKU002,15.49,0,0.0,15.49,14.54,0,0.316,37,14,216.86,123.06,90,0,train
2024-09-16,S01,SKU002,15.49,0,0.0,15.49,14.4,0,0.102,37,21,325.29,184.59,50,0,train
2024-09-17,S01,SKU002,15.49,0,0.0,15.49,14.6,0,0.161,37,16,247.84,140.64,51,0,train
2024-09-18,S01,SKU002,15.49,0,0.0,15.49,14.14,0,0.043,37,14,216.86,123.06,36,0,train
2024-09-19,S01,SKU002,15.49,1,0.18,12.7,15.84,0,0.107,37,31,393.7,186.0,82,0,train
2024-09-20,S01,SKU002,15.49,0,0.0,15.49,15.17,0,0.195,37,13,201.37,114.27,57,0,train
2024-09-21,S01,SKU002,15.49,0,0.0,15.49,15.1,0,0.084,37,23,356.27,202.17,89,0,train
2024-09-22,S01,SKU002,15.49,0,0.0,15.49,14.99,0,0.141,38,15,232.35,131.85,54,0,train
2024-09-23,S01,SKU002,15.49,0,0.0,15.49,14.61,0,0.119,38,13,201.37,114.27,48,0,train
2024-09-24,S01,SKU002,15.49,0,0.0,15.49,14.9,0,0.114,38,22,340.78,193.38,65,0,train
2024-09-25,S01,SKU002,15.49,0,0.0,15.49,13.62,0,0.146,38,15,232.35,131.85,77,0,train
2024-09-26,S01,SKU002,15.49,0,0.0,15.49,13.77,0,0.16,38,11,170.39,96.69,71,0,train
2024-09-27,S01,SKU002,15.49,0,0.0,15.49,14.52,0,0.203,38,16,247.84,140.64,71,0,train
2024-09-28,S01,SKU002,15.49,0,0.0,15.49,13.94,0,0.176,38,25,387.25,219.75,62,0,train
2024-09-29,S01,SKU002,15.49,0,0.0,15.49,14.78,0,0.09,39,15,232.35,131.85,97,0,train
2024-09-30,S01,SKU002,15.49,0,0.0,15.49,14.61,0,0.207,39,17,263.33,149.43,48,0,train
2024-10-01,S01,SKU002,15.49,1,0.27,11.31,15.09,0,0.194,39,39,441.09,179.79,41,0,test
2024-10-02,S01,SKU002,15.49,0,0.0,15.49,15.09,0,0.024,39,19,294.31,167.01,85,0,test
2024-10-03,S01,SKU002,15.49,0,0.0,15.49,14.32,0,0.155,39,23,356.27,202.17,25,0,test
2024-10-04,S01,SKU002,15.49,0,0.0,15.49,14.58,0,0.163,39,16,247.84,140.64,38,0,test
2024-10-05,S01,SKU002,15.49,0,0.0,15.49,15.35,0,0.17,39,34,526.66,298.86,53,0,test
2024-10-06,S01,SKU002,15.49,1,0.2,12.39,14.69,0,0.143,40,39,483.21,221.91,39,1,test
2024-10-07,S01,SKU002,15.49,0,0.0,15.49,13.81,0,0.031,40,17,263.33,149.43,32,0,test
2024-10-08,S01,SKU002,15.49,0,0.0,15.49,14.33,0,0.091,40,20,309.8,175.8,80,0,test
2024-10-09,S01,SKU002,15.49,0,0.0,15.49,15.18,0,0.0,40,24,371.76,210.96,38,0,test
2024-10-10,S01,SKU002,15.49,0,0.0,15.49,14.2,0,0.096,40,22,340.78,193.38,63,0,test
2024-10-11,S01,SKU002,15.49,0,0.0,15.49,14.07,0,0.226,40,26,402.74,228.54,49,0,test
2024-10-12,S01,SKU002,15.49,0,0.0,15.49,15.12,0,0.144,40,22,340.78,193.38,102,0,test
2024-10-13,S01,SKU002,15.49,1,0.17,12.86,14.12,0,0.152,41,36,462.96,221.76,94,0,test
2024-10-14,S01,SKU002,15.49,0,0.0,15.49,14.82,0,0.071,41,12,185.88,105.48,84,0,test
2024-10-15,S01,SKU002,15.49,0,0.0,15.49,14.34,0,0.04,41,22,340.78,193.38,64,0,test
2024-10-16,S01,SKU002,15.49,1,0.17,12.86,14.61,0,0.036,41,34,437.24,209.44,46,0,test
2024-10-17,S01,SKU002,15.49,0,0.0,15.49,13.96,0,0.108,41,21,325.29,184.59,88,0,test
2024-10-18,S01,SKU002,15.49,0,0.0,15.49,13.86,0,0.052,41,19,294.31,167.01,101,0,test
2024-10-19,S01,SKU002,15.49,1,0.13,13.48,13.65,0,0.062,41,38,512.24,257.64,51,0,test
2024-10-20,S01,SKU002,15.49,0,0.0,15.49,15.07,0,0.169,42,20,309.8,175.8,31,0,test
2024-10-21,S01,SKU002,15.49,0,0.0,15.49,14.18,0,0.002,42,16,247.84,140.64,38,0,test
2024-10-22,S01,SKU002,15.49,0,0.0,15.49,14.17,0,0.022,42,14,216.86,123.06,41,0,test
2024-10-23,S01,SKU002,15.49,0,0.0,15.49,15.9,0,0.07,42,20,309.8,175.8,103,0,test
2024-10-24,S01,SKU002,15.49,1,0.06,14.56,15.42,0,0.095,42,25,364.0,196.5,102,0,test
2024-10-25,S01,SKU002,15.49,0,0.0,15.49,13.66,0,0.094,42,21,325.29,184.59,63,0,test
2024-10-26,S01,SKU002,15.49,0,0.0,15.49,14.21,0,0.019,42,23,356.27,202.17,77,0,test
2024-10-27,S01,SKU002,15.49,0,0.0,15.49,13.8,0,0.115,43,22,340.78,193.38,86,0,test
2024-10-28,S01,SKU002,15.49,0,0.0,15.49,15.95,0,0.097,43,18,278.82,158.22,61,0,test
2024-10-29,S01,SKU002,15.49,0,0.0,15.49,14.76,0,0.127,43,19,294.31,167.01,57,0,test
2024-10-30,S01,SKU002,15.49,1,0.15,13.17,14.18,0,0.042,43,39,513.63,252.33,61,0,test
2024-10-31,S01,SKU002,15.49,0,0.0,15.49,13.92,0,0.123,43,19,294.31,167.01,52,0,test
2024-11-01,S01,SKU002,15.49,0,0.0,15.49,15.3,0,0.123,43,17,263.33,149.43,32,0,test
2024-11-02,S01,SKU002,15.49,1,0.15,13.17,14.36,0,0.072,43,47,618.99,304.09,74,0,test
2024-11-03,S01,SKU002,15.49,1,0.12,13.63,14.54,0,0.1,44,49,667.87,339.57,85,0,test
2024-11-04,S01,SKU002,15.49,0,0.0,15.49,14.6,0,0.081,44,18,278.82,158.22,93,0,test
2024-11-05,S01,SKU002,15.49,0,0.0,15.49,14.31,0,0.198,44,16,247.84,140.64,87,0,test
2024-11-06,S01,SKU002,15.49,0,0.0,15.49,14.29,0,0.0,44,22,340.78,193.38,72,0,test
2024-11-07,S01,SKU002,15.49,0,0.0,15.49,15.21,0,0.034,44,19,294.31,167.01,23,0,test
2024-11-08,S01,SKU002,15.49,0,0.0,15.49,14.95,0,0.021,44,20,309.8,175.8,59,0,test
2024-11-09,S01,SKU002,15.49,0,0.0,15.49,15.02,0,0.103,44,23,356.27,202.17,34,0,test
2024-11-10,S01,SKU002,15.49,0,0.0,15.49,14.8,0,0.087,45,24,371.76,210.96,32,0,test
2024-11-11,S01,SKU002,15.49,0,0.0,15.49,15.34,0,0.106,45,24,371.76,210.96,93,0,test
2024-11-12,S01,SKU002,15.49,1,0.25,11.62,15.36,0,0.176,45,47,546.14,231.24,66,0,test
2024-01-01,S01,SKU003,21.99,0,0.0,21.99,21.2,1,0.291,0,9,197.91,112.41,94,0,train
2024-01-02,S01,SKU003,21.99,0,0.0,21.99,21.96,0,0.459,0,8,175.92,99.92,46,0,train
