ai-ml-challenge-main/retail_pricing_demand_2024.csv
date,store_id,sku_id,base_price,promo_flag,promo_depth,final_price,competitor_price,holiday_flag,weather_index,week_of_year,units_sold,revenue,margin,stock_cap,stockout_flag,set
2024-01-03,S01,SKU003,21.99,0,0.0,21.99,21.03,0,0.337,0,11,241.89,137.39,59,0,train
2024-01-04,S01,SKU003,21.99,0,0.0,21.99,21.98,0,0.381,0,11,241.89,137.39,70,0,train
2024-01-05,S01,SKU003,21.99,0,0.0,21.99,22.89,0,0.398,0,11,241.89,137.39,33,0,train
2024-01-06,S01,SKU003,21.99,0,0.0,21.99,22.19,0,0.365,0,8,175.92,99.92,76,0,train
2024-01-07,S01,SKU003,21.99,0,0.0,21.99,22.62,0,0.334,1,20,439.8,249.8,48,0,train
2024-01-08,S01,SKU003,21.99,1,0.05,20.89,20.04,0,0.462,1,13,271.57,148.07,31,0,train
2024-01-09,S01,SKU003,21.99,0,0.0,21.99,22.86,0,0.451,1,11,241.89,137.39,51,0,train
2024-01-10,S01,SKU003,21.99,0,0.0,21.99,22.86,0,0.319,1,11,241.89,137.39,102,0,train
2024-01-11,S01,SKU003,21.99,0,0.0,21.99,22.53,0,0.584,1,8,175.92,99.92,52,0,train
2024-01-12,S01,SKU003,21.99,0,0.0,21.99,21.19,0,0.508,1,5,109.95,62.45,48,0,train
2024-01-13,S01,SKU003,21.99,0,0.0,21.99,21.72,0,0.411,1,10,219.9,124.9,77,0,train
2024-01-14,S01,SKU003,21.99,0,0.0,21.99,22.04,0,0.518,2,12,263.88,149.88,57,0,train
2024-01-15,S01,SKU003,21.99,0,0.0,21.99,23.45,0,0.443,2,11,241.89,137.39,78,0,train
2024-01-16,S01,SKU003,21.99,0,0.0,21.99,23.5,0,0.474,2,8,175.92,99.92,42,0,train
2024-01-17,S01,SKU003,21.99,0,0.0,21.99,22.56,0,0.532,2,11,241.89,137.39,103,0,train
2024-01-18,S01,SKU003,21.99,0,0.0,21.99,21.56,0,0.416,2,11,241.89,137.39,35,0,train
2024-01-19,S01,SKU003,21.99,0,0.0,21.99,23.13,0,0.533,2,19,417.81,237.31,40,0,train
2024-01-20,S01,SKU003,21.99,0,0.0,21.99,21.85,0,0.589,2,13,285.87,162.37,64,0,train
2024-01-21,S01,SKU003,21.99,0,0.0,21.99,20.73,0,0.591,3,12,263.88,149.88,61,0,train
2024-01-22,S01,SKU003,21.99,0,0.0,21.99,23.3,0,0.501,3,6,131.94,74.94,100,0,train
2024-01-23,S01,SKU003,21.99,0,0.0,21.99,23.41,0,0.58,3,8,175.92,99.92,62,0,train
2024-01-24,S01,SKU003,21.99,0,0.0,21.99,21.91,0,0.435,3,14,307.86,174.86,92,0,train
2024-01-25,S01,SKU003,21.99,0,0.0,21.99,22.98,0,0.53,3,9,197.91,112.41,77,0,train
2024-01-26,S01,SKU003,21.99,0,0.0,21.99,22.31,0,0.573,3,11,241.89,137.39,92,0,train
2024-01-27,S01,SKU003,21.99,0,0.0,21.99,23.42,0,0.472,3,8,175.92,99.92,62,0,train
2024-01-28,S01,SKU003,21.99,0,0.0,21.99,21.47,0,0.555,4,8,175.92,99.92,68,0,train
2024-01-29,S01,SKU003,21.99,0,0.0,21.99,22.0,0,0.67,4,9,197.91,112.41,100,0,train
2024-01-30,S01,SKU003,21.99,0,0.0,21.99,22.92,0,0.731,4,12,263.88,149.88,67,0,train
2024-01-31,S01,SKU003,21.99,1,0.24,16.71,22.86,0,0.627,4,28,467.88,201.88,70,0,train
2024-02-01,S01,SKU003,21.99,1,0.06,20.67,22.66,0,0.637,4,14,289.38,156.38,104,0,train
2024-02-02,S01,SKU003,21.99,0,0.0,21.99,22.47,0,0.536,4,10,219.9,124.9,47,0,train
2024-02-03,S01,SKU003,21.99,0,0.0,21.99,22.6,0,0.528,4,17,373.83,212.33,53,0,train
2024-02-04,S01,SKU003,21.99,0,0.0,21.99,23.56,0,0.522,5,16,351.84,199.84,50,0,train
2024-02-05,S01,SKU003,21.99,0,0.0,21.99,23.19,0,0.646,5,11,241.89,137.39,50,0,train
2024-02-06,S01,SKU003,21.99,1,0.2,17.59,23.52,0,0.665,5,20,351.8,161.8,65,0,train
2024-02-07,S01,SKU003,21.99,1,0.26,16.27,21.38,0,0.587,5,31,504.37,209.87,70,0,train
2024-02-08,S01,SKU003,21.99,0,0.0,21.99,22.49,0,0.559,5,7,153.93,87.43,62,0,train
2024-02-09,S01,SKU003,21.99,0,0.0,21.99,22.58,1,0.655,5,17,373.83,212.33,71,0,train
2024-02-10,S01,SKU003,21.99,1,0.24,16.71,22.6,0,0.665,5,25,417.75,180.25,50,0,train
2024-02-11,S01,SKU003,21.99,0,0.0,21.99,22.12,0,0.645,6,10,219.9,124.9,39,0,train
2024-02-12,S01,SKU003,21.99,1,0.23,16.93,22.46,0,0.735,6,32,541.76,237.76,96,0,train
2024-02-13,S01,SKU003,21.99,0,0.0,21.99,22.29,0,0.66,6,11,241.89,137.39,47,0,train
2024-02-14,S01,SKU003,21.99,0,0.0,21.99,21.44,0,0.667,6,15,329.85,187.35,80,0,train
2024-02-15,S01,SKU003,21.99,1,0.05,20.89,24.44,0,0.611,6,18,376.02,205.02,32,0,train
2024-02-16,S01,SKU003,21.99,1,0.21,17.37,23.16,0,0.692,6,23,399.51,181.01,59,0,train
2024-02-17,S01,SKU003,21.99,0,0.0,21.99,23.16,0,0.771,6,16,351.84,199.84,96,0,train
2024-02-18,S01,SKU003,21.99,1,0.21,17.37,21.59,0,0.699,7,32,555.84,251.84,32,1,train
2024-02-19,S01,SKU003,21.99,0,0.0,21.99,21.21,0,0.706,7,11,241.89,137.39,96,0,train
2024-02-20,S01,SKU003,21.99,0,0.0,21.99,23.54,0,0.734,7,9,197.91,112.41,36,0,train
2024-02-21,S01,SKU003,21.99,0,0.0,21.99,23.49,0,0.73,7,11,241.89,137.39,33,0,train
2024-02-22,S01,SKU003,21.99,0,0.0,21.99,23.13,0,0.751,7,6,131.94,74.94,74,0,train
2024-02-23,S01,SKU003,21.99,0,0.0,21.99,22.99,0,0.757,7,9,197.91,112.41,43,0,train
2024-02-24,S01,SKU003,21.99,1,0.21,17.37,24.28,0,0.768,7,29,503.73,228.23,72,0,train
2024-02-25,S01,SKU003,21.99,0,0.0,21.99,23.59,0,0.689,8,10,219.9,124.9,65,0,train
2024-02-26,S01,SKU003,21.99,0,0.0,21.99,22.63,0,0.76,8,7,153.93,87.43,93,0,train
2024-02-27,S01,SKU003,21.99,0,0.0,21.99,24.09,0,0.651,8,8,175.92,99.92,59,0,train
2024-02-28,S01,SKU003,21.99,0,0.0,21.99,23.23,0,0.769,8,11,241.89,137.39,93,0,train
2024-02-29,S01,SKU003,21.99,0,0.0,21.99,23.15,0,0.682,8,10,219.9,124.9,82,0,train
2024-03-01,S01,SKU003,21.99,0,0.0,21.99,22.68,0,0.759,8,11,241.89,137.39,67,0,train
2024-03-02,S01,SKU003,21.99,1,0.21,17.37,24.07,0,0.797,8,32,555.84,251.84,45,0,train
2024-03-03,S01,SKU003,21.99,0,0.0,21.99,23.37,0,0.748,9,13,285.87,162.37,52,0,train
2024-03-04,S01,SKU003,21.99,0,0.0,21.99,23.57,0,0.784,9,10,219.9,124.9,75,0,train
2024-03-05,S01,SKU003,21.99,0,0.0,21.99,24.44,0,0.685,9,6,131.94,74.94,80,0,train
2024-03-06,S01,SKU003,21.99,1,0.19,17.81,22.59,0,0.737,9,32,569.92,265.92,85,0,train
2024-03-07,S01,SKU003,21.99,0,0.0,21.99,22.0,0,0.834,9,14,307.86,174.86,25,0,train
2024-03-08,S01,SKU003,21.99,0,0.0,21.99,22.34,0,0.728,9,11,241.89,137.39,98,0,train
2024-03-09,S01,SKU003,21.99,0,0.0,21.99,22.28,0,0.841,9,16,351.84,199.84,86,0,train
2024-03-10,S01,SKU003,21.99,0,0.0,21.99,23.13,0,0.723,10,17,373.83,212.33,83,0,train
2024-03-11,S01,SKU003,21.99,0,0.0,21.99,23.6,0,0.756,10,13,285.87,162.37,63,0,train
2024-03-12,S01,SKU003,21.99,1,0.21,17.37,22.44,0,0.749,10,35,607.95,275.45,89,0,train
2024-03-13,S01,SKU003,21.99,0,0.0,21.99,23.73,0,0.82,10,6,131.94,74.94,43,0,train
2024-03-14,S01,SKU003,21.99,0,0.0,21.99,23.3,0,0.855,10,9,197.91,112.41,56,0,train
2024-03-15,S01,SKU003,21.99,1,0.26,16.27,22.69,0,0.763,10,25,406.75,169.25,25,1,train
2024-03-16,S01,SKU003,21.99,0,0.0,21.99,22.1,0,0.82,10,16,351.84,199.84,32,0,train
2024-03-17,S01,SKU003,21.99,0,0.0,21.99,23.67,0,0.932,11,18,395.82,224.82,48,0,train
2024-03-18,S01,SKU003,21.99,1,0.12,19.35,23.38,0,0.82,11,24,464.4,236.4,37,0,train
2024-03-19,S01,SKU003,21.99,0,0.0,21.99,23.55,0,0.793,11,7,153.93,87.43,73,0,train
2024-03-20,S01,SKU003,21.99,0,0.0,21.99,23.75,0,0.869,11,12,263.88,149.88,26,0,train
2024-03-21,S01,SKU003,21.99,1,0.24,16.71,23.37,0,0.836,11,44,735.24,317.24,99,0,train
2024-03-22,S01,SKU003,21.99,0,0.0,21.99,24.02,0,0.811,11,15,329.85,187.35,61,0,train
2024-03-23,S01,SKU003,21.99,0,0.0,21.99,24.15,0,0.748,11,20,439.8,249.8,69,0,train
2024-03-24,S01,SKU003,21.99,1,0.14,18.91,23.83,0,0.908,12,25,472.75,235.25,44,0,train
2024-03-25,S01,SKU003,21.99,0,0.0,21.99,22.59,0,0.828,12,4,87.96,49.96,45,0,train
2024-03-26,S01,SKU003,21.99,0,0.0,21.99,22.93,0,0.865,12,12,263.88,149.88,88,0,train
2024-03-27,S01,SKU003,21.99,0,0.0,21.99,23.28,0,0.804,12,7,153.93,87.43,59,0,train
2024-03-28,S01,SKU003,21.99,1,0.26,16.27,24.29,0,0.948,12,34,553.18,230.18,70,0,train
2024-03-29,S01,SKU003,21.99,0,0.0,21.99,23.38,0,0.918,12,10,219.9,124.9,65,0,train
2024-03-30,S01,SKU003,21.99,0,0.0,21.99,22.05,0,0.934,12,10,219.9,124.9,102,0,train
2024-03-31,S01,SKU003,21.99,0,0.0,21.99,24.28,0,0.871,13,13,285.87,162.37,80,0,train
2024-04-01,S01,SKU003,21.99,0,0.0,21.99,23.11,0,0.908,13,11,241.89,137.39,102,0,train
2024-04-02,S01,SKU003,21.99,0,0.0,21.99,22.79,0,0.935,13,9,197.91,112.41,58,0,train
2024-04-03,S01,SKU003,21.99,0,0.0,21.99,23.46,0,0.945,13,10,219.9,124.9,49,0,train
2024-04-04,S01,SKU003,21.99,0,0.0,21.99,22.81,0,0.904,13,20,439.8,249.8,74,0,train
2024-04-05,S01,SKU003,21.99,1,0.25,16.49,23.38,0,0.884,13,41,676.09,286.59,64,0,train
2024-04-06,S01,SKU003,21.99,0,0.0,21.99,24.26,0,0.868,13,18,395.82,224.82,73,0,train
2024-04-07,S01,SKU003,21.99,0,0.0,21.99,25.37,0,0.846,14,15,329.85,187.35,44,0,train
2024-04-08,S01,SKU003,21.99,1,0.3,15.39,23.91,0,0.834,14,34,523.26,200.26,34,1,train
2024-04-09,S01,SKU003,21.99,0,0.0,21.99,22.66,0,0.915,14,13,285.87,162.37,100,0,train
2024-04-10,S01,SKU003,21.99,0,0.0,21.99,23.52,0,0.88,14,19,417.81,237.31,100,0,train
2024-04-11,S01,SKU003,21.99,0,0.0,21.99,22.71,0,0.776,14,18,395.82,224.82,76,0,train
2024-04-12,S01,SKU003,21.99,0,0.0,21.99,23.45,0,0.887,14,15,329.85,187.35,54,0,train
2024-04-13,S01,SKU003,21.99,0,0.0,21.99,24.39,0,0.961,14,17,373.83,212.33,25,0,train
2024-04-14,S01,SKU003,21.99,0,0.0,21.99,22.6,0,0.882,15,15,329.85,187.35,35,0,train
2024-04-15,S01,SKU003,21.99,1,0.12,19.35,22.45,0,0.788,15,16,309.6,157.6,94,0,train
2024-04-16,S01,SKU003,21.99,0,0.0,21.99,22.35,0,0.892,15,14,307.86,174.86,47,0,train
2024-04-17,S01,SKU003,21.99,0,0.0,21.99,25.07,0,0.947,15,14,307.86,174.86,85,0,train
2024-04-18,S01,SKU003,21.99,1,0.27,16.05,23.3,0,0.912,15,27,433.35,176.85,27,1,train
2024-04-19,S01,SKU003,21.99,1,0.18,18.03,23.17,0,0.874,15,33,594.99,281.49,33,1,train
2024-04-20,S01,SKU003,21.99,0,0.0,21.99,22.31,0,1.0,15,18,395.82,224.82,85,0,train
2024-04-21,S01,SKU003,21.99,1,0.12,19.35,23.3,0,1.0,16,25,483.75,246.25,66,0,train
2024-04-22,S01,SKU003,21.99,0,0.0,21.99,23.31,0,0.894,16,15,329.85,187.35,103,0,train
2024-04-23,S01,SKU003,21.99,0,0.0,21.99,22.88,0,0.948,16,10,219.9,124.9,29,0,train
2024-04-24,S01,SKU003,21.99,0,0.0,21.99,24.01,0,0.922,16,8,175.92,99.92,44,0,train
2024-04-25,S01,SKU003,21.99,0,0.0,21.99,22.77,0,0.945,16,17,373.83,212.33,24,0,train
2024-04-26,S01,SKU003,21.99,0,0.0,21.99,22.99,0,0.985,16,14,307.86,174.86,75,0,train
2024-04-27,S01,SKU003,21.99,0,0.0,21.99,21.36,0,0.946,16,13,285.87,162.37,64,0,train
2024-04-28,S01,SKU003,21.99,0,0.0,21.99,22.56,0,0.901,17,15,329.85,187.35,41,0,train
2024-04-29,S01,SKU003,21.99,0,0.0,21.99,23.66,0,0.856,17,18,395.82,224.82,23,0,train
2024-04-30,S01,SKU003,21.99,0,0.0,21.99,21.88,1,0.845,17,17,373.83,212.33,33,0,train
2024-05-01,S01,SKU003,21.99,0,0.0,21.99,22.65,1,0.891,17,16,351.84,199.84,46,0,train
2024-05-02,S01,SKU003,21.99,0,0.0,21.99,22.13,0,0.96,17,13,285.87,162.37,94,0,train
2024-05-03,S01,SKU003,21.99,0,0.0,21.99,23.3,0,0.907,17,12,263.88,149.88,78,0,train
2024-05-04,S01,SKU003,21.99,1,0.21,17.37,23.73,0,0.891,17,43,746.91,338.41,89,0,train
2024-05-05,S01,SKU003,21.99,1,0.34,14.51,23.81,0,0.901,18,55,798.05,275.55,55,1,train
2024-05-06,S01,SKU003,21.99,0,0.0,21.99,22.23,0,0.886,18,13,285.87,162.37,91,0,train
2024-05-07,S01,SKU003,21.99,1,0.26,16.27,22.58,0,0.915,18,37,601.99,250.49,81,0,train
2024-05-08,S01,SKU003,21.99,0,0.0,21.99,23.76,0,0.813,18,7,153.93,87.43,71,0,train
2024-05-09,S01,SKU003,21.99,0,0.0,21.99,22.27,0,0.759,18,7,153.93,87.43,45,0,train
2024-05-10,S01,SKU003,21.99,0,0.0,21.99,22.77,0,0.85,18,13,285.87,162.37,40,0,train
2024-05-11,S01,SKU003,21.99,0,0.0,21.99,24.17,0,0.804,18,17,373.83,212.33,56,0,train
2024-05-12,S01,SKU003,21.99,1,0.09,20.01,22.62,0,0.968,19,33,660.33,346.83,33,0,train
2024-05-13,S01,SKU003,21.99,0,0.0,21.99,22.55,0,0.858,19,18,395.82,224.82,83,0,train
2024-05-14,S01,SKU003,21.99,0,0.0,21.99,24.23,0,0.85,19,12,263.88,149.88,57,0,train
2024-05-15,S01,SKU003,21.99,0,0.0,21.99,22.29,0,0.77,19,13,285.87,162.37,75,0,train
2024-05-16,S01,SKU003,21.99,0,0.0,21.99,22.62,0,0.876,19,23,505.77,287.27,25,0,train
2024-05-17,S01,SKU003,21.99,0,0.0,21.99,23.15,0,0.819,19,15,329.85,187.35,61,0,train
2024-05-18,S01,SKU003,21.99,0,0.0,21.99,22.65,0,0.92,19,16,351.84,199.84,63,0,train
2024-05-19,S01,SKU003,21.99,0,0.0,21.99,24.86,0,0.9,20,20,439.8,249.8,32,0,train
2024-05-20,S01,SKU003,21.99,1,0.06,20.67,23.17,0,0.8,20,23,475.41,256.91,71,0,train
2024-05-21,S01,SKU003,21.99,0,0.0,21.99,25.2,0,0.868,20,12,263.88,149.88,82,0,train
2024-05-22,S01,SKU003,21.99,0,0.0,21.99,23.11,0,0.676,20,10,219.9,124.9,29,0,train
2024-05-23,S01,SKU003,21.99,0,0.0,21.99,24.14,0,0.795,20,18,395.82,224.82,42,0,train
2024-05-24,S01,SKU003,21.99,0,0.0,21.99,24.19,0,0.907,20,19,417.81,237.31,79,0,train
2024-05-25,S01,SKU003,21.99,0,0.0,21.99,23.05,0,0.875,20,17,373.83,212.33,66,0,train
2024-05-26,S01,SKU003,21.99,0,0.0,21.99,23.29,0,0.835,21,21,461.79,262.29,70,0,train
2024-05-27,S01,SKU003,21.99,1,0.15,18.69,23.11,0,0.818,21,25,467.25,229.75,25,1,train
2024-05-28,S01,SKU003,21.99,0,0.0,21.99,22.48,0,0.731,21,10,219.9,124.9,74,0,train
2024-05-29,S01,SKU003,21.99,0,0.0,21.99,23.44,0,0.73,21,21,461.79,262.29,99,0,train
2024-05-30,S01,SKU003,21.99,0,0.0,21.99,22.71,0,0.821,21,22,483.78,274.78,41,0,train
2024-05-31,S01,SKU003,21.99,0,0.0,21.99,23.69,0,0.908,21,20,439.8,249.8,92,0,train
2024-06-01,S01,SKU003,21.99,0,0.0,21.99,22.89,0,0.668,21,21,461.79,262.29,99,0,train
2024-06-02,S01,SKU003,21.99,0,0.0,21.99,22.57,0,0.831,22,15,329.85,187.35,94,0,train
2024-06-03,S01,SKU003,21.99,0,0.0,21.99,23.33,0,0.825,22,9,197.91,112.41,41,0,train
2024-06-04,S01,SKU003,21.99,0,0.0,21.99,22.32,0,0.841,22,6,131.94,74.94,27,0,train
2024-06-05,S01,SKU003,21.99,0,0.0,21.99,21.39,0,0.727,22,20,439.8,249.8,79,0,train
2024-06-06,S01,SKU003,21.99,1,0.12,19.35,21.87,0,0.742,22,35,677.25,344.75,59,0,train
2024-06-07,S01,SKU003,21.99,1,0.05,20.89,22.16,0,0.772,22,28,584.92,318.92,92,0,train
2024-06-08,S01,SKU003,21.99,0,0.0,21.99,21.47,0,0.702,22,17,373.83,212.33,90,0,train
2024-06-09,S01,SKU003,21.99,0,0.0,21.99,22.52,0,0.685,23,14,307.86,174.86,28,0,train
2024-06-10,S01,SKU003,21.99,0,0.0,21.99,23.63,0,0.7,23,10,219.9,124.9,60,0,train
2024-06-11,S01,SKU003,21.99,0,0.0,21.99,21.58,0,0.744,23,13,285.87,162.37,64,0,train
2024-06-12,S01,SKU003,21.99,0,0.0,21.99,23.85,0,0.765,23,12,263.88,149.88,31,0,train
2024-06-13,S01,SKU003,21.99,0,0.0,21.99,22.46,0,0.736,23,19,417.81,237.31,73,0,train
2024-06-14,S01,SKU003,21.99,0,0.0,21.99,21.95,0,0.736,23,15,329.85,187.35,103,0,train
2024-06-15,S01,SKU003,21.99,0,0.0,21.99,22.42,0,0.685,23,24,527.76,299.76,96,0,train
2024-06-16,S01,SKU003,21.99,1,0.2,17.59,22.76,0,0.677,24,57,1002.63,461.13,57,1,train
2024-06-17,S01,SKU003,21.99,0,0.0,21.99,21.7,0,0.782,24,14,307.86,174.86,70,0,train
2024-06-18,S01,SKU003,21.99,0,0.0,21.99,21.8,0,0.705,24,18,395.82,224.82,24,0,train
2024-06-19,S01,SKU003,21.99,0,0.0,21.99,22.94,0,0.698,24,18,395.82,224.82,95,0,train
2024-06-20,S01,SKU003,21.99,0,0.0,21.99,20.58,0,0.753,24,9,197.91,112.41,91,0,train
2024-06-21,S01,SKU003,21.99,0,0.0,21.99,22.14,0,0.765,24,18,395.82,224.82,48,0,train
2024-06-22,S01,SKU003,21.99,0,0.0,21.99,20.8,0,0.761,24,15,329.85,187.35,43,0,train
2024-06-23,S01,SKU003,21.99,0,0.0,21.99,23.46,0,0.703,25,10,219.9,124.9,84,0,train
2024-06-24,S01,SKU003,21.99,1,0.17,18.25,22.08,0,0.669,25,40,730.0,350.0,49,0,train
2024-06-25,S01,SKU003,21.99,0,0.0,21.99,22.58,0,0.683,25,10,219.9,124.9,79,0,train
2024-06-26,S01,SKU003,21.99,0,0.0,21.99,21.45,0,0.671,25,12,263.88,149.88,49,0,train
2024-06-27,S01,SKU003,21.99,0,0.0,21.99,23.91,0,0.737,25,17,373.83,212.33,95,0,train
2024-06-28,S01,SKU003,21.99,0,0.0,21.99,21.26,0,0.665,25,14,307.86,174.86,84,0,train
2024-06-29,S01,SKU003,21.99,0,0.0,21.99,21.89,0,0.679,25,18,395.82,224.82,55,0,train
2024-06-30,S01,SKU003,21.99,0,0.0,21.99,22.78,0,0.633,26,18,395.82,224.82,71,0,train
2024-07-01,S01,SKU003,21.99,0,0.0,21.99,22.65,0,0.71,26,12,263.88,149.88,80,0,train
2024-07-02,S01,SKU003,21.99,0,0.0,21.99,22.68,0,0.498,26,10,219.9,124.9,95,0,train
2024-07-03,S01,SKU003,21.99,0,0.0,21.99,23.09,0,0.637,26,20,439.8,249.8,44,0,train
2024-07-04,S01,SKU003,21.99,0,0.0,21.99,22.17,0,0.653,26,5,109.95,62.45,95,0,train
2024-07-05,S01,SKU003,21.99,0,0.0,21.99,22.19,0,0.532,26,11,241.89,137.39,48,0,train
2024-07-06,S01,SKU003,21.99,1,0.19,17.81,21.42,0,0.724,26,35,623.35,290.85,63,0,train
2024-07-07,S01,SKU003,21.99,1,0.34,14.51,20.84,0,0.579,27,37,536.87,185.37,37,1,train
2024-07-08,S01,SKU003,21.99,0,0.0,21.99,21.94,0,0.572,27,16,351.84,199.84,72,0,train
2024-07-09,S01,SKU003,21.99,0,0.0,21.99,20.96,0,0.51,27,11,241.89,137.39,24,0,train
2024-07-10,S01,SKU003,21.99,0,0.0,21.99,21.31,0,0.62,27,19,417.81,237.31,94,0,train
2024-07-11,S01,SKU003,21.99,0,0.0,21.99,21.69,0,0.574,27,8,175.92,99.92,23,0,train
2024-07-12,S01,SKU003,21.99,0,0.0,21.99,22.23,0,0.519,27,17,373.83,212.33,53,0,train
2024-07-13,S01,SKU003,21.99,0,0.0,21.99,22.75,0,0.561,27,15,329.85,187.35,23,0,train
2024-07-14,S01,SKU003,21.99,0,0.0,21.99,21.47,0,0.582,28,15,329.85,187.35,56,0,train
2024-07-15,S01,SKU003,21.99,0,0.0,21.99,22.68,0,0.606,28,18,395.82,224.82,104,0,train
2024-07-16,S01,SKU003,21.99,1,0.15,18.69,20.77,0,0.54,28,22,411.18,202.18,77,0,train
2024-07-17,S01,SKU003,21.99,0,0.0,21.99,21.65,0,0.462,28,16,351.84,199.84,58,0,train
2024-07-18,S01,SKU003,21.99,1,0.27,16.05,22.59,0,0.48,28,36,577.8,235.8,46,0,train
2024-07-19,S01,SKU003,21.99,1,0.31,15.17,21.26,0,0.368,28,51,773.67,289.17,55,0,train
2024-07-20,S01,SKU003,21.99,1,0.09,20.01,21.58,0,0.455,28,48,960.48,504.48,65,0,train
2024-07-21,S01,SKU003,21.99,0,0.0,21.99,21.76,0,0.537,29,16,351.84,199.84,75,0,train
2024-07-22,S01,SKU003,21.99,1,0.17,18.25,20.87,0,0.513,29,33,602.25,288.75,79,0,train
2024-07-23,S01,SKU003,21.99,0,0.0,21.99,20.79,0,0.472,29,13,285.87,162.37,49,0,train
2024-07-24,S01,SKU003,21.99,0,0.0,21.99,20.44,0,0.451,29,18,395.82,224.82,45,0,train
2024-07-25,S01,SKU003,21.99,0,0.0,21.99,22.52,0,0.56,29,21,461.79,262.29,58,0,train
2024-07-26,S01,SKU003,21.99,0,0.0,21.99,20.75,0,0.475,29,15,329.85,187.35,76,0,train
2024-07-27,S01,SKU003,21.99,0,0.0,21.99,21.32,0,0.506,29,14,307.86,174.86,56,0,train
2024-07-28,S01,SKU003,21.99,1,0.1,19.79,21.42,0,0.468,30,36,712.44,370.44,51,0,train
2024-07-29,S01,SKU003,21.99,0,0.0,21.99,21.25,0,0.397,30,20,439.8,249.8,92,0,train
2024-07-30,S01,SKU003,21.99,0,0.0,21.99,21.96,0,0.524,30,17,373.83,212.33,84,0,train
2024-07-31,S01,SKU003,21.99,0,0.0,21.99,22.01,0,0.35,30,13,285.87,162.37,94,0,train
