ai-ml-challenge-main/retail_pricing_demand_2024.csv
date,store_id,sku_id,base_price,promo_flag,promo_depth,final_price,competitor_price,holiday_flag,weather_index,week_of_year,units_sold,revenue,margin,stock_cap,stockout_flag,set
2024-08-01,S01,SKU003,21.99,0,0.0,21.99,21.08,0,0.345,30,13,285.87,162.37,103,0,train
2024-08-02,S01,SKU003,21.99,0,0.0,21.99,21.02,0,0.385,30,12,263.88,149.88,53,0,train
2024-08-03,S01,SKU003,21.99,0,0.0,21.99,21.73,0,0.36,30,11,241.89,137.39,99,0,train
2024-08-04,S01,SKU003,21.99,0,0.0,21.99,20.91,0,0.364,31,15,329.85,187.35,55,0,train
2024-08-05,S01,SKU003,21.99,1,0.29,15.61,21.19,0,0.355,31,40,624.4,244.4,85,0,train
2024-08-06,S01,SKU003,21.99,0,0.0,21.99,20.64,0,0.443,31,18,395.82,224.82,90,0,train
2024-08-07,S01,SKU003,21.99,0,0.0,21.99,21.33,0,0.381,31,10,219.9,124.9,34,0,train
2024-08-08,S01,SKU003,21.99,0,0.0,21.99,20.11,0,0.392,31,11,241.89,137.39,69,0,train
2024-08-09,S01,SKU003,21.99,0,0.0,21.99,21.88,0,0.269,31,12,263.88,149.88,75,0,train
2024-08-10,S01,SKU003,21.99,0,0.0,21.99,20.68,0,0.307,31,15,329.85,187.35,64,0,train
2024-08-11,S01,SKU003,21.99,0,0.0,21.99,21.88,0,0.417,32,11,241.89,137.39,60,0,train
2024-08-12,S01,SKU003,21.99,0,0.0,21.99,21.96,0,0.273,32,14,307.86,174.86,70,0,train
2024-08-13,S01,SKU003,21.99,0,0.0,21.99,21.48,0,0.41,32,14,307.86,174.86,29,0,train
2024-08-14,S01,SKU003,21.99,0,0.0,21.99,22.46,0,0.271,32,12,263.88,149.88,27,0,train
2024-08-15,S01,SKU003,21.99,0,0.0,21.99,20.89,0,0.344,32,9,197.91,112.41,68,0,train
2024-08-16,S01,SKU003,21.99,0,0.0,21.99,21.51,0,0.269,32,18,395.82,224.82,82,0,train
2024-08-17,S01,SKU003,21.99,1,0.24,16.71,19.68,0,0.326,32,36,601.56,259.56,36,1,train
2024-08-18,S01,SKU003,21.99,0,0.0,21.99,19.95,0,0.254,33,18,395.82,224.82,71,0,train
2024-08-19,S01,SKU003,21.99,0,0.0,21.99,22.23,0,0.287,33,22,483.78,274.78,33,0,train
2024-08-20,S01,SKU003,21.99,1,0.24,16.71,20.9,0,0.396,33,30,501.3,216.3,30,1,train
2024-08-21,S01,SKU003,21.99,1,0.2,17.59,19.11,0,0.268,33,38,668.42,307.42,38,1,train
2024-08-22,S01,SKU003,21.99,1,0.22,17.15,21.15,0,0.406,33,36,617.4,275.4,36,0,train
2024-08-23,S01,SKU003,21.99,0,0.0,21.99,20.4,0,0.251,33,13,285.87,162.37,67,0,train
2024-08-24,S01,SKU003,21.99,0,0.0,21.99,20.96,0,0.202,33,26,571.74,324.74,97,0,train
2024-08-25,S01,SKU003,21.99,0,0.0,21.99,19.69,0,0.272,34,12,263.88,149.88,41,0,train
2024-08-26,S01,SKU003,21.99,0,0.0,21.99,20.31,0,0.237,34,16,351.84,199.84,98,0,train
2024-08-27,S01,SKU003,21.99,0,0.0,21.99,21.47,0,0.362,34,14,307.86,174.86,99,0,train
2024-08-28,S01,SKU003,21.99,1,0.23,16.93,21.48,0,0.302,34,36,609.48,267.48,36,1,train
2024-08-29,S01,SKU003,21.99,0,0.0,21.99,21.91,0,0.316,34,18,395.82,224.82,50,0,train
2024-08-30,S01,SKU003,21.99,0,0.0,21.99,20.48,0,0.278,34,17,373.83,212.33,57,0,train
2024-08-31,S01,SKU003,21.99,0,0.0,21.99,21.41,0,0.383,34,18,395.82,224.82,52,0,train
2024-09-01,S01,SKU003,21.99,1,0.35,14.29,21.63,0,0.277,35,50,714.5,239.5,50,1,train
2024-09-02,S01,SKU003,21.99,0,0.0,21.99,21.22,1,0.257,35,20,439.8,249.8,70,0,train
2024-09-03,S01,SKU003,21.99,0,0.0,21.99,21.8,0,0.17,35,11,241.89,137.39,89,0,train
2024-09-04,S01,SKU003,21.99,0,0.0,21.99,19.6,0,0.16,35,14,307.86,174.86,81,0,train
2024-09-05,S01,SKU003,21.99,0,0.0,21.99,21.33,0,0.221,35,12,263.88,149.88,69,0,train
2024-09-06,S01,SKU003,21.99,0,0.0,21.99,21.34,0,0.265,35,8,175.92,99.92,42,0,train
2024-09-07,S01,SKU003,21.99,0,0.0,21.99,21.57,0,0.268,35,12,263.88,149.88,74,0,train
2024-09-08,S01,SKU003,21.99,0,0.0,21.99,20.62,0,0.14,36,10,219.9,124.9,61,0,train
2024-09-09,S01,SKU003,21.99,0,0.0,21.99,20.87,0,0.224,36,10,219.9,124.9,53,0,train
2024-09-10,S01,SKU003,21.99,0,0.0,21.99,21.16,0,0.199,36,10,219.9,124.9,38,0,train
2024-09-11,S01,SKU003,21.99,1,0.2,17.59,19.8,0,0.116,36,31,545.29,250.79,54,0,train
2024-09-12,S01,SKU003,21.99,0,0.0,21.99,20.13,0,0.21,36,10,219.9,124.9,66,0,train
2024-09-13,S01,SKU003,21.99,1,0.14,18.91,20.05,0,0.039,36,24,453.84,225.84,102,0,train
2024-09-14,S01,SKU003,21.99,0,0.0,21.99,20.83,0,0.187,36,7,153.93,87.43,38,0,train
2024-09-15,S01,SKU003,21.99,0,0.0,21.99,20.38,0,0.316,37,19,417.81,237.31,82,0,train
2024-09-16,S01,SKU003,21.99,0,0.0,21.99,20.39,0,0.102,37,7,153.93,87.43,90,0,train
2024-09-17,S01,SKU003,21.99,0,0.0,21.99,21.22,0,0.161,37,14,307.86,174.86,93,0,train
2024-09-18,S01,SKU003,21.99,0,0.0,21.99,20.23,0,0.043,37,12,263.88,149.88,26,0,train
2024-09-19,S01,SKU003,21.99,0,0.0,21.99,19.66,0,0.107,37,8,175.92,99.92,31,0,train
2024-09-20,S01,SKU003,21.99,1,0.19,17.81,21.11,0,0.195,37,35,623.35,290.85,88,0,train
2024-09-21,S01,SKU003,21.99,1,0.22,17.15,21.95,0,0.084,37,33,565.95,252.45,88,0,train
2024-09-22,S01,SKU003,21.99,1,0.15,18.69,21.03,0,0.141,38,31,579.39,284.89,79,0,train
2024-09-23,S01,SKU003,21.99,0,0.0,21.99,21.07,0,0.119,38,24,527.76,299.76,75,0,train
2024-09-24,S01,SKU003,21.99,0,0.0,21.99,21.05,0,0.114,38,17,373.83,212.33,75,0,train
2024-09-25,S01,SKU003,21.99,0,0.0,21.99,21.63,0,0.146,38,12,263.88,149.88,35,0,train
2024-09-26,S01,SKU003,21.99,0,0.0,21.99,19.94,0,0.16,38,8,175.92,99.92,96,0,train
2024-09-27,S01,SKU003,21.99,1,0.24,16.71,20.4,0,0.203,38,38,634.98,273.98,38,0,train
2024-09-28,S01,SKU003,21.99,0,0.0,21.99,21.22,0,0.176,38,9,197.91,112.41,86,0,train
2024-09-29,S01,SKU003,21.99,0,0.0,21.99,21.44,0,0.09,39,15,329.85,187.35,52,0,train
2024-09-30,S01,SKU003,21.99,0,0.0,21.99,20.91,0,0.207,39,17,373.83,212.33,47,0,train
2024-10-01,S01,SKU003,21.99,0,0.0,21.99,20.05,0,0.194,39,10,219.9,124.9,54,0,test
2024-10-02,S01,SKU003,21.99,0,0.0,21.99,21.33,0,0.024,39,10,219.9,124.9,63,0,test
2024-10-03,S01,SKU003,21.99,0,0.0,21.99,20.19,0,0.155,39,12,263.88,149.88,22,0,test
2024-10-04,S01,SKU003,21.99,0,0.0,21.99,21.1,0,0.163,39,10,219.9,124.9,24,0,test
2024-10-05,S01,SKU003,21.99,0,0.0,21.99,20.86,0,0.17,39,14,307.86,174.86,71,0,test
2024-10-06,S01,SKU003,21.99,0,0.0,21.99,19.71,0,0.143,40,10,219.9,124.9,56,0,test
2024-10-07,S01,SKU003,21.99,0,0.0,21.99,21.41,0,0.031,40,12,263.88,149.88,60,0,test
2024-10-08,S01,SKU003,21.99,0,0.0,21.99,20.08,0,0.091,40,12,263.88,149.88,74,0,test
2024-10-09,S01,SKU003,21.99,0,0.0,21.99,21.27,0,0.0,40,6,131.94,74.94,23,0,test
2024-10-10,S01,SKU003,21.99,0,0.0,21.99,19.93,0,0.096,40,14,307.86,174.86,81,0,test
2024-10-11,S01,SKU003,21.99,1,0.24,16.71,21.14,0,0.226,40,30,501.3,216.3,91,0,test
2024-10-12,S01,SKU003,21.99,1,0.17,18.25,20.82,0,0.144,40,25,456.25,218.75,25,1,test
2024-10-13,S01,SKU003,21.99,1,0.2,17.59,21.28,0,0.152,41,30,527.7,242.7,99,0,test
2024-10-14,S01,SKU003,21.99,0,0.0,21.99,21.61,0,0.071,41,11,241.89,137.39,22,0,test
2024-10-15,S01,SKU003,21.99,0,0.0,21.99,21.15,0,0.04,41,8,175.92,99.92,92,0,test
2024-10-16,S01,SKU003,21.99,0,0.0,21.99,19.21,0,0.036,41,10,219.9,124.9,93,0,test
2024-10-17,S01,SKU003,21.99,0,0.0,21.99,19.93,0,0.108,41,14,307.86,174.86,75,0,test
2024-10-18,S01,SKU003,21.99,0,0.0,21.99,19.71,0,0.052,41,12,263.88,149.88,26,0,test
2024-10-19,S01,SKU003,21.99,0,0.0,21.99,21.63,0,0.062,41,12,263.88,149.88,96,0,test
2024-10-20,S01,SKU003,21.99,1,0.16,18.47,20.81,0,0.169,42,25,461.75,224.25,71,0,test
2024-10-21,S01,SKU003,21.99,0,0.0,21.99,20.38,0,0.002,42,12,263.88,149.88,32,0,test
2024-10-22,S01,SKU003,21.99,1,0.25,16.49,20.91,0,0.022,42,22,362.78,153.78,56,0,test
2024-10-23,S01,SKU003,21.99,1,0.3,15.39,21.38,0,0.07,42,37,569.43,217.93,38,0,test
2024-10-24,S01,SKU003,21.99,0,0.0,21.99,21.9,0,0.095,42,8,175.92,99.92,67,0,test
2024-10-25,S01,SKU003,21.99,0,0.0,21.99,19.82,0,0.094,42,14,307.86,174.86,22,0,test
2024-10-26,S01,SKU003,21.99,1,0.1,19.79,21.42,0,0.019,42,30,593.7,308.7,39,0,test
2024-10-27,S01,SKU003,21.99,1,0.3,15.39,21.12,0,0.115,43,33,507.87,194.37,33,1,test
2024-10-28,S01,SKU003,21.99,0,0.0,21.99,18.35,0,0.097,43,14,307.86,174.86,55,0,test
2024-10-29,S01,SKU003,21.99,0,0.0,21.99,20.38,0,0.127,43,10,219.9,124.9,57,0,test
2024-10-30,S01,SKU003,21.99,1,0.21,17.37,19.09,0,0.042,43,29,503.73,228.23,33,0,test
2024-10-31,S01,SKU003,21.99,0,0.0,21.99,22.76,0,0.123,43,15,329.85,187.35,57,0,test
2024-11-01,S01,SKU003,21.99,0,0.0,21.99,21.74,0,0.123,43,9,197.91,112.41,88,0,test
2024-11-02,S01,SKU003,21.99,0,0.0,21.99,21.35,0,0.072,43,13,285.87,162.37,36,0,test
2024-11-03,S01,SKU003,21.99,0,0.0,21.99,20.85,0,0.1,44,17,373.83,212.33,77,0,test
2024-11-04,S01,SKU003,21.99,0,0.0,21.99,21.08,0,0.081,44,11,241.89,137.39,28,0,test
2024-11-05,S01,SKU003,21.99,0,0.0,21.99,21.36,0,0.198,44,9,197.91,112.41,31,0,test
2024-11-06,S01,SKU003,21.99,0,0.0,21.99,20.18,0,0.0,44,10,219.9,124.9,51,0,test
2024-11-07,S01,SKU003,21.99,0,0.0,21.99,20.14,0,0.034,44,7,153.93,87.43,56,0,test
2024-11-08,S01,SKU003,21.99,1,0.09,20.01,21.81,0,0.021,44,27,540.27,283.77,27,1,test
2024-11-09,S01,SKU003,21.99,0,0.0,21.99,21.9,0,0.103,44,9,197.91,112.41,30,0,test
2024-11-10,S01,SKU003,21.99,0,0.0,21.99,21.81,0,0.087,45,15,329.85,187.35,84,0,test
2024-11-11,S01,SKU003,21.99,0,0.0,21.99,20.87,0,0.106,45,15,329.85,187.35,65,0,test
2024-11-12,S01,SKU003,21.99,1,0.2,17.59,22.25,0,0.176,45,23,404.57,186.07,76,0,test
2024-01-01,S02,SKU001,10.49,1,0.1,9.44,10.3,1,0.291,0,22,207.68,115.28,79,0,train
2024-01-02,S02,SKU001,10.49,0,0.0,10.49,11.08,0,0.459,0,5,52.45,31.45,70,0,train
2024-01-03,S02,SKU001,10.49,1,0.42,6.08,9.87,0,0.337,0,30,182.4,56.4,47,0,train
2024-01-04,S02,SKU001,10.49,0,0.0,10.49,9.97,0,0.381,0,10,104.9,62.9,31,0,train
2024-01-05,S02,SKU001,10.49,0,0.0,10.49,10.04,0,0.398,0,6,62.94,37.74,31,0,train
2024-01-06,S02,SKU001,10.49,0,0.0,10.49,9.85,0,0.365,0,10,104.9,62.9,27,0,train
2024-01-07,S02,SKU001,10.49,1,0.2,8.39,10.29,0,0.334,1,26,218.14,108.94,66,0,train
2024-01-08,S02,SKU001,10.49,0,0.0,10.49,10.64,0,0.462,1,9,94.41,56.61,34,0,train
2024-01-09,S02,SKU001,10.49,0,0.0,10.49,10.48,0,0.451,1,12,125.88,75.48,54,0,train
2024-01-10,S02,SKU001,10.49,0,0.0,10.49,10.33,0,0.319,1,13,136.37,81.77,63,0,train
2024-01-11,S02,SKU001,10.49,1,0.19,8.5,10.98,0,0.584,1,15,127.5,64.5,66,0,train
2024-01-12,S02,SKU001,10.49,1,0.05,9.97,10.59,0,0.508,1,21,209.37,121.17,66,0,train
2024-01-13,S02,SKU001,10.49,0,0.0,10.49,10.71,0,0.411,1,9,94.41,56.61,83,0,train
2024-01-14,S02,SKU001,10.49,0,0.0,10.49,11.13,0,0.518,2,11,115.39,69.19,61,0,train
2024-01-15,S02,SKU001,10.49,0,0.0,10.49,11.32,0,0.443,2,13,136.37,81.77,88,0,train
2024-01-16,S02,SKU001,10.49,0,0.0,10.49,10.58,0,0.474,2,11,115.39,69.19,85,0,train
2024-01-17,S02,SKU001,10.49,0,0.0,10.49,10.82,0,0.532,2,7,73.43,44.03,96,0,train
2024-01-18,S02,SKU001,10.49,0,0.0,10.49,10.31,0,0.416,2,7,73.43,44.03,54,0,train
2024-01-19,S02,SKU001,10.49,0,0.0,10.49,10.33,0,0.533,2,6,62.94,37.74,90,0,train
2024-01-20,S02,SKU001,10.49,1,0.06,9.86,10.54,0,0.589,2,14,138.04,79.24,56,0,train
2024-01-21,S02,SKU001,10.49,0,0.0,10.49,10.34,0,0.591,3,17,178.33,106.93,71,0,train
2024-01-22,S02,SKU001,10.49,0,0.0,10.49,10.67,0,0.501,3,17,178.33,106.93,88,0,train
2024-01-23,S02,SKU001,10.49,0,0.0,10.49,10.27,0,0.58,3,11,115.39,69.19,62,0,train
2024-01-24,S02,SKU001,10.49,0,0.0,10.49,11.04,0,0.435,3,8,83.92,50.32,50,0,train
2024-01-25,S02,SKU001,10.49,1,0.33,7.03,10.41,0,0.53,3,26,182.78,73.58,43,0,train
2024-01-26,S02,SKU001,10.49,0,0.0,10.49,10.87,0,0.573,3,11,115.39,69.19,40,0,train
2024-01-27,S02,SKU001,10.49,0,0.0,10.49,10.76,0,0.472,3,10,104.9,62.9,44,0,train
2024-01-28,S02,SKU001,10.49,0,0.0,10.49,10.52,0,0.555,4,9,94.41,56.61,102,0,train
2024-01-29,S02,SKU001,10.49,0,0.0,10.49,10.37,0,0.67,4,10,104.9,62.9,69,0,train
2024-01-30,S02,SKU001,10.49,1,0.21,8.29,10.61,0,0.731,4,18,149.22,73.62,84,0,train
2024-01-31,S02,SKU001,10.49,0,0.0,10.49,11.2,0,0.627,4,15,157.35,94.35,56,0,train
2024-02-01,S02,SKU001,10.49,1,0.13,9.13,11.04,0,0.637,4,18,164.34,88.74,63,0,train
2024-02-02,S02,SKU001,10.49,0,0.0,10.49,11.01,0,0.536,4,5,52.45,31.45,96,0,train
2024-02-03,S02,SKU001,10.49,1,0.12,9.23,10.92,0,0.528,4,23,212.29,115.69,74,0,train
2024-02-04,S02,SKU001,10.49,0,0.0,10.49,10.51,0,0.522,5,15,157.35,94.35,27,0,train
2024-02-05,S02,SKU001,10.49,0,0.0,10.49,10.81,0,0.646,5,9,94.41,56.61,96,0,train
2024-02-06,S02,SKU001,10.49,0,0.0,10.49,10.97,0,0.665,5,8,83.92,50.32,103,0,train
2024-02-07,S02,SKU001,10.49,0,0.0,10.49,11.58,0,0.587,5,13,136.37,81.77,39,0,train
2024-02-08,S02,SKU001,10.49,1,0.32,7.13,11.26,0,0.559,5,28,199.64,82.04,95,0,train
2024-02-09,S02,SKU001,10.49,0,0.0,10.49,11.19,1,0.655,5,12,125.88,75.48,36,0,train
2024-02-10,S02,SKU001,10.49,0,0.0,10.49,11.33,0,0.665,5,10,104.9,62.9,101,0,train
2024-02-11,S02,SKU001,10.49,0,0.0,10.49,10.64,0,0.645,6,9,94.41,56.61,104,0,train
2024-02-12,S02,SKU001,10.49,1,0.15,8.92,10.46,0,0.735,6,17,151.64,80.24,35,0,train
2024-02-13,S02,SKU001,10.49,0,0.0,10.49,11.18,0,0.66,6,10,104.9,62.9,97,0,train
2024-02-14,S02,SKU001,10.49,0,0.0,10.49,11.11,0,0.667,6,11,115.39,69.19,26,0,train
2024-02-15,S02,SKU001,10.49,0,0.0,10.49,11.71,0,0.611,6,14,146.86,88.06,97,0,train
2024-02-16,S02,SKU001,10.49,1,0.16,8.81,11.15,0,0.692,6,21,185.01,96.81,53,0,train
2024-02-17,S02,SKU001,10.49,0,0.0,10.49,10.3,0,0.771,6,7,73.43,44.03,85,0,train
2024-02-18,S02,SKU001,10.49,0,0.0,10.49,10.89,0,0.699,7,7,73.43,44.03,54,0,train
2024-02-19,S02,SKU001,10.49,0,0.0,10.49,11.08,0,0.706,7,9,94.41,56.61,86,0,train
2024-02-20,S02,SKU001,10.49,0,0.0,10.49,11.99,0,0.734,7,20,209.8,125.8,84,0,train
2024-02-21,S02,SKU001,10.49,0,0.0,10.49,11.01,0,0.73,7,5,52.45,31.45,23,0,train
2024-02-22,S02,SKU001,10.49,0,0.0,10.49,10.48,0,0.751,7,13,136.37,81.77,49,0,train
2024-02-23,S02,SKU001,10.49,0,0.0,10.49,10.78,0,0.757,7,11,115.39,69.19,104,0,train
2024-02-24,S02,SKU001,10.49,1,0.25,7.87,11.03,0,0.768,7,29,228.23,106.43,84,0,train
2024-02-25,S02,SKU001,10.49,0,0.0,10.49,10.33,0,0.689,8,14,146.86,88.06,86,0,train
2024-02-26,S02,SKU001,10.49,0,0.0,10.49,11.05,0,0.76,8,13,136.37,81.77,56,0,train
2024-02-27,S02,SKU001,10.49,0,0.0,10.49,11.53,0,0.651,8,7,73.43,44.03,26,0,train
2024-02-28,S02,SKU001,10.49,0,0.0,10.49,10.77,0,0.769,8,13,136.37,81.77,64,0,train
2024-02-29,S02,SKU001,10.49,0,0.0,10.49,10.73,0,0.682,8,11,115.39,69.19,95,0,train
2024-03-01,S02,SKU001,10.49,0,0.0,10.49,11.15,0,0.759,8,8,83.92,50.32,88,0,train
2024-03-02,S02,SKU001,10.49,0,0.0,10.49,10.46,0,0.797,8,15,157.35,94.35,46,0,train
2024-03-03,S02,SKU001,10.49,0,0.0,10.49,11.04,0,0.748,9,18,188.82,113.22,99,0,train
2024-03-04,S02,SKU001,10.49,0,0.0,10.49,10.82,0,0.784,9,11,115.39,69.19,71,0,train
2024-03-05,S02,SKU001,10.49,1,0.21,8.29,11.24,0,0.685,9,30,248.7,122.7,77,0,train
2024-03-06,S02,SKU001,10.49,0,0.0,10.49,11.7,0,0.737,9,13,136.37,81.77,104,0,train
2024-03-07,S02,SKU001,10.49,0,0.0,10.49,10.72,0,0.834,9,17,178.33,106.93,49,0,train
2024-03-08,S02,SKU001,10.49,0,0.0,10.49,10.86,0,0.728,9,12,125.88,75.48,66,0,train
2024-03-09,S02,SKU001,10.49,0,0.0,10.49,10.97,0,0.841,9,18,188.82,113.22,34,0,train
2024-03-10,S02,SKU001,10.49,0,0.0,10.49,11.04,0,0.723,10,12,125.88,75.48,54,0,train
2024-03-11,S02,SKU001,10.49,1,0.23,8.08,10.89,0,0.756,10,29,234.32,112.52,29,1,train
2024-03-12,S02,SKU001,10.49,0,0.0,10.49,11.27,0,0.749,10,15,157.35,94.35,49,0,train
2024-03-13,S02,SKU001,10.49,0,0.0,10.49,10.26,0,0.82,10,15,157.35,94.35,30,0,train
2024-03-14,S02,SKU001,10.49,0,0.0,10.49,11.75,0,0.855,10,17,178.33,106.93,84,0,train
2024-03-15,S02,SKU001,10.49,0,0.0,10.49,11.18,0,0.763,10,10,104.9,62.9,74,0,train
2024-03-16,S02,SKU001,10.49,0,0.0,10.49,11.62,0,0.82,10,22,230.78,138.38,22,1,train
2024-03-17,S02,SKU001,10.49,0,0.0,10.49,10.97,0,0.932,11,13,136.37,81.77,63,0,train
2024-03-18,S02,SKU001,10.49,0,0.0,10.49,11.65,0,0.82,11,19,199.31,119.51,60,0,train
2024-03-19,S02,SKU001,10.49,1,0.11,9.34,10.7,0,0.793,11,20,186.8,102.8,64,0,train
2024-03-20,S02,SKU001,10.49,0,0.0,10.49,10.88,0,0.869,11,12,125.88,75.48,93,0,train
2024-03-21,S02,SKU001,10.49,0,0.0,10.49,10.97,0,0.836,11,15,157.35,94.35,87,0,train
2024-03-22,S02,SKU001,10.49,0,0.0,10.49,10.47,0,0.811,11,16,167.84,100.64,83,0,train
2024-03-23,S02,SKU001,10.49,1,0.29,7.45,10.86,0,0.748,11,32,238.4,104.0,82,0,train
2024-03-24,S02,SKU001,10.49,0,0.0,10.49,11.03,0,0.908,12,18,188.82,113.22,70,0,train
2024-03-25,S02,SKU001,10.49,0,0.0,10.49,11.18,0,0.828,12,16,167.84,100.64,59,0,train
2024-03-26,S02,SKU001,10.49,0,0.0,10.49,10.96,0,0.865,12,7,73.43,44.03,68,0,train
2024-03-27,S02,SKU001,10.49,0,0.0,10.49,11.04,0,0.804,12,5,52.45,31.45,24,0,train
2024-03-28,S02,SKU001,10.49,0,0.0,10.49,10.96,0,0.948,12,12,125.88,75.48,88,0,train
2024-03-29,S02,SKU001,10.49,1,0.24,7.97,11.38,0,0.918,12,24,191.28,90.48,32,0,train
2024-03-30,S02,SKU001,10.49,1,0.1,9.44,11.08,0,0.934,12,28,264.32,146.72,75,0,train
2024-03-31,S02,SKU001,10.49,0,0.0,10.49,11.25,0,0.871,13,20,209.8,125.8,26,0,train
2024-04-01,S02,SKU001,10.49,0,0.0,10.49,10.74,0,0.908,13,19,199.31,119.51,56,0,train
2024-04-02,S02,SKU001,10.49,0,0.0,10.49,11.13,0,0.935,13,23,241.27,144.67,104,0,train
2024-04-03,S02,SKU001,10.49,0,0.0,10.49,10.96,0,0.945,13,16,167.84,100.64,24,0,train
2024-04-04,S02,SKU001,10.49,0,0.0,10.49,10.96,0,0.904,13,20,209.8,125.8,96,0,train
2024-04-05,S02,SKU001,10.49,0,0.0,10.49,11.69,0,0.884,13,13,136.37,81.77,34,0,train
2024-04-06,S02,SKU001,10.49,0,0.0,10.49,10.66,0,0.868,13,22,230.78,138.38,96,0,train
2024-04-07,S02,SKU001,10.49,0,0.0,10.49,11.56,0,0.846,14,22,230.78,138.38,22,1,train
2024-04-08,S02,SKU001,10.49,0,0.0,10.49,11.03,0,0.834,14,16,167.84,100.64,92,0,train
2024-04-09,S02,SKU001,10.49,0,0.0,10.49,11.0,0,0.915,14,14,146.86,88.06,85,0,train
2024-04-10,S02,SKU001,10.49,0,0.0,10.49,11.03,0,0.88,14,20,209.8,125.8,63,0,train
2024-04-11,S02,SKU001,10.49,1,0.11,9.34,11.21,0,0.776,14,39,364.26,200.46,70,0,train
2024-04-12,S02,SKU001,10.49,1,0.2,8.39,11.01,0,0.887,14,34,285.26,142.46,74,0,train
2024-04-13,S02,SKU001,10.49,0,0.0,10.49,11.83,0,0.961,14,14,146.86,88.06,66,0,train
2024-04-14,S02,SKU001,10.49,0,0.0,10.49,11.31,0,0.882,15,17,178.33,106.93,92,0,train
2024-04-15,S02,SKU001,10.49,0,0.0,10.49,11.05,0,0.788,15,18,188.82,113.22,76,0,train
2024-04-16,S02,SKU001,10.49,0,0.0,10.49,11.62,0,0.892,15,15,157.35,94.35,99,0,train
2024-04-17,S02,SKU001,10.49,0,0.0,10.49,11.5,0,0.947,15,17,178.33,106.93,76,0,train
2024-04-18,S02,SKU001,10.49,1,0.07,9.76,11.37,0,0.912,15,25,244.0,139.0,43,0,train
