ai-ml-challenge-main/retail_pricing_demand_2024.csv
date,store_id,sku_id,base_price,promo_flag,promo_depth,final_price,competitor_price,holiday_flag,weather_index,week_of_year,units_sold,revenue,margin,stock_cap,stockout_flag,set
2024-04-19,S02,SKU001,10.49,0,0.0,10.49,10.33,0,0.874,15,16,167.84,100.64,88,0,train
2024-04-20,S02,SKU001,10.49,0,0.0,10.49,10.72,0,1.0,15,14,146.86,88.06,70,0,train
2024-04-21,S02,SKU001,10.49,1,0.17,8.71,11.36,0,1.0,16,40,348.4,180.4,50,0,train
2024-04-22,S02,SKU001,10.49,0,0.0,10.49,11.62,0,0.894,16,19,199.31,119.51,103,0,train
2024-04-23,S02,SKU001,10.49,0,0.0,10.49,10.81,0,0.948,16,17,178.33,106.93,46,0,train
2024-04-24,S02,SKU001,10.49,0,0.0,10.49,10.19,0,0.922,16,12,125.88,75.48,79,0,train
2024-04-25,S02,SKU001,10.49,0,0.0,10.49,11.63,0,0.945,16,18,188.82,113.22,38,0,train
2024-04-26,S02,SKU001,10.49,0,0.0,10.49,10.93,0,0.985,16,23,241.27,144.67,30,0,train
2024-04-27,S02,SKU001,10.49,0,0.0,10.49,10.67,0,0.946,16,20,209.8,125.8,59,0,train
2024-04-28,S02,SKU001,10.49,0,0.0,10.49,10.46,0,0.901,17,15,157.35,94.35,103,0,train
2024-04-29,S02,SKU001,10.49,1,0.19,8.5,11.14,0,0.856,17,34,289.0,146.2,76,0,train
2024-04-30,S02,SKU001,10.49,0,0.0,10.49,10.74,1,0.845,17,29,304.21,182.41,46,0,train
2024-05-01,S02,SKU001,10.49,0,0.0,10.49,11.37,1,0.891,17,25,262.25,157.25,86,0,train
2024-05-02,S02,SKU001,10.49,0,0.0,10.49,11.08,0,0.96,17,20,209.8,125.8,84,0,train
2024-05-03,S02,SKU001,10.49,1,0.12,9.23,11.53,0,0.907,17,36,332.28,181.08,36,1,train
2024-05-04,S02,SKU001,10.49,0,0.0,10.49,11.12,0,0.891,17,24,251.76,150.96,29,0,train
2024-05-05,S02,SKU001,10.49,0,0.0,10.49,11.13,0,0.901,18,27,283.23,169.83,61,0,train
2024-05-06,S02,SKU001,10.49,0,0.0,10.49,10.82,0,0.886,18,27,283.23,169.83,32,0,train
2024-05-07,S02,SKU001,10.49,0,0.0,10.49,10.33,0,0.915,18,14,146.86,88.06,42,0,train
2024-05-08,S02,SKU001,10.49,0,0.0,10.49,10.98,0,0.813,18,20,209.8,125.8,64,0,train
2024-05-09,S02,SKU001,10.49,1,0.25,7.87,9.87,0,0.759,18,24,188.88,88.08,24,1,train
2024-05-10,S02,SKU001,10.49,1,0.2,8.39,11.21,0,0.85,18,35,293.65,146.65,41,0,train
2024-05-11,S02,SKU001,10.49,0,0.0,10.49,10.96,0,0.804,18,27,283.23,169.83,93,0,train
2024-05-12,S02,SKU001,10.49,0,0.0,10.49,11.9,0,0.968,19,27,283.23,169.83,38,0,train
2024-05-13,S02,SKU001,10.49,0,0.0,10.49,11.03,0,0.858,19,31,325.19,194.99,104,0,train
2024-05-14,S02,SKU001,10.49,0,0.0,10.49,10.87,0,0.85,19,19,199.31,119.51,95,0,train
2024-05-15,S02,SKU001,10.49,1,0.14,9.02,11.32,0,0.77,19,31,279.62,149.42,71,0,train
2024-05-16,S02,SKU001,10.49,0,0.0,10.49,11.49,0,0.876,19,28,293.72,176.12,59,0,train
2024-05-17,S02,SKU001,10.49,0,0.0,10.49,11.25,0,0.819,19,25,262.25,157.25,92,0,train
2024-05-18,S02,SKU001,10.49,0,0.0,10.49,10.73,0,0.92,19,24,251.76,150.96,93,0,train
2024-05-19,S02,SKU001,10.49,0,0.0,10.49,10.85,0,0.9,20,23,241.27,144.67,23,1,train
2024-05-20,S02,SKU001,10.49,0,0.0,10.49,10.54,0,0.8,20,16,167.84,100.64,46,0,train
2024-05-21,S02,SKU001,10.49,0,0.0,10.49,11.24,0,0.868,20,23,241.27,144.67,23,1,train
2024-05-22,S02,SKU001,10.49,0,0.0,10.49,10.97,0,0.676,20,24,251.76,150.96,89,0,train
2024-05-23,S02,SKU001,10.49,0,0.0,10.49,10.43,0,0.795,20,21,220.29,132.09,38,0,train
2024-05-24,S02,SKU001,10.49,0,0.0,10.49,10.28,0,0.907,20,16,167.84,100.64,49,0,train
2024-05-25,S02,SKU001,10.49,0,0.0,10.49,10.05,0,0.875,20,24,251.76,150.96,98,0,train
2024-05-26,S02,SKU001,10.49,1,0.27,7.66,11.09,0,0.835,21,55,421.3,190.3,91,0,train
2024-05-27,S02,SKU001,10.49,0,0.0,10.49,11.01,0,0.818,21,24,251.76,150.96,82,0,train
2024-05-28,S02,SKU001,10.49,0,0.0,10.49,10.28,0,0.731,21,24,251.76,150.96,88,0,train
2024-05-29,S02,SKU001,10.49,0,0.0,10.49,10.2,0,0.73,21,24,251.76,150.96,69,0,train
2024-05-30,S02,SKU001,10.49,0,0.0,10.49,10.25,0,0.821,21,16,167.84,100.64,54,0,train
2024-05-31,S02,SKU001,10.49,0,0.0,10.49,11.03,0,0.908,21,24,251.76,150.96,53,0,train
2024-06-01,S02,SKU001,10.49,0,0.0,10.49,10.79,0,0.668,21,35,367.15,220.15,43,0,train
2024-06-02,S02,SKU001,10.49,0,0.0,10.49,10.97,0,0.831,22,26,272.74,163.54,90,0,train
2024-06-03,S02,SKU001,10.49,0,0.0,10.49,10.07,0,0.825,22,27,283.23,169.83,27,1,train
2024-06-04,S02,SKU001,10.49,0,0.0,10.49,10.56,0,0.841,22,26,272.74,163.54,101,0,train
2024-06-05,S02,SKU001,10.49,0,0.0,10.49,11.05,0,0.727,22,25,262.25,157.25,62,0,train
2024-06-06,S02,SKU001,10.49,1,0.11,9.34,11.23,0,0.742,22,40,373.6,205.6,40,1,train
2024-06-07,S02,SKU001,10.49,0,0.0,10.49,11.23,0,0.772,22,18,188.82,113.22,32,0,train
2024-06-08,S02,SKU001,10.49,0,0.0,10.49,9.86,0,0.702,22,33,346.17,207.57,56,0,train
2024-06-09,S02,SKU001,10.49,0,0.0,10.49,10.54,0,0.685,23,29,304.21,182.41,33,0,train
2024-06-10,S02,SKU001,10.49,0,0.0,10.49,10.73,0,0.7,23,31,325.19,194.99,45,0,train
2024-06-11,S02,SKU001,10.49,1,0.26,7.76,10.82,0,0.744,23,42,325.92,149.52,42,1,train
2024-06-12,S02,SKU001,10.49,0,0.0,10.49,9.46,0,0.765,23,26,272.74,163.54,78,0,train
2024-06-13,S02,SKU001,10.49,0,0.0,10.49,10.3,0,0.736,23,26,272.74,163.54,37,0,train
2024-06-14,S02,SKU001,10.49,1,0.1,9.44,10.82,0,0.736,23,35,330.4,183.4,83,0,train
2024-06-15,S02,SKU001,10.49,0,0.0,10.49,10.72,0,0.685,23,24,251.76,150.96,24,1,train
2024-06-16,S02,SKU001,10.49,0,0.0,10.49,10.67,0,0.677,24,32,335.68,201.28,47,0,train
2024-06-17,S02,SKU001,10.49,0,0.0,10.49,10.72,0,0.782,24,23,241.27,144.67,83,0,train
2024-06-18,S02,SKU001,10.49,1,0.3,7.34,10.51,0,0.705,24,58,425.72,182.12,70,0,train
2024-06-19,S02,SKU001,10.49,0,0.0,10.49,11.03,0,0.698,24,29,304.21,182.41,93,0,train
2024-06-20,S02,SKU001,10.49,0,0.0,10.49,10.42,0,0.753,24,27,283.23,169.83,44,0,train
2024-06-21,S02,SKU001,10.49,0,0.0,10.49,10.11,0,0.765,24,22,230.78,138.38,101,0,train
2024-06-22,S02,SKU001,10.49,1,0.24,7.97,11.71,0,0.761,24,67,533.99,252.59,88,0,train
2024-06-23,S02,SKU001,10.49,0,0.0,10.49,10.13,0,0.703,25,27,283.23,169.83,27,1,train
2024-06-24,S02,SKU001,10.49,0,0.0,10.49,10.49,0,0.669,25,41,430.09,257.89,101,0,train
2024-06-25,S02,SKU001,10.49,0,0.0,10.49,10.93,0,0.683,25,26,272.74,163.54,99,0,train
2024-06-26,S02,SKU001,10.49,0,0.0,10.49,10.4,0,0.671,25,24,251.76,150.96,46,0,train
2024-06-27,S02,SKU001,10.49,1,0.14,9.02,10.1,0,0.737,25,31,279.62,149.42,38,0,train
2024-06-28,S02,SKU001,10.49,0,0.0,10.49,10.78,0,0.665,25,29,304.21,182.41,29,1,train
2024-06-29,S02,SKU001,10.49,0,0.0,10.49,10.3,0,0.679,25,32,335.68,201.28,39,0,train
2024-06-30,S02,SKU001,10.49,1,0.11,9.34,10.71,0,0.633,26,41,382.94,210.74,81,0,train
2024-07-01,S02,SKU001,10.49,0,0.0,10.49,10.65,0,0.71,26,35,367.15,220.15,88,0,train
2024-07-02,S02,SKU001,10.49,0,0.0,10.49,9.8,0,0.498,26,18,188.82,113.22,29,0,train
2024-07-03,S02,SKU001,10.49,0,0.0,10.49,10.01,0,0.637,26,32,335.68,201.28,61,0,train
2024-07-04,S02,SKU001,10.49,0,0.0,10.49,10.8,0,0.653,26,24,251.76,150.96,46,0,train
2024-07-05,S02,SKU001,10.49,0,0.0,10.49,10.83,0,0.532,26,26,272.74,163.54,66,0,train
2024-07-06,S02,SKU001,10.49,0,0.0,10.49,10.56,0,0.724,26,23,241.27,144.67,40,0,train
2024-07-07,S02,SKU001,10.49,0,0.0,10.49,10.82,0,0.579,27,37,388.13,232.73,37,0,train
2024-07-08,S02,SKU001,10.49,0,0.0,10.49,10.2,0,0.572,27,36,377.64,226.44,46,0,train
2024-07-09,S02,SKU001,10.49,1,0.18,8.6,10.66,0,0.51,27,40,344.0,176.0,65,0,train
2024-07-10,S02,SKU001,10.49,1,0.2,8.39,10.12,0,0.62,27,49,411.11,205.31,64,0,train
2024-07-11,S02,SKU001,10.49,0,0.0,10.49,10.68,0,0.574,27,31,325.19,194.99,61,0,train
2024-07-12,S02,SKU001,10.49,0,0.0,10.49,10.76,0,0.519,27,34,356.66,213.86,81,0,train
2024-07-13,S02,SKU001,10.49,0,0.0,10.49,10.41,0,0.561,27,36,377.64,226.44,80,0,train
2024-07-14,S02,SKU001,10.49,0,0.0,10.49,10.89,0,0.582,28,31,325.19,194.99,91,0,train
2024-07-15,S02,SKU001,10.49,0,0.0,10.49,10.69,0,0.606,28,25,262.25,157.25,78,0,train
2024-07-16,S02,SKU001,10.49,0,0.0,10.49,10.05,0,0.54,28,29,304.21,182.41,60,0,train
2024-07-17,S02,SKU001,10.49,1,0.29,7.45,9.41,0,0.462,28,42,312.9,136.5,42,1,train
2024-07-18,S02,SKU001,10.49,1,0.18,8.6,10.19,0,0.48,28,40,344.0,176.0,81,0,train
2024-07-19,S02,SKU001,10.49,0,0.0,10.49,10.49,0,0.368,28,25,262.25,157.25,52,0,train
2024-07-20,S02,SKU001,10.49,0,0.0,10.49,9.6,0,0.455,28,20,209.8,125.8,62,0,train
2024-07-21,S02,SKU001,10.49,0,0.0,10.49,10.06,0,0.537,29,39,409.11,245.31,66,0,train
2024-07-22,S02,SKU001,10.49,0,0.0,10.49,10.1,0,0.513,29,38,398.62,239.02,66,0,train
2024-07-23,S02,SKU001,10.49,0,0.0,10.49,10.24,0,0.472,29,30,314.7,188.7,103,0,train
2024-07-24,S02,SKU001,10.49,0,0.0,10.49,9.46,0,0.451,29,24,251.76,150.96,24,1,train
2024-07-25,S02,SKU001,10.49,0,0.0,10.49,10.39,0,0.56,29,38,398.62,239.02,53,0,train
2024-07-26,S02,SKU001,10.49,0,0.0,10.49,10.05,0,0.475,29,37,388.13,232.73,61,0,train
2024-07-27,S02,SKU001,10.49,0,0.0,10.49,10.03,0,0.506,29,30,314.7,188.7,30,1,train
2024-07-28,S02,SKU001,10.49,0,0.0,10.49,10.37,0,0.468,30,29,304.21,182.41,104,0,train
2024-07-29,S02,SKU001,10.49,1,0.23,8.08,10.22,0,0.397,30,25,202.0,97.0,25,1,train
2024-07-30,S02,SKU001,10.49,0,0.0,10.49,9.5,0,0.524,30,28,293.72,176.12,57,0,train
2024-07-31,S02,SKU001,10.49,0,0.0,10.49,9.94,0,0.35,30,22,230.78,138.38,22,1,train
2024-08-01,S02,SKU001,10.49,0,0.0,10.49,9.94,0,0.345,30,32,335.68,201.28,80,0,train
2024-08-02,S02,SKU001,10.49,0,0.0,10.49,9.96,0,0.385,30,24,251.76,150.96,24,1,train
2024-08-03,S02,SKU001,10.49,0,0.0,10.49,10.01,0,0.36,30,30,314.7,188.7,30,1,train
2024-08-04,S02,SKU001,10.49,1,0.3,7.34,10.31,0,0.364,31,66,484.44,207.24,76,0,train
2024-08-05,S02,SKU001,10.49,0,0.0,10.49,10.21,0,0.355,31,27,283.23,169.83,78,0,train
2024-08-06,S02,SKU001,10.49,0,0.0,10.49,10.25,0,0.443,31,20,209.8,125.8,32,0,train
2024-08-07,S02,SKU001,10.49,0,0.0,10.49,9.75,0,0.381,31,19,199.31,119.51,23,0,train
2024-08-08,S02,SKU001,10.49,0,0.0,10.49,9.75,0,0.392,31,17,178.33,106.93,56,0,train
2024-08-09,S02,SKU001,10.49,1,0.23,8.08,9.86,0,0.269,31,36,290.88,139.68,87,0,train
2024-08-10,S02,SKU001,10.49,1,0.1,9.44,9.9,0,0.307,31,50,472.0,262.0,99,0,train
2024-08-11,S02,SKU001,10.49,0,0.0,10.49,10.27,0,0.417,32,26,272.74,163.54,69,0,train
2024-08-12,S02,SKU001,10.49,1,0.16,8.81,10.63,0,0.273,32,45,396.45,207.45,70,0,train
2024-08-13,S02,SKU001,10.49,0,0.0,10.49,10.41,0,0.41,32,22,230.78,138.38,77,0,train
2024-08-14,S02,SKU001,10.49,0,0.0,10.49,9.76,0,0.271,32,36,377.64,226.44,100,0,train
2024-08-15,S02,SKU001,10.49,0,0.0,10.49,10.19,0,0.344,32,22,230.78,138.38,22,1,train
2024-08-16,S02,SKU001,10.49,0,0.0,10.49,9.06,0,0.269,32,30,314.7,188.7,63,0,train
2024-08-17,S02,SKU001,10.49,0,0.0,10.49,10.01,0,0.326,32,33,346.17,207.57,66,0,train
2024-08-18,S02,SKU001,10.49,0,0.0,10.49,9.52,0,0.254,33,29,304.21,182.41,46,0,train
2024-08-19,S02,SKU001,10.49,0,0.0,10.49,10.83,0,0.287,33,25,262.25,157.25,54,0,train
2024-08-20,S02,SKU001,10.49,0,0.0,10.49,10.02,0,0.396,33,19,199.31,119.51,31,0,train
2024-08-21,S02,SKU001,10.49,0,0.0,10.49,10.31,0,0.268,33,20,209.8,125.8,102,0,train
2024-08-22,S02,SKU001,10.49,1,0.08,9.65,9.64,0,0.406,33,34,328.1,185.3,51,0,train
2024-08-23,S02,SKU001,10.49,0,0.0,10.49,9.56,0,0.251,33,15,157.35,94.35,40,0,train
2024-08-24,S02,SKU001,10.49,0,0.0,10.49,10.78,0,0.202,33,28,293.72,176.12,29,0,train
2024-08-25,S02,SKU001,10.49,1,0.11,9.34,10.14,0,0.272,34,50,467.0,257.0,80,0,train
2024-08-26,S02,SKU001,10.49,1,0.21,8.29,9.95,0,0.237,34,38,315.02,155.42,38,1,train
2024-08-27,S02,SKU001,10.49,0,0.0,10.49,10.05,0,0.362,34,22,230.78,138.38,24,0,train
2024-08-28,S02,SKU001,10.49,0,0.0,10.49,10.23,0,0.302,34,24,251.76,150.96,40,0,train
2024-08-29,S02,SKU001,10.49,0,0.0,10.49,9.89,0,0.316,34,26,272.74,163.54,47,0,train
2024-08-30,S02,SKU001,10.49,0,0.0,10.49,10.16,0,0.278,34,21,220.29,132.09,26,0,train
2024-08-31,S02,SKU001,10.49,0,0.0,10.49,10.34,0,0.383,34,27,283.23,169.83,74,0,train
2024-09-01,S02,SKU001,10.49,0,0.0,10.49,9.85,0,0.277,35,24,251.76,150.96,80,0,train
2024-09-02,S02,SKU001,10.49,0,0.0,10.49,9.8,1,0.257,35,22,230.78,138.38,81,0,train
2024-09-03,S02,SKU001,10.49,0,0.0,10.49,9.89,0,0.17,35,21,220.29,132.09,83,0,train
2024-09-04,S02,SKU001,10.49,0,0.0,10.49,9.89,0,0.16,35,15,157.35,94.35,101,0,train
2024-09-05,S02,SKU001,10.49,0,0.0,10.49,10.33,0,0.221,35,22,230.78,138.38,27,0,train
2024-09-06,S02,SKU001,10.49,0,0.0,10.49,10.14,0,0.265,35,17,178.33,106.93,22,0,train
2024-09-07,S02,SKU001,10.49,0,0.0,10.49,9.88,0,0.268,35,23,241.27,144.67,78,0,train
2024-09-08,S02,SKU001,10.49,0,0.0,10.49,9.68,0,0.14,36,30,314.7,188.7,75,0,train
2024-09-09,S02,SKU001,10.49,0,0.0,10.49,9.36,0,0.224,36,13,136.37,81.77,83,0,train
2024-09-10,S02,SKU001,10.49,0,0.0,10.49,9.94,0,0.199,36,23,241.27,144.67,89,0,train
2024-09-11,S02,SKU001,10.49,0,0.0,10.49,10.33,0,0.116,36,19,199.31,119.51,42,0,train
2024-09-12,S02,SKU001,10.49,0,0.0,10.49,10.51,0,0.21,36,22,230.78,138.38,30,0,train
2024-09-13,S02,SKU001,10.49,0,0.0,10.49,10.5,0,0.039,36,19,199.31,119.51,45,0,train
2024-09-14,S02,SKU001,10.49,0,0.0,10.49,8.9,0,0.187,36,26,272.74,163.54,33,0,train
2024-09-15,S02,SKU001,10.49,1,0.28,7.55,10.09,0,0.316,37,30,226.5,100.5,30,1,train
2024-09-16,S02,SKU001,10.49,0,0.0,10.49,9.7,0,0.102,37,28,293.72,176.12,72,0,train
2024-09-17,S02,SKU001,10.49,0,0.0,10.49,9.03,0,0.161,37,27,283.23,169.83,101,0,train
2024-09-18,S02,SKU001,10.49,1,0.29,7.45,9.86,0,0.043,37,36,268.2,117.0,55,0,train
2024-09-19,S02,SKU001,10.49,0,0.0,10.49,10.22,0,0.107,37,21,220.29,132.09,89,0,train
2024-09-20,S02,SKU001,10.49,0,0.0,10.49,9.88,0,0.195,37,27,283.23,169.83,67,0,train
2024-09-21,S02,SKU001,10.49,0,0.0,10.49,9.79,0,0.084,37,28,293.72,176.12,71,0,train
2024-09-22,S02,SKU001,10.49,0,0.0,10.49,9.9,0,0.141,38,27,283.23,169.83,62,0,train
2024-09-23,S02,SKU001,10.49,0,0.0,10.49,10.0,0,0.119,38,18,188.82,113.22,86,0,train
2024-09-24,S02,SKU001,10.49,0,0.0,10.49,10.02,0,0.114,38,23,241.27,144.67,85,0,train
2024-09-25,S02,SKU001,10.49,0,0.0,10.49,9.83,0,0.146,38,22,230.78,138.38,100,0,train
2024-09-26,S02,SKU001,10.49,0,0.0,10.49,10.66,0,0.16,38,17,178.33,106.93,72,0,train
2024-09-27,S02,SKU001,10.49,0,0.0,10.49,9.9,0,0.203,38,27,283.23,169.83,103,0,train
2024-09-28,S02,SKU001,10.49,0,0.0,10.49,9.78,0,0.176,38,30,314.7,188.7,71,0,train
2024-09-29,S02,SKU001,10.49,0,0.0,10.49,9.54,0,0.09,39,20,209.8,125.8,70,0,train
2024-09-30,S02,SKU001,10.49,1,0.19,8.5,10.2,0,0.207,39,25,212.5,107.5,29,0,train
2024-10-01,S02,SKU001,10.49,0,0.0,10.49,9.81,0,0.194,39,20,209.8,125.8,53,0,test
2024-10-02,S02,SKU001,10.49,0,0.0,10.49,9.81,0,0.024,39,16,167.84,100.64,62,0,test
2024-10-03,S02,SKU001,10.49,0,0.0,10.49,9.9,0,0.155,39,19,199.31,119.51,63,0,test
2024-10-04,S02,SKU001,10.49,1,0.21,8.29,10.15,0,0.163,39,38,315.02,155.42,60,0,test
2024-10-05,S02,SKU001,10.49,0,0.0,10.49,9.88,0,0.17,39,17,178.33,106.93,81,0,test
2024-10-06,S02,SKU001,10.49,0,0.0,10.49,9.75,0,0.143,40,17,178.33,106.93,53,0,test
2024-10-07,S02,SKU001,10.49,0,0.0,10.49,9.21,0,0.031,40,15,157.35,94.35,45,0,test
2024-10-08,S02,SKU001,10.49,1,0.31,7.24,10.18,0,0.091,40,28,202.72,85.12,28,1,test
2024-10-09,S02,SKU001,10.49,1,0.28,7.55,9.71,0,0.0,40,22,166.1,73.7,22,1,test
2024-10-10,S02,SKU001,10.49,0,0.0,10.49,9.76,0,0.096,40,18,188.82,113.22,91,0,test
2024-10-11,S02,SKU001,10.49,0,0.0,10.49,9.8,0,0.226,40,21,220.29,132.09,64,0,test
2024-10-12,S02,SKU001,10.49,0,0.0,10.49,9.8,0,0.144,40,22,230.78,138.38,71,0,test
2024-10-13,S02,SKU001,10.49,0,0.0,10.49,9.04,0,0.152,41,20,209.8,125.8,87,0,test
2024-10-14,S02,SKU001,10.49,0,0.0,10.49,10.12,0,0.071,41,18,188.82,113.22,78,0,test
2024-10-15,S02,SKU001,10.49,0,0.0,10.49,9.42,0,0.04,41,22,230.78,138.38,33,0,test
2024-10-16,S02,SKU001,10.49,0,0.0,10.49,9.81,0,0.036,41,15,157.35,94.35,93,0,test
2024-10-17,S02,SKU001,10.49,0,0.0,10.49,10.15,0,0.108,41,23,241.27,144.67,74,0,test
2024-10-18,S02,SKU001,10.49,0,0.0,10.49,9.78,0,0.052,41,15,157.35,94.35,44,0,test
2024-10-19,S02,SKU001,10.49,0,0.0,10.49,9.97,0,0.062,41,21,220.29,132.09,66,0,test
2024-10-20,S02,SKU001,10.49,0,0.0,10.49,9.52,0,0.169,42,15,157.35,94.35,30,0,test
2024-10-21,S02,SKU001,10.49,1,0.19,8.5,9.8,0,0.002,42,26,221.0,111.8,70,0,test
2024-10-22,S02,SKU001,10.49,0,0.0,10.49,9.83,0,0.022,42,13,136.37,81.77,56,0,test
2024-10-23,S02,SKU001,10.49,1,0.33,7.03,10.12,0,0.07,42,45,316.35,127.35,70,0,test
2024-10-24,S02,SKU001,10.49,0,0.0,10.49,10.65,0,0.095,42,17,178.33,106.93,26,0,test
2024-10-25,S02,SKU001,10.49,0,0.0,10.49,9.23,0,0.094,42,14,146.86,88.06,93,0,test
2024-10-26,S02,SKU001,10.49,0,0.0,10.49,9.56,0,0.019,42,19,199.31,119.51,67,0,test
2024-10-27,S02,SKU001,10.49,0,0.0,10.49,8.87,0,0.115,43,18,188.82,113.22,74,0,test
2024-10-28,S02,SKU001,10.49,1,0.12,9.23,9.79,0,0.097,43,39,359.97,196.17,64,0,test
2024-10-29,S02,SKU001,10.49,0,0.0,10.49,9.64,0,0.127,43,22,230.78,138.38,47,0,test
2024-10-30,S02,SKU001,10.49,0,0.0,10.49,9.51,0,0.042,43,17,178.33,106.93,90,0,test
2024-10-31,S02,SKU001,10.49,0,0.0,10.49,10.62,0,0.123,43,20,209.8,125.8,60,0,test
2024-11-01,S02,SKU001,10.49,0,0.0,10.49,10.71,0,0.123,43,8,83.92,50.32,95,0,test
2024-11-02,S02,SKU001,10.49,0,0.0,10.49,9.57,0,0.072,43,24,251.76,150.96,104,0,test
2024-11-03,S02,SKU001,10.49,0,0.0,10.49,10.0,0,0.1,44,15,157.35,94.35,29,0,test
2024-11-04,S02,SKU001,10.49,0,0.0,10.49,9.78,0,0.081,44,11,115.39,69.19,99,0,test
2024-11-05,S02,SKU001,10.49,1,0.24,7.97,9.9,0,0.198,44,28,223.16,105.56,81,0,test
2024-11-06,S02,SKU001,10.49,0,0.0,10.49,9.97,0,0.0,44,11,115.39,69.19,104,0,test
2024-11-07,S02,SKU001,10.49,1,0.29,7.45,9.82,0,0.034,44,33,245.85,107.25,59,0,test
2024-11-08,S02,SKU001,10.49,1,0.35,6.82,10.44,0,0.021,44,36,245.52,94.32,96,0,test
2024-11-09,S02,SKU001,10.49,0,0.0,10.49,10.17,0,0.103,44,13,136.37,81.77,62,0,test
2024-11-10,S02,SKU001,10.49,0,0.0,10.49,9.16,0,0.087,45,20,209.8,125.8,54,0,test
2024-11-11,S02,SKU001,10.49,0,0.0,10.49,10.29,0,0.106,45,15,157.35,94.35,22,0,test
2024-11-12,S02,SKU001,10.49,1,0.18,8.6,9.67,0,0.176,45,30,258.0,132.0,61,0,test
2024-01-01,S02,SKU002,15.49,0,0.0,15.49,16.45,1,0.291,0,22,340.78,193.38,68,0,train
2024-01-02,S02,SKU002,15.49,0,0.0,15.49,14.71,0,0.459,0,17,263.33,149.43,70,0,train
2024-01-03,S02,SKU002,15.49,0,0.0,15.49,15.09,0,0.337,0,13,201.37,114.27,37,0,train
2024-01-04,S02,SKU002,15.49,0,0.0,15.49,15.87,0,0.381,0,20,309.8,175.8,71,0,train
