ai-ml-challenge-main/retail_pricing_demand_2024.csv
date,store_id,sku_id,base_price,promo_flag,promo_depth,final_price,competitor_price,holiday_flag,weather_index,week_of_year,units_sold,revenue,margin,stock_cap,stockout_flag,set
2024-01-05,S02,SKU002,15.49,0,0.0,15.49,14.69,0,0.398,0,18,278.82,158.22,66,0,train
2024-01-06,S02,SKU002,15.49,0,0.0,15.49,14.96,0,0.365,0,23,356.27,202.17,79,0,train
2024-01-07,S02,SKU002,15.49,1,0.24,11.77,15.78,0,0.334,1,34,400.18,172.38,34,1,train
2024-01-08,S02,SKU002,15.49,1,0.19,12.55,16.06,0,0.462,1,35,439.25,204.75,36,0,train
2024-01-09,S02,SKU002,15.49,1,0.12,13.63,16.33,0,0.451,1,31,422.53,214.83,32,0,train
2024-01-10,S02,SKU002,15.49,0,0.0,15.49,16.65,0,0.319,1,22,340.78,193.38,63,0,train
2024-01-11,S02,SKU002,15.49,0,0.0,15.49,16.13,0,0.584,1,22,340.78,193.38,22,0,train
2024-01-12,S02,SKU002,15.49,0,0.0,15.49,15.27,0,0.508,1,20,309.8,175.8,93,0,train
2024-01-13,S02,SKU002,15.49,1,0.13,13.48,15.58,0,0.411,1,48,647.04,325.44,89,0,train
2024-01-14,S02,SKU002,15.49,0,0.0,15.49,15.76,0,0.518,2,31,480.19,272.49,98,0,train
2024-01-15,S02,SKU002,15.49,0,0.0,15.49,15.36,0,0.443,2,18,278.82,158.22,43,0,train
2024-01-16,S02,SKU002,15.49,0,0.0,15.49,15.54,0,0.474,2,28,433.72,246.12,28,0,train
2024-01-17,S02,SKU002,15.49,0,0.0,15.49,16.16,0,0.532,2,19,294.31,167.01,39,0,train
2024-01-18,S02,SKU002,15.49,0,0.0,15.49,15.6,0,0.416,2,18,278.82,158.22,44,0,train
2024-01-19,S02,SKU002,15.49,0,0.0,15.49,16.27,0,0.533,2,27,418.23,237.33,69,0,train
2024-01-20,S02,SKU002,15.49,0,0.0,15.49,16.2,0,0.589,2,20,309.8,175.8,73,0,train
2024-01-21,S02,SKU002,15.49,1,0.15,13.17,16.6,0,0.591,3,44,579.48,284.68,94,0,train
2024-01-22,S02,SKU002,15.49,0,0.0,15.49,16.21,0,0.501,3,18,278.82,158.22,89,0,train
2024-01-23,S02,SKU002,15.49,0,0.0,15.49,15.8,0,0.58,3,14,216.86,123.06,95,0,train
2024-01-24,S02,SKU002,15.49,0,0.0,15.49,15.87,0,0.435,3,18,278.82,158.22,22,0,train
2024-01-25,S02,SKU002,15.49,0,0.0,15.49,15.75,0,0.53,3,19,294.31,167.01,58,0,train
2024-01-26,S02,SKU002,15.49,0,0.0,15.49,15.31,0,0.573,3,18,278.82,158.22,95,0,train
2024-01-27,S02,SKU002,15.49,0,0.0,15.49,15.46,0,0.472,3,15,232.35,131.85,93,0,train
2024-01-28,S02,SKU002,15.49,0,0.0,15.49,16.0,0,0.555,4,31,480.19,272.49,56,0,train
2024-01-29,S02,SKU002,15.49,1,0.09,14.1,16.16,0,0.67,4,39,549.9,288.6,77,0,train
2024-01-30,S02,SKU002,15.49,0,0.0,15.49,16.68,0,0.731,4,16,247.84,140.64,58,0,train
2024-01-31,S02,SKU002,15.49,1,0.29,11.0,17.14,0,0.627,4,50,550.0,215.0,88,0,train
2024-02-01,S02,SKU002,15.49,0,0.0,15.49,15.58,0,0.637,4,14,216.86,123.06,97,0,train
2024-02-02,S02,SKU002,15.49,1,0.15,13.17,15.83,0,0.536,4,30,395.1,194.1,70,0,train
2024-02-03,S02,SKU002,15.49,0,0.0,15.49,15.27,0,0.528,4,19,294.31,167.01,97,0,train
2024-02-04,S02,SKU002,15.49,1,0.15,13.17,15.63,0,0.522,5,39,513.63,252.33,75,0,train
2024-02-05,S02,SKU002,15.49,0,0.0,15.49,15.25,0,0.646,5,14,216.86,123.06,98,0,train
2024-02-06,S02,SKU002,15.49,0,0.0,15.49,16.25,0,0.665,5,18,278.82,158.22,53,0,train
2024-02-07,S02,SKU002,15.49,0,0.0,15.49,16.69,0,0.587,5,9,139.41,79.11,47,0,train
2024-02-08,S02,SKU002,15.49,0,0.0,15.49,16.02,0,0.559,5,19,294.31,167.01,66,0,train
2024-02-09,S02,SKU002,15.49,0,0.0,15.49,16.07,1,0.655,5,19,294.31,167.01,79,0,train
2024-02-10,S02,SKU002,15.49,0,0.0,15.49,15.39,0,0.665,5,21,325.29,184.59,25,0,train
2024-02-11,S02,SKU002,15.49,1,0.13,13.48,16.6,0,0.645,6,36,485.28,244.08,38,0,train
2024-02-12,S02,SKU002,15.49,0,0.0,15.49,15.86,0,0.735,6,22,340.78,193.38,39,0,train
2024-02-13,S02,SKU002,15.49,0,0.0,15.49,15.98,0,0.66,6,21,325.29,184.59,25,0,train
2024-02-14,S02,SKU002,15.49,0,0.0,15.49,16.2,0,0.667,6,18,278.82,158.22,33,0,train
2024-02-15,S02,SKU002,15.49,0,0.0,15.49,15.14,0,0.611,6,12,185.88,105.48,79,0,train
2024-02-16,S02,SKU002,15.49,0,0.0,15.49,16.31,0,0.692,6,19,294.31,167.01,26,0,train
2024-02-17,S02,SKU002,15.49,0,0.0,15.49,16.0,0,0.771,6,27,418.23,237.33,42,0,train
2024-02-18,S02,SKU002,15.49,1,0.19,12.55,16.63,0,0.699,7,52,652.6,304.2,88,0,train
2024-02-19,S02,SKU002,15.49,0,0.0,15.49,15.9,0,0.706,7,31,480.19,272.49,70,0,train
2024-02-20,S02,SKU002,15.49,0,0.0,15.49,16.15,0,0.734,7,26,402.74,228.54,29,0,train
2024-02-21,S02,SKU002,15.49,0,0.0,15.49,16.56,0,0.73,7,18,278.82,158.22,85,0,train
2024-02-22,S02,SKU002,15.49,0,0.0,15.49,16.94,0,0.751,7,13,201.37,114.27,67,0,train
2024-02-23,S02,SKU002,15.49,1,0.21,12.24,16.38,0,0.757,7,36,440.64,199.44,81,0,train
2024-02-24,S02,SKU002,15.49,0,0.0,15.49,16.04,0,0.768,7,18,278.82,158.22,51,0,train
2024-02-25,S02,SKU002,15.49,0,0.0,15.49,16.44,0,0.689,8,13,201.37,114.27,54,0,train
2024-02-26,S02,SKU002,15.49,0,0.0,15.49,16.82,0,0.76,8,15,232.35,131.85,79,0,train
2024-02-27,S02,SKU002,15.49,0,0.0,15.49,16.35,0,0.651,8,17,263.33,149.43,85,0,train
2024-02-28,S02,SKU002,15.49,0,0.0,15.49,16.37,0,0.769,8,20,309.8,175.8,68,0,train
2024-02-29,S02,SKU002,15.49,0,0.0,15.49,16.45,0,0.682,8,25,387.25,219.75,80,0,train
2024-03-01,S02,SKU002,15.49,0,0.0,15.49,15.81,0,0.759,8,16,247.84,140.64,92,0,train
2024-03-02,S02,SKU002,15.49,0,0.0,15.49,15.34,0,0.797,8,24,371.76,210.96,44,0,train
2024-03-03,S02,SKU002,15.49,0,0.0,15.49,16.61,0,0.748,9,24,371.76,210.96,47,0,train
2024-03-04,S02,SKU002,15.49,0,0.0,15.49,16.19,0,0.784,9,13,201.37,114.27,43,0,train
2024-03-05,S02,SKU002,15.49,1,0.18,12.7,16.12,0,0.685,9,28,355.6,168.0,87,0,train
2024-03-06,S02,SKU002,15.49,0,0.0,15.49,15.76,0,0.737,9,11,170.39,96.69,90,0,train
2024-03-07,S02,SKU002,15.49,0,0.0,15.49,16.07,0,0.834,9,12,185.88,105.48,52,0,train
2024-03-08,S02,SKU002,15.49,0,0.0,15.49,16.19,0,0.728,9,14,216.86,123.06,50,0,train
2024-03-09,S02,SKU002,15.49,0,0.0,15.49,16.28,0,0.841,9,17,263.33,149.43,79,0,train
2024-03-10,S02,SKU002,15.49,0,0.0,15.49,17.05,0,0.723,10,20,309.8,175.8,39,0,train
2024-03-11,S02,SKU002,15.49,0,0.0,15.49,16.41,0,0.756,10,18,278.82,158.22,51,0,train
2024-03-12,S02,SKU002,15.49,0,0.0,15.49,16.28,0,0.749,10,16,247.84,140.64,53,0,train
2024-03-13,S02,SKU002,15.49,1,0.16,13.01,16.13,0,0.82,10,25,325.25,157.75,25,1,train
2024-03-14,S02,SKU002,15.49,0,0.0,15.49,16.2,0,0.855,10,8,123.92,70.32,60,0,train
2024-03-15,S02,SKU002,15.49,0,0.0,15.49,16.6,0,0.763,10,11,170.39,96.69,35,0,train
2024-03-16,S02,SKU002,15.49,0,0.0,15.49,16.96,0,0.82,10,18,278.82,158.22,68,0,train
2024-03-17,S02,SKU002,15.49,0,0.0,15.49,16.4,0,0.932,11,23,356.27,202.17,47,0,train
2024-03-18,S02,SKU002,15.49,0,0.0,15.49,15.8,0,0.82,11,10,154.9,87.9,46,0,train
2024-03-19,S02,SKU002,15.49,0,0.0,15.49,16.61,0,0.793,11,17,263.33,149.43,93,0,train
2024-03-20,S02,SKU002,15.49,0,0.0,15.49,15.65,0,0.869,11,15,232.35,131.85,63,0,train
2024-03-21,S02,SKU002,15.49,0,0.0,15.49,16.51,0,0.836,11,12,185.88,105.48,82,0,train
2024-03-22,S02,SKU002,15.49,0,0.0,15.49,16.21,0,0.811,11,21,325.29,184.59,49,0,train
2024-03-23,S02,SKU002,15.49,0,0.0,15.49,16.33,0,0.748,11,15,232.35,131.85,75,0,train
2024-03-24,S02,SKU002,15.49,0,0.0,15.49,15.94,0,0.908,12,21,325.29,184.59,35,0,train
2024-03-25,S02,SKU002,15.49,0,0.0,15.49,16.59,0,0.828,12,20,309.8,175.8,41,0,train
2024-03-26,S02,SKU002,15.49,0,0.0,15.49,16.51,0,0.865,12,22,340.78,193.38,22,0,train
2024-03-27,S02,SKU002,15.49,0,0.0,15.49,16.67,0,0.804,12,16,247.84,140.64,96,0,train
2024-03-28,S02,SKU002,15.49,0,0.0,15.49,15.84,0,0.948,12,19,294.31,167.01,60,0,train
2024-03-29,S02,SKU002,15.49,0,0.0,15.49,16.45,0,0.918,12,15,232.35,131.85,54,0,train
2024-03-30,S02,SKU002,15.49,0,0.0,15.49,16.16,0,0.934,12,22,340.78,193.38,56,0,train
2024-03-31,S02,SKU002,15.49,1,0.26,11.46,16.62,0,0.871,13,34,389.64,161.84,44,0,train
2024-04-01,S02,SKU002,15.49,1,0.13,13.48,15.61,0,0.908,13,24,323.52,162.72,71,0,train
2024-04-02,S02,SKU002,15.49,1,0.11,13.79,15.84,0,0.935,13,21,289.59,148.89,62,0,train
2024-04-03,S02,SKU002,15.49,0,0.0,15.49,15.86,0,0.945,13,14,216.86,123.06,28,0,train
2024-04-04,S02,SKU002,15.49,0,0.0,15.49,15.91,0,0.904,13,8,123.92,70.32,28,0,train
2024-04-05,S02,SKU002,15.49,0,0.0,15.49,16.72,0,0.884,13,22,340.78,193.38,24,0,train
2024-04-06,S02,SKU002,15.49,1,0.16,13.01,15.94,0,0.868,13,25,325.25,157.75,37,0,train
2024-04-07,S02,SKU002,15.49,0,0.0,15.49,16.83,0,0.846,14,19,294.31,167.01,85,0,train
2024-04-08,S02,SKU002,15.49,0,0.0,15.49,16.41,0,0.834,14,13,201.37,114.27,24,0,train
2024-04-09,S02,SKU002,15.49,0,0.0,15.49,16.35,0,0.915,14,11,170.39,96.69,101,0,train
2024-04-10,S02,SKU002,15.49,0,0.0,15.49,16.68,0,0.88,14,17,263.33,149.43,23,0,train
2024-04-11,S02,SKU002,15.49,0,0.0,15.49,17.23,0,0.776,14,14,216.86,123.06,30,0,train
2024-04-12,S02,SKU002,15.49,1,0.31,10.69,17.01,0,0.887,14,35,374.15,139.65,69,0,train
2024-04-13,S02,SKU002,15.49,0,0.0,15.49,15.18,0,0.961,14,22,340.78,193.38,28,0,train
2024-04-14,S02,SKU002,15.49,0,0.0,15.49,16.78,0,0.882,15,25,387.25,219.75,51,0,train
2024-04-15,S02,SKU002,15.49,0,0.0,15.49,15.22,0,0.788,15,14,216.86,123.06,62,0,train
2024-04-16,S02,SKU002,15.49,0,0.0,15.49,16.86,0,0.892,15,23,356.27,202.17,67,0,train
2024-04-17,S02,SKU002,15.49,0,0.0,15.49,16.76,0,0.947,15,10,154.9,87.9,61,0,train
2024-04-18,S02,SKU002,15.49,0,0.0,15.49,17.51,0,0.912,15,11,170.39,96.69,26,0,train
2024-04-19,S02,SKU002,15.49,0,0.0,15.49,16.37,0,0.874,15,18,278.82,158.22,92,0,train
2024-04-20,S02,SKU002,15.49,1,0.33,10.38,16.42,0,1.0,15,36,373.68,132.48,36,1,train
2024-04-21,S02,SKU002,15.49,0,0.0,15.49,16.35,0,1.0,16,19,294.31,167.01,59,0,train
2024-04-22,S02,SKU002,15.49,0,0.0,15.49,16.3,0,0.894,16,20,309.8,175.8,67,0,train
2024-04-23,S02,SKU002,15.49,0,0.0,15.49,16.38,0,0.948,16,23,356.27,202.17,91,0,train
2024-04-24,S02,SKU002,15.49,1,0.14,13.32,16.36,0,0.922,16,26,346.32,172.12,98,0,train
2024-04-25,S02,SKU002,15.49,0,0.0,15.49,16.12,0,0.945,16,16,247.84,140.64,62,0,train
2024-04-26,S02,SKU002,15.49,0,0.0,15.49,16.97,0,0.985,16,26,402.74,228.54,28,0,train
2024-04-27,S02,SKU002,15.49,0,0.0,15.49,16.3,0,0.946,16,21,325.29,184.59,71,0,train
2024-04-28,S02,SKU002,15.49,0,0.0,15.49,16.32,0,0.901,17,16,247.84,140.64,85,0,train
2024-04-29,S02,SKU002,15.49,1,0.16,13.01,16.48,0,0.856,17,26,338.26,164.06,43,0,train
2024-04-30,S02,SKU002,15.49,0,0.0,15.49,16.08,1,0.845,17,19,294.31,167.01,59,0,train
2024-05-01,S02,SKU002,15.49,0,0.0,15.49,15.14,1,0.891,17,15,232.35,131.85,85,0,train
2024-05-02,S02,SKU002,15.49,0,0.0,15.49,17.0,0,0.96,17,15,232.35,131.85,59,0,train
2024-05-03,S02,SKU002,15.49,0,0.0,15.49,16.25,0,0.907,17,11,170.39,96.69,57,0,train
2024-05-04,S02,SKU002,15.49,1,0.28,11.15,15.26,0,0.891,17,35,390.25,155.75,61,0,train
2024-05-05,S02,SKU002,15.49,0,0.0,15.49,16.07,0,0.901,18,17,263.33,149.43,99,0,train
2024-05-06,S02,SKU002,15.49,0,0.0,15.49,16.42,0,0.886,18,14,216.86,123.06,87,0,train
2024-05-07,S02,SKU002,15.49,1,0.36,9.91,16.67,0,0.915,18,33,327.03,105.93,69,0,train
2024-05-08,S02,SKU002,15.49,0,0.0,15.49,16.19,0,0.813,18,19,294.31,167.01,88,0,train
2024-05-09,S02,SKU002,15.49,1,0.18,12.7,15.24,0,0.759,18,22,279.4,132.0,81,0,train
2024-05-10,S02,SKU002,15.49,1,0.27,11.31,16.19,0,0.85,18,27,305.37,124.47,27,1,train
2024-05-11,S02,SKU002,15.49,0,0.0,15.49,15.47,0,0.804,18,18,278.82,158.22,49,0,train
2024-05-12,S02,SKU002,15.49,1,0.17,12.86,16.52,0,0.968,19,35,450.1,215.6,59,0,train
2024-05-13,S02,SKU002,15.49,0,0.0,15.49,15.71,0,0.858,19,10,154.9,87.9,102,0,train
2024-05-14,S02,SKU002,15.49,0,0.0,15.49,15.66,0,0.85,19,18,278.82,158.22,74,0,train
2024-05-15,S02,SKU002,15.49,0,0.0,15.49,16.4,0,0.77,19,12,185.88,105.48,71,0,train
2024-05-16,S02,SKU002,15.49,0,0.0,15.49,16.29,0,0.876,19,15,232.35,131.85,24,0,train
2024-05-17,S02,SKU002,15.49,0,0.0,15.49,17.25,0,0.819,19,14,216.86,123.06,44,0,train
2024-05-18,S02,SKU002,15.49,0,0.0,15.49,16.12,0,0.92,19,15,232.35,131.85,72,0,train
2024-05-19,S02,SKU002,15.49,0,0.0,15.49,16.17,0,0.9,20,11,170.39,96.69,44,0,train
2024-05-20,S02,SKU002,15.49,0,0.0,15.49,16.39,0,0.8,20,15,232.35,131.85,78,0,train
2024-05-21,S02,SKU002,15.49,0,0.0,15.49,16.96,0,0.868,20,21,325.29,184.59,82,0,train
2024-05-22,S02,SKU002,15.49,0,0.0,15.49,16.11,0,0.676,20,13,201.37,114.27,44,0,train
2024-05-23,S02,SKU002,15.49,0,0.0,15.49,16.79,0,0.795,20,12,185.88,105.48,85,0,train
2024-05-24,S02,SKU002,15.49,0,0.0,15.49,15.78,0,0.907,20,11,170.39,96.69,94,0,train
2024-05-25,S02,SKU002,15.49,0,0.0,15.49,16.39,0,0.875,20,20,309.8,175.8,45,0,train
2024-05-26,S02,SKU002,15.49,1,0.29,11.0,15.29,0,0.835,21,34,374.0,146.2,87,0,train
2024-05-27,S02,SKU002,15.49,0,0.0,15.49,15.0,0,0.818,21,14,216.86,123.06,73,0,train
2024-05-28,S02,SKU002,15.49,0,0.0,15.49,15.86,0,0.731,21,7,108.43,61.53,72,0,train
2024-05-29,S02,SKU002,15.49,0,0.0,15.49,16.14,0,0.73,21,11,170.39,96.69,101,0,train
2024-05-30,S02,SKU002,15.49,0,0.0,15.49,14.98,0,0.821,21,17,263.33,149.43,78,0,train
2024-05-31,S02,SKU002,15.49,0,0.0,15.49,16.17,0,0.908,21,21,325.29,184.59,56,0,train
2024-06-01,S02,SKU002,15.49,1,0.15,13.17,16.31,0,0.668,21,40,526.8,258.8,40,1,train
2024-06-02,S02,SKU002,15.49,1,0.13,13.48,15.22,0,0.831,22,33,444.84,223.74,33,1,train
2024-06-03,S02,SKU002,15.49,0,0.0,15.49,15.25,0,0.825,22,17,263.33,149.43,86,0,train
2024-06-04,S02,SKU002,15.49,0,0.0,15.49,15.74,0,0.841,22,15,232.35,131.85,67,0,train
2024-06-05,S02,SKU002,15.49,0,0.0,15.49,16.35,0,0.727,22,11,170.39,96.69,63,0,train
2024-06-06,S02,SKU002,15.49,1,0.25,11.62,15.54,0,0.742,22,31,360.22,152.52,47,0,train
2024-06-07,S02,SKU002,15.49,1,0.15,13.17,14.8,0,0.772,22,29,381.93,187.63,29,1,train
2024-06-08,S02,SKU002,15.49,0,0.0,15.49,16.09,0,0.702,22,19,294.31,167.01,50,0,train
2024-06-09,S02,SKU002,15.49,0,0.0,15.49,15.36,0,0.685,23,10,154.9,87.9,36,0,train
2024-06-10,S02,SKU002,15.49,0,0.0,15.49,14.62,0,0.7,23,16,247.84,140.64,77,0,train
2024-06-11,S02,SKU002,15.49,0,0.0,15.49,14.87,0,0.744,23,20,309.8,175.8,60,0,train
2024-06-12,S02,SKU002,15.49,0,0.0,15.49,15.33,0,0.765,23,13,201.37,114.27,94,0,train
2024-06-13,S02,SKU002,15.49,1,0.13,13.48,16.65,0,0.736,23,21,283.08,142.38,27,0,train
2024-06-14,S02,SKU002,15.49,1,0.11,13.79,15.72,0,0.736,23,28,386.12,198.52,48,0,train
2024-06-15,S02,SKU002,15.49,0,0.0,15.49,15.39,0,0.685,23,12,185.88,105.48,78,0,train
2024-06-16,S02,SKU002,15.49,0,0.0,15.49,15.69,0,0.677,24,17,263.33,149.43,71,0,train
2024-06-17,S02,SKU002,15.49,0,0.0,15.49,15.77,0,0.782,24,14,216.86,123.06,83,0,train
2024-06-18,S02,SKU002,15.49,0,0.0,15.49,16.3,0,0.705,24,15,232.35,131.85,87,0,train
2024-06-19,S02,SKU002,15.49,0,0.0,15.49,15.6,0,0.698,24,7,108.43,61.53,78,0,train
2024-06-20,S02,SKU002,15.49,0,0.0,15.49,15.96,0,0.753,24,16,247.84,140.64,96,0,train
2024-06-21,S02,SKU002,15.49,0,0.0,15.49,16.11,0,0.765,24,15,232.35,131.85,82,0,train
2024-06-22,S02,SKU002,15.49,0,0.0,15.49,15.22,0,0.761,24,16,247.84,140.64,87,0,train
2024-06-23,S02,SKU002,15.49,0,0.0,15.49,15.37,0,0.703,25,13,201.37,114.27,57,0,train
2024-06-24,S02,SKU002,15.49,0,0.0,15.49,15.44,0,0.669,25,9,139.41,79.11,62,0,train
2024-06-25,S02,SKU002,15.49,0,0.0,15.49,15.64,0,0.683,25,11,170.39,96.69,40,0,train
2024-06-26,S02,SKU002,15.49,0,0.0,15.49,15.24,0,0.671,25,17,263.33,149.43,55,0,train
2024-06-27,S02,SKU002,15.49,0,0.0,15.49,14.58,0,0.737,25,18,278.82,158.22,94,0,train
2024-06-28,S02,SKU002,15.49,0,0.0,15.49,15.24,0,0.665,25,15,232.35,131.85,41,0,train
2024-06-29,S02,SKU002,15.49,0,0.0,15.49,16.33,0,0.679,25,19,294.31,167.01,92,0,train
2024-06-30,S02,SKU002,15.49,0,0.0,15.49,15.3,0,0.633,26,12,185.88,105.48,60,0,train
2024-07-01,S02,SKU002,15.49,1,0.24,11.77,15.42,0,0.71,26,36,423.72,182.52,84,0,train
2024-07-02,S02,SKU002,15.49,0,0.0,15.49,15.71,0,0.498,26,18,278.82,158.22,67,0,train
2024-07-03,S02,SKU002,15.49,0,0.0,15.49,15.25,0,0.637,26,18,278.82,158.22,51,0,train
2024-07-04,S02,SKU002,15.49,0,0.0,15.49,15.71,0,0.653,26,16,247.84,140.64,55,0,train
2024-07-05,S02,SKU002,15.49,1,0.3,10.84,14.3,0,0.532,26,42,455.28,173.88,61,0,train
2024-07-06,S02,SKU002,15.49,0,0.0,15.49,14.85,0,0.724,26,12,185.88,105.48,37,0,train
2024-07-07,S02,SKU002,15.49,1,0.15,13.17,15.35,0,0.579,27,39,513.63,252.33,39,1,train
2024-07-08,S02,SKU002,15.49,0,0.0,15.49,15.4,0,0.572,27,17,263.33,149.43,48,0,train
2024-07-09,S02,SKU002,15.49,0,0.0,15.49,15.15,0,0.51,27,19,294.31,167.01,61,0,train
2024-07-10,S02,SKU002,15.49,0,0.0,15.49,16.16,0,0.62,27,14,216.86,123.06,78,0,train
2024-07-11,S02,SKU002,15.49,0,0.0,15.49,15.33,0,0.574,27,13,201.37,114.27,88,0,train
2024-07-12,S02,SKU002,15.49,1,0.27,11.31,16.0,0,0.519,27,39,441.09,179.79,77,0,train
2024-07-13,S02,SKU002,15.49,0,0.0,15.49,15.52,0,0.561,27,14,216.86,123.06,96,0,train
2024-07-14,S02,SKU002,15.49,0,0.0,15.49,15.38,0,0.582,28,20,309.8,175.8,77,0,train
2024-07-15,S02,SKU002,15.49,0,0.0,15.49,15.31,0,0.606,28,21,325.29,184.59,53,0,train
2024-07-16,S02,SKU002,15.49,0,0.0,15.49,16.51,0,0.54,28,22,340.78,193.38,81,0,train
2024-07-17,S02,SKU002,15.49,0,0.0,15.49,15.21,0,0.462,28,15,232.35,131.85,76,0,train
2024-07-18,S02,SKU002,15.49,1,0.31,10.69,14.18,0,0.48,28,35,374.15,139.65,40,0,train
2024-07-19,S02,SKU002,15.49,1,0.05,14.72,15.55,0,0.368,28,22,323.84,176.44,69,0,train
2024-07-20,S02,SKU002,15.49,1,0.21,12.24,14.98,0,0.455,28,32,391.68,177.28,32,1,train
2024-07-21,S02,SKU002,15.49,0,0.0,15.49,15.49,0,0.537,29,11,170.39,96.69,48,0,train
2024-07-22,S02,SKU002,15.49,0,0.0,15.49,15.45,0,0.513,29,21,325.29,184.59,49,0,train
2024-07-23,S02,SKU002,15.49,1,0.28,11.15,16.01,0,0.472,29,33,367.95,146.85,77,0,train
2024-07-24,S02,SKU002,15.49,1,0.24,11.77,15.24,0,0.451,29,26,306.02,131.82,93,0,train
2024-07-25,S02,SKU002,15.49,1,0.19,12.55,15.37,0,0.56,29,30,376.5,175.5,95,0,train
2024-07-26,S02,SKU002,15.49,0,0.0,15.49,14.62,0,0.475,29,20,309.8,175.8,68,0,train
2024-07-27,S02,SKU002,15.49,0,0.0,15.49,14.75,0,0.506,29,16,247.84,140.64,94,0,train
2024-07-28,S02,SKU002,15.49,1,0.29,11.0,14.9,0,0.468,30,39,429.0,167.7,41,0,train
2024-07-29,S02,SKU002,15.49,0,0.0,15.49,14.7,0,0.397,30,14,216.86,123.06,25,0,train
2024-07-30,S02,SKU002,15.49,1,0.2,12.39,15.1,0,0.524,30,27,334.53,153.63,54,0,train
2024-07-31,S02,SKU002,15.49,1,0.12,13.63,15.27,0,0.35,30,23,313.49,159.39,82,0,train
2024-08-01,S02,SKU002,15.49,0,0.0,15.49,14.29,0,0.345,30,23,356.27,202.17,95,0,train
