ai-ml-challenge-main/retail_pricing_demand_2024.csv
date,store_id,sku_id,base_price,promo_flag,promo_depth,final_price,competitor_price,holiday_flag,weather_index,week_of_year,units_sold,revenue,margin,stock_cap,stockout_flag,set
2024-08-02,S02,SKU002,15.49,0,0.0,15.49,14.86,0,0.385,30,23,356.27,202.17,94,0,train
2024-08-03,S02,SKU002,15.49,0,0.0,15.49,15.51,0,0.36,30,29,449.21,254.91,72,0,train
2024-08-04,S02,SKU002,15.49,0,0.0,15.49,15.53,0,0.364,31,20,309.8,175.8,45,0,train
2024-08-05,S02,SKU002,15.49,0,0.0,15.49,15.22,0,0.355,31,15,232.35,131.85,56,0,train
2024-08-06,S02,SKU002,15.49,0,0.0,15.49,15.25,0,0.443,31,21,325.29,184.59,71,0,train
2024-08-07,S02,SKU002,15.49,0,0.0,15.49,13.34,0,0.381,31,18,278.82,158.22,24,0,train
2024-08-08,S02,SKU002,15.49,0,0.0,15.49,14.15,0,0.392,31,10,154.9,87.9,39,0,train
2024-08-09,S02,SKU002,15.49,1,0.4,9.29,14.46,0,0.269,31,68,631.72,176.12,76,0,train
2024-08-10,S02,SKU002,15.49,0,0.0,15.49,15.44,0,0.307,31,28,433.72,246.12,79,0,train
2024-08-11,S02,SKU002,15.49,0,0.0,15.49,16.27,0,0.417,32,18,278.82,158.22,99,0,train
2024-08-12,S02,SKU002,15.49,0,0.0,15.49,14.93,0,0.273,32,20,309.8,175.8,34,0,train
2024-08-13,S02,SKU002,15.49,0,0.0,15.49,14.48,0,0.41,32,15,232.35,131.85,100,0,train
2024-08-14,S02,SKU002,15.49,0,0.0,15.49,15.0,0,0.271,32,23,356.27,202.17,79,0,train
2024-08-15,S02,SKU002,15.49,0,0.0,15.49,16.06,0,0.344,32,21,325.29,184.59,29,0,train
2024-08-16,S02,SKU002,15.49,0,0.0,15.49,14.88,0,0.269,32,24,371.76,210.96,68,0,train
2024-08-17,S02,SKU002,15.49,0,0.0,15.49,14.82,0,0.326,32,16,247.84,140.64,57,0,train
2024-08-18,S02,SKU002,15.49,0,0.0,15.49,14.68,0,0.254,33,20,309.8,175.8,52,0,train
2024-08-19,S02,SKU002,15.49,0,0.0,15.49,14.82,0,0.287,33,22,340.78,193.38,92,0,train
2024-08-20,S02,SKU002,15.49,0,0.0,15.49,16.1,0,0.396,33,20,309.8,175.8,29,0,train
2024-08-21,S02,SKU002,15.49,0,0.0,15.49,14.13,0,0.268,33,14,216.86,123.06,90,0,train
2024-08-22,S02,SKU002,15.49,0,0.0,15.49,13.76,0,0.406,33,22,340.78,193.38,101,0,train
2024-08-23,S02,SKU002,15.49,0,0.0,15.49,14.92,0,0.251,33,20,309.8,175.8,63,0,train
2024-08-24,S02,SKU002,15.49,1,0.22,12.08,14.72,0,0.202,33,47,567.76,252.86,52,0,train
2024-08-25,S02,SKU002,15.49,0,0.0,15.49,15.15,0,0.272,34,19,294.31,167.01,50,0,train
2024-08-26,S02,SKU002,15.49,1,0.13,13.48,14.66,0,0.237,34,26,350.48,176.28,29,0,train
2024-08-27,S02,SKU002,15.49,0,0.0,15.49,14.7,0,0.362,34,9,139.41,79.11,23,0,train
2024-08-28,S02,SKU002,15.49,0,0.0,15.49,14.09,0,0.302,34,20,309.8,175.8,43,0,train
2024-08-29,S02,SKU002,15.49,0,0.0,15.49,16.0,0,0.316,34,15,232.35,131.85,27,0,train
2024-08-30,S02,SKU002,15.49,0,0.0,15.49,14.79,0,0.278,34,14,216.86,123.06,78,0,train
2024-08-31,S02,SKU002,15.49,0,0.0,15.49,14.76,0,0.383,34,20,309.8,175.8,50,0,train
2024-09-01,S02,SKU002,15.49,0,0.0,15.49,14.17,0,0.277,35,31,480.19,272.49,31,1,train
2024-09-02,S02,SKU002,15.49,0,0.0,15.49,14.69,1,0.257,35,30,464.7,263.7,71,0,train
2024-09-03,S02,SKU002,15.49,0,0.0,15.49,14.38,0,0.17,35,12,185.88,105.48,39,0,train
2024-09-04,S02,SKU002,15.49,0,0.0,15.49,14.76,0,0.16,35,20,309.8,175.8,65,0,train
2024-09-05,S02,SKU002,15.49,0,0.0,15.49,14.91,0,0.221,35,16,247.84,140.64,64,0,train
2024-09-06,S02,SKU002,15.49,0,0.0,15.49,14.41,0,0.265,35,23,356.27,202.17,102,0,train
2024-09-07,S02,SKU002,15.49,0,0.0,15.49,14.48,0,0.268,35,16,247.84,140.64,87,0,train
2024-09-08,S02,SKU002,15.49,0,0.0,15.49,14.59,0,0.14,36,20,309.8,175.8,29,0,train
2024-09-09,S02,SKU002,15.49,0,0.0,15.49,15.08,0,0.224,36,25,387.25,219.75,58,0,train
2024-09-10,S02,SKU002,15.49,0,0.0,15.49,15.78,0,0.199,36,21,325.29,184.59,26,0,train
2024-09-11,S02,SKU002,15.49,0,0.0,15.49,14.61,0,0.116,36,15,232.35,131.85,45,0,train
2024-09-12,S02,SKU002,15.49,0,0.0,15.49,15.44,0,0.21,36,24,371.76,210.96,24,1,train
2024-09-13,S02,SKU002,15.49,0,0.0,15.49,14.84,0,0.039,36,16,247.84,140.64,104,0,train
2024-09-14,S02,SKU002,15.49,1,0.22,12.08,13.63,0,0.187,36,39,471.12,209.82,39,1,train
2024-09-15,S02,SKU002,15.49,0,0.0,15.49,14.93,0,0.316,37,34,526.66,298.86,36,0,train
2024-09-16,S02,SKU002,15.49,1,0.18,12.7,14.34,0,0.102,37,45,571.5,270.0,75,0,train
2024-09-17,S02,SKU002,15.49,0,0.0,15.49,14.95,0,0.161,37,32,495.68,281.28,75,0,train
2024-09-18,S02,SKU002,15.49,0,0.0,15.49,14.26,0,0.043,37,22,340.78,193.38,28,0,train
2024-09-19,S02,SKU002,15.49,1,0.16,13.01,13.72,0,0.107,37,25,325.25,157.75,25,1,train
2024-09-20,S02,SKU002,15.49,0,0.0,15.49,14.82,0,0.195,37,15,232.35,131.85,72,0,train
2024-09-21,S02,SKU002,15.49,0,0.0,15.49,15.72,0,0.084,37,24,371.76,210.96,79,0,train
2024-09-22,S02,SKU002,15.49,0,0.0,15.49,14.13,0,0.141,38,22,340.78,193.38,22,1,train
2024-09-23,S02,SKU002,15.49,0,0.0,15.49,15.28,0,0.119,38,18,278.82,158.22,61,0,train
2024-09-24,S02,SKU002,15.49,0,0.0,15.49,14.64,0,0.114,38,23,356.27,202.17,35,0,train
2024-09-25,S02,SKU002,15.49,0,0.0,15.49,13.48,0,0.146,38,16,247.84,140.64,61,0,train
2024-09-26,S02,SKU002,15.49,0,0.0,15.49,13.92,0,0.16,38,24,371.76,210.96,95,0,train
2024-09-27,S02,SKU002,15.49,0,0.0,15.49,14.39,0,0.203,38,24,371.76,210.96,103,0,train
2024-09-28,S02,SKU002,15.49,0,0.0,15.49,14.29,0,0.176,38,14,216.86,123.06,96,0,train
2024-09-29,S02,SKU002,15.49,0,0.0,15.49,14.45,0,0.09,39,26,402.74,228.54,89,0,train
2024-09-30,S02,SKU002,15.49,0,0.0,15.49,15.04,0,0.207,39,25,387.25,219.75,50,0,train
2024-10-01,S02,SKU002,15.49,0,0.0,15.49,14.25,0,0.194,39,20,309.8,175.8,31,0,test
2024-10-02,S02,SKU002,15.49,0,0.0,15.49,14.98,0,0.024,39,18,278.82,158.22,104,0,test
2024-10-03,S02,SKU002,15.49,0,0.0,15.49,14.99,0,0.155,39,19,294.31,167.01,22,0,test
2024-10-04,S02,SKU002,15.49,1,0.14,13.32,14.91,0,0.163,39,61,812.52,403.82,82,0,test
2024-10-05,S02,SKU002,15.49,0,0.0,15.49,14.52,0,0.17,39,29,449.21,254.91,65,0,test
2024-10-06,S02,SKU002,15.49,0,0.0,15.49,15.23,0,0.143,40,25,387.25,219.75,95,0,test
2024-10-07,S02,SKU002,15.49,0,0.0,15.49,13.97,0,0.031,40,23,356.27,202.17,34,0,test
2024-10-08,S02,SKU002,15.49,0,0.0,15.49,14.14,0,0.091,40,31,480.19,272.49,60,0,test
2024-10-09,S02,SKU002,15.49,0,0.0,15.49,14.08,0,0.0,40,21,325.29,184.59,85,0,test
2024-10-10,S02,SKU002,15.49,0,0.0,15.49,14.14,0,0.096,40,16,247.84,140.64,83,0,test
2024-10-11,S02,SKU002,15.49,0,0.0,15.49,14.51,0,0.226,40,19,294.31,167.01,97,0,test
2024-10-12,S02,SKU002,15.49,0,0.0,15.49,14.75,0,0.144,40,27,418.23,237.33,79,0,test
2024-10-13,S02,SKU002,15.49,0,0.0,15.49,14.54,0,0.152,41,24,371.76,210.96,86,0,test
2024-10-14,S02,SKU002,15.49,0,0.0,15.49,14.83,0,0.071,41,26,402.74,228.54,102,0,test
2024-10-15,S02,SKU002,15.49,1,0.15,13.17,15.34,0,0.04,41,32,421.44,207.04,55,0,test
2024-10-16,S02,SKU002,15.49,1,0.2,12.39,15.13,0,0.036,41,34,421.26,193.46,34,1,test
2024-10-17,S02,SKU002,15.49,0,0.0,15.49,14.52,0,0.108,41,40,619.6,351.6,94,0,test
2024-10-18,S02,SKU002,15.49,0,0.0,15.49,13.92,0,0.052,41,23,356.27,202.17,26,0,test
2024-10-19,S02,SKU002,15.49,0,0.0,15.49,13.75,0,0.062,41,42,650.58,369.18,104,0,test
2024-10-20,S02,SKU002,15.49,0,0.0,15.49,14.67,0,0.169,42,28,433.72,246.12,58,0,test
2024-10-21,S02,SKU002,15.49,0,0.0,15.49,14.57,0,0.002,42,27,418.23,237.33,80,0,test
2024-10-22,S02,SKU002,15.49,0,0.0,15.49,15.11,0,0.022,42,20,309.8,175.8,87,0,test
2024-10-23,S02,SKU002,15.49,0,0.0,15.49,14.31,0,0.07,42,26,402.74,228.54,56,0,test
2024-10-24,S02,SKU002,15.49,0,0.0,15.49,14.71,0,0.095,42,24,371.76,210.96,43,0,test
2024-10-25,S02,SKU002,15.49,0,0.0,15.49,14.92,0,0.094,42,26,402.74,228.54,70,0,test
2024-10-26,S02,SKU002,15.49,0,0.0,15.49,14.36,0,0.019,42,26,402.74,228.54,40,0,test
2024-10-27,S02,SKU002,15.49,0,0.0,15.49,14.71,0,0.115,43,30,464.7,263.7,61,0,test
2024-10-28,S02,SKU002,15.49,0,0.0,15.49,14.76,0,0.097,43,21,325.29,184.59,92,0,test
2024-10-29,S02,SKU002,15.49,0,0.0,15.49,14.02,0,0.127,43,23,356.27,202.17,57,0,test
2024-10-30,S02,SKU002,15.49,0,0.0,15.49,14.61,0,0.042,43,14,216.86,123.06,67,0,test
2024-10-31,S02,SKU002,15.49,1,0.31,10.69,13.61,0,0.123,43,64,684.16,255.36,77,0,test
2024-11-01,S02,SKU002,15.49,1,0.23,11.93,13.45,0,0.123,43,32,381.76,167.36,32,1,test
2024-11-02,S02,SKU002,15.49,0,0.0,15.49,14.57,0,0.072,43,30,464.7,263.7,59,0,test
2024-11-03,S02,SKU002,15.49,0,0.0,15.49,15.78,0,0.1,44,32,495.68,281.28,92,0,test
2024-11-04,S02,SKU002,15.49,1,0.08,14.25,14.26,0,0.081,44,38,541.5,286.9,72,0,test
2024-11-05,S02,SKU002,15.49,0,0.0,15.49,14.53,0,0.198,44,25,387.25,219.75,36,0,test
2024-11-06,S02,SKU002,15.49,0,0.0,15.49,15.66,0,0.0,44,24,371.76,210.96,37,0,test
2024-11-07,S02,SKU002,15.49,1,0.16,13.01,14.72,0,0.034,44,46,598.46,290.26,82,0,test
2024-11-08,S02,SKU002,15.49,0,0.0,15.49,14.81,0,0.021,44,19,294.31,167.01,93,0,test
2024-11-09,S02,SKU002,15.49,0,0.0,15.49,15.63,0,0.103,44,40,619.6,351.6,53,0,test
2024-11-10,S02,SKU002,15.49,0,0.0,15.49,15.14,0,0.087,45,22,340.78,193.38,36,0,test
2024-11-11,S02,SKU002,15.49,0,0.0,15.49,14.14,0,0.106,45,24,371.76,210.96,30,0,test
2024-11-12,S02,SKU002,15.49,0,0.0,15.49,14.67,0,0.176,45,28,433.72,246.12,28,1,test
2024-01-01,S02,SKU003,21.99,0,0.0,21.99,22.42,1,0.291,0,16,351.84,199.84,55,0,train
2024-01-02,S02,SKU003,21.99,1,0.25,16.49,21.74,0,0.459,0,27,445.23,188.73,27,1,train
2024-01-03,S02,SKU003,21.99,0,0.0,21.99,21.2,0,0.337,0,11,241.89,137.39,56,0,train
2024-01-04,S02,SKU003,21.99,0,0.0,21.99,22.07,0,0.381,0,8,175.92,99.92,61,0,train
2024-01-05,S02,SKU003,21.99,0,0.0,21.99,22.94,0,0.398,0,14,307.86,174.86,61,0,train
2024-01-06,S02,SKU003,21.99,1,0.15,18.69,22.57,0,0.365,0,27,504.63,248.13,27,1,train
2024-01-07,S02,SKU003,21.99,0,0.0,21.99,20.24,0,0.334,1,22,483.78,274.78,25,0,train
2024-01-08,S02,SKU003,21.99,0,0.0,21.99,22.4,0,0.462,1,9,197.91,112.41,24,0,train
2024-01-09,S02,SKU003,21.99,1,0.17,18.25,22.56,0,0.451,1,28,511.0,245.0,45,0,train
2024-01-10,S02,SKU003,21.99,0,0.0,21.99,21.27,0,0.319,1,17,373.83,212.33,69,0,train
2024-01-11,S02,SKU003,21.99,0,0.0,21.99,21.83,0,0.584,1,7,153.93,87.43,42,0,train
2024-01-12,S02,SKU003,21.99,1,0.17,18.25,22.47,0,0.508,1,26,474.5,227.5,50,0,train
2024-01-13,S02,SKU003,21.99,1,0.23,16.93,21.1,0,0.411,1,28,474.04,208.04,28,1,train
2024-01-14,S02,SKU003,21.99,0,0.0,21.99,22.5,0,0.518,2,8,175.92,99.92,26,0,train
2024-01-15,S02,SKU003,21.99,1,0.2,17.59,23.26,0,0.443,2,29,510.11,234.61,52,0,train
2024-01-16,S02,SKU003,21.99,1,0.25,16.49,22.55,0,0.474,2,24,395.76,167.76,96,0,train
2024-01-17,S02,SKU003,21.99,0,0.0,21.99,22.48,0,0.532,2,12,263.88,149.88,26,0,train
2024-01-18,S02,SKU003,21.99,1,0.3,15.39,22.33,0,0.416,2,38,584.82,223.82,38,1,train
2024-01-19,S02,SKU003,21.99,0,0.0,21.99,20.88,0,0.533,2,10,219.9,124.9,91,0,train
2024-01-20,S02,SKU003,21.99,0,0.0,21.99,23.68,0,0.589,2,14,307.86,174.86,40,0,train
2024-01-21,S02,SKU003,21.99,0,0.0,21.99,21.87,0,0.591,3,14,307.86,174.86,75,0,train
2024-01-22,S02,SKU003,21.99,0,0.0,21.99,22.43,0,0.501,3,14,307.86,174.86,83,0,train
2024-01-23,S02,SKU003,21.99,0,0.0,21.99,22.23,0,0.58,3,14,307.86,174.86,104,0,train
2024-01-24,S02,SKU003,21.99,0,0.0,21.99,22.76,0,0.435,3,10,219.9,124.9,29,0,train
2024-01-25,S02,SKU003,21.99,1,0.29,15.61,22.02,0,0.53,3,43,671.23,262.73,64,0,train
2024-01-26,S02,SKU003,21.99,0,0.0,21.99,23.44,0,0.573,3,18,395.82,224.82,104,0,train
2024-01-27,S02,SKU003,21.99,0,0.0,21.99,23.21,0,0.472,3,26,571.74,324.74,30,0,train
2024-01-28,S02,SKU003,21.99,0,0.0,21.99,22.8,0,0.555,4,16,351.84,199.84,48,0,train
2024-01-29,S02,SKU003,21.99,0,0.0,21.99,23.02,0,0.67,4,10,219.9,124.9,42,0,train
2024-01-30,S02,SKU003,21.99,0,0.0,21.99,22.56,0,0.731,4,7,153.93,87.43,37,0,train
2024-01-31,S02,SKU003,21.99,0,0.0,21.99,22.2,0,0.627,4,11,241.89,137.39,104,0,train
2024-02-01,S02,SKU003,21.99,0,0.0,21.99,23.35,0,0.637,4,14,307.86,174.86,49,0,train
2024-02-02,S02,SKU003,21.99,0,0.0,21.99,22.09,0,0.536,4,7,153.93,87.43,99,0,train
2024-02-03,S02,SKU003,21.99,0,0.0,21.99,23.25,0,0.528,4,18,395.82,224.82,56,0,train
2024-02-04,S02,SKU003,21.99,0,0.0,21.99,20.95,0,0.522,5,16,351.84,199.84,101,0,train
2024-02-05,S02,SKU003,21.99,0,0.0,21.99,23.26,0,0.646,5,10,219.9,124.9,51,0,train
2024-02-06,S02,SKU003,21.99,0,0.0,21.99,21.03,0,0.665,5,8,175.92,99.92,38,0,train
2024-02-07,S02,SKU003,21.99,0,0.0,21.99,22.88,0,0.587,5,14,307.86,174.86,41,0,train
2024-02-08,S02,SKU003,21.99,1,0.13,19.13,23.71,0,0.559,5,40,765.2,385.2,79,0,train
2024-02-09,S02,SKU003,21.99,1,0.18,18.03,21.88,1,0.655,5,27,486.81,230.31,56,0,train
2024-02-10,S02,SKU003,21.99,0,0.0,21.99,21.98,0,0.665,5,20,439.8,249.8,90,0,train
2024-02-11,S02,SKU003,21.99,0,0.0,21.99,22.54,0,0.645,6,18,395.82,224.82,59,0,train
2024-02-12,S02,SKU003,21.99,0,0.0,21.99,21.46,0,0.735,6,16,351.84,199.84,98,0,train
2024-02-13,S02,SKU003,21.99,0,0.0,21.99,21.96,0,0.66,6,13,285.87,162.37,68,0,train
2024-02-14,S02,SKU003,21.99,0,0.0,21.99,24.06,0,0.667,6,17,373.83,212.33,35,0,train
2024-02-15,S02,SKU003,21.99,0,0.0,21.99,23.18,0,0.611,6,10,219.9,124.9,66,0,train
2024-02-16,S02,SKU003,21.99,0,0.0,21.99,24.52,0,0.692,6,12,263.88,149.88,102,0,train
2024-02-17,S02,SKU003,21.99,0,0.0,21.99,22.74,0,0.771,6,12,263.88,149.88,52,0,train
2024-02-18,S02,SKU003,21.99,0,0.0,21.99,23.15,0,0.699,7,17,373.83,212.33,68,0,train
2024-02-19,S02,SKU003,21.99,0,0.0,21.99,21.86,0,0.706,7,16,351.84,199.84,97,0,train
2024-02-20,S02,SKU003,21.99,0,0.0,21.99,24.46,0,0.734,7,21,461.79,262.29,23,0,train
2024-02-21,S02,SKU003,21.99,1,0.13,19.13,21.98,0,0.73,7,17,325.21,163.71,97,0,train
2024-02-22,S02,SKU003,21.99,0,0.0,21.99,22.4,0,0.751,7,8,175.92,99.92,52,0,train
2024-02-23,S02,SKU003,21.99,0,0.0,21.99,22.78,0,0.757,7,11,241.89,137.39,37,0,train
2024-02-24,S02,SKU003,21.99,0,0.0,21.99,23.12,0,0.768,7,17,373.83,212.33,25,0,train
2024-02-25,S02,SKU003,21.99,1,0.21,17.37,24.82,0,0.689,8,37,642.69,291.19,37,1,train
2024-02-26,S02,SKU003,21.99,0,0.0,21.99,23.56,0,0.76,8,11,241.89,137.39,87,0,train
2024-02-27,S02,SKU003,21.99,1,0.18,18.03,21.81,0,0.651,8,34,613.02,290.02,57,0,train
2024-02-28,S02,SKU003,21.99,0,0.0,21.99,22.84,0,0.769,8,14,307.86,174.86,61,0,train
2024-02-29,S02,SKU003,21.99,0,0.0,21.99,21.38,0,0.682,8,15,329.85,187.35,100,0,train
2024-03-01,S02,SKU003,21.99,1,0.21,17.37,24.58,0,0.759,8,37,642.69,291.19,94,0,train
2024-03-02,S02,SKU003,21.99,0,0.0,21.99,24.79,0,0.797,8,20,439.8,249.8,47,0,train
2024-03-03,S02,SKU003,21.99,0,0.0,21.99,23.05,0,0.748,9,21,461.79,262.29,82,0,train
2024-03-04,S02,SKU003,21.99,0,0.0,21.99,22.69,0,0.784,9,19,417.81,237.31,55,0,train
2024-03-05,S02,SKU003,21.99,0,0.0,21.99,23.05,0,0.685,9,14,307.86,174.86,89,0,train
2024-03-06,S02,SKU003,21.99,0,0.0,21.99,23.24,0,0.737,9,12,263.88,149.88,84,0,train
2024-03-07,S02,SKU003,21.99,1,0.19,17.81,24.02,0,0.834,9,22,391.82,182.82,22,1,train
2024-03-08,S02,SKU003,21.99,0,0.0,21.99,24.97,0,0.728,9,15,329.85,187.35,72,0,train
2024-03-09,S02,SKU003,21.99,0,0.0,21.99,21.46,0,0.841,9,20,439.8,249.8,89,0,train
2024-03-10,S02,SKU003,21.99,0,0.0,21.99,22.93,0,0.723,10,13,285.87,162.37,43,0,train
2024-03-11,S02,SKU003,21.99,0,0.0,21.99,23.77,0,0.756,10,13,285.87,162.37,73,0,train
2024-03-12,S02,SKU003,21.99,0,0.0,21.99,22.72,0,0.749,10,20,439.8,249.8,49,0,train
2024-03-13,S02,SKU003,21.99,0,0.0,21.99,23.04,0,0.82,10,16,351.84,199.84,35,0,train
2024-03-14,S02,SKU003,21.99,1,0.14,18.91,22.67,0,0.855,10,25,472.75,235.25,71,0,train
2024-03-15,S02,SKU003,21.99,0,0.0,21.99,23.0,0,0.763,10,19,417.81,237.31,60,0,train
2024-03-16,S02,SKU003,21.99,0,0.0,21.99,23.66,0,0.82,10,14,307.86,174.86,69,0,train
2024-03-17,S02,SKU003,21.99,1,0.05,20.89,24.05,0,0.932,11,34,710.26,387.26,55,0,train
2024-03-18,S02,SKU003,21.99,0,0.0,21.99,22.54,0,0.82,11,13,285.87,162.37,84,0,train
2024-03-19,S02,SKU003,21.99,0,0.0,21.99,23.56,0,0.793,11,17,373.83,212.33,38,0,train
2024-03-20,S02,SKU003,21.99,0,0.0,21.99,24.26,0,0.869,11,17,373.83,212.33,63,0,train
2024-03-21,S02,SKU003,21.99,1,0.18,18.03,23.17,0,0.836,11,27,486.81,230.31,27,1,train
2024-03-22,S02,SKU003,21.99,0,0.0,21.99,23.58,0,0.811,11,23,505.77,287.27,46,0,train
2024-03-23,S02,SKU003,21.99,0,0.0,21.99,21.98,0,0.748,11,22,483.78,274.78,81,0,train
2024-03-24,S02,SKU003,21.99,1,0.21,17.37,24.74,0,0.908,12,32,555.84,251.84,37,0,train
2024-03-25,S02,SKU003,21.99,1,0.06,20.67,22.98,0,0.828,12,18,372.06,201.06,46,0,train
2024-03-26,S02,SKU003,21.99,0,0.0,21.99,23.82,0,0.865,12,12,263.88,149.88,93,0,train
2024-03-27,S02,SKU003,21.99,0,0.0,21.99,23.96,0,0.804,12,15,329.85,187.35,23,0,train
2024-03-28,S02,SKU003,21.99,1,0.16,18.47,23.79,0,0.948,12,33,609.51,296.01,58,0,train
2024-03-29,S02,SKU003,21.99,1,0.23,16.93,23.32,0,0.918,12,43,727.99,319.49,61,0,train
2024-03-30,S02,SKU003,21.99,1,0.37,13.85,24.2,0,0.934,12,47,650.95,204.45,47,1,train
2024-03-31,S02,SKU003,21.99,0,0.0,21.99,23.71,0,0.871,13,23,505.77,287.27,61,0,train
2024-04-01,S02,SKU003,21.99,0,0.0,21.99,22.28,0,0.908,13,13,285.87,162.37,22,0,train
2024-04-02,S02,SKU003,21.99,1,0.23,16.93,24.04,0,0.935,13,41,694.13,304.63,43,0,train
2024-04-03,S02,SKU003,21.99,0,0.0,21.99,23.75,0,0.945,13,15,329.85,187.35,94,0,train
2024-04-04,S02,SKU003,21.99,0,0.0,21.99,24.12,0,0.904,13,17,373.83,212.33,27,0,train
2024-04-05,S02,SKU003,21.99,1,0.23,16.93,24.17,0,0.884,13,54,914.22,401.22,92,0,train
2024-04-06,S02,SKU003,21.99,0,0.0,21.99,23.28,0,0.868,13,21,461.79,262.29,45,0,train
2024-04-07,S02,SKU003,21.99,0,0.0,21.99,22.01,0,0.846,14,14,307.86,174.86,80,0,train
2024-04-08,S02,SKU003,21.99,0,0.0,21.99,24.4,0,0.834,14,21,461.79,262.29,26,0,train
2024-04-09,S02,SKU003,21.99,0,0.0,21.99,21.99,0,0.915,14,12,263.88,149.88,31,0,train
2024-04-10,S02,SKU003,21.99,0,0.0,21.99,22.27,0,0.88,14,15,329.85,187.35,62,0,train
2024-04-11,S02,SKU003,21.99,0,0.0,21.99,24.59,0,0.776,14,25,549.75,312.25,81,0,train
2024-04-12,S02,SKU003,21.99,0,0.0,21.99,23.5,0,0.887,14,21,461.79,262.29,101,0,train
2024-04-13,S02,SKU003,21.99,0,0.0,21.99,24.04,0,0.961,14,21,461.79,262.29,55,0,train
2024-04-14,S02,SKU003,21.99,0,0.0,21.99,22.95,0,0.882,15,25,549.75,312.25,42,0,train
2024-04-15,S02,SKU003,21.99,0,0.0,21.99,23.25,0,0.788,15,13,285.87,162.37,58,0,train
2024-04-16,S02,SKU003,21.99,1,0.23,16.93,23.19,0,0.892,15,40,677.2,297.2,57,0,train
2024-04-17,S02,SKU003,21.99,0,0.0,21.99,22.84,0,0.947,15,17,373.83,212.33,100,0,train
