ai-ml-challenge-main/retail_pricing_demand_2024.csv
date,store_id,sku_id,base_price,promo_flag,promo_depth,final_price,competitor_price,holiday_flag,weather_index,week_of_year,units_sold,revenue,margin,stock_cap,stockout_flag,set
2024-04-18,S02,SKU003,21.99,0,0.0,21.99,23.14,0,0.912,15,17,373.83,212.33,41,0,train
2024-04-19,S02,SKU003,21.99,0,0.0,21.99,23.5,0,0.874,15,15,329.85,187.35,29,0,train
2024-04-20,S02,SKU003,21.99,0,0.0,21.99,23.49,0,1.0,15,15,329.85,187.35,54,0,train
2024-04-21,S02,SKU003,21.99,0,0.0,21.99,24.07,0,1.0,16,15,329.85,187.35,31,0,train
2024-04-22,S02,SKU003,21.99,0,0.0,21.99,21.62,0,0.894,16,12,263.88,149.88,92,0,train
2024-04-23,S02,SKU003,21.99,0,0.0,21.99,23.77,0,0.948,16,22,483.78,274.78,52,0,train
2024-04-24,S02,SKU003,21.99,0,0.0,21.99,23.46,0,0.922,16,22,483.78,274.78,84,0,train
2024-04-25,S02,SKU003,21.99,1,0.31,15.17,24.28,0,0.945,16,54,819.18,306.18,91,0,train
2024-04-26,S02,SKU003,21.99,0,0.0,21.99,22.96,0,0.985,16,19,417.81,237.31,67,0,train
2024-04-27,S02,SKU003,21.99,1,0.26,16.27,23.43,0,0.946,16,26,423.02,176.02,26,1,train
2024-04-28,S02,SKU003,21.99,0,0.0,21.99,23.2,0,0.901,17,15,329.85,187.35,23,0,train
2024-04-29,S02,SKU003,21.99,1,0.15,18.69,23.34,0,0.856,17,32,598.08,294.08,100,0,train
2024-04-30,S02,SKU003,21.99,0,0.0,21.99,24.31,1,0.845,17,25,549.75,312.25,25,1,train
2024-05-01,S02,SKU003,21.99,0,0.0,21.99,23.87,1,0.891,17,19,417.81,237.31,43,0,train
2024-05-02,S02,SKU003,21.99,0,0.0,21.99,22.57,0,0.96,17,24,527.76,299.76,69,0,train
2024-05-03,S02,SKU003,21.99,0,0.0,21.99,22.89,0,0.907,17,16,351.84,199.84,85,0,train
2024-05-04,S02,SKU003,21.99,0,0.0,21.99,22.5,0,0.891,17,23,505.77,287.27,37,0,train
2024-05-05,S02,SKU003,21.99,0,0.0,21.99,23.25,0,0.901,18,22,483.78,274.78,70,0,train
2024-05-06,S02,SKU003,21.99,0,0.0,21.99,23.04,0,0.886,18,21,461.79,262.29,62,0,train
2024-05-07,S02,SKU003,21.99,0,0.0,21.99,23.44,0,0.915,18,29,637.71,362.21,37,0,train
2024-05-08,S02,SKU003,21.99,1,0.25,16.49,23.49,0,0.813,18,51,840.99,356.49,51,1,train
2024-05-09,S02,SKU003,21.99,0,0.0,21.99,23.13,0,0.759,18,20,439.8,249.8,70,0,train
2024-05-10,S02,SKU003,21.99,0,0.0,21.99,23.06,0,0.85,18,19,417.81,237.31,84,0,train
2024-05-11,S02,SKU003,21.99,0,0.0,21.99,22.31,0,0.804,18,28,615.72,349.72,61,0,train
2024-05-12,S02,SKU003,21.99,0,0.0,21.99,22.81,0,0.968,19,22,483.78,274.78,66,0,train
2024-05-13,S02,SKU003,21.99,0,0.0,21.99,21.98,0,0.858,19,20,439.8,249.8,91,0,train
2024-05-14,S02,SKU003,21.99,1,0.25,16.49,23.59,0,0.85,19,53,873.97,370.47,97,0,train
2024-05-15,S02,SKU003,21.99,0,0.0,21.99,23.37,0,0.77,19,20,439.8,249.8,30,0,train
2024-05-16,S02,SKU003,21.99,0,0.0,21.99,22.24,0,0.876,19,13,285.87,162.37,93,0,train
2024-05-17,S02,SKU003,21.99,0,0.0,21.99,23.7,0,0.819,19,18,395.82,224.82,23,0,train
2024-05-18,S02,SKU003,21.99,0,0.0,21.99,23.55,0,0.92,19,21,461.79,262.29,63,0,train
2024-05-19,S02,SKU003,21.99,0,0.0,21.99,23.2,0,0.9,20,18,395.82,224.82,93,0,train
2024-05-20,S02,SKU003,21.99,0,0.0,21.99,23.34,0,0.8,20,20,439.8,249.8,86,0,train
2024-05-21,S02,SKU003,21.99,0,0.0,21.99,23.62,0,0.868,20,12,263.88,149.88,100,0,train
2024-05-22,S02,SKU003,21.99,0,0.0,21.99,22.28,0,0.676,20,23,505.77,287.27,89,0,train
2024-05-23,S02,SKU003,21.99,0,0.0,21.99,22.46,0,0.795,20,14,307.86,174.86,97,0,train
2024-05-24,S02,SKU003,21.99,0,0.0,21.99,22.6,0,0.907,20,15,329.85,187.35,49,0,train
2024-05-25,S02,SKU003,21.99,0,0.0,21.99,23.13,0,0.875,20,23,505.77,287.27,23,1,train
2024-05-26,S02,SKU003,21.99,0,0.0,21.99,23.68,0,0.835,21,20,439.8,249.8,99,0,train
2024-05-27,S02,SKU003,21.99,0,0.0,21.99,21.85,0,0.818,21,24,527.76,299.76,24,1,train
2024-05-28,S02,SKU003,21.99,0,0.0,21.99,23.63,0,0.731,21,24,527.76,299.76,90,0,train
2024-05-29,S02,SKU003,21.99,0,0.0,21.99,22.87,0,0.73,21,15,329.85,187.35,97,0,train
2024-05-30,S02,SKU003,21.99,0,0.0,21.99,22.71,0,0.821,21,12,263.88,149.88,76,0,train
2024-05-31,S02,SKU003,21.99,0,0.0,21.99,23.32,0,0.908,21,11,241.89,137.39,62,0,train
2024-06-01,S02,SKU003,21.99,0,0.0,21.99,22.39,0,0.668,21,30,659.7,374.7,58,0,train
2024-06-02,S02,SKU003,21.99,0,0.0,21.99,22.21,0,0.831,22,25,549.75,312.25,27,0,train
2024-06-03,S02,SKU003,21.99,0,0.0,21.99,22.32,0,0.825,22,19,417.81,237.31,65,0,train
2024-06-04,S02,SKU003,21.99,0,0.0,21.99,22.66,0,0.841,22,18,395.82,224.82,74,0,train
2024-06-05,S02,SKU003,21.99,1,0.09,20.01,24.14,0,0.727,22,29,580.29,304.79,87,0,train
2024-06-06,S02,SKU003,21.99,0,0.0,21.99,22.58,0,0.742,22,24,527.76,299.76,24,1,train
2024-06-07,S02,SKU003,21.99,0,0.0,21.99,22.63,0,0.772,22,20,439.8,249.8,48,0,train
2024-06-08,S02,SKU003,21.99,0,0.0,21.99,21.9,0,0.702,22,23,505.77,287.27,39,0,train
2024-06-09,S02,SKU003,21.99,0,0.0,21.99,21.89,0,0.685,23,24,527.76,299.76,75,0,train
2024-06-10,S02,SKU003,21.99,0,0.0,21.99,21.85,0,0.7,23,16,351.84,199.84,25,0,train
2024-06-11,S02,SKU003,21.99,0,0.0,21.99,22.53,0,0.744,23,17,373.83,212.33,44,0,train
2024-06-12,S02,SKU003,21.99,0,0.0,21.99,21.84,0,0.765,23,20,439.8,249.8,23,0,train
2024-06-13,S02,SKU003,21.99,0,0.0,21.99,22.65,0,0.736,23,18,395.82,224.82,97,0,train
2024-06-14,S02,SKU003,21.99,1,0.23,16.93,22.48,0,0.736,23,30,507.9,222.9,30,1,train
2024-06-15,S02,SKU003,21.99,0,0.0,21.99,22.58,0,0.685,23,33,725.67,412.17,40,0,train
2024-06-16,S02,SKU003,21.99,0,0.0,21.99,22.51,0,0.677,24,20,439.8,249.8,32,0,train
2024-06-17,S02,SKU003,21.99,0,0.0,21.99,21.34,0,0.782,24,17,373.83,212.33,67,0,train
2024-06-18,S02,SKU003,21.99,0,0.0,21.99,22.45,0,0.705,24,25,549.75,312.25,42,0,train
2024-06-19,S02,SKU003,21.99,0,0.0,21.99,22.65,0,0.698,24,23,505.77,287.27,104,0,train
2024-06-20,S02,SKU003,21.99,0,0.0,21.99,22.62,0,0.753,24,19,417.81,237.31,43,0,train
2024-06-21,S02,SKU003,21.99,0,0.0,21.99,24.33,0,0.765,24,17,373.83,212.33,101,0,train
2024-06-22,S02,SKU003,21.99,0,0.0,21.99,23.11,0,0.761,24,29,637.71,362.21,65,0,train
2024-06-23,S02,SKU003,21.99,0,0.0,21.99,21.9,0,0.703,25,26,571.74,324.74,104,0,train
2024-06-24,S02,SKU003,21.99,0,0.0,21.99,21.96,0,0.669,25,27,593.73,337.23,104,0,train
2024-06-25,S02,SKU003,21.99,0,0.0,21.99,21.07,0,0.683,25,18,395.82,224.82,98,0,train
2024-06-26,S02,SKU003,21.99,0,0.0,21.99,21.49,0,0.671,25,26,571.74,324.74,91,0,train
2024-06-27,S02,SKU003,21.99,1,0.24,16.71,22.1,0,0.737,25,50,835.5,360.5,50,1,train
2024-06-28,S02,SKU003,21.99,0,0.0,21.99,21.68,0,0.665,25,17,373.83,212.33,102,0,train
2024-06-29,S02,SKU003,21.99,0,0.0,21.99,23.39,0,0.679,25,25,549.75,312.25,84,0,train
2024-06-30,S02,SKU003,21.99,0,0.0,21.99,21.39,0,0.633,26,25,549.75,312.25,25,1,train
2024-07-01,S02,SKU003,21.99,1,0.25,16.49,21.43,0,0.71,26,47,775.03,328.53,96,0,train
2024-07-02,S02,SKU003,21.99,0,0.0,21.99,21.75,0,0.498,26,17,373.83,212.33,94,0,train
2024-07-03,S02,SKU003,21.99,1,0.17,18.25,20.77,0,0.637,26,39,711.75,341.25,42,0,train
2024-07-04,S02,SKU003,21.99,0,0.0,21.99,21.36,0,0.653,26,12,263.88,149.88,58,0,train
2024-07-05,S02,SKU003,21.99,0,0.0,21.99,20.96,0,0.532,26,17,373.83,212.33,78,0,train
2024-07-06,S02,SKU003,21.99,1,0.12,19.35,21.45,0,0.724,26,41,793.35,403.85,54,0,train
2024-07-07,S02,SKU003,21.99,0,0.0,21.99,19.41,0,0.579,27,19,417.81,237.31,104,0,train
2024-07-08,S02,SKU003,21.99,1,0.1,19.79,21.3,0,0.572,27,34,672.86,349.86,89,0,train
2024-07-09,S02,SKU003,21.99,0,0.0,21.99,22.84,0,0.51,27,21,461.79,262.29,47,0,train
2024-07-10,S02,SKU003,21.99,0,0.0,21.99,21.28,0,0.62,27,24,527.76,299.76,94,0,train
2024-07-11,S02,SKU003,21.99,0,0.0,21.99,23.07,0,0.574,27,10,219.9,124.9,67,0,train
2024-07-12,S02,SKU003,21.99,0,0.0,21.99,21.43,0,0.519,27,23,505.77,287.27,32,0,train
2024-07-13,S02,SKU003,21.99,0,0.0,21.99,22.05,0,0.561,27,18,395.82,224.82,50,0,train
2024-07-14,S02,SKU003,21.99,0,0.0,21.99,21.39,0,0.582,28,19,417.81,237.31,31,0,train
2024-07-15,S02,SKU003,21.99,0,0.0,21.99,21.43,0,0.606,28,18,395.82,224.82,51,0,train
2024-07-16,S02,SKU003,21.99,0,0.0,21.99,21.63,0,0.54,28,24,527.76,299.76,49,0,train
2024-07-17,S02,SKU003,21.99,0,0.0,21.99,21.62,0,0.462,28,13,285.87,162.37,99,0,train
2024-07-18,S02,SKU003,21.99,0,0.0,21.99,21.5,0,0.48,28,35,769.65,437.15,48,0,train
2024-07-19,S02,SKU003,21.99,1,0.32,14.95,21.39,0,0.368,28,59,882.05,321.55,59,1,train
2024-07-20,S02,SKU003,21.99,0,0.0,21.99,19.02,0,0.455,28,30,659.7,374.7,47,0,train
2024-07-21,S02,SKU003,21.99,1,0.1,19.79,20.82,0,0.537,29,38,752.02,391.02,103,0,train
2024-07-22,S02,SKU003,21.99,1,0.16,18.47,22.08,0,0.513,29,25,461.75,224.25,25,1,train
2024-07-23,S02,SKU003,21.99,0,0.0,21.99,22.22,0,0.472,29,17,373.83,212.33,45,0,train
2024-07-24,S02,SKU003,21.99,0,0.0,21.99,20.61,0,0.451,29,20,439.8,249.8,56,0,train
2024-07-25,S02,SKU003,21.99,0,0.0,21.99,21.56,0,0.56,29,13,285.87,162.37,92,0,train
2024-07-26,S02,SKU003,21.99,0,0.0,21.99,21.02,0,0.475,29,19,417.81,237.31,96,0,train
2024-07-27,S02,SKU003,21.99,0,0.0,21.99,20.78,0,0.506,29,18,395.82,224.82,82,0,train
2024-07-28,S02,SKU003,21.99,0,0.0,21.99,22.76,0,0.468,30,13,285.87,162.37,64,0,train
2024-07-29,S02,SKU003,21.99,0,0.0,21.99,22.18,0,0.397,30,17,373.83,212.33,23,0,train
2024-07-30,S02,SKU003,21.99,0,0.0,21.99,22.08,0,0.524,30,24,527.76,299.76,29,0,train
2024-07-31,S02,SKU003,21.99,0,0.0,21.99,21.24,0,0.35,30,28,615.72,349.72,84,0,train
2024-08-01,S02,SKU003,21.99,1,0.24,16.71,22.96,0,0.345,30,52,868.92,374.92,76,0,train
2024-08-02,S02,SKU003,21.99,0,0.0,21.99,22.69,0,0.385,30,14,307.86,174.86,70,0,train
2024-08-03,S02,SKU003,21.99,0,0.0,21.99,20.61,0,0.36,30,24,527.76,299.76,98,0,train
2024-08-04,S02,SKU003,21.99,0,0.0,21.99,21.17,0,0.364,31,20,439.8,249.8,64,0,train
2024-08-05,S02,SKU003,21.99,1,0.12,19.35,20.24,0,0.355,31,30,580.5,295.5,46,0,train
2024-08-06,S02,SKU003,21.99,0,0.0,21.99,20.18,0,0.443,31,14,307.86,174.86,74,0,train
2024-08-07,S02,SKU003,21.99,0,0.0,21.99,20.57,0,0.381,31,15,329.85,187.35,82,0,train
2024-08-08,S02,SKU003,21.99,0,0.0,21.99,20.15,0,0.392,31,10,219.9,124.9,56,0,train
2024-08-09,S02,SKU003,21.99,0,0.0,21.99,21.7,0,0.269,31,25,549.75,312.25,46,0,train
2024-08-10,S02,SKU003,21.99,0,0.0,21.99,21.31,0,0.307,31,24,527.76,299.76,47,0,train
2024-08-11,S02,SKU003,21.99,0,0.0,21.99,22.1,0,0.417,32,23,505.77,287.27,39,0,train
2024-08-12,S02,SKU003,21.99,0,0.0,21.99,21.59,0,0.273,32,19,417.81,237.31,74,0,train
2024-08-13,S02,SKU003,21.99,1,0.28,15.83,22.04,0,0.41,32,49,775.67,310.17,68,0,train
2024-08-14,S02,SKU003,21.99,1,0.27,16.05,20.26,0,0.271,32,35,561.75,229.25,35,1,train
2024-08-15,S02,SKU003,21.99,0,0.0,21.99,21.39,0,0.344,32,19,417.81,237.31,70,0,train
2024-08-16,S02,SKU003,21.99,0,0.0,21.99,19.76,0,0.269,32,15,329.85,187.35,63,0,train
2024-08-17,S02,SKU003,21.99,0,0.0,21.99,21.12,0,0.326,32,35,769.65,437.15,85,0,train
2024-08-18,S02,SKU003,21.99,1,0.24,16.71,21.14,0,0.254,33,24,401.04,173.04,24,1,train
2024-08-19,S02,SKU003,21.99,0,0.0,21.99,20.07,0,0.287,33,17,373.83,212.33,73,0,train
2024-08-20,S02,SKU003,21.99,0,0.0,21.99,20.33,0,0.396,33,17,373.83,212.33,97,0,train
2024-08-21,S02,SKU003,21.99,0,0.0,21.99,21.62,0,0.268,33,13,285.87,162.37,22,0,train
2024-08-22,S02,SKU003,21.99,0,0.0,21.99,20.31,0,0.406,33,8,175.92,99.92,65,0,train
2024-08-23,S02,SKU003,21.99,0,0.0,21.99,21.55,0,0.251,33,19,417.81,237.31,85,0,train
2024-08-24,S02,SKU003,21.99,0,0.0,21.99,21.54,0,0.202,33,25,549.75,312.25,34,0,train
2024-08-25,S02,SKU003,21.99,0,0.0,21.99,20.5,0,0.272,34,21,461.79,262.29,86,0,train
2024-08-26,S02,SKU003,21.99,0,0.0,21.99,21.43,0,0.237,34,12,263.88,149.88,35,0,train
2024-08-27,S02,SKU003,21.99,0,0.0,21.99,20.55,0,0.362,34,19,417.81,237.31,42,0,train
2024-08-28,S02,SKU003,21.99,1,0.23,16.93,22.02,0,0.302,34,46,778.78,341.78,46,1,train
2024-08-29,S02,SKU003,21.99,0,0.0,21.99,20.87,0,0.316,34,15,329.85,187.35,103,0,train
2024-08-30,S02,SKU003,21.99,0,0.0,21.99,20.7,0,0.278,34,16,351.84,199.84,36,0,train
2024-08-31,S02,SKU003,21.99,1,0.28,15.83,21.08,0,0.383,34,56,886.48,354.48,79,0,train
2024-09-01,S02,SKU003,21.99,0,0.0,21.99,20.6,0,0.277,35,22,483.78,274.78,45,0,train
2024-09-02,S02,SKU003,21.99,0,0.0,21.99,21.69,1,0.257,35,22,483.78,274.78,51,0,train
2024-09-03,S02,SKU003,21.99,0,0.0,21.99,20.68,0,0.17,35,13,285.87,162.37,38,0,train
2024-09-04,S02,SKU003,21.99,1,0.26,16.27,21.6,0,0.16,35,30,488.1,203.1,71,0,train
2024-09-05,S02,SKU003,21.99,1,0.17,18.25,20.6,0,0.221,35,27,492.75,236.25,49,0,train
2024-09-06,S02,SKU003,21.99,0,0.0,21.99,19.19,0,0.265,35,12,263.88,149.88,51,0,train
2024-09-07,S02,SKU003,21.99,0,0.0,21.99,21.14,0,0.268,35,17,373.83,212.33,37,0,train
2024-09-08,S02,SKU003,21.99,1,0.22,17.15,21.21,0,0.14,36,49,840.35,374.85,57,0,train
2024-09-09,S02,SKU003,21.99,0,0.0,21.99,19.91,0,0.224,36,20,439.8,249.8,60,0,train
2024-09-10,S02,SKU003,21.99,0,0.0,21.99,21.22,0,0.199,36,19,417.81,237.31,72,0,train
2024-09-11,S02,SKU003,21.99,0,0.0,21.99,20.13,0,0.116,36,18,395.82,224.82,36,0,train
2024-09-12,S02,SKU003,21.99,0,0.0,21.99,21.46,0,0.21,36,18,395.82,224.82,98,0,train
2024-09-13,S02,SKU003,21.99,0,0.0,21.99,22.17,0,0.039,36,27,593.73,337.23,66,0,train
2024-09-14,S02,SKU003,21.99,0,0.0,21.99,21.5,0,0.187,36,23,505.77,287.27,57,0,train
2024-09-15,S02,SKU003,21.99,0,0.0,21.99,19.89,0,0.316,37,18,395.82,224.82,91,0,train
2024-09-16,S02,SKU003,21.99,0,0.0,21.99,22.84,0,0.102,37,20,439.8,249.8,68,0,train
2024-09-17,S02,SKU003,21.99,0,0.0,21.99,19.59,0,0.161,37,18,395.82,224.82,88,0,train
2024-09-18,S02,SKU003,21.99,0,0.0,21.99,18.73,0,0.043,37,9,197.91,112.41,34,0,train
2024-09-19,S02,SKU003,21.99,0,0.0,21.99,20.87,0,0.107,37,14,307.86,174.86,40,0,train
2024-09-20,S02,SKU003,21.99,0,0.0,21.99,22.06,0,0.195,37,10,219.9,124.9,99,0,train
2024-09-21,S02,SKU003,21.99,0,0.0,21.99,20.83,0,0.084,37,17,373.83,212.33,43,0,train
2024-09-22,S02,SKU003,21.99,0,0.0,21.99,21.72,0,0.141,38,20,439.8,249.8,32,0,train
2024-09-23,S02,SKU003,21.99,1,0.31,15.17,20.05,0,0.119,38,62,940.54,351.54,90,0,train
2024-09-24,S02,SKU003,21.99,0,0.0,21.99,21.45,0,0.114,38,14,307.86,174.86,69,0,train
2024-09-25,S02,SKU003,21.99,0,0.0,21.99,19.59,0,0.146,38,14,307.86,174.86,88,0,train
2024-09-26,S02,SKU003,21.99,0,0.0,21.99,22.05,0,0.16,38,19,417.81,237.31,94,0,train
2024-09-27,S02,SKU003,21.99,0,0.0,21.99,21.79,0,0.203,38,13,285.87,162.37,60,0,train
2024-09-28,S02,SKU003,21.99,0,0.0,21.99,21.3,0,0.176,38,25,549.75,312.25,37,0,train
2024-09-29,S02,SKU003,21.99,0,0.0,21.99,20.06,0,0.09,39,10,219.9,124.9,78,0,train
2024-09-30,S02,SKU003,21.99,0,0.0,21.99,18.85,0,0.207,39,12,263.88,149.88,68,0,train
2024-10-01,S02,SKU003,21.99,0,0.0,21.99,20.95,0,0.194,39,6,131.94,74.94,27,0,test
2024-10-02,S02,SKU003,21.99,1,0.22,17.15,21.35,0,0.024,39,36,617.4,275.4,36,1,test
2024-10-03,S02,SKU003,21.99,0,0.0,21.99,21.8,0,0.155,39,14,307.86,174.86,100,0,test
2024-10-04,S02,SKU003,21.99,1,0.23,16.93,20.32,0,0.163,39,35,592.55,260.05,45,0,test
2024-10-05,S02,SKU003,21.99,0,0.0,21.99,21.42,0,0.17,39,19,417.81,237.31,40,0,test
2024-10-06,S02,SKU003,21.99,0,0.0,21.99,20.54,0,0.143,40,15,329.85,187.35,64,0,test
2024-10-07,S02,SKU003,21.99,0,0.0,21.99,20.38,0,0.031,40,18,395.82,224.82,59,0,test
2024-10-08,S02,SKU003,21.99,0,0.0,21.99,20.66,0,0.091,40,11,241.89,137.39,58,0,test
2024-10-09,S02,SKU003,21.99,1,0.22,17.15,20.24,0,0.0,40,32,548.8,244.8,48,0,test
2024-10-10,S02,SKU003,21.99,0,0.0,21.99,20.76,0,0.096,40,14,307.86,174.86,62,0,test
2024-10-11,S02,SKU003,21.99,0,0.0,21.99,19.75,0,0.226,40,19,417.81,237.31,86,0,test
2024-10-12,S02,SKU003,21.99,0,0.0,21.99,20.83,0,0.144,40,16,351.84,199.84,88,0,test
2024-10-13,S02,SKU003,21.99,0,0.0,21.99,18.95,0,0.152,41,18,395.82,224.82,74,0,test
2024-10-14,S02,SKU003,21.99,1,0.21,17.37,22.07,0,0.071,41,36,625.32,283.32,53,0,test
2024-10-15,S02,SKU003,21.99,0,0.0,21.99,20.76,0,0.04,41,17,373.83,212.33,79,0,test
2024-10-16,S02,SKU003,21.99,1,0.25,16.49,22.29,0,0.036,41,50,824.5,349.5,97,0,test
2024-10-17,S02,SKU003,21.99,1,0.27,16.05,21.17,0,0.108,41,48,770.4,314.4,74,0,test
2024-10-18,S02,SKU003,21.99,1,0.22,17.15,20.99,0,0.052,41,29,497.35,221.85,29,1,test
2024-10-19,S02,SKU003,21.99,1,0.1,19.79,19.82,0,0.062,41,30,593.7,308.7,79,0,test
2024-10-20,S02,SKU003,21.99,0,0.0,21.99,20.43,0,0.169,42,21,461.79,262.29,96,0,test
2024-10-21,S02,SKU003,21.99,0,0.0,21.99,20.39,0,0.002,42,14,307.86,174.86,74,0,test
2024-10-22,S02,SKU003,21.99,0,0.0,21.99,21.15,0,0.022,42,17,373.83,212.33,84,0,test
2024-10-23,S02,SKU003,21.99,0,0.0,21.99,22.48,0,0.07,42,17,373.83,212.33,38,0,test
2024-10-24,S02,SKU003,21.99,0,0.0,21.99,21.51,0,0.095,42,11,241.89,137.39,65,0,test
2024-10-25,S02,SKU003,21.99,0,0.0,21.99,20.5,0,0.094,42,17,373.83,212.33,47,0,test
2024-10-26,S02,SKU003,21.99,0,0.0,21.99,20.59,0,0.019,42,16,351.84,199.84,52,0,test
2024-10-27,S02,SKU003,21.99,1,0.08,20.23,20.93,0,0.115,43,30,606.9,321.9,30,1,test
2024-10-28,S02,SKU003,21.99,1,0.19,17.81,20.19,0,0.097,43,35,623.35,290.85,90,0,test
2024-10-29,S02,SKU003,21.99,0,0.0,21.99,22.29,0,0.127,43,19,417.81,237.31,94,0,test
2024-10-30,S02,SKU003,21.99,0,0.0,21.99,21.05,0,0.042,43,17,373.83,212.33,72,0,test
2024-10-31,S02,SKU003,21.99,1,0.26,16.27,19.9,0,0.123,43,37,601.99,250.49,79,0,test
2024-11-01,S02,SKU003,21.99,0,0.0,21.99,21.6,0,0.123,43,15,329.85,187.35,55,0,test
2024-11-02,S02,SKU003,21.99,1,0.15,18.69,21.17,0,0.072,43,44,822.36,404.36,72,0,test
2024-11-03,S02,SKU003,21.99,0,0.0,21.99,20.85,0,0.1,44,11,241.89,137.39,83,0,test
2024-11-04,S02,SKU003,21.99,0,0.0,21.99,20.58,0,0.081,44,11,241.89,137.39,90,0,test
2024-11-05,S02,SKU003,21.99,0,0.0,21.99,21.4,0,0.198,44,12,263.88,149.88,47,0,test
2024-11-06,S02,SKU003,21.99,0,0.0,21.99,21.01,0,0.0,44,20,439.8,249.8,73,0,test
2024-11-07,S02,SKU003,21.99,1,0.22,17.15,22.4,0,0.034,44,42,720.3,321.3,42,0,test
2024-11-08,S02,SKU003,21.99,0,0.0,21.99,19.63,0,0.021,44,11,241.89,137.39,90,0,test
2024-11-09,S02,SKU003,21.99,1,0.05,20.89,21.07,0,0.103,44,36,752.04,410.04,36,1,test
2024-11-10,S02,SKU003,21.99,0,0.0,21.99,20.15,0,0.087,45,22,483.78,274.78,61,0,test
2024-11-11,S02,SKU003,21.99,0,0.0,21.99,21.04,0,0.106,45,13,285.87,162.37,46,0,test
2024-11-12,S02,SKU003,21.99,0,0.0,21.99,20.16,0,0.176,45,13,285.87,162.37,63,0,test
2024-01-01,S03,SKU001,10.49,0,0.0,10.49,10.61,1,0.291,0,15,157.35,94.35,64,0,train
