ai-ml-challenge-main/retail_pricing_demand_2024.csv
date,store_id,sku_id,base_price,promo_flag,promo_depth,final_price,competitor_price,holiday_flag,weather_index,week_of_year,units_sold,revenue,margin,stock_cap,stockout_flag,set
2024-01-02,S03,SKU001,10.49,0,0.0,10.49,10.59,0,0.459,0,15,157.35,94.35,70,0,train
2024-01-03,S03,SKU001,10.49,1,0.21,8.29,10.24,0,0.337,0,18,149.22,73.62,75,0,train
2024-01-04,S03,SKU001,10.49,0,0.0,10.49,10.34,0,0.381,0,17,178.33,106.93,30,0,train
2024-01-05,S03,SKU001,10.49,0,0.0,10.49,10.76,0,0.398,0,16,167.84,100.64,61,0,train
2024-01-06,S03,SKU001,10.49,0,0.0,10.49,10.43,0,0.365,0,11,115.39,69.19,71,0,train
2024-01-07,S03,SKU001,10.49,0,0.0,10.49,9.61,0,0.334,1,10,104.9,62.9,61,0,train
2024-01-08,S03,SKU001,10.49,0,0.0,10.49,10.84,0,0.462,1,8,83.92,50.32,23,0,train
2024-01-09,S03,SKU001,10.49,0,0.0,10.49,10.24,0,0.451,1,10,104.9,62.9,93,0,train
2024-01-10,S03,SKU001,10.49,1,0.14,9.02,10.75,0,0.319,1,12,108.24,57.84,64,0,train
2024-01-11,S03,SKU001,10.49,0,0.0,10.49,10.9,0,0.584,1,9,94.41,56.61,26,0,train
2024-01-12,S03,SKU001,10.49,0,0.0,10.49,10.91,0,0.508,1,11,115.39,69.19,25,0,train
2024-01-13,S03,SKU001,10.49,0,0.0,10.49,11.06,0,0.411,1,18,188.82,113.22,35,0,train
2024-01-14,S03,SKU001,10.49,0,0.0,10.49,10.76,0,0.518,2,16,167.84,100.64,69,0,train
2024-01-15,S03,SKU001,10.49,0,0.0,10.49,10.79,0,0.443,2,11,115.39,69.19,84,0,train
2024-01-16,S03,SKU001,10.49,0,0.0,10.49,10.6,0,0.474,2,13,136.37,81.77,97,0,train
2024-01-17,S03,SKU001,10.49,0,0.0,10.49,10.93,0,0.532,2,10,104.9,62.9,23,0,train
2024-01-18,S03,SKU001,10.49,0,0.0,10.49,10.32,0,0.416,2,15,157.35,94.35,75,0,train
2024-01-19,S03,SKU001,10.49,0,0.0,10.49,10.44,0,0.533,2,17,178.33,106.93,24,0,train
2024-01-20,S03,SKU001,10.49,0,0.0,10.49,11.18,0,0.589,2,18,188.82,113.22,93,0,train
2024-01-21,S03,SKU001,10.49,1,0.16,8.81,11.25,0,0.591,3,25,220.25,115.25,60,0,train
2024-01-22,S03,SKU001,10.49,0,0.0,10.49,10.05,0,0.501,3,13,136.37,81.77,26,0,train
2024-01-23,S03,SKU001,10.49,0,0.0,10.49,10.92,0,0.58,3,21,220.29,132.09,94,0,train
2024-01-24,S03,SKU001,10.49,1,0.26,7.76,10.64,0,0.435,3,18,139.68,64.08,63,0,train
2024-01-25,S03,SKU001,10.49,0,0.0,10.49,10.22,0,0.53,3,16,167.84,100.64,99,0,train
2024-01-26,S03,SKU001,10.49,1,0.15,8.92,11.18,0,0.573,3,22,196.24,103.84,88,0,train
2024-01-27,S03,SKU001,10.49,0,0.0,10.49,10.66,0,0.472,3,24,251.76,150.96,53,0,train
2024-01-28,S03,SKU001,10.49,1,0.21,8.29,10.53,0,0.555,4,29,240.41,118.61,42,0,train
2024-01-29,S03,SKU001,10.49,0,0.0,10.49,10.85,0,0.67,4,16,167.84,100.64,39,0,train
2024-01-30,S03,SKU001,10.49,1,0.22,8.18,10.5,0,0.731,4,23,188.14,91.54,88,0,train
2024-01-31,S03,SKU001,10.49,0,0.0,10.49,10.5,0,0.627,4,16,167.84,100.64,31,0,train
2024-02-01,S03,SKU001,10.49,0,0.0,10.49,10.36,0,0.637,4,16,167.84,100.64,73,0,train
2024-02-02,S03,SKU001,10.49,0,0.0,10.49,10.48,0,0.536,4,18,188.82,113.22,41,0,train
2024-02-03,S03,SKU001,10.49,0,0.0,10.49,10.51,0,0.528,4,18,188.82,113.22,43,0,train
2024-02-04,S03,SKU001,10.49,0,0.0,10.49,11.34,0,0.522,5,16,167.84,100.64,43,0,train
2024-02-05,S03,SKU001,10.49,0,0.0,10.49,11.73,0,0.646,5,14,146.86,88.06,102,0,train
2024-02-06,S03,SKU001,10.49,0,0.0,10.49,11.08,0,0.665,5,17,178.33,106.93,104,0,train
2024-02-07,S03,SKU001,10.49,1,0.23,8.08,10.36,0,0.587,5,33,266.64,128.04,70,0,train
2024-02-08,S03,SKU001,10.49,0,0.0,10.49,10.56,0,0.559,5,11,115.39,69.19,103,0,train
2024-02-09,S03,SKU001,10.49,0,0.0,10.49,11.13,1,0.655,5,17,178.33,106.93,65,0,train
2024-02-10,S03,SKU001,10.49,0,0.0,10.49,11.28,0,0.665,5,18,188.82,113.22,43,0,train
2024-02-11,S03,SKU001,10.49,0,0.0,10.49,10.61,0,0.645,6,14,146.86,88.06,97,0,train
2024-02-12,S03,SKU001,10.49,0,0.0,10.49,10.54,0,0.735,6,8,83.92,50.32,58,0,train
2024-02-13,S03,SKU001,10.49,1,0.25,7.87,10.87,0,0.66,6,23,181.01,84.41,44,0,train
2024-02-14,S03,SKU001,10.49,0,0.0,10.49,11.06,0,0.667,6,17,178.33,106.93,28,0,train
2024-02-15,S03,SKU001,10.49,0,0.0,10.49,11.19,0,0.611,6,13,136.37,81.77,95,0,train
2024-02-16,S03,SKU001,10.49,0,0.0,10.49,11.19,0,0.692,6,13,136.37,81.77,98,0,train
2024-02-17,S03,SKU001,10.49,0,0.0,10.49,10.7,0,0.771,6,18,188.82,113.22,60,0,train
2024-02-18,S03,SKU001,10.49,0,0.0,10.49,10.55,0,0.699,7,19,199.31,119.51,103,0,train
2024-02-19,S03,SKU001,10.49,0,0.0,10.49,10.7,0,0.706,7,17,178.33,106.93,31,0,train
2024-02-20,S03,SKU001,10.49,0,0.0,10.49,11.47,0,0.734,7,16,167.84,100.64,66,0,train
2024-02-21,S03,SKU001,10.49,0,0.0,10.49,10.84,0,0.73,7,21,220.29,132.09,93,0,train
2024-02-22,S03,SKU001,10.49,0,0.0,10.49,10.78,0,0.751,7,16,167.84,100.64,45,0,train
2024-02-23,S03,SKU001,10.49,0,0.0,10.49,11.74,0,0.757,7,23,241.27,144.67,57,0,train
2024-02-24,S03,SKU001,10.49,0,0.0,10.49,10.86,0,0.768,7,23,241.27,144.67,34,0,train
2024-02-25,S03,SKU001,10.49,0,0.0,10.49,11.32,0,0.689,8,20,209.8,125.8,98,0,train
2024-02-26,S03,SKU001,10.49,0,0.0,10.49,11.6,0,0.76,8,13,136.37,81.77,76,0,train
2024-02-27,S03,SKU001,10.49,0,0.0,10.49,10.69,0,0.651,8,12,125.88,75.48,51,0,train
2024-02-28,S03,SKU001,10.49,0,0.0,10.49,11.07,0,0.769,8,11,115.39,69.19,101,0,train
2024-02-29,S03,SKU001,10.49,0,0.0,10.49,11.07,0,0.682,8,18,188.82,113.22,80,0,train
2024-03-01,S03,SKU001,10.49,0,0.0,10.49,11.14,0,0.759,8,17,178.33,106.93,56,0,train
2024-03-02,S03,SKU001,10.49,1,0.26,7.76,11.04,0,0.797,8,41,318.16,145.96,42,0,train
2024-03-03,S03,SKU001,10.49,0,0.0,10.49,11.28,0,0.748,9,19,199.31,119.51,65,0,train
2024-03-04,S03,SKU001,10.49,0,0.0,10.49,12.05,0,0.784,9,19,199.31,119.51,93,0,train
2024-03-05,S03,SKU001,10.49,0,0.0,10.49,10.83,0,0.685,9,15,157.35,94.35,42,0,train
2024-03-06,S03,SKU001,10.49,1,0.18,8.6,10.62,0,0.737,9,23,197.8,101.2,29,0,train
2024-03-07,S03,SKU001,10.49,0,0.0,10.49,10.99,0,0.834,9,16,167.84,100.64,45,0,train
2024-03-08,S03,SKU001,10.49,0,0.0,10.49,10.65,0,0.728,9,15,157.35,94.35,47,0,train
2024-03-09,S03,SKU001,10.49,1,0.13,9.13,11.19,0,0.841,9,37,337.81,182.41,84,0,train
2024-03-10,S03,SKU001,10.49,1,0.29,7.45,11.82,0,0.723,10,22,163.9,71.5,22,1,train
2024-03-11,S03,SKU001,10.49,0,0.0,10.49,11.14,0,0.756,10,19,199.31,119.51,33,0,train
2024-03-12,S03,SKU001,10.49,0,0.0,10.49,11.36,0,0.749,10,16,167.84,100.64,89,0,train
2024-03-13,S03,SKU001,10.49,0,0.0,10.49,11.46,0,0.82,10,18,188.82,113.22,88,0,train
2024-03-14,S03,SKU001,10.49,0,0.0,10.49,10.87,0,0.855,10,23,241.27,144.67,44,0,train
2024-03-15,S03,SKU001,10.49,1,0.1,9.44,11.57,0,0.763,10,26,245.44,136.24,95,0,train
2024-03-16,S03,SKU001,10.49,0,0.0,10.49,10.81,0,0.82,10,20,209.8,125.8,44,0,train
2024-03-17,S03,SKU001,10.49,0,0.0,10.49,10.87,0,0.932,11,23,241.27,144.67,95,0,train
2024-03-18,S03,SKU001,10.49,0,0.0,10.49,11.38,0,0.82,11,12,125.88,75.48,43,0,train
2024-03-19,S03,SKU001,10.49,0,0.0,10.49,11.04,0,0.793,11,26,272.74,163.54,58,0,train
2024-03-20,S03,SKU001,10.49,0,0.0,10.49,11.28,0,0.869,11,18,188.82,113.22,68,0,train
2024-03-21,S03,SKU001,10.49,0,0.0,10.49,10.65,0,0.836,11,20,209.8,125.8,61,0,train
2024-03-22,S03,SKU001,10.49,0,0.0,10.49,11.76,0,0.811,11,16,167.84,100.64,54,0,train
2024-03-23,S03,SKU001,10.49,0,0.0,10.49,11.05,0,0.748,11,22,230.78,138.38,98,0,train
2024-03-24,S03,SKU001,10.49,0,0.0,10.49,11.17,0,0.908,12,19,199.31,119.51,31,0,train
2024-03-25,S03,SKU001,10.49,0,0.0,10.49,11.32,0,0.828,12,21,220.29,132.09,40,0,train
2024-03-26,S03,SKU001,10.49,0,0.0,10.49,11.57,0,0.865,12,17,178.33,106.93,87,0,train
2024-03-27,S03,SKU001,10.49,0,0.0,10.49,11.37,0,0.804,12,15,157.35,94.35,87,0,train
2024-03-28,S03,SKU001,10.49,0,0.0,10.49,11.34,0,0.948,12,19,199.31,119.51,61,0,train
2024-03-29,S03,SKU001,10.49,1,0.23,8.08,10.66,0,0.918,12,32,258.56,124.16,90,0,train
2024-03-30,S03,SKU001,10.49,0,0.0,10.49,11.65,0,0.934,12,24,251.76,150.96,92,0,train
2024-03-31,S03,SKU001,10.49,0,0.0,10.49,11.19,0,0.871,13,21,220.29,132.09,93,0,train
2024-04-01,S03,SKU001,10.49,0,0.0,10.49,11.09,0,0.908,13,19,199.31,119.51,45,0,train
2024-04-02,S03,SKU001,10.49,1,0.16,8.81,11.47,0,0.935,13,35,308.35,161.35,53,0,train
2024-04-03,S03,SKU001,10.49,0,0.0,10.49,10.94,0,0.945,13,21,220.29,132.09,25,0,train
2024-04-04,S03,SKU001,10.49,1,0.22,8.18,11.17,0,0.904,13,27,220.86,107.46,27,1,train
2024-04-05,S03,SKU001,10.49,0,0.0,10.49,10.92,0,0.884,13,15,157.35,94.35,79,0,train
2024-04-06,S03,SKU001,10.49,0,0.0,10.49,10.97,0,0.868,13,22,230.78,138.38,22,0,train
2024-04-07,S03,SKU001,10.49,0,0.0,10.49,11.22,0,0.846,14,25,262.25,157.25,34,0,train
2024-04-08,S03,SKU001,10.49,1,0.22,8.18,11.37,0,0.834,14,38,310.84,151.24,61,0,train
2024-04-09,S03,SKU001,10.49,1,0.23,8.08,10.91,0,0.915,14,38,307.04,147.44,55,0,train
2024-04-10,S03,SKU001,10.49,0,0.0,10.49,11.15,0,0.88,14,22,230.78,138.38,34,0,train
2024-04-11,S03,SKU001,10.49,0,0.0,10.49,11.44,0,0.776,14,29,304.21,182.41,65,0,train
2024-04-12,S03,SKU001,10.49,0,0.0,10.49,11.29,0,0.887,14,25,262.25,157.25,46,0,train
2024-04-13,S03,SKU001,10.49,0,0.0,10.49,11.28,0,0.961,14,27,283.23,169.83,87,0,train
2024-04-14,S03,SKU001,10.49,0,0.0,10.49,11.06,0,0.882,15,25,262.25,157.25,94,0,train
2024-04-15,S03,SKU001,10.49,0,0.0,10.49,11.22,0,0.788,15,25,262.25,157.25,62,0,train
2024-04-16,S03,SKU001,10.49,0,0.0,10.49,10.58,0,0.892,15,35,367.15,220.15,77,0,train
2024-04-17,S03,SKU001,10.49,1,0.23,8.08,11.08,0,0.947,15,24,193.92,93.12,24,1,train
2024-04-18,S03,SKU001,10.49,1,0.3,7.34,10.78,0,0.912,15,43,315.62,135.02,43,1,train
2024-04-19,S03,SKU001,10.49,0,0.0,10.49,10.76,0,0.874,15,19,199.31,119.51,102,0,train
2024-04-20,S03,SKU001,10.49,0,0.0,10.49,10.42,0,1.0,15,26,272.74,163.54,93,0,train
2024-04-21,S03,SKU001,10.49,0,0.0,10.49,10.37,0,1.0,16,32,335.68,201.28,77,0,train
2024-04-22,S03,SKU001,10.49,0,0.0,10.49,11.07,0,0.894,16,23,241.27,144.67,67,0,train
2024-04-23,S03,SKU001,10.49,1,0.24,7.97,11.13,0,0.948,16,36,286.92,135.72,86,0,train
2024-04-24,S03,SKU001,10.49,0,0.0,10.49,10.8,0,0.922,16,24,251.76,150.96,33,0,train
2024-04-25,S03,SKU001,10.49,0,0.0,10.49,11.45,0,0.945,16,27,283.23,169.83,68,0,train
2024-04-26,S03,SKU001,10.49,0,0.0,10.49,10.31,0,0.985,16,23,241.27,144.67,86,0,train
2024-04-27,S03,SKU001,10.49,0,0.0,10.49,11.76,0,0.946,16,24,251.76,150.96,35,0,train
2024-04-28,S03,SKU001,10.49,0,0.0,10.49,10.73,0,0.901,17,22,230.78,138.38,97,0,train
2024-04-29,S03,SKU001,10.49,0,0.0,10.49,11.58,0,0.856,17,33,346.17,207.57,44,0,train
2024-04-30,S03,SKU001,10.49,0,0.0,10.49,10.82,1,0.845,17,31,325.19,194.99,47,0,train
2024-05-01,S03,SKU001,10.49,0,0.0,10.49,10.25,1,0.891,17,26,272.74,163.54,81,0,train
2024-05-02,S03,SKU001,10.49,0,0.0,10.49,11.34,0,0.96,17,21,220.29,132.09,98,0,train
2024-05-03,S03,SKU001,10.49,1,0.23,8.08,11.57,0,0.907,17,42,339.36,162.96,42,1,train
2024-05-04,S03,SKU001,10.49,1,0.12,9.23,10.92,0,0.891,17,57,526.11,286.71,82,0,train
2024-05-05,S03,SKU001,10.49,0,0.0,10.49,10.67,0,0.901,18,35,367.15,220.15,35,1,train
2024-05-06,S03,SKU001,10.49,0,0.0,10.49,11.33,0,0.886,18,22,230.78,138.38,22,1,train
2024-05-07,S03,SKU001,10.49,1,0.24,7.97,10.72,0,0.915,18,46,366.62,173.42,65,0,train
2024-05-08,S03,SKU001,10.49,0,0.0,10.49,10.8,0,0.813,18,17,178.33,106.93,58,0,train
2024-05-09,S03,SKU001,10.49,0,0.0,10.49,11.17,0,0.759,18,22,230.78,138.38,44,0,train
2024-05-10,S03,SKU001,10.49,0,0.0,10.49,11.3,0,0.85,18,23,241.27,144.67,84,0,train
2024-05-11,S03,SKU001,10.49,1,0.12,9.23,10.4,0,0.804,18,39,359.97,196.17,39,1,train
2024-05-12,S03,SKU001,10.49,0,0.0,10.49,11.36,0,0.968,19,23,241.27,144.67,23,1,train
2024-05-13,S03,SKU001,10.49,0,0.0,10.49,10.15,0,0.858,19,25,262.25,157.25,103,0,train
2024-05-14,S03,SKU001,10.49,1,0.23,8.08,10.59,0,0.85,19,48,387.84,186.24,90,0,train
2024-05-15,S03,SKU001,10.49,0,0.0,10.49,10.75,0,0.77,19,32,335.68,201.28,74,0,train
2024-05-16,S03,SKU001,10.49,0,0.0,10.49,10.93,0,0.876,19,33,346.17,207.57,35,0,train
2024-05-17,S03,SKU001,10.49,1,0.22,8.18,10.94,0,0.819,19,40,327.2,159.2,88,0,train
2024-05-18,S03,SKU001,10.49,0,0.0,10.49,10.89,0,0.92,19,41,430.09,257.89,96,0,train
2024-05-19,S03,SKU001,10.49,1,0.26,7.76,11.66,0,0.9,20,68,527.68,242.08,90,0,train
2024-05-20,S03,SKU001,10.49,1,0.17,8.71,11.06,0,0.8,20,39,339.69,175.89,41,0,train
2024-05-21,S03,SKU001,10.49,0,0.0,10.49,10.96,0,0.868,20,28,293.72,176.12,28,1,train
2024-05-22,S03,SKU001,10.49,0,0.0,10.49,11.29,0,0.676,20,34,356.66,213.86,46,0,train
2024-05-23,S03,SKU001,10.49,0,0.0,10.49,10.87,0,0.795,20,16,167.84,100.64,24,0,train
2024-05-24,S03,SKU001,10.49,0,0.0,10.49,11.89,0,0.907,20,25,262.25,157.25,48,0,train
2024-05-25,S03,SKU001,10.49,0,0.0,10.49,10.92,0,0.875,20,35,367.15,220.15,100,0,train
2024-05-26,S03,SKU001,10.49,0,0.0,10.49,10.96,0,0.835,21,24,251.76,150.96,103,0,train
2024-05-27,S03,SKU001,10.49,0,0.0,10.49,10.53,0,0.818,21,34,356.66,213.86,78,0,train
2024-05-28,S03,SKU001,10.49,0,0.0,10.49,11.4,0,0.731,21,37,388.13,232.73,65,0,train
2024-05-29,S03,SKU001,10.49,0,0.0,10.49,10.89,0,0.73,21,26,272.74,163.54,37,0,train
2024-05-30,S03,SKU001,10.49,0,0.0,10.49,10.91,0,0.821,21,29,304.21,182.41,93,0,train
2024-05-31,S03,SKU001,10.49,0,0.0,10.49,10.66,0,0.908,21,37,388.13,232.73,65,0,train
2024-06-01,S03,SKU001,10.49,0,0.0,10.49,10.46,0,0.668,21,38,398.62,239.02,98,0,train
2024-06-02,S03,SKU001,10.49,0,0.0,10.49,11.11,0,0.831,22,28,293.72,176.12,39,0,train
2024-06-03,S03,SKU001,10.49,0,0.0,10.49,10.55,0,0.825,22,35,367.15,220.15,50,0,train
2024-06-04,S03,SKU001,10.49,0,0.0,10.49,10.28,0,0.841,22,32,335.68,201.28,55,0,train
2024-06-05,S03,SKU001,10.49,1,0.22,8.18,10.99,0,0.727,22,61,498.98,242.78,94,0,train
2024-06-06,S03,SKU001,10.49,1,0.17,8.71,11.29,0,0.742,22,26,226.46,117.26,26,1,train
2024-06-07,S03,SKU001,10.49,0,0.0,10.49,10.45,0,0.772,22,38,398.62,239.02,84,0,train
2024-06-08,S03,SKU001,10.49,0,0.0,10.49,10.34,0,0.702,22,31,325.19,194.99,46,0,train
2024-06-09,S03,SKU001,10.49,0,0.0,10.49,10.4,0,0.685,23,38,398.62,239.02,61,0,train
2024-06-10,S03,SKU001,10.49,0,0.0,10.49,10.89,0,0.7,23,26,272.74,163.54,26,1,train
2024-06-11,S03,SKU001,10.49,0,0.0,10.49,10.26,0,0.744,23,28,293.72,176.12,29,0,train
2024-06-12,S03,SKU001,10.49,0,0.0,10.49,10.73,0,0.765,23,28,293.72,176.12,46,0,train
2024-06-13,S03,SKU001,10.49,0,0.0,10.49,10.17,0,0.736,23,33,346.17,207.57,43,0,train
2024-06-14,S03,SKU001,10.49,1,0.21,8.29,10.62,0,0.736,23,76,630.04,310.84,100,0,train
2024-06-15,S03,SKU001,10.49,1,0.08,9.65,10.37,0,0.685,23,26,250.9,141.7,26,1,train
2024-06-16,S03,SKU001,10.49,0,0.0,10.49,10.08,0,0.677,24,41,430.09,257.89,94,0,train
2024-06-17,S03,SKU001,10.49,0,0.0,10.49,10.23,0,0.782,24,35,367.15,220.15,88,0,train
2024-06-18,S03,SKU001,10.49,0,0.0,10.49,10.69,0,0.705,24,46,482.54,289.34,63,0,train
2024-06-19,S03,SKU001,10.49,0,0.0,10.49,10.96,0,0.698,24,41,430.09,257.89,57,0,train
2024-06-20,S03,SKU001,10.49,0,0.0,10.49,10.96,0,0.753,24,33,346.17,207.57,87,0,train
2024-06-21,S03,SKU001,10.49,0,0.0,10.49,10.3,0,0.765,24,28,293.72,176.12,99,0,train
2024-06-22,S03,SKU001,10.49,0,0.0,10.49,10.22,0,0.761,24,41,430.09,257.89,51,0,train
2024-06-23,S03,SKU001,10.49,0,0.0,10.49,10.83,0,0.703,25,39,409.11,245.31,43,0,train
2024-06-24,S03,SKU001,10.49,0,0.0,10.49,10.97,0,0.669,25,40,419.6,251.6,99,0,train
2024-06-25,S03,SKU001,10.49,0,0.0,10.49,10.52,0,0.683,25,31,325.19,194.99,37,0,train
2024-06-26,S03,SKU001,10.49,0,0.0,10.49,10.66,0,0.671,25,44,461.56,276.76,92,0,train
2024-06-27,S03,SKU001,10.49,0,0.0,10.49,10.83,0,0.737,25,37,388.13,232.73,101,0,train
2024-06-28,S03,SKU001,10.49,0,0.0,10.49,10.43,0,0.665,25,25,262.25,157.25,25,1,train
2024-06-29,S03,SKU001,10.49,0,0.0,10.49,10.73,0,0.679,25,40,419.6,251.6,65,0,train
2024-06-30,S03,SKU001,10.49,0,0.0,10.49,10.48,0,0.633,26,39,409.11,245.31,85,0,train
2024-07-01,S03,SKU001,10.49,0,0.0,10.49,10.8,0,0.71,26,38,398.62,239.02,66,0,train
2024-07-02,S03,SKU001,10.49,0,0.0,10.49,10.4,0,0.498,26,22,230.78,138.38,102,0,train
2024-07-03,S03,SKU001,10.49,0,0.0,10.49,10.58,0,0.637,26,33,346.17,207.57,79,0,train
2024-07-04,S03,SKU001,10.49,0,0.0,10.49,10.5,0,0.653,26,31,325.19,194.99,39,0,train
2024-07-05,S03,SKU001,10.49,0,0.0,10.49,10.88,0,0.532,26,33,346.17,207.57,49,0,train
2024-07-06,S03,SKU001,10.49,0,0.0,10.49,10.08,0,0.724,26,29,304.21,182.41,29,1,train
2024-07-07,S03,SKU001,10.49,0,0.0,10.49,10.64,0,0.579,27,24,251.76,150.96,24,1,train
2024-07-08,S03,SKU001,10.49,0,0.0,10.49,10.29,0,0.572,27,25,262.25,157.25,38,0,train
2024-07-09,S03,SKU001,10.49,0,0.0,10.49,9.86,0,0.51,27,25,262.25,157.25,101,0,train
2024-07-10,S03,SKU001,10.49,0,0.0,10.49,10.9,0,0.62,27,38,398.62,239.02,64,0,train
2024-07-11,S03,SKU001,10.49,1,0.19,8.5,10.45,0,0.574,27,50,425.0,215.0,91,0,train
2024-07-12,S03,SKU001,10.49,0,0.0,10.49,10.67,0,0.519,27,39,409.11,245.31,48,0,train
2024-07-13,S03,SKU001,10.49,0,0.0,10.49,9.92,0,0.561,27,36,377.64,226.44,55,0,train
2024-07-14,S03,SKU001,10.49,0,0.0,10.49,10.17,0,0.582,28,42,440.58,264.18,97,0,train
2024-07-15,S03,SKU001,10.49,0,0.0,10.49,10.29,0,0.606,28,32,335.68,201.28,45,0,train
2024-07-16,S03,SKU001,10.49,0,0.0,10.49,10.23,0,0.54,28,34,356.66,213.86,34,1,train
2024-07-17,S03,SKU001,10.49,0,0.0,10.49,10.34,0,0.462,28,37,388.13,232.73,102,0,train
2024-07-18,S03,SKU001,10.49,1,0.16,8.81,10.65,0,0.48,28,30,264.3,138.3,30,1,train
2024-07-19,S03,SKU001,10.49,0,0.0,10.49,10.92,0,0.368,28,38,398.62,239.02,53,0,train
2024-07-20,S03,SKU001,10.49,1,0.18,8.6,9.7,0,0.455,28,79,679.4,347.6,90,0,train
2024-07-21,S03,SKU001,10.49,0,0.0,10.49,9.51,0,0.537,29,31,325.19,194.99,79,0,train
2024-07-22,S03,SKU001,10.49,0,0.0,10.49,10.03,0,0.513,29,47,493.03,295.63,55,0,train
2024-07-23,S03,SKU001,10.49,0,0.0,10.49,10.02,0,0.472,29,27,283.23,169.83,48,0,train
2024-07-24,S03,SKU001,10.49,0,0.0,10.49,9.78,0,0.451,29,31,325.19,194.99,31,1,train
2024-07-25,S03,SKU001,10.49,0,0.0,10.49,9.95,0,0.56,29,30,314.7,188.7,41,0,train
2024-07-26,S03,SKU001,10.49,0,0.0,10.49,10.33,0,0.475,29,32,335.68,201.28,32,1,train
2024-07-27,S03,SKU001,10.49,0,0.0,10.49,10.46,0,0.506,29,26,272.74,163.54,26,1,train
2024-07-28,S03,SKU001,10.49,0,0.0,10.49,10.55,0,0.468,30,47,493.03,295.63,69,0,train
2024-07-29,S03,SKU001,10.49,0,0.0,10.49,9.91,0,0.397,30,27,283.23,169.83,27,1,train
2024-07-30,S03,SKU001,10.49,0,0.0,10.49,10.68,0,0.524,30,33,346.17,207.57,104,0,train
