ai-ml-challenge-main/retail_pricing_demand_2024.csv
date,store_id,sku_id,base_price,promo_flag,promo_depth,final_price,competitor_price,holiday_flag,weather_index,week_of_year,units_sold,revenue,margin,stock_cap,stockout_flag,set
2024-07-31,S03,SKU001,10.49,0,0.0,10.49,9.84,0,0.35,30,39,409.11,245.31,40,0,train
2024-08-01,S03,SKU001,10.49,1,0.1,9.44,9.33,0,0.345,30,43,405.92,225.32,80,0,train
2024-08-02,S03,SKU001,10.49,0,0.0,10.49,10.34,0,0.385,30,37,388.13,232.73,82,0,train
2024-08-03,S03,SKU001,10.49,0,0.0,10.49,10.55,0,0.36,30,26,272.74,163.54,26,1,train
2024-08-04,S03,SKU001,10.49,0,0.0,10.49,10.28,0,0.364,31,26,272.74,163.54,54,0,train
2024-08-05,S03,SKU001,10.49,0,0.0,10.49,10.4,0,0.355,31,41,430.09,257.89,74,0,train
2024-08-06,S03,SKU001,10.49,0,0.0,10.49,10.25,0,0.443,31,26,272.74,163.54,32,0,train
2024-08-07,S03,SKU001,10.49,1,0.23,8.08,10.28,0,0.381,31,30,242.4,116.4,30,1,train
2024-08-08,S03,SKU001,10.49,0,0.0,10.49,9.28,0,0.392,31,28,293.72,176.12,85,0,train
2024-08-09,S03,SKU001,10.49,0,0.0,10.49,10.35,0,0.269,31,24,251.76,150.96,42,0,train
2024-08-10,S03,SKU001,10.49,0,0.0,10.49,10.09,0,0.307,31,34,356.66,213.86,85,0,train
2024-08-11,S03,SKU001,10.49,0,0.0,10.49,9.55,0,0.417,32,32,335.68,201.28,76,0,train
2024-08-12,S03,SKU001,10.49,0,0.0,10.49,10.47,0,0.273,32,31,325.19,194.99,84,0,train
2024-08-13,S03,SKU001,10.49,0,0.0,10.49,10.3,0,0.41,32,23,241.27,144.67,23,1,train
2024-08-14,S03,SKU001,10.49,1,0.14,9.02,9.69,0,0.271,32,58,523.16,279.56,83,0,train
2024-08-15,S03,SKU001,10.49,1,0.26,7.76,9.97,0,0.344,32,58,450.08,206.48,95,0,train
2024-08-16,S03,SKU001,10.49,1,0.31,7.24,9.98,0,0.269,32,25,181.0,76.0,25,1,train
2024-08-17,S03,SKU001,10.49,0,0.0,10.49,9.39,0,0.326,32,29,304.21,182.41,56,0,train
2024-08-18,S03,SKU001,10.49,0,0.0,10.49,10.12,0,0.254,33,41,430.09,257.89,80,0,train
2024-08-19,S03,SKU001,10.49,1,0.18,8.6,9.91,0,0.287,33,33,283.8,145.2,33,1,train
2024-08-20,S03,SKU001,10.49,0,0.0,10.49,9.96,0,0.396,33,33,346.17,207.57,89,0,train
2024-08-21,S03,SKU001,10.49,0,0.0,10.49,10.0,0,0.268,33,32,335.68,201.28,100,0,train
2024-08-22,S03,SKU001,10.49,0,0.0,10.49,9.75,0,0.406,33,36,377.64,226.44,61,0,train
2024-08-23,S03,SKU001,10.49,0,0.0,10.49,10.4,0,0.251,33,33,346.17,207.57,33,1,train
2024-08-24,S03,SKU001,10.49,1,0.22,8.18,10.2,0,0.202,33,38,310.84,151.24,38,1,train
2024-08-25,S03,SKU001,10.49,0,0.0,10.49,9.91,0,0.272,34,34,356.66,213.86,73,0,train
2024-08-26,S03,SKU001,10.49,1,0.13,9.13,9.34,0,0.237,34,54,493.02,266.22,102,0,train
2024-08-27,S03,SKU001,10.49,1,0.16,8.81,9.9,0,0.362,34,46,405.26,212.06,54,0,train
2024-08-28,S03,SKU001,10.49,1,0.26,7.76,9.71,0,0.302,34,65,504.4,231.4,69,0,train
2024-08-29,S03,SKU001,10.49,0,0.0,10.49,11.02,0,0.316,34,28,293.72,176.12,42,0,train
2024-08-30,S03,SKU001,10.49,0,0.0,10.49,9.83,0,0.278,34,25,262.25,157.25,51,0,train
2024-08-31,S03,SKU001,10.49,0,0.0,10.49,9.54,0,0.383,34,24,251.76,150.96,24,1,train
2024-09-01,S03,SKU001,10.49,0,0.0,10.49,9.82,0,0.277,35,40,419.6,251.6,103,0,train
2024-09-02,S03,SKU001,10.49,0,0.0,10.49,9.94,1,0.257,35,31,325.19,194.99,47,0,train
2024-09-03,S03,SKU001,10.49,0,0.0,10.49,9.61,0,0.17,35,16,167.84,100.64,29,0,train
2024-09-04,S03,SKU001,10.49,0,0.0,10.49,9.97,0,0.16,35,31,325.19,194.99,99,0,train
2024-09-05,S03,SKU001,10.49,0,0.0,10.49,9.59,0,0.221,35,27,283.23,169.83,64,0,train
2024-09-06,S03,SKU001,10.49,0,0.0,10.49,10.55,0,0.265,35,23,241.27,144.67,36,0,train
2024-09-07,S03,SKU001,10.49,1,0.18,8.6,10.45,0,0.268,35,23,197.8,101.2,23,1,train
2024-09-08,S03,SKU001,10.49,0,0.0,10.49,9.59,0,0.14,36,22,230.78,138.38,65,0,train
2024-09-09,S03,SKU001,10.49,0,0.0,10.49,9.91,0,0.224,36,29,304.21,182.41,48,0,train
2024-09-10,S03,SKU001,10.49,0,0.0,10.49,9.99,0,0.199,36,32,335.68,201.28,75,0,train
2024-09-11,S03,SKU001,10.49,0,0.0,10.49,9.81,0,0.116,36,25,262.25,157.25,62,0,train
2024-09-12,S03,SKU001,10.49,1,0.16,8.81,8.93,0,0.21,36,28,246.68,129.08,28,1,train
2024-09-13,S03,SKU001,10.49,0,0.0,10.49,9.53,0,0.039,36,28,293.72,176.12,78,0,train
2024-09-14,S03,SKU001,10.49,0,0.0,10.49,9.55,0,0.187,36,26,272.74,163.54,88,0,train
2024-09-15,S03,SKU001,10.49,0,0.0,10.49,9.82,0,0.316,37,35,367.15,220.15,46,0,train
2024-09-16,S03,SKU001,10.49,0,0.0,10.49,9.14,0,0.102,37,16,167.84,100.64,26,0,train
2024-09-17,S03,SKU001,10.49,1,0.17,8.71,9.93,0,0.161,37,37,322.27,166.87,70,0,train
2024-09-18,S03,SKU001,10.49,0,0.0,10.49,9.86,0,0.043,37,19,199.31,119.51,81,0,train
2024-09-19,S03,SKU001,10.49,0,0.0,10.49,9.7,0,0.107,37,26,272.74,163.54,68,0,train
2024-09-20,S03,SKU001,10.49,0,0.0,10.49,10.77,0,0.195,37,45,472.05,283.05,63,0,train
2024-09-21,S03,SKU001,10.49,0,0.0,10.49,9.48,0,0.084,37,26,272.74,163.54,40,0,train
2024-09-22,S03,SKU001,10.49,0,0.0,10.49,10.41,0,0.141,38,29,304.21,182.41,104,0,train
2024-09-23,S03,SKU001,10.49,0,0.0,10.49,10.23,0,0.119,38,27,283.23,169.83,68,0,train
2024-09-24,S03,SKU001,10.49,0,0.0,10.49,10.15,0,0.114,38,21,220.29,132.09,95,0,train
2024-09-25,S03,SKU001,10.49,0,0.0,10.49,10.12,0,0.146,38,28,293.72,176.12,79,0,train
2024-09-26,S03,SKU001,10.49,0,0.0,10.49,9.74,0,0.16,38,27,283.23,169.83,27,1,train
2024-09-27,S03,SKU001,10.49,0,0.0,10.49,9.68,0,0.203,38,23,241.27,144.67,66,0,train
2024-09-28,S03,SKU001,10.49,0,0.0,10.49,9.73,0,0.176,38,27,283.23,169.83,27,1,train
2024-09-29,S03,SKU001,10.49,0,0.0,10.49,9.34,0,0.09,39,27,283.23,169.83,63,0,train
2024-09-30,S03,SKU001,10.49,0,0.0,10.49,9.92,0,0.207,39,38,398.62,239.02,104,0,train
2024-10-01,S03,SKU001,10.49,0,0.0,10.49,9.94,0,0.194,39,16,167.84,100.64,75,0,test
2024-10-02,S03,SKU001,10.49,0,0.0,10.49,9.61,0,0.024,39,26,272.74,163.54,86,0,test
2024-10-03,S03,SKU001,10.49,0,0.0,10.49,10.37,0,0.155,39,16,167.84,100.64,78,0,test
2024-10-04,S03,SKU001,10.49,0,0.0,10.49,10.17,0,0.163,39,20,209.8,125.8,32,0,test
2024-10-05,S03,SKU001,10.49,0,0.0,10.49,10.59,0,0.17,39,24,251.76,150.96,34,0,test
2024-10-06,S03,SKU001,10.49,0,0.0,10.49,10.06,0,0.143,40,29,304.21,182.41,86,0,test
2024-10-07,S03,SKU001,10.49,0,0.0,10.49,9.5,0,0.031,40,11,115.39,69.19,38,0,test
2024-10-08,S03,SKU001,10.49,0,0.0,10.49,10.15,0,0.091,40,21,220.29,132.09,96,0,test
2024-10-09,S03,SKU001,10.49,0,0.0,10.49,9.8,0,0.0,40,25,262.25,157.25,77,0,test
2024-10-10,S03,SKU001,10.49,0,0.0,10.49,10.06,0,0.096,40,17,178.33,106.93,37,0,test
2024-10-11,S03,SKU001,10.49,1,0.23,8.08,10.39,0,0.226,40,50,404.0,194.0,100,0,test
2024-10-12,S03,SKU001,10.49,0,0.0,10.49,10.36,0,0.144,40,24,251.76,150.96,42,0,test
2024-10-13,S03,SKU001,10.49,0,0.0,10.49,10.46,0,0.152,41,26,272.74,163.54,87,0,test
2024-10-14,S03,SKU001,10.49,0,0.0,10.49,9.61,0,0.071,41,22,230.78,138.38,45,0,test
2024-10-15,S03,SKU001,10.49,1,0.08,9.65,9.54,0,0.04,41,31,299.15,168.95,44,0,test
2024-10-16,S03,SKU001,10.49,1,0.12,9.23,10.39,0,0.036,41,23,212.29,115.69,61,0,test
2024-10-17,S03,SKU001,10.49,0,0.0,10.49,9.84,0,0.108,41,29,304.21,182.41,44,0,test
2024-10-18,S03,SKU001,10.49,0,0.0,10.49,9.26,0,0.052,41,26,272.74,163.54,30,0,test
2024-10-19,S03,SKU001,10.49,0,0.0,10.49,10.04,0,0.062,41,31,325.19,194.99,69,0,test
2024-10-20,S03,SKU001,10.49,0,0.0,10.49,10.17,0,0.169,42,26,272.74,163.54,34,0,test
2024-10-21,S03,SKU001,10.49,0,0.0,10.49,9.82,0,0.002,42,25,262.25,157.25,69,0,test
2024-10-22,S03,SKU001,10.49,1,0.22,8.18,9.76,0,0.022,42,46,376.28,183.08,72,0,test
2024-10-23,S03,SKU001,10.49,0,0.0,10.49,9.43,0,0.07,42,18,188.82,113.22,35,0,test
2024-10-24,S03,SKU001,10.49,1,0.33,7.03,9.34,0,0.095,42,27,189.81,76.41,27,1,test
2024-10-25,S03,SKU001,10.49,0,0.0,10.49,9.48,0,0.094,42,20,209.8,125.8,88,0,test
2024-10-26,S03,SKU001,10.49,1,0.19,8.5,9.28,0,0.019,42,47,399.5,202.1,100,0,test
2024-10-27,S03,SKU001,10.49,1,0.09,9.55,10.05,0,0.115,43,30,286.5,160.5,30,1,test
2024-10-28,S03,SKU001,10.49,0,0.0,10.49,9.97,0,0.097,43,19,199.31,119.51,60,0,test
2024-10-29,S03,SKU001,10.49,1,0.32,7.13,9.86,0,0.127,43,54,385.02,158.22,82,0,test
2024-10-30,S03,SKU001,10.49,0,0.0,10.49,9.96,0,0.042,43,23,241.27,144.67,43,0,test
2024-10-31,S03,SKU001,10.49,0,0.0,10.49,10.18,0,0.123,43,23,241.27,144.67,82,0,test
2024-11-01,S03,SKU001,10.49,0,0.0,10.49,10.2,0,0.123,43,16,167.84,100.64,57,0,test
2024-11-02,S03,SKU001,10.49,0,0.0,10.49,11.18,0,0.072,43,23,241.27,144.67,41,0,test
2024-11-03,S03,SKU001,10.49,0,0.0,10.49,10.01,0,0.1,44,15,157.35,94.35,50,0,test
2024-11-04,S03,SKU001,10.49,0,0.0,10.49,10.03,0,0.081,44,19,199.31,119.51,52,0,test
2024-11-05,S03,SKU001,10.49,0,0.0,10.49,9.67,0,0.198,44,22,230.78,138.38,67,0,test
2024-11-06,S03,SKU001,10.49,0,0.0,10.49,9.21,0,0.0,44,21,220.29,132.09,66,0,test
2024-11-07,S03,SKU001,10.49,0,0.0,10.49,10.14,0,0.034,44,23,241.27,144.67,63,0,test
2024-11-08,S03,SKU001,10.49,0,0.0,10.49,9.52,0,0.021,44,16,167.84,100.64,99,0,test
2024-11-09,S03,SKU001,10.49,0,0.0,10.49,10.16,0,0.103,44,24,251.76,150.96,44,0,test
2024-11-10,S03,SKU001,10.49,0,0.0,10.49,9.98,0,0.087,45,19,199.31,119.51,31,0,test
2024-11-11,S03,SKU001,10.49,0,0.0,10.49,10.3,0,0.106,45,22,230.78,138.38,65,0,test
2024-11-12,S03,SKU001,10.49,0,0.0,10.49,10.25,0,0.176,45,17,178.33,106.93,29,0,test
2024-01-01,S03,SKU002,15.49,1,0.13,13.48,15.15,1,0.291,0,51,687.48,345.78,89,0,train
2024-01-02,S03,SKU002,15.49,0,0.0,15.49,15.48,0,0.459,0,29,449.21,254.91,80,0,train
2024-01-03,S03,SKU002,15.49,0,0.0,15.49,16.03,0,0.337,0,29,449.21,254.91,44,0,train
2024-01-04,S03,SKU002,15.49,1,0.19,12.55,15.54,0,0.381,0,29,363.95,169.65,29,1,train
2024-01-05,S03,SKU002,15.49,0,0.0,15.49,16.52,0,0.398,0,25,387.25,219.75,51,0,train
2024-01-06,S03,SKU002,15.49,0,0.0,15.49,15.4,0,0.365,0,27,418.23,237.33,50,0,train
2024-01-07,S03,SKU002,15.49,0,0.0,15.49,15.13,0,0.334,1,24,371.76,210.96,65,0,train
2024-01-08,S03,SKU002,15.49,0,0.0,15.49,14.89,0,0.462,1,23,356.27,202.17,99,0,train
2024-01-09,S03,SKU002,15.49,0,0.0,15.49,15.69,0,0.451,1,30,464.7,263.7,39,0,train
2024-01-10,S03,SKU002,15.49,1,0.2,12.39,15.83,0,0.319,1,33,408.87,187.77,68,0,train
2024-01-11,S03,SKU002,15.49,0,0.0,15.49,14.79,0,0.584,1,25,387.25,219.75,94,0,train
2024-01-12,S03,SKU002,15.49,0,0.0,15.49,16.25,0,0.508,1,29,449.21,254.91,103,0,train
2024-01-13,S03,SKU002,15.49,0,0.0,15.49,16.2,0,0.411,1,24,371.76,210.96,60,0,train
2024-01-14,S03,SKU002,15.49,1,0.19,12.55,15.72,0,0.518,2,66,828.3,386.1,70,0,train
2024-01-15,S03,SKU002,15.49,0,0.0,15.49,16.2,0,0.443,2,18,278.82,158.22,83,0,train
2024-01-16,S03,SKU002,15.49,0,0.0,15.49,16.05,0,0.474,2,27,418.23,237.33,72,0,train
2024-01-17,S03,SKU002,15.49,0,0.0,15.49,16.38,0,0.532,2,26,402.74,228.54,58,0,train
2024-01-18,S03,SKU002,15.49,1,0.26,11.46,15.02,0,0.416,2,57,653.22,271.32,57,1,train
2024-01-19,S03,SKU002,15.49,1,0.23,11.93,16.33,0,0.533,2,43,512.99,224.89,101,0,train
2024-01-20,S03,SKU002,15.49,0,0.0,15.49,15.96,0,0.589,2,35,542.15,307.65,76,0,train
2024-01-21,S03,SKU002,15.49,1,0.34,10.22,15.5,0,0.591,3,73,746.06,256.96,93,0,train
2024-01-22,S03,SKU002,15.49,0,0.0,15.49,15.77,0,0.501,3,17,263.33,149.43,52,0,train
2024-01-23,S03,SKU002,15.49,0,0.0,15.49,16.02,0,0.58,3,23,356.27,202.17,23,1,train
2024-01-24,S03,SKU002,15.49,0,0.0,15.49,16.42,0,0.435,3,24,371.76,210.96,24,1,train
2024-01-25,S03,SKU002,15.49,0,0.0,15.49,15.21,0,0.53,3,18,278.82,158.22,90,0,train
2024-01-26,S03,SKU002,15.49,0,0.0,15.49,16.08,0,0.573,3,17,263.33,149.43,40,0,train
2024-01-27,S03,SKU002,15.49,1,0.24,11.77,15.37,0,0.472,3,30,353.1,152.1,30,1,train
2024-01-28,S03,SKU002,15.49,0,0.0,15.49,15.04,0,0.555,4,33,511.17,290.07,74,0,train
2024-01-29,S03,SKU002,15.49,0,0.0,15.49,16.18,0,0.67,4,28,433.72,246.12,67,0,train
2024-01-30,S03,SKU002,15.49,0,0.0,15.49,15.57,0,0.731,4,24,371.76,210.96,101,0,train
2024-01-31,S03,SKU002,15.49,0,0.0,15.49,15.39,0,0.627,4,39,604.11,342.81,74,0,train
2024-02-01,S03,SKU002,15.49,0,0.0,15.49,16.33,0,0.637,4,13,201.37,114.27,88,0,train
2024-02-02,S03,SKU002,15.49,0,0.0,15.49,15.95,0,0.536,4,18,278.82,158.22,97,0,train
2024-02-03,S03,SKU002,15.49,0,0.0,15.49,16.12,0,0.528,4,23,356.27,202.17,73,0,train
2024-02-04,S03,SKU002,15.49,1,0.17,12.86,16.6,0,0.522,5,40,514.4,246.4,82,0,train
2024-02-05,S03,SKU002,15.49,0,0.0,15.49,16.36,0,0.646,5,25,387.25,219.75,67,0,train
2024-02-06,S03,SKU002,15.49,0,0.0,15.49,15.97,0,0.665,5,19,294.31,167.01,33,0,train
2024-02-07,S03,SKU002,15.49,0,0.0,15.49,16.07,0,0.587,5,16,247.84,140.64,91,0,train
2024-02-08,S03,SKU002,15.49,1,0.28,11.15,16.6,0,0.559,5,48,535.2,213.6,48,1,train
2024-02-09,S03,SKU002,15.49,0,0.0,15.49,17.06,1,0.655,5,30,464.7,263.7,83,0,train
2024-02-10,S03,SKU002,15.49,0,0.0,15.49,16.91,0,0.665,5,31,480.19,272.49,84,0,train
2024-02-11,S03,SKU002,15.49,0,0.0,15.49,15.56,0,0.645,6,22,340.78,193.38,45,0,train
2024-02-12,S03,SKU002,15.49,0,0.0,15.49,15.89,0,0.735,6,15,232.35,131.85,85,0,train
2024-02-13,S03,SKU002,15.49,0,0.0,15.49,14.97,0,0.66,6,13,201.37,114.27,97,0,train
2024-02-14,S03,SKU002,15.49,0,0.0,15.49,16.35,0,0.667,6,24,371.76,210.96,24,1,train
2024-02-15,S03,SKU002,15.49,0,0.0,15.49,16.16,0,0.611,6,32,495.68,281.28,71,0,train
2024-02-16,S03,SKU002,15.49,0,0.0,15.49,16.44,0,0.692,6,19,294.31,167.01,53,0,train
2024-02-17,S03,SKU002,15.49,0,0.0,15.49,14.75,0,0.771,6,28,433.72,246.12,102,0,train
2024-02-18,S03,SKU002,15.49,0,0.0,15.49,15.98,0,0.699,7,28,433.72,246.12,28,1,train
2024-02-19,S03,SKU002,15.49,0,0.0,15.49,15.63,0,0.706,7,18,278.82,158.22,72,0,train
2024-02-20,S03,SKU002,15.49,0,0.0,15.49,15.4,0,0.734,7,18,278.82,158.22,22,0,train
2024-02-21,S03,SKU002,15.49,1,0.17,12.86,16.38,0,0.73,7,47,604.42,289.52,77,0,train
2024-02-22,S03,SKU002,15.49,0,0.0,15.49,15.5,0,0.751,7,19,294.31,167.01,59,0,train
2024-02-23,S03,SKU002,15.49,0,0.0,15.49,15.34,0,0.757,7,26,402.74,228.54,72,0,train
2024-02-24,S03,SKU002,15.49,0,0.0,15.49,16.12,0,0.768,7,31,480.19,272.49,37,0,train
2024-02-25,S03,SKU002,15.49,1,0.36,9.91,16.21,0,0.689,8,22,218.02,70.62,22,1,train
2024-02-26,S03,SKU002,15.49,0,0.0,15.49,16.67,0,0.76,8,23,356.27,202.17,27,0,train
2024-02-27,S03,SKU002,15.49,0,0.0,15.49,16.3,0,0.651,8,31,480.19,272.49,44,0,train
2024-02-28,S03,SKU002,15.49,0,0.0,15.49,16.04,0,0.769,8,20,309.8,175.8,81,0,train
2024-02-29,S03,SKU002,15.49,0,0.0,15.49,16.42,0,0.682,8,15,232.35,131.85,67,0,train
2024-03-01,S03,SKU002,15.49,1,0.16,13.01,16.26,0,0.759,8,35,455.35,220.85,98,0,train
2024-03-02,S03,SKU002,15.49,0,0.0,15.49,17.51,0,0.797,8,28,433.72,246.12,94,0,train
2024-03-03,S03,SKU002,15.49,0,0.0,15.49,15.95,0,0.748,9,24,371.76,210.96,51,0,train
2024-03-04,S03,SKU002,15.49,0,0.0,15.49,15.21,0,0.784,9,18,278.82,158.22,93,0,train
2024-03-05,S03,SKU002,15.49,0,0.0,15.49,16.65,0,0.685,9,13,201.37,114.27,78,0,train
2024-03-06,S03,SKU002,15.49,0,0.0,15.49,16.09,0,0.737,9,24,371.76,210.96,42,0,train
2024-03-07,S03,SKU002,15.49,1,0.14,13.32,15.52,0,0.834,9,42,559.44,278.04,81,0,train
2024-03-08,S03,SKU002,15.49,1,0.31,10.69,15.94,0,0.728,9,40,427.6,159.6,48,0,train
2024-03-09,S03,SKU002,15.49,1,0.35,10.07,16.97,0,0.841,9,58,584.06,195.46,58,1,train
2024-03-10,S03,SKU002,15.49,0,0.0,15.49,16.36,0,0.723,10,19,294.31,167.01,26,0,train
2024-03-11,S03,SKU002,15.49,0,0.0,15.49,15.93,0,0.756,10,17,263.33,149.43,89,0,train
2024-03-12,S03,SKU002,15.49,0,0.0,15.49,15.87,0,0.749,10,23,356.27,202.17,73,0,train
2024-03-13,S03,SKU002,15.49,0,0.0,15.49,17.08,0,0.82,10,16,247.84,140.64,35,0,train
2024-03-14,S03,SKU002,15.49,0,0.0,15.49,15.84,0,0.855,10,18,278.82,158.22,55,0,train
2024-03-15,S03,SKU002,15.49,0,0.0,15.49,16.27,0,0.763,10,20,309.8,175.8,71,0,train
2024-03-16,S03,SKU002,15.49,0,0.0,15.49,16.37,0,0.82,10,20,309.8,175.8,47,0,train
2024-03-17,S03,SKU002,15.49,0,0.0,15.49,14.97,0,0.932,11,24,371.76,210.96,41,0,train
2024-03-18,S03,SKU002,15.49,0,0.0,15.49,16.07,0,0.82,11,16,247.84,140.64,77,0,train
2024-03-19,S03,SKU002,15.49,0,0.0,15.49,15.86,0,0.793,11,15,232.35,131.85,28,0,train
2024-03-20,S03,SKU002,15.49,0,0.0,15.49,16.07,0,0.869,11,20,309.8,175.8,48,0,train
2024-03-21,S03,SKU002,15.49,0,0.0,15.49,16.78,0,0.836,11,12,185.88,105.48,36,0,train
2024-03-22,S03,SKU002,15.49,0,0.0,15.49,17.07,0,0.811,11,25,387.25,219.75,85,0,train
2024-03-23,S03,SKU002,15.49,0,0.0,15.49,16.12,0,0.748,11,22,340.78,193.38,81,0,train
2024-03-24,S03,SKU002,15.49,1,0.21,12.24,16.58,0,0.908,12,49,599.76,271.46,96,0,train
2024-03-25,S03,SKU002,15.49,0,0.0,15.49,15.43,0,0.828,12,22,340.78,193.38,64,0,train
2024-03-26,S03,SKU002,15.49,0,0.0,15.49,16.22,0,0.865,12,24,371.76,210.96,30,0,train
2024-03-27,S03,SKU002,15.49,0,0.0,15.49,15.61,0,0.804,12,25,387.25,219.75,76,0,train
2024-03-28,S03,SKU002,15.49,0,0.0,15.49,16.64,0,0.948,12,20,309.8,175.8,71,0,train
2024-03-29,S03,SKU002,15.49,0,0.0,15.49,16.49,0,0.918,12,15,232.35,131.85,49,0,train
2024-03-30,S03,SKU002,15.49,0,0.0,15.49,17.79,0,0.934,12,18,278.82,158.22,28,0,train
2024-03-31,S03,SKU002,15.49,0,0.0,15.49,15.82,0,0.871,13,19,294.31,167.01,48,0,train
2024-04-01,S03,SKU002,15.49,0,0.0,15.49,16.9,0,0.908,13,21,325.29,184.59,90,0,train
2024-04-02,S03,SKU002,15.49,0,0.0,15.49,15.9,0,0.935,13,14,216.86,123.06,94,0,train
2024-04-03,S03,SKU002,15.49,0,0.0,15.49,16.62,0,0.945,13,22,340.78,193.38,72,0,train
2024-04-04,S03,SKU002,15.49,0,0.0,15.49,16.2,0,0.904,13,23,356.27,202.17,24,0,train
2024-04-05,S03,SKU002,15.49,0,0.0,15.49,16.83,0,0.884,13,19,294.31,167.01,33,0,train
2024-04-06,S03,SKU002,15.49,1,0.32,10.53,15.81,0,0.868,13,59,621.27,225.97,100,0,train
2024-04-07,S03,SKU002,15.49,0,0.0,15.49,16.51,0,0.846,14,16,247.84,140.64,81,0,train
2024-04-08,S03,SKU002,15.49,0,0.0,15.49,16.51,0,0.834,14,20,309.8,175.8,60,0,train
2024-04-09,S03,SKU002,15.49,0,0.0,15.49,17.41,0,0.915,14,26,402.74,228.54,28,0,train
2024-04-10,S03,SKU002,15.49,1,0.25,11.62,15.58,0,0.88,14,41,476.42,201.72,48,0,train
2024-04-11,S03,SKU002,15.49,0,0.0,15.49,16.62,0,0.776,14,15,232.35,131.85,75,0,train
2024-04-12,S03,SKU002,15.49,0,0.0,15.49,16.52,0,0.887,14,19,294.31,167.01,63,0,train
2024-04-13,S03,SKU002,15.49,0,0.0,15.49,15.93,0,0.961,14,26,402.74,228.54,97,0,train
2024-04-14,S03,SKU002,15.49,0,0.0,15.49,16.51,0,0.882,15,18,278.82,158.22,45,0,train
2024-04-15,S03,SKU002,15.49,0,0.0,15.49,16.18,0,0.788,15,29,449.21,254.91,90,0,train
2024-04-16,S03,SKU002,15.49,0,0.0,15.49,16.69,0,0.892,15,20,309.8,175.8,30,0,train
