ai-ml-challenge-main/retail_pricing_demand_2024.csv
date,store_id,sku_id,base_price,promo_flag,promo_depth,final_price,competitor_price,holiday_flag,weather_index,week_of_year,units_sold,revenue,margin,stock_cap,stockout_flag,set
2024-04-17,S03,SKU002,15.49,1,0.3,10.84,16.41,0,0.947,15,50,542.0,207.0,102,0,train
2024-04-18,S03,SKU002,15.49,1,0.32,10.53,16.73,0,0.912,15,33,347.49,126.39,33,1,train
2024-04-19,S03,SKU002,15.49,0,0.0,15.49,16.1,0,0.874,15,20,309.8,175.8,32,0,train
2024-04-20,S03,SKU002,15.49,1,0.17,12.86,15.9,0,1.0,15,36,462.96,221.76,90,0,train
2024-04-21,S03,SKU002,15.49,0,0.0,15.49,15.91,0,1.0,16,23,356.27,202.17,80,0,train
2024-04-22,S03,SKU002,15.49,1,0.12,13.63,16.17,0,0.894,16,22,299.86,152.46,22,1,train
2024-04-23,S03,SKU002,15.49,0,0.0,15.49,15.18,0,0.948,16,21,325.29,184.59,26,0,train
2024-04-24,S03,SKU002,15.49,0,0.0,15.49,15.89,0,0.922,16,22,340.78,193.38,99,0,train
2024-04-25,S03,SKU002,15.49,0,0.0,15.49,14.96,0,0.945,16,14,216.86,123.06,32,0,train
2024-04-26,S03,SKU002,15.49,0,0.0,15.49,16.59,0,0.985,16,16,247.84,140.64,80,0,train
2024-04-27,S03,SKU002,15.49,0,0.0,15.49,16.25,0,0.946,16,18,278.82,158.22,24,0,train
2024-04-28,S03,SKU002,15.49,0,0.0,15.49,16.3,0,0.901,17,25,387.25,219.75,66,0,train
2024-04-29,S03,SKU002,15.49,1,0.23,11.93,16.1,0,0.856,17,44,524.92,230.12,77,0,train
2024-04-30,S03,SKU002,15.49,0,0.0,15.49,16.41,1,0.845,17,25,387.25,219.75,28,0,train
2024-05-01,S03,SKU002,15.49,0,0.0,15.49,16.84,1,0.891,17,26,402.74,228.54,103,0,train
2024-05-02,S03,SKU002,15.49,0,0.0,15.49,15.09,0,0.96,17,18,278.82,158.22,77,0,train
2024-05-03,S03,SKU002,15.49,0,0.0,15.49,16.6,0,0.907,17,14,216.86,123.06,36,0,train
2024-05-04,S03,SKU002,15.49,1,0.28,11.15,15.91,0,0.891,17,49,546.35,218.05,49,1,train
2024-05-05,S03,SKU002,15.49,0,0.0,15.49,16.91,0,0.901,18,29,449.21,254.91,45,0,train
2024-05-06,S03,SKU002,15.49,0,0.0,15.49,17.18,0,0.886,18,16,247.84,140.64,88,0,train
2024-05-07,S03,SKU002,15.49,0,0.0,15.49,16.97,0,0.915,18,17,263.33,149.43,31,0,train
2024-05-08,S03,SKU002,15.49,0,0.0,15.49,16.68,0,0.813,18,9,139.41,79.11,68,0,train
2024-05-09,S03,SKU002,15.49,0,0.0,15.49,16.02,0,0.759,18,17,263.33,149.43,56,0,train
2024-05-10,S03,SKU002,15.49,0,0.0,15.49,16.26,0,0.85,18,19,294.31,167.01,37,0,train
2024-05-11,S03,SKU002,15.49,0,0.0,15.49,17.02,0,0.804,18,20,309.8,175.8,58,0,train
2024-05-12,S03,SKU002,15.49,1,0.15,13.17,16.01,0,0.968,19,38,500.46,245.86,68,0,train
2024-05-13,S03,SKU002,15.49,0,0.0,15.49,15.85,0,0.858,19,18,278.82,158.22,74,0,train
2024-05-14,S03,SKU002,15.49,0,0.0,15.49,15.48,0,0.85,19,11,170.39,96.69,32,0,train
2024-05-15,S03,SKU002,15.49,0,0.0,15.49,16.59,0,0.77,19,19,294.31,167.01,68,0,train
2024-05-16,S03,SKU002,15.49,0,0.0,15.49,16.08,0,0.876,19,11,170.39,96.69,36,0,train
2024-05-17,S03,SKU002,15.49,0,0.0,15.49,16.57,0,0.819,19,22,340.78,193.38,26,0,train
2024-05-18,S03,SKU002,15.49,0,0.0,15.49,15.77,0,0.92,19,15,232.35,131.85,103,0,train
2024-05-19,S03,SKU002,15.49,0,0.0,15.49,16.25,0,0.9,20,14,216.86,123.06,83,0,train
2024-05-20,S03,SKU002,15.49,0,0.0,15.49,17.34,0,0.8,20,20,309.8,175.8,32,0,train
2024-05-21,S03,SKU002,15.49,0,0.0,15.49,15.82,0,0.868,20,23,356.27,202.17,59,0,train
2024-05-22,S03,SKU002,15.49,0,0.0,15.49,16.08,0,0.676,20,18,278.82,158.22,44,0,train
2024-05-23,S03,SKU002,15.49,0,0.0,15.49,15.83,0,0.795,20,11,170.39,96.69,24,0,train
2024-05-24,S03,SKU002,15.49,0,0.0,15.49,16.97,0,0.907,20,14,216.86,123.06,31,0,train
2024-05-25,S03,SKU002,15.49,1,0.25,11.62,14.94,0,0.875,20,39,453.18,191.88,60,0,train
2024-05-26,S03,SKU002,15.49,1,0.25,11.62,16.11,0,0.835,21,39,453.18,191.88,39,1,train
2024-05-27,S03,SKU002,15.49,0,0.0,15.49,15.33,0,0.818,21,9,139.41,79.11,92,0,train
2024-05-28,S03,SKU002,15.49,0,0.0,15.49,15.68,0,0.731,21,19,294.31,167.01,68,0,train
2024-05-29,S03,SKU002,15.49,0,0.0,15.49,15.08,0,0.73,21,27,418.23,237.33,91,0,train
2024-05-30,S03,SKU002,15.49,0,0.0,15.49,15.72,0,0.821,21,17,263.33,149.43,72,0,train
2024-05-31,S03,SKU002,15.49,0,0.0,15.49,16.11,0,0.908,21,22,340.78,193.38,95,0,train
2024-06-01,S03,SKU002,15.49,0,0.0,15.49,15.23,0,0.668,21,20,309.8,175.8,72,0,train
2024-06-02,S03,SKU002,15.49,0,0.0,15.49,16.83,0,0.831,22,25,387.25,219.75,47,0,train
2024-06-03,S03,SKU002,15.49,0,0.0,15.49,16.15,0,0.825,22,13,201.37,114.27,38,0,train
2024-06-04,S03,SKU002,15.49,0,0.0,15.49,15.33,0,0.841,22,13,201.37,114.27,60,0,train
2024-06-05,S03,SKU002,15.49,0,0.0,15.49,16.51,0,0.727,22,22,340.78,193.38,48,0,train
2024-06-06,S03,SKU002,15.49,0,0.0,15.49,16.09,0,0.742,22,20,309.8,175.8,92,0,train
2024-06-07,S03,SKU002,15.49,0,0.0,15.49,16.02,0,0.772,22,23,356.27,202.17,25,0,train
2024-06-08,S03,SKU002,15.49,1,0.1,13.94,15.04,0,0.702,22,26,362.44,188.24,36,0,train
2024-06-09,S03,SKU002,15.49,0,0.0,15.49,15.55,0,0.685,23,29,449.21,254.91,38,0,train
2024-06-10,S03,SKU002,15.49,0,0.0,15.49,15.07,0,0.7,23,14,216.86,123.06,69,0,train
2024-06-11,S03,SKU002,15.49,1,0.15,13.17,15.35,0,0.744,23,48,632.16,310.56,55,0,train
2024-06-12,S03,SKU002,15.49,0,0.0,15.49,16.15,0,0.765,23,21,325.29,184.59,53,0,train
2024-06-13,S03,SKU002,15.49,0,0.0,15.49,15.53,0,0.736,23,16,247.84,140.64,73,0,train
2024-06-14,S03,SKU002,15.49,0,0.0,15.49,15.42,0,0.736,23,15,232.35,131.85,43,0,train
2024-06-15,S03,SKU002,15.49,0,0.0,15.49,16.72,0,0.685,23,20,309.8,175.8,26,0,train
2024-06-16,S03,SKU002,15.49,0,0.0,15.49,15.61,0,0.677,24,18,278.82,158.22,103,0,train
2024-06-17,S03,SKU002,15.49,0,0.0,15.49,15.89,0,0.782,24,18,278.82,158.22,64,0,train
2024-06-18,S03,SKU002,15.49,0,0.0,15.49,16.04,0,0.705,24,22,340.78,193.38,97,0,train
2024-06-19,S03,SKU002,15.49,0,0.0,15.49,15.46,0,0.698,24,22,340.78,193.38,42,0,train
2024-06-20,S03,SKU002,15.49,1,0.18,12.7,16.84,0,0.753,24,27,342.9,162.0,40,0,train
2024-06-21,S03,SKU002,15.49,0,0.0,15.49,15.53,0,0.765,24,11,170.39,96.69,98,0,train
2024-06-22,S03,SKU002,15.49,0,0.0,15.49,15.05,0,0.761,24,27,418.23,237.33,76,0,train
2024-06-23,S03,SKU002,15.49,0,0.0,15.49,16.18,0,0.703,25,22,340.78,193.38,68,0,train
2024-06-24,S03,SKU002,15.49,1,0.17,12.86,15.2,0,0.669,25,34,437.24,209.44,34,1,train
2024-06-25,S03,SKU002,15.49,1,0.17,12.86,15.33,0,0.683,25,32,411.52,197.12,84,0,train
2024-06-26,S03,SKU002,15.49,0,0.0,15.49,15.62,0,0.671,25,14,216.86,123.06,79,0,train
2024-06-27,S03,SKU002,15.49,0,0.0,15.49,16.24,0,0.737,25,15,232.35,131.85,46,0,train
2024-06-28,S03,SKU002,15.49,0,0.0,15.49,15.33,0,0.665,25,15,232.35,131.85,78,0,train
2024-06-29,S03,SKU002,15.49,0,0.0,15.49,15.83,0,0.679,25,22,340.78,193.38,78,0,train
2024-06-30,S03,SKU002,15.49,0,0.0,15.49,14.83,0,0.633,26,17,263.33,149.43,70,0,train
2024-07-01,S03,SKU002,15.49,1,0.24,11.77,15.66,0,0.71,26,25,294.25,126.75,25,1,train
2024-07-02,S03,SKU002,15.49,0,0.0,15.49,15.05,0,0.498,26,21,325.29,184.59,67,0,train
2024-07-03,S03,SKU002,15.49,0,0.0,15.49,16.34,0,0.637,26,23,356.27,202.17,76,0,train
2024-07-04,S03,SKU002,15.49,0,0.0,15.49,15.9,0,0.653,26,23,356.27,202.17,62,0,train
2024-07-05,S03,SKU002,15.49,0,0.0,15.49,16.3,0,0.532,26,14,216.86,123.06,80,0,train
2024-07-06,S03,SKU002,15.49,0,0.0,15.49,15.75,0,0.724,26,25,387.25,219.75,45,0,train
2024-07-07,S03,SKU002,15.49,1,0.25,11.62,14.33,0,0.579,27,51,592.62,250.92,51,1,train
2024-07-08,S03,SKU002,15.49,0,0.0,15.49,16.29,0,0.572,27,15,232.35,131.85,80,0,train
2024-07-09,S03,SKU002,15.49,0,0.0,15.49,16.1,0,0.51,27,23,356.27,202.17,75,0,train
2024-07-10,S03,SKU002,15.49,0,0.0,15.49,16.05,0,0.62,27,20,309.8,175.8,101,0,train
2024-07-11,S03,SKU002,15.49,1,0.24,11.77,14.33,0,0.574,27,45,529.65,228.15,104,0,train
2024-07-12,S03,SKU002,15.49,0,0.0,15.49,16.04,0,0.519,27,29,449.21,254.91,80,0,train
2024-07-13,S03,SKU002,15.49,1,0.08,14.25,15.13,0,0.561,27,33,470.25,249.15,76,0,train
2024-07-14,S03,SKU002,15.49,0,0.0,15.49,15.59,0,0.582,28,24,371.76,210.96,50,0,train
2024-07-15,S03,SKU002,15.49,0,0.0,15.49,15.63,0,0.606,28,14,216.86,123.06,79,0,train
2024-07-16,S03,SKU002,15.49,0,0.0,15.49,15.3,0,0.54,28,26,402.74,228.54,30,0,train
2024-07-17,S03,SKU002,15.49,0,0.0,15.49,15.25,0,0.462,28,19,294.31,167.01,66,0,train
2024-07-18,S03,SKU002,15.49,0,0.0,15.49,15.74,0,0.48,28,23,356.27,202.17,67,0,train
2024-07-19,S03,SKU002,15.49,0,0.0,15.49,15.51,0,0.368,28,14,216.86,123.06,57,0,train
2024-07-20,S03,SKU002,15.49,0,0.0,15.49,15.66,0,0.455,28,32,495.68,281.28,64,0,train
2024-07-21,S03,SKU002,15.49,0,0.0,15.49,15.6,0,0.537,29,21,325.29,184.59,36,0,train
2024-07-22,S03,SKU002,15.49,1,0.22,12.08,14.99,0,0.513,29,33,398.64,177.54,102,0,train
2024-07-23,S03,SKU002,15.49,0,0.0,15.49,14.29,0,0.472,29,22,340.78,193.38,55,0,train
2024-07-24,S03,SKU002,15.49,0,0.0,15.49,15.27,0,0.451,29,24,371.76,210.96,33,0,train
2024-07-25,S03,SKU002,15.49,0,0.0,15.49,14.94,0,0.56,29,21,325.29,184.59,28,0,train
2024-07-26,S03,SKU002,15.49,0,0.0,15.49,15.4,0,0.475,29,17,263.33,149.43,80,0,train
2024-07-27,S03,SKU002,15.49,0,0.0,15.49,15.54,0,0.506,29,32,495.68,281.28,94,0,train
2024-07-28,S03,SKU002,15.49,0,0.0,15.49,14.85,0,0.468,30,17,263.33,149.43,103,0,train
2024-07-29,S03,SKU002,15.49,0,0.0,15.49,15.13,0,0.397,30,14,216.86,123.06,57,0,train
2024-07-30,S03,SKU002,15.49,0,0.0,15.49,14.28,0,0.524,30,20,309.8,175.8,90,0,train
2024-07-31,S03,SKU002,15.49,0,0.0,15.49,15.38,0,0.35,30,20,309.8,175.8,63,0,train
2024-08-01,S03,SKU002,15.49,1,0.2,12.39,16.04,0,0.345,30,36,446.04,204.84,88,0,train
2024-08-02,S03,SKU002,15.49,0,0.0,15.49,14.83,0,0.385,30,22,340.78,193.38,52,0,train
2024-08-03,S03,SKU002,15.49,0,0.0,15.49,14.82,0,0.36,30,34,526.66,298.86,35,0,train
2024-08-04,S03,SKU002,15.49,0,0.0,15.49,15.47,0,0.364,31,21,325.29,184.59,26,0,train
2024-08-05,S03,SKU002,15.49,0,0.0,15.49,15.09,0,0.355,31,29,449.21,254.91,77,0,train
2024-08-06,S03,SKU002,15.49,0,0.0,15.49,14.62,0,0.443,31,17,263.33,149.43,65,0,train
2024-08-07,S03,SKU002,15.49,0,0.0,15.49,14.79,0,0.381,31,23,356.27,202.17,35,0,train
2024-08-08,S03,SKU002,15.49,0,0.0,15.49,15.28,0,0.392,31,28,433.72,246.12,61,0,train
2024-08-09,S03,SKU002,15.49,0,0.0,15.49,14.72,0,0.269,31,24,371.76,210.96,84,0,train
2024-08-10,S03,SKU002,15.49,0,0.0,15.49,15.18,0,0.307,31,23,356.27,202.17,41,0,train
2024-08-11,S03,SKU002,15.49,0,0.0,15.49,14.81,0,0.417,32,26,402.74,228.54,40,0,train
2024-08-12,S03,SKU002,15.49,0,0.0,15.49,14.41,0,0.273,32,22,340.78,193.38,93,0,train
2024-08-13,S03,SKU002,15.49,1,0.13,13.48,14.88,0,0.41,32,32,431.36,216.96,32,1,train
2024-08-14,S03,SKU002,15.49,0,0.0,15.49,15.87,0,0.271,32,27,418.23,237.33,65,0,train
2024-08-15,S03,SKU002,15.49,0,0.0,15.49,15.14,0,0.344,32,23,356.27,202.17,80,0,train
2024-08-16,S03,SKU002,15.49,0,0.0,15.49,15.17,0,0.269,32,26,402.74,228.54,73,0,train
2024-08-17,S03,SKU002,15.49,0,0.0,15.49,14.74,0,0.326,32,31,480.19,272.49,31,1,train
2024-08-18,S03,SKU002,15.49,0,0.0,15.49,14.51,0,0.254,33,33,511.17,290.07,89,0,train
2024-08-19,S03,SKU002,15.49,1,0.15,13.17,15.28,0,0.287,33,29,381.93,187.63,29,1,train
2024-08-20,S03,SKU002,15.49,1,0.24,11.77,13.84,0,0.396,33,50,588.5,253.5,97,0,train
2024-08-21,S03,SKU002,15.49,0,0.0,15.49,14.58,0,0.268,33,19,294.31,167.01,75,0,train
2024-08-22,S03,SKU002,15.49,0,0.0,15.49,14.45,0,0.406,33,22,340.78,193.38,75,0,train
2024-08-23,S03,SKU002,15.49,1,0.2,12.39,14.43,0,0.251,33,40,495.6,227.6,90,0,train
2024-08-24,S03,SKU002,15.49,0,0.0,15.49,14.77,0,0.202,33,26,402.74,228.54,64,0,train
2024-08-25,S03,SKU002,15.49,0,0.0,15.49,13.85,0,0.272,34,34,526.66,298.86,95,0,train
2024-08-26,S03,SKU002,15.49,1,0.12,13.63,14.98,0,0.237,34,34,463.42,235.62,40,0,train
2024-08-27,S03,SKU002,15.49,0,0.0,15.49,15.17,0,0.362,34,16,247.84,140.64,50,0,train
2024-08-28,S03,SKU002,15.49,0,0.0,15.49,15.11,0,0.302,34,17,263.33,149.43,33,0,train
2024-08-29,S03,SKU002,15.49,0,0.0,15.49,14.28,0,0.316,34,10,154.9,87.9,92,0,train
2024-08-30,S03,SKU002,15.49,0,0.0,15.49,15.53,0,0.278,34,19,294.31,167.01,95,0,train
2024-08-31,S03,SKU002,15.49,0,0.0,15.49,15.12,0,0.383,34,23,356.27,202.17,39,0,train
2024-09-01,S03,SKU002,15.49,0,0.0,15.49,14.93,0,0.277,35,27,418.23,237.33,73,0,train
2024-09-02,S03,SKU002,15.49,0,0.0,15.49,14.2,1,0.257,35,29,449.21,254.91,100,0,train
2024-09-03,S03,SKU002,15.49,0,0.0,15.49,14.88,0,0.17,35,24,371.76,210.96,28,0,train
2024-09-04,S03,SKU002,15.49,0,0.0,15.49,14.07,0,0.16,35,11,170.39,96.69,67,0,train
2024-09-05,S03,SKU002,15.49,1,0.15,13.17,13.86,0,0.221,35,40,526.8,258.8,53,0,train
2024-09-06,S03,SKU002,15.49,0,0.0,15.49,14.48,0,0.265,35,25,387.25,219.75,84,0,train
2024-09-07,S03,SKU002,15.49,0,0.0,15.49,14.77,0,0.268,35,36,557.64,316.44,76,0,train
2024-09-08,S03,SKU002,15.49,1,0.21,12.24,15.05,0,0.14,36,32,391.68,177.28,32,1,train
2024-09-09,S03,SKU002,15.49,0,0.0,15.49,14.04,0,0.224,36,28,433.72,246.12,36,0,train
2024-09-10,S03,SKU002,15.49,0,0.0,15.49,14.44,0,0.199,36,24,371.76,210.96,94,0,train
2024-09-11,S03,SKU002,15.49,0,0.0,15.49,14.64,0,0.116,36,29,449.21,254.91,29,1,train
2024-09-12,S03,SKU002,15.49,0,0.0,15.49,13.4,0,0.21,36,21,325.29,184.59,57,0,train
2024-09-13,S03,SKU002,15.49,0,0.0,15.49,14.57,0,0.039,36,26,402.74,228.54,69,0,train
2024-09-14,S03,SKU002,15.49,1,0.27,11.31,14.64,0,0.187,36,73,825.63,336.53,87,0,train
2024-09-15,S03,SKU002,15.49,1,0.09,14.1,14.45,0,0.316,37,44,620.4,325.6,44,1,train
2024-09-16,S03,SKU002,15.49,0,0.0,15.49,14.18,0,0.102,37,20,309.8,175.8,104,0,train
2024-09-17,S03,SKU002,15.49,0,0.0,15.49,15.28,0,0.161,37,21,325.29,184.59,49,0,train
2024-09-18,S03,SKU002,15.49,0,0.0,15.49,14.17,0,0.043,37,18,278.82,158.22,59,0,train
2024-09-19,S03,SKU002,15.49,0,0.0,15.49,14.9,0,0.107,37,26,402.74,228.54,26,1,train
2024-09-20,S03,SKU002,15.49,1,0.24,11.77,14.16,0,0.195,37,50,588.5,253.5,92,0,train
2024-09-21,S03,SKU002,15.49,0,0.0,15.49,13.62,0,0.084,37,32,495.68,281.28,50,0,train
2024-09-22,S03,SKU002,15.49,0,0.0,15.49,14.46,0,0.141,38,24,371.76,210.96,104,0,train
2024-09-23,S03,SKU002,15.49,1,0.24,11.77,14.69,0,0.119,38,24,282.48,121.68,24,1,train
2024-09-24,S03,SKU002,15.49,1,0.19,12.55,14.9,0,0.114,38,30,376.5,175.5,30,1,train
2024-09-25,S03,SKU002,15.49,0,0.0,15.49,14.65,0,0.146,38,26,402.74,228.54,68,0,train
2024-09-26,S03,SKU002,15.49,0,0.0,15.49,14.23,0,0.16,38,22,340.78,193.38,45,0,train
2024-09-27,S03,SKU002,15.49,0,0.0,15.49,14.92,0,0.203,38,26,402.74,228.54,28,0,train
2024-09-28,S03,SKU002,15.49,0,0.0,15.49,15.04,0,0.176,38,27,418.23,237.33,27,1,train
2024-09-29,S03,SKU002,15.49,1,0.28,11.15,15.54,0,0.09,39,73,813.95,324.85,97,0,train
2024-09-30,S03,SKU002,15.49,0,0.0,15.49,14.41,0,0.207,39,24,371.76,210.96,59,0,train
2024-10-01,S03,SKU002,15.49,0,0.0,15.49,15.35,0,0.194,39,35,542.15,307.65,35,0,test
2024-10-02,S03,SKU002,15.49,0,0.0,15.49,15.28,0,0.024,39,29,449.21,254.91,93,0,test
2024-10-03,S03,SKU002,15.49,0,0.0,15.49,14.66,0,0.155,39,19,294.31,167.01,82,0,test
2024-10-04,S03,SKU002,15.49,0,0.0,15.49,14.38,0,0.163,39,27,418.23,237.33,58,0,test
2024-10-05,S03,SKU002,15.49,0,0.0,15.49,14.97,0,0.17,39,43,666.07,377.97,100,0,test
2024-10-06,S03,SKU002,15.49,0,0.0,15.49,14.49,0,0.143,40,30,464.7,263.7,68,0,test
2024-10-07,S03,SKU002,15.49,0,0.0,15.49,14.99,0,0.031,40,25,387.25,219.75,94,0,test
2024-10-08,S03,SKU002,15.49,0,0.0,15.49,14.19,0,0.091,40,24,371.76,210.96,49,0,test
2024-10-09,S03,SKU002,15.49,0,0.0,15.49,14.44,0,0.0,40,28,433.72,246.12,28,0,test
2024-10-10,S03,SKU002,15.49,0,0.0,15.49,13.96,0,0.096,40,32,495.68,281.28,62,0,test
2024-10-11,S03,SKU002,15.49,0,0.0,15.49,14.82,0,0.226,40,25,387.25,219.75,45,0,test
2024-10-12,S03,SKU002,15.49,1,0.23,11.93,15.0,0,0.144,40,77,918.61,402.71,100,0,test
2024-10-13,S03,SKU002,15.49,0,0.0,15.49,14.08,0,0.152,41,25,387.25,219.75,89,0,test
2024-10-14,S03,SKU002,15.49,0,0.0,15.49,14.45,0,0.071,41,27,418.23,237.33,75,0,test
2024-10-15,S03,SKU002,15.49,0,0.0,15.49,14.68,0,0.04,41,30,464.7,263.7,51,0,test
2024-10-16,S03,SKU002,15.49,0,0.0,15.49,14.8,0,0.036,41,34,526.66,298.86,95,0,test
2024-10-17,S03,SKU002,15.49,0,0.0,15.49,14.46,0,0.108,41,27,418.23,237.33,27,1,test
2024-10-18,S03,SKU002,15.49,0,0.0,15.49,14.41,0,0.052,41,32,495.68,281.28,100,0,test
2024-10-19,S03,SKU002,15.49,0,0.0,15.49,14.12,0,0.062,41,22,340.78,193.38,22,1,test
2024-10-20,S03,SKU002,15.49,0,0.0,15.49,14.13,0,0.169,42,30,464.7,263.7,73,0,test
2024-10-21,S03,SKU002,15.49,0,0.0,15.49,14.62,0,0.002,42,29,449.21,254.91,49,0,test
2024-10-22,S03,SKU002,15.49,0,0.0,15.49,15.3,0,0.022,42,26,402.74,228.54,36,0,test
2024-10-23,S03,SKU002,15.49,0,0.0,15.49,14.07,0,0.07,42,23,356.27,202.17,74,0,test
2024-10-24,S03,SKU002,15.49,0,0.0,15.49,15.11,0,0.095,42,21,325.29,184.59,51,0,test
2024-10-25,S03,SKU002,15.49,0,0.0,15.49,14.59,0,0.094,42,32,495.68,281.28,56,0,test
2024-10-26,S03,SKU002,15.49,0,0.0,15.49,14.97,0,0.019,42,38,588.62,334.02,39,0,test
2024-10-27,S03,SKU002,15.49,0,0.0,15.49,14.06,0,0.115,43,37,573.13,325.23,50,0,test
2024-10-28,S03,SKU002,15.49,0,0.0,15.49,14.69,0,0.097,43,29,449.21,254.91,70,0,test
2024-10-29,S03,SKU002,15.49,0,0.0,15.49,14.5,0,0.127,43,35,542.15,307.65,66,0,test
2024-10-30,S03,SKU002,15.49,0,0.0,15.49,14.57,0,0.042,43,28,433.72,246.12,94,0,test
2024-10-31,S03,SKU002,15.49,0,0.0,15.49,15.35,0,0.123,43,25,387.25,219.75,67,0,test
2024-11-01,S03,SKU002,15.49,1,0.25,11.62,15.15,0,0.123,43,81,941.22,398.52,89,0,test
2024-11-02,S03,SKU002,15.49,0,0.0,15.49,15.43,0,0.072,43,42,650.58,369.18,42,1,test
2024-11-03,S03,SKU002,15.49,0,0.0,15.49,14.35,0,0.1,44,43,666.07,377.97,69,0,test
2024-11-04,S03,SKU002,15.49,0,0.0,15.49,14.62,0,0.081,44,27,418.23,237.33,30,0,test
2024-11-05,S03,SKU002,15.49,0,0.0,15.49,15.57,0,0.198,44,30,464.7,263.7,69,0,test
2024-11-06,S03,SKU002,15.49,0,0.0,15.49,14.5,0,0.0,44,23,356.27,202.17,30,0,test
2024-11-07,S03,SKU002,15.49,0,0.0,15.49,14.79,0,0.034,44,28,433.72,246.12,58,0,test
2024-11-08,S03,SKU002,15.49,0,0.0,15.49,15.58,0,0.021,44,23,356.27,202.17,43,0,test
2024-11-09,S03,SKU002,15.49,0,0.0,15.49,14.39,0,0.103,44,22,340.78,193.38,22,1,test
2024-11-10,S03,SKU002,15.49,0,0.0,15.49,14.83,0,0.087,45,27,418.23,237.33,27,1,test
2024-11-11,S03,SKU002,15.49,0,0.0,15.49,14.33,0,0.106,45,40,619.6,351.6,72,0,test
2024-11-12,S03,SKU002,15.49,0,0.0,15.49,15.34,0,0.176,45,39,604.11,342.81,40,0,test
