ai-ml-challenge-main/retail_pricing_demand_2024.csv
date,store_id,sku_id,base_price,promo_flag,promo_depth,final_price,competitor_price,holiday_flag,weather_index,week_of_year,units_sold,revenue,margin,stock_cap,stockout_flag,set
2024-01-01,S03,SKU003,21.99,0,0.0,21.99,22.0,1,0.291,0,23,505.77,287.27,53,0,train
2024-01-02,S03,SKU003,21.99,0,0.0,21.99,23.06,0,0.459,0,15,329.85,187.35,29,0,train
2024-01-03,S03,SKU003,21.99,0,0.0,21.99,21.18,0,0.337,0,21,461.79,262.29,91,0,train
2024-01-04,S03,SKU003,21.99,0,0.0,21.99,22.58,0,0.381,0,10,219.9,124.9,84,0,train
2024-01-05,S03,SKU003,21.99,1,0.25,16.49,22.84,0,0.398,0,38,626.62,265.62,55,0,train
2024-01-06,S03,SKU003,21.99,0,0.0,21.99,23.06,0,0.365,0,21,461.79,262.29,95,0,train
2024-01-07,S03,SKU003,21.99,0,0.0,21.99,22.51,0,0.334,1,16,351.84,199.84,104,0,train
2024-01-08,S03,SKU003,21.99,0,0.0,21.99,23.21,0,0.462,1,10,219.9,124.9,52,0,train
2024-01-09,S03,SKU003,21.99,0,0.0,21.99,22.12,0,0.451,1,14,307.86,174.86,41,0,train
2024-01-10,S03,SKU003,21.99,0,0.0,21.99,21.71,0,0.319,1,21,461.79,262.29,99,0,train
2024-01-11,S03,SKU003,21.99,0,0.0,21.99,21.19,0,0.584,1,10,219.9,124.9,28,0,train
2024-01-12,S03,SKU003,21.99,0,0.0,21.99,21.63,0,0.508,1,8,175.92,99.92,36,0,train
2024-01-13,S03,SKU003,21.99,0,0.0,21.99,22.13,0,0.411,1,22,483.78,274.78,81,0,train
2024-01-14,S03,SKU003,21.99,0,0.0,21.99,21.88,0,0.518,2,19,417.81,237.31,65,0,train
2024-01-15,S03,SKU003,21.99,0,0.0,21.99,22.28,0,0.443,2,13,285.87,162.37,31,0,train
2024-01-16,S03,SKU003,21.99,0,0.0,21.99,21.63,0,0.474,2,19,417.81,237.31,101,0,train
2024-01-17,S03,SKU003,21.99,0,0.0,21.99,21.17,0,0.532,2,12,263.88,149.88,64,0,train
2024-01-18,S03,SKU003,21.99,1,0.18,18.03,23.67,0,0.416,2,39,703.17,332.67,66,0,train
2024-01-19,S03,SKU003,21.99,1,0.12,19.35,22.14,0,0.533,2,37,715.95,364.45,75,0,train
2024-01-20,S03,SKU003,21.99,0,0.0,21.99,22.17,0,0.589,2,19,417.81,237.31,22,0,train
2024-01-21,S03,SKU003,21.99,0,0.0,21.99,24.01,0,0.591,3,12,263.88,149.88,26,0,train
2024-01-22,S03,SKU003,21.99,0,0.0,21.99,21.95,0,0.501,3,10,219.9,124.9,31,0,train
2024-01-23,S03,SKU003,21.99,1,0.3,15.39,21.8,0,0.58,3,47,723.33,276.83,67,0,train
2024-01-24,S03,SKU003,21.99,0,0.0,21.99,22.62,0,0.435,3,13,285.87,162.37,41,0,train
2024-01-25,S03,SKU003,21.99,1,0.19,17.81,22.6,0,0.53,3,38,676.78,315.78,38,1,train
2024-01-26,S03,SKU003,21.99,0,0.0,21.99,21.99,0,0.573,3,16,351.84,199.84,55,0,train
2024-01-27,S03,SKU003,21.99,0,0.0,21.99,22.44,0,0.472,3,20,439.8,249.8,46,0,train
2024-01-28,S03,SKU003,21.99,0,0.0,21.99,22.39,0,0.555,4,16,351.84,199.84,55,0,train
2024-01-29,S03,SKU003,21.99,0,0.0,21.99,22.18,0,0.67,4,14,307.86,174.86,69,0,train
2024-01-30,S03,SKU003,21.99,0,0.0,21.99,22.45,0,0.731,4,14,307.86,174.86,86,0,train
2024-01-31,S03,SKU003,21.99,0,0.0,21.99,22.79,0,0.627,4,13,285.87,162.37,30,0,train
2024-02-01,S03,SKU003,21.99,0,0.0,21.99,23.98,0,0.637,4,21,461.79,262.29,35,0,train
2024-02-02,S03,SKU003,21.99,0,0.0,21.99,21.99,0,0.536,4,20,439.8,249.8,91,0,train
2024-02-03,S03,SKU003,21.99,0,0.0,21.99,21.34,0,0.528,4,17,373.83,212.33,100,0,train
2024-02-04,S03,SKU003,21.99,1,0.32,14.95,23.57,0,0.522,5,67,1001.65,365.15,91,0,train
2024-02-05,S03,SKU003,21.99,0,0.0,21.99,22.84,0,0.646,5,19,417.81,237.31,58,0,train
2024-02-06,S03,SKU003,21.99,0,0.0,21.99,23.3,0,0.665,5,18,395.82,224.82,39,0,train
2024-02-07,S03,SKU003,21.99,1,0.16,18.47,24.02,0,0.587,5,35,646.45,313.95,59,0,train
2024-02-08,S03,SKU003,21.99,0,0.0,21.99,20.65,0,0.559,5,8,175.92,99.92,62,0,train
2024-02-09,S03,SKU003,21.99,0,0.0,21.99,24.43,1,0.655,5,20,439.8,249.8,92,0,train
2024-02-10,S03,SKU003,21.99,0,0.0,21.99,24.16,0,0.665,5,24,527.76,299.76,24,1,train
2024-02-11,S03,SKU003,21.99,1,0.28,15.83,21.87,0,0.645,6,59,933.97,373.47,101,0,train
2024-02-12,S03,SKU003,21.99,0,0.0,21.99,21.65,0,0.735,6,11,241.89,137.39,74,0,train
2024-02-13,S03,SKU003,21.99,0,0.0,21.99,23.0,0,0.66,6,13,285.87,162.37,57,0,train
2024-02-14,S03,SKU003,21.99,0,0.0,21.99,22.48,0,0.667,6,12,263.88,149.88,57,0,train
2024-02-15,S03,SKU003,21.99,0,0.0,21.99,22.75,0,0.611,6,14,307.86,174.86,23,0,train
2024-02-16,S03,SKU003,21.99,0,0.0,21.99,24.02,0,0.692,6,15,329.85,187.35,49,0,train
2024-02-17,S03,SKU003,21.99,0,0.0,21.99,23.21,0,0.771,6,10,219.9,124.9,50,0,train
2024-02-18,S03,SKU003,21.99,1,0.25,16.49,24.52,0,0.699,7,24,395.76,167.76,24,1,train
2024-02-19,S03,SKU003,21.99,0,0.0,21.99,21.83,0,0.706,7,14,307.86,174.86,81,0,train
2024-02-20,S03,SKU003,21.99,0,0.0,21.99,23.23,0,0.734,7,11,241.89,137.39,92,0,train
2024-02-21,S03,SKU003,21.99,0,0.0,21.99,23.01,0,0.73,7,19,417.81,237.31,39,0,train
2024-02-22,S03,SKU003,21.99,0,0.0,21.99,24.58,0,0.751,7,18,395.82,224.82,44,0,train
2024-02-23,S03,SKU003,21.99,0,0.0,21.99,23.04,0,0.757,7,14,307.86,174.86,79,0,train
2024-02-24,S03,SKU003,21.99,1,0.14,18.91,22.93,0,0.768,7,39,737.49,366.99,47,0,train
2024-02-25,S03,SKU003,21.99,0,0.0,21.99,23.14,0,0.689,8,18,395.82,224.82,37,0,train
2024-02-26,S03,SKU003,21.99,0,0.0,21.99,22.33,0,0.76,8,15,329.85,187.35,96,0,train
2024-02-27,S03,SKU003,21.99,1,0.23,16.93,22.75,0,0.651,8,44,744.92,326.92,97,0,train
2024-02-28,S03,SKU003,21.99,1,0.21,17.37,22.27,0,0.769,8,41,712.17,322.67,81,0,train
2024-02-29,S03,SKU003,21.99,0,0.0,21.99,25.5,0,0.682,8,15,329.85,187.35,22,0,train
2024-03-01,S03,SKU003,21.99,0,0.0,21.99,23.19,0,0.759,8,15,329.85,187.35,26,0,train
2024-03-02,S03,SKU003,21.99,0,0.0,21.99,23.34,0,0.797,8,20,439.8,249.8,87,0,train
2024-03-03,S03,SKU003,21.99,0,0.0,21.99,23.29,0,0.748,9,37,813.63,462.13,87,0,train
2024-03-04,S03,SKU003,21.99,1,0.32,14.95,23.66,0,0.784,9,61,911.95,332.45,93,0,train
2024-03-05,S03,SKU003,21.99,0,0.0,21.99,23.43,0,0.685,9,19,417.81,237.31,86,0,train
2024-03-06,S03,SKU003,21.99,0,0.0,21.99,22.5,0,0.737,9,18,395.82,224.82,60,0,train
2024-03-07,S03,SKU003,21.99,1,0.25,16.49,24.24,0,0.834,9,44,725.56,307.56,44,0,train
2024-03-08,S03,SKU003,21.99,0,0.0,21.99,24.93,0,0.728,9,16,351.84,199.84,52,0,train
2024-03-09,S03,SKU003,21.99,0,0.0,21.99,23.53,0,0.841,9,16,351.84,199.84,69,0,train
2024-03-10,S03,SKU003,21.99,0,0.0,21.99,22.77,0,0.723,10,22,483.78,274.78,81,0,train
2024-03-11,S03,SKU003,21.99,0,0.0,21.99,22.27,0,0.756,10,13,285.87,162.37,95,0,train
2024-03-12,S03,SKU003,21.99,0,0.0,21.99,23.98,0,0.749,10,20,439.8,249.8,61,0,train
2024-03-13,S03,SKU003,21.99,0,0.0,21.99,23.9,0,0.82,10,21,461.79,262.29,64,0,train
2024-03-14,S03,SKU003,21.99,0,0.0,21.99,22.41,0,0.855,10,10,219.9,124.9,83,0,train
2024-03-15,S03,SKU003,21.99,0,0.0,21.99,21.84,0,0.763,10,17,373.83,212.33,28,0,train
2024-03-16,S03,SKU003,21.99,0,0.0,21.99,24.01,0,0.82,10,19,417.81,237.31,60,0,train
2024-03-17,S03,SKU003,21.99,0,0.0,21.99,23.43,0,0.932,11,20,439.8,249.8,80,0,train
2024-03-18,S03,SKU003,21.99,0,0.0,21.99,23.5,0,0.82,11,12,263.88,149.88,42,0,train
2024-03-19,S03,SKU003,21.99,0,0.0,21.99,22.94,0,0.793,11,19,417.81,237.31,62,0,train
2024-03-20,S03,SKU003,21.99,0,0.0,21.99,23.0,0,0.869,11,10,219.9,124.9,89,0,train
2024-03-21,S03,SKU003,21.99,0,0.0,21.99,23.84,0,0.836,11,19,417.81,237.31,83,0,train
2024-03-22,S03,SKU003,21.99,0,0.0,21.99,23.45,0,0.811,11,17,373.83,212.33,52,0,train
2024-03-23,S03,SKU003,21.99,0,0.0,21.99,22.72,0,0.748,11,30,659.7,374.7,62,0,train
2024-03-24,S03,SKU003,21.99,0,0.0,21.99,22.79,0,0.908,12,22,483.78,274.78,93,0,train
2024-03-25,S03,SKU003,21.99,0,0.0,21.99,23.13,0,0.828,12,15,329.85,187.35,93,0,train
2024-03-26,S03,SKU003,21.99,0,0.0,21.99,22.9,0,0.865,12,13,285.87,162.37,70,0,train
2024-03-27,S03,SKU003,21.99,0,0.0,21.99,22.55,0,0.804,12,18,395.82,224.82,62,0,train
2024-03-28,S03,SKU003,21.99,0,0.0,21.99,21.95,0,0.948,12,19,417.81,237.31,43,0,train
2024-03-29,S03,SKU003,21.99,1,0.2,17.59,24.11,0,0.918,12,24,422.16,194.16,82,0,train
2024-03-30,S03,SKU003,21.99,0,0.0,21.99,22.46,0,0.934,12,25,549.75,312.25,100,0,train
2024-03-31,S03,SKU003,21.99,0,0.0,21.99,24.01,0,0.871,13,24,527.76,299.76,61,0,train
2024-04-01,S03,SKU003,21.99,0,0.0,21.99,23.04,0,0.908,13,18,395.82,224.82,41,0,train
2024-04-02,S03,SKU003,21.99,0,0.0,21.99,22.73,0,0.935,13,23,505.77,287.27,82,0,train
2024-04-03,S03,SKU003,21.99,1,0.26,16.27,24.13,0,0.945,13,50,813.5,338.5,75,0,train
2024-04-04,S03,SKU003,21.99,0,0.0,21.99,22.94,0,0.904,13,25,549.75,312.25,87,0,train
2024-04-05,S03,SKU003,21.99,1,0.27,16.05,24.34,0,0.884,13,29,465.45,189.95,29,1,train
2024-04-06,S03,SKU003,21.99,1,0.28,15.83,22.85,0,0.868,13,34,538.22,215.22,34,1,train
2024-04-07,S03,SKU003,21.99,1,0.2,17.59,24.47,0,0.846,14,38,668.42,307.42,38,1,train
2024-04-08,S03,SKU003,21.99,0,0.0,21.99,24.15,0,0.834,14,19,417.81,237.31,93,0,train
2024-04-09,S03,SKU003,21.99,0,0.0,21.99,24.25,0,0.915,14,22,483.78,274.78,38,0,train
2024-04-10,S03,SKU003,21.99,0,0.0,21.99,23.93,0,0.88,14,22,483.78,274.78,46,0,train
2024-04-11,S03,SKU003,21.99,0,0.0,21.99,23.47,0,0.776,14,26,571.74,324.74,52,0,train
2024-04-12,S03,SKU003,21.99,0,0.0,21.99,23.82,0,0.887,14,23,505.77,287.27,87,0,train
2024-04-13,S03,SKU003,21.99,0,0.0,21.99,22.86,0,0.961,14,19,417.81,237.31,74,0,train
2024-04-14,S03,SKU003,21.99,0,0.0,21.99,23.15,0,0.882,15,22,483.78,274.78,51,0,train
2024-04-15,S03,SKU003,21.99,0,0.0,21.99,22.19,0,0.788,15,25,549.75,312.25,54,0,train
2024-04-16,S03,SKU003,21.99,1,0.14,18.91,22.74,0,0.892,15,43,813.13,404.63,53,0,train
2024-04-17,S03,SKU003,21.99,0,0.0,21.99,22.57,0,0.947,15,20,439.8,249.8,64,0,train
2024-04-18,S03,SKU003,21.99,1,0.25,16.49,23.73,0,0.912,15,52,857.48,363.48,92,0,train
2024-04-19,S03,SKU003,21.99,0,0.0,21.99,22.17,0,0.874,15,24,527.76,299.76,62,0,train
2024-04-20,S03,SKU003,21.99,0,0.0,21.99,23.18,0,1.0,15,23,505.77,287.27,43,0,train
2024-04-21,S03,SKU003,21.99,1,0.27,16.05,22.33,0,1.0,16,54,866.7,353.7,54,1,train
2024-04-22,S03,SKU003,21.99,0,0.0,21.99,22.69,0,0.894,16,17,373.83,212.33,28,0,train
2024-04-23,S03,SKU003,21.99,0,0.0,21.99,22.98,0,0.948,16,29,637.71,362.21,39,0,train
2024-04-24,S03,SKU003,21.99,0,0.0,21.99,23.4,0,0.922,16,24,527.76,299.76,33,0,train
2024-04-25,S03,SKU003,21.99,0,0.0,21.99,23.4,0,0.945,16,23,505.77,287.27,66,0,train
2024-04-26,S03,SKU003,21.99,0,0.0,21.99,23.47,0,0.985,16,32,703.68,399.68,79,0,train
2024-04-27,S03,SKU003,21.99,0,0.0,21.99,23.39,0,0.946,16,24,527.76,299.76,93,0,train
2024-04-28,S03,SKU003,21.99,0,0.0,21.99,22.84,0,0.901,17,26,571.74,324.74,66,0,train
2024-04-29,S03,SKU003,21.99,0,0.0,21.99,22.92,0,0.856,17,20,439.8,249.8,87,0,train
2024-04-30,S03,SKU003,21.99,0,0.0,21.99,24.35,1,0.845,17,27,593.73,337.23,32,0,train
2024-05-01,S03,SKU003,21.99,0,0.0,21.99,22.02,1,0.891,17,21,461.79,262.29,73,0,train
2024-05-02,S03,SKU003,21.99,0,0.0,21.99,23.49,0,0.96,17,18,395.82,224.82,72,0,train
2024-05-03,S03,SKU003,21.99,0,0.0,21.99,23.65,0,0.907,17,18,395.82,224.82,98,0,train
2024-05-04,S03,SKU003,21.99,1,0.22,17.15,23.76,0,0.891,17,59,1011.85,451.35,59,1,train
2024-05-05,S03,SKU003,21.99,1,0.21,17.37,23.51,0,0.901,18,72,1250.64,566.64,76,0,train
2024-05-06,S03,SKU003,21.99,0,0.0,21.99,22.85,0,0.886,18,21,461.79,262.29,75,0,train
2024-05-07,S03,SKU003,21.99,0,0.0,21.99,23.32,0,0.915,18,24,527.76,299.76,38,0,train
2024-05-08,S03,SKU003,21.99,0,0.0,21.99,25.35,0,0.813,18,28,615.72,349.72,72,0,train
2024-05-09,S03,SKU003,21.99,0,0.0,21.99,23.65,0,0.759,18,21,461.79,262.29,58,0,train
2024-05-10,S03,SKU003,21.99,0,0.0,21.99,22.41,0,0.85,18,27,593.73,337.23,75,0,train
2024-05-11,S03,SKU003,21.99,0,0.0,21.99,23.42,0,0.804,18,22,483.78,274.78,83,0,train
2024-05-12,S03,SKU003,21.99,0,0.0,21.99,23.67,0,0.968,19,27,593.73,337.23,86,0,train
2024-05-13,S03,SKU003,21.99,0,0.0,21.99,23.35,0,0.858,19,17,373.83,212.33,78,0,train
2024-05-14,S03,SKU003,21.99,0,0.0,21.99,24.49,0,0.85,19,30,659.7,374.7,36,0,train
2024-05-15,S03,SKU003,21.99,0,0.0,21.99,23.24,0,0.77,19,23,505.77,287.27,39,0,train
2024-05-16,S03,SKU003,21.99,0,0.0,21.99,23.33,0,0.876,19,26,571.74,324.74,75,0,train
2024-05-17,S03,SKU003,21.99,0,0.0,21.99,24.97,0,0.819,19,23,505.77,287.27,41,0,train
2024-05-18,S03,SKU003,21.99,0,0.0,21.99,24.27,0,0.92,19,27,593.73,337.23,76,0,train
2024-05-19,S03,SKU003,21.99,0,0.0,21.99,23.49,0,0.9,20,30,659.7,374.7,31,0,train
2024-05-20,S03,SKU003,21.99,1,0.18,18.03,23.45,0,0.8,20,35,631.05,298.55,35,1,train
2024-05-21,S03,SKU003,21.99,0,0.0,21.99,22.29,0,0.868,20,19,417.81,237.31,97,0,train
2024-05-22,S03,SKU003,21.99,0,0.0,21.99,23.9,0,0.676,20,24,527.76,299.76,101,0,train
2024-05-23,S03,SKU003,21.99,0,0.0,21.99,22.1,0,0.795,20,26,571.74,324.74,92,0,train
2024-05-24,S03,SKU003,21.99,0,0.0,21.99,22.04,0,0.907,20,19,417.81,237.31,22,0,train
2024-05-25,S03,SKU003,21.99,0,0.0,21.99,21.99,0,0.875,20,26,571.74,324.74,37,0,train
2024-05-26,S03,SKU003,21.99,0,0.0,21.99,21.42,0,0.835,21,28,615.72,349.72,101,0,train
2024-05-27,S03,SKU003,21.99,0,0.0,21.99,22.6,0,0.818,21,26,571.74,324.74,94,0,train
2024-05-28,S03,SKU003,21.99,0,0.0,21.99,24.43,0,0.731,21,20,439.8,249.8,36,0,train
2024-05-29,S03,SKU003,21.99,0,0.0,21.99,22.24,0,0.73,21,23,505.77,287.27,23,1,train
2024-05-30,S03,SKU003,21.99,0,0.0,21.99,23.26,0,0.821,21,19,417.81,237.31,89,0,train
2024-05-31,S03,SKU003,21.99,0,0.0,21.99,22.53,0,0.908,21,25,549.75,312.25,52,0,train
2024-06-01,S03,SKU003,21.99,0,0.0,21.99,23.01,0,0.668,21,30,659.7,374.7,90,0,train
2024-06-02,S03,SKU003,21.99,0,0.0,21.99,23.34,0,0.831,22,32,703.68,399.68,63,0,train
2024-06-03,S03,SKU003,21.99,0,0.0,21.99,22.54,0,0.825,22,23,505.77,287.27,101,0,train
2024-06-04,S03,SKU003,21.99,0,0.0,21.99,22.47,0,0.841,22,27,593.73,337.23,27,1,train
2024-06-05,S03,SKU003,21.99,1,0.16,18.47,22.21,0,0.727,22,48,886.56,430.56,48,1,train
2024-06-06,S03,SKU003,21.99,1,0.19,17.81,21.15,0,0.742,22,56,997.36,465.36,67,0,train
2024-06-07,S03,SKU003,21.99,1,0.15,18.69,22.95,0,0.772,22,40,747.6,367.6,75,0,train
2024-06-08,S03,SKU003,21.99,0,0.0,21.99,23.71,0,0.702,22,20,439.8,249.8,81,0,train
2024-06-09,S03,SKU003,21.99,0,0.0,21.99,22.42,0,0.685,23,27,593.73,337.23,48,0,train
2024-06-10,S03,SKU003,21.99,0,0.0,21.99,22.25,0,0.7,23,27,593.73,337.23,41,0,train
2024-06-11,S03,SKU003,21.99,0,0.0,21.99,22.63,0,0.744,23,21,461.79,262.29,48,0,train
2024-06-12,S03,SKU003,21.99,0,0.0,21.99,23.1,0,0.765,23,20,439.8,249.8,96,0,train
2024-06-13,S03,SKU003,21.99,0,0.0,21.99,22.62,0,0.736,23,18,395.82,224.82,78,0,train
2024-06-14,S03,SKU003,21.99,0,0.0,21.99,23.14,0,0.736,23,22,483.78,274.78,87,0,train
2024-06-15,S03,SKU003,21.99,0,0.0,21.99,22.4,0,0.685,23,29,637.71,362.21,101,0,train
2024-06-16,S03,SKU003,21.99,1,0.14,18.91,21.93,0,0.677,24,53,1002.23,498.73,53,1,train
2024-06-17,S03,SKU003,21.99,0,0.0,21.99,23.74,0,0.782,24,24,527.76,299.76,103,0,train
2024-06-18,S03,SKU003,21.99,0,0.0,21.99,22.73,0,0.705,24,26,571.74,324.74,30,0,train
2024-06-19,S03,SKU003,21.99,1,0.28,15.83,20.12,0,0.698,24,66,1044.78,417.78,69,0,train
2024-06-20,S03,SKU003,21.99,0,0.0,21.99,21.42,0,0.753,24,26,571.74,324.74,28,0,train
2024-06-21,S03,SKU003,21.99,0,0.0,21.99,23.36,0,0.765,24,30,659.7,374.7,89,0,train
2024-06-22,S03,SKU003,21.99,0,0.0,21.99,21.91,0,0.761,24,30,659.7,374.7,87,0,train
2024-06-23,S03,SKU003,21.99,1,0.21,17.37,21.39,0,0.703,25,73,1268.01,574.51,82,0,train
2024-06-24,S03,SKU003,21.99,0,0.0,21.99,23.61,0,0.669,25,24,527.76,299.76,56,0,train
2024-06-25,S03,SKU003,21.99,0,0.0,21.99,22.95,0,0.683,25,13,285.87,162.37,95,0,train
2024-06-26,S03,SKU003,21.99,1,0.31,15.17,20.95,0,0.671,25,25,379.25,141.75,25,1,train
2024-06-27,S03,SKU003,21.99,0,0.0,21.99,21.74,0,0.737,25,26,571.74,324.74,30,0,train
2024-06-28,S03,SKU003,21.99,0,0.0,21.99,23.18,0,0.665,25,24,527.76,299.76,47,0,train
2024-06-29,S03,SKU003,21.99,0,0.0,21.99,21.39,0,0.679,25,30,659.7,374.7,74,0,train
2024-06-30,S03,SKU003,21.99,0,0.0,21.99,23.35,0,0.633,26,32,703.68,399.68,32,1,train
2024-07-01,S03,SKU003,21.99,0,0.0,21.99,21.33,0,0.71,26,21,461.79,262.29,102,0,train
2024-07-02,S03,SKU003,21.99,0,0.0,21.99,22.6,0,0.498,26,19,417.81,237.31,91,0,train
2024-07-03,S03,SKU003,21.99,0,0.0,21.99,21.71,0,0.637,26,31,681.69,387.19,72,0,train
2024-07-04,S03,SKU003,21.99,0,0.0,21.99,22.03,0,0.653,26,21,461.79,262.29,41,0,train
2024-07-05,S03,SKU003,21.99,1,0.3,15.39,22.58,0,0.532,26,68,1046.52,400.52,68,1,train
2024-07-06,S03,SKU003,21.99,1,0.19,17.81,21.05,0,0.724,26,55,979.55,457.05,55,1,train
2024-07-07,S03,SKU003,21.99,0,0.0,21.99,20.62,0,0.579,27,31,681.69,387.19,102,0,train
2024-07-08,S03,SKU003,21.99,0,0.0,21.99,21.54,0,0.572,27,15,329.85,187.35,72,0,train
2024-07-09,S03,SKU003,21.99,0,0.0,21.99,22.18,0,0.51,27,25,549.75,312.25,80,0,train
2024-07-10,S03,SKU003,21.99,1,0.17,18.25,21.98,0,0.62,27,32,584.0,280.0,32,1,train
2024-07-11,S03,SKU003,21.99,1,0.21,17.37,21.82,0,0.574,27,56,972.72,440.72,79,0,train
2024-07-12,S03,SKU003,21.99,0,0.0,21.99,22.27,0,0.519,27,23,505.77,287.27,82,0,train
2024-07-13,S03,SKU003,21.99,0,0.0,21.99,22.23,0,0.561,27,20,439.8,249.8,39,0,train
2024-07-14,S03,SKU003,21.99,0,0.0,21.99,21.89,0,0.582,28,28,615.72,349.72,96,0,train
2024-07-15,S03,SKU003,21.99,0,0.0,21.99,22.54,0,0.606,28,23,505.77,287.27,71,0,train
2024-07-16,S03,SKU003,21.99,0,0.0,21.99,19.44,0,0.54,28,18,395.82,224.82,82,0,train
2024-07-17,S03,SKU003,21.99,1,0.16,18.47,21.53,0,0.462,28,31,572.57,278.07,31,1,train
2024-07-18,S03,SKU003,21.99,0,0.0,21.99,21.83,0,0.48,28,18,395.82,224.82,66,0,train
2024-07-19,S03,SKU003,21.99,0,0.0,21.99,21.0,0,0.368,28,19,417.81,237.31,84,0,train
2024-07-20,S03,SKU003,21.99,1,0.14,18.91,21.86,0,0.455,28,61,1153.51,574.01,103,0,train
2024-07-21,S03,SKU003,21.99,0,0.0,21.99,21.3,0,0.537,29,40,879.6,499.6,92,0,train
2024-07-22,S03,SKU003,21.99,0,0.0,21.99,23.44,0,0.513,29,29,637.71,362.21,48,0,train
2024-07-23,S03,SKU003,21.99,0,0.0,21.99,21.28,0,0.472,29,22,483.78,274.78,37,0,train
2024-07-24,S03,SKU003,21.99,0,0.0,21.99,21.95,0,0.451,29,18,395.82,224.82,69,0,train
2024-07-25,S03,SKU003,21.99,0,0.0,21.99,20.76,0,0.56,29,23,505.77,287.27,77,0,train
2024-07-26,S03,SKU003,21.99,0,0.0,21.99,20.62,0,0.475,29,23,505.77,287.27,101,0,train
2024-07-27,S03,SKU003,21.99,0,0.0,21.99,22.05,0,0.506,29,33,725.67,412.17,75,0,train
2024-07-28,S03,SKU003,21.99,0,0.0,21.99,22.58,0,0.468,30,24,527.76,299.76,24,1,train
