ai-ml-challenge-main/retail_pricing_demand_2024.csv
date,store_id,sku_id,base_price,promo_flag,promo_depth,final_price,competitor_price,holiday_flag,weather_index,week_of_year,units_sold,revenue,margin,stock_cap,stockout_flag,set
2024-07-29,S03,SKU003,21.99,0,0.0,21.99,20.25,0,0.397,30,20,439.8,249.8,54,0,train
2024-07-30,S03,SKU003,21.99,0,0.0,21.99,21.91,0,0.524,30,27,593.73,337.23,36,0,train
2024-07-31,S03,SKU003,21.99,0,0.0,21.99,20.78,0,0.35,30,23,505.77,287.27,99,0,train
2024-08-01,S03,SKU003,21.99,0,0.0,21.99,21.25,0,0.345,30,19,417.81,237.31,34,0,train
2024-08-02,S03,SKU003,21.99,0,0.0,21.99,20.57,0,0.385,30,28,615.72,349.72,55,0,train
2024-08-03,S03,SKU003,21.99,0,0.0,21.99,20.24,0,0.36,30,28,615.72,349.72,28,1,train
2024-08-04,S03,SKU003,21.99,0,0.0,21.99,21.04,0,0.364,31,27,593.73,337.23,86,0,train
2024-08-05,S03,SKU003,21.99,0,0.0,21.99,21.72,0,0.355,31,15,329.85,187.35,97,0,train
2024-08-06,S03,SKU003,21.99,0,0.0,21.99,19.78,0,0.443,31,17,373.83,212.33,52,0,train
2024-08-07,S03,SKU003,21.99,0,0.0,21.99,21.07,0,0.381,31,14,307.86,174.86,78,0,train
2024-08-08,S03,SKU003,21.99,0,0.0,21.99,20.94,0,0.392,31,20,439.8,249.8,38,0,train
2024-08-09,S03,SKU003,21.99,0,0.0,21.99,20.11,0,0.269,31,15,329.85,187.35,91,0,train
2024-08-10,S03,SKU003,21.99,0,0.0,21.99,20.7,0,0.307,31,22,483.78,274.78,22,1,train
2024-08-11,S03,SKU003,21.99,0,0.0,21.99,22.06,0,0.417,32,18,395.82,224.82,55,0,train
2024-08-12,S03,SKU003,21.99,1,0.29,15.61,22.45,0,0.273,32,32,499.52,195.52,32,1,train
2024-08-13,S03,SKU003,21.99,0,0.0,21.99,21.41,0,0.41,32,23,505.77,287.27,89,0,train
2024-08-14,S03,SKU003,21.99,1,0.23,16.93,22.16,0,0.271,32,23,389.39,170.89,23,1,train
2024-08-15,S03,SKU003,21.99,1,0.16,18.47,20.91,0,0.344,32,60,1108.2,538.2,81,0,train
2024-08-16,S03,SKU003,21.99,0,0.0,21.99,22.11,0,0.269,32,20,439.8,249.8,96,0,train
2024-08-17,S03,SKU003,21.99,0,0.0,21.99,21.49,0,0.326,32,21,461.79,262.29,65,0,train
2024-08-18,S03,SKU003,21.99,0,0.0,21.99,20.86,0,0.254,33,22,483.78,274.78,73,0,train
2024-08-19,S03,SKU003,21.99,0,0.0,21.99,20.83,0,0.287,33,19,417.81,237.31,62,0,train
2024-08-20,S03,SKU003,21.99,0,0.0,21.99,20.56,0,0.396,33,25,549.75,312.25,31,0,train
2024-08-21,S03,SKU003,21.99,0,0.0,21.99,21.33,0,0.268,33,18,395.82,224.82,67,0,train
2024-08-22,S03,SKU003,21.99,0,0.0,21.99,19.76,0,0.406,33,13,285.87,162.37,64,0,train
2024-08-23,S03,SKU003,21.99,0,0.0,21.99,20.34,0,0.251,33,25,549.75,312.25,50,0,train
2024-08-24,S03,SKU003,21.99,0,0.0,21.99,20.03,0,0.202,33,22,483.78,274.78,64,0,train
2024-08-25,S03,SKU003,21.99,0,0.0,21.99,19.45,0,0.272,34,34,747.66,424.66,73,0,train
2024-08-26,S03,SKU003,21.99,0,0.0,21.99,21.15,0,0.237,34,21,461.79,262.29,95,0,train
2024-08-27,S03,SKU003,21.99,1,0.15,18.69,21.45,0,0.362,34,45,841.05,413.55,82,0,train
2024-08-28,S03,SKU003,21.99,0,0.0,21.99,19.73,0,0.302,34,22,483.78,274.78,77,0,train
2024-08-29,S03,SKU003,21.99,0,0.0,21.99,20.63,0,0.316,34,21,461.79,262.29,103,0,train
2024-08-30,S03,SKU003,21.99,0,0.0,21.99,21.5,0,0.278,34,16,351.84,199.84,26,0,train
2024-08-31,S03,SKU003,21.99,0,0.0,21.99,21.63,0,0.383,34,31,681.69,387.19,88,0,train
2024-09-01,S03,SKU003,21.99,1,0.18,18.03,22.2,0,0.277,35,36,649.08,307.08,72,0,train
2024-09-02,S03,SKU003,21.99,1,0.22,17.15,20.29,1,0.257,35,57,977.55,436.05,77,0,train
2024-09-03,S03,SKU003,21.99,0,0.0,21.99,21.21,0,0.17,35,16,351.84,199.84,42,0,train
2024-09-04,S03,SKU003,21.99,0,0.0,21.99,21.04,0,0.16,35,16,351.84,199.84,94,0,train
2024-09-05,S03,SKU003,21.99,0,0.0,21.99,19.25,0,0.221,35,23,505.77,287.27,61,0,train
2024-09-06,S03,SKU003,21.99,0,0.0,21.99,20.69,0,0.265,35,14,307.86,174.86,103,0,train
2024-09-07,S03,SKU003,21.99,0,0.0,21.99,20.82,0,0.268,35,21,461.79,262.29,66,0,train
2024-09-08,S03,SKU003,21.99,0,0.0,21.99,20.6,0,0.14,36,13,285.87,162.37,87,0,train
2024-09-09,S03,SKU003,21.99,0,0.0,21.99,21.12,0,0.224,36,27,593.73,337.23,42,0,train
2024-09-10,S03,SKU003,21.99,1,0.29,15.61,21.76,0,0.199,36,62,967.82,378.82,101,0,train
2024-09-11,S03,SKU003,21.99,0,0.0,21.99,19.37,0,0.116,36,14,307.86,174.86,74,0,train
2024-09-12,S03,SKU003,21.99,0,0.0,21.99,20.61,0,0.21,36,25,549.75,312.25,25,1,train
2024-09-13,S03,SKU003,21.99,0,0.0,21.99,21.27,0,0.039,36,14,307.86,174.86,95,0,train
2024-09-14,S03,SKU003,21.99,0,0.0,21.99,20.04,0,0.187,36,15,329.85,187.35,69,0,train
2024-09-15,S03,SKU003,21.99,0,0.0,21.99,21.95,0,0.316,37,14,307.86,174.86,38,0,train
2024-09-16,S03,SKU003,21.99,0,0.0,21.99,21.0,0,0.102,37,17,373.83,212.33,64,0,train
2024-09-17,S03,SKU003,21.99,0,0.0,21.99,20.73,0,0.161,37,21,461.79,262.29,90,0,train
2024-09-18,S03,SKU003,21.99,1,0.36,14.07,21.44,0,0.043,37,44,619.08,201.08,44,1,train
2024-09-19,S03,SKU003,21.99,1,0.32,14.95,19.98,0,0.107,37,59,882.05,321.55,91,0,train
2024-09-20,S03,SKU003,21.99,0,0.0,21.99,22.0,0,0.195,37,28,615.72,349.72,42,0,train
2024-09-21,S03,SKU003,21.99,0,0.0,21.99,19.16,0,0.084,37,11,241.89,137.39,101,0,train
2024-09-22,S03,SKU003,21.99,0,0.0,21.99,20.33,0,0.141,38,27,593.73,337.23,96,0,train
2024-09-23,S03,SKU003,21.99,0,0.0,21.99,22.11,0,0.119,38,24,527.76,299.76,84,0,train
2024-09-24,S03,SKU003,21.99,0,0.0,21.99,21.66,0,0.114,38,16,351.84,199.84,70,0,train
2024-09-25,S03,SKU003,21.99,0,0.0,21.99,20.52,0,0.146,38,24,527.76,299.76,28,0,train
2024-09-26,S03,SKU003,21.99,0,0.0,21.99,20.43,0,0.16,38,15,329.85,187.35,77,0,train
2024-09-27,S03,SKU003,21.99,0,0.0,21.99,20.64,0,0.203,38,18,395.82,224.82,77,0,train
2024-09-28,S03,SKU003,21.99,1,0.28,15.83,21.63,0,0.176,38,58,918.14,367.14,89,0,train
2024-09-29,S03,SKU003,21.99,0,0.0,21.99,20.48,0,0.09,39,20,439.8,249.8,72,0,train
2024-09-30,S03,SKU003,21.99,0,0.0,21.99,20.64,0,0.207,39,27,593.73,337.23,45,0,train
2024-10-01,S03,SKU003,21.99,0,0.0,21.99,21.04,0,0.194,39,20,439.8,249.8,102,0,test
2024-10-02,S03,SKU003,21.99,0,0.0,21.99,19.03,0,0.024,39,13,285.87,162.37,98,0,test
2024-10-03,S03,SKU003,21.99,0,0.0,21.99,21.1,0,0.155,39,14,307.86,174.86,67,0,test
2024-10-04,S03,SKU003,21.99,0,0.0,21.99,19.72,0,0.163,39,18,395.82,224.82,74,0,test
2024-10-05,S03,SKU003,21.99,1,0.16,18.47,20.36,0,0.17,39,44,812.68,394.68,91,0,test
2024-10-06,S03,SKU003,21.99,0,0.0,21.99,21.16,0,0.143,40,15,329.85,187.35,62,0,test
2024-10-07,S03,SKU003,21.99,0,0.0,21.99,21.1,0,0.031,40,16,351.84,199.84,74,0,test
2024-10-08,S03,SKU003,21.99,0,0.0,21.99,21.79,0,0.091,40,17,373.83,212.33,83,0,test
2024-10-09,S03,SKU003,21.99,0,0.0,21.99,21.5,0,0.0,40,24,527.76,299.76,99,0,test
2024-10-10,S03,SKU003,21.99,0,0.0,21.99,19.82,0,0.096,40,17,373.83,212.33,62,0,test
2024-10-11,S03,SKU003,21.99,0,0.0,21.99,19.77,0,0.226,40,16,351.84,199.84,50,0,test
2024-10-12,S03,SKU003,21.99,0,0.0,21.99,21.14,0,0.144,40,18,395.82,224.82,101,0,test
2024-10-13,S03,SKU003,21.99,0,0.0,21.99,22.3,0,0.152,41,21,461.79,262.29,93,0,test
2024-10-14,S03,SKU003,21.99,0,0.0,21.99,20.15,0,0.071,41,13,285.87,162.37,32,0,test
2024-10-15,S03,SKU003,21.99,0,0.0,21.99,21.08,0,0.04,41,27,593.73,337.23,31,0,test
2024-10-16,S03,SKU003,21.99,1,0.19,17.81,19.61,0,0.036,41,43,765.83,357.33,96,0,test
2024-10-17,S03,SKU003,21.99,1,0.1,19.79,19.99,0,0.108,41,37,732.23,380.73,43,0,test
2024-10-18,S03,SKU003,21.99,1,0.24,16.71,21.4,0,0.052,41,62,1036.02,447.02,82,0,test
2024-10-19,S03,SKU003,21.99,1,0.28,15.83,20.81,0,0.062,41,41,649.03,259.53,41,1,test
2024-10-20,S03,SKU003,21.99,0,0.0,21.99,21.81,0,0.169,42,20,439.8,249.8,40,0,test
2024-10-21,S03,SKU003,21.99,0,0.0,21.99,20.97,0,0.002,42,16,351.84,199.84,102,0,test
2024-10-22,S03,SKU003,21.99,1,0.26,16.27,20.93,0,0.022,42,44,715.88,297.88,44,1,test
2024-10-23,S03,SKU003,21.99,0,0.0,21.99,21.99,0,0.07,42,17,373.83,212.33,63,0,test
2024-10-24,S03,SKU003,21.99,0,0.0,21.99,20.64,0,0.095,42,20,439.8,249.8,86,0,test
2024-10-25,S03,SKU003,21.99,0,0.0,21.99,20.45,0,0.094,42,14,307.86,174.86,58,0,test
2024-10-26,S03,SKU003,21.99,0,0.0,21.99,22.11,0,0.019,42,17,373.83,212.33,98,0,test
2024-10-27,S03,SKU003,21.99,0,0.0,21.99,18.81,0,0.115,43,27,593.73,337.23,99,0,test
2024-10-28,S03,SKU003,21.99,1,0.25,16.49,19.64,0,0.097,43,50,824.5,349.5,104,0,test
2024-10-29,S03,SKU003,21.99,0,0.0,21.99,20.98,0,0.127,43,15,329.85,187.35,58,0,test
2024-10-30,S03,SKU003,21.99,0,0.0,21.99,20.24,0,0.042,43,11,241.89,137.39,25,0,test
2024-10-31,S03,SKU003,21.99,1,0.32,14.95,21.55,0,0.123,43,63,941.85,343.35,78,0,test
2024-11-01,S03,SKU003,21.99,0,0.0,21.99,19.65,0,0.123,43,15,329.85,187.35,95,0,test
2024-11-02,S03,SKU003,21.99,0,0.0,21.99,21.96,0,0.072,43,24,527.76,299.76,47,0,test
2024-11-03,S03,SKU003,21.99,0,0.0,21.99,20.86,0,0.1,44,22,483.78,274.78,36,0,test
2024-11-04,S03,SKU003,21.99,0,0.0,21.99,20.5,0,0.081,44,15,329.85,187.35,41,0,test
2024-11-05,S03,SKU003,21.99,0,0.0,21.99,21.56,0,0.198,44,21,461.79,262.29,95,0,test
2024-11-06,S03,SKU003,21.99,0,0.0,21.99,20.15,0,0.0,44,18,395.82,224.82,53,0,test
2024-11-07,S03,SKU003,21.99,0,0.0,21.99,22.22,0,0.034,44,23,505.77,287.27,38,0,test
2024-11-08,S03,SKU003,21.99,0,0.0,21.99,21.64,0,0.021,44,20,439.8,249.8,77,0,test
2024-11-09,S03,SKU003,21.99,0,0.0,21.99,21.94,0,0.103,44,16,351.84,199.84,38,0,test
2024-11-10,S03,SKU003,21.99,0,0.0,21.99,20.82,0,0.087,45,19,417.81,237.31,77,0,test
2024-11-11,S03,SKU003,21.99,0,0.0,21.99,20.38,0,0.106,45,19,417.81,237.31,89,0,test
2024-11-12,S03,SKU003,21.99,0,0.0,21.99,20.29,0,0.176,45,8,175.92,99.92,44,0,test
2024-01-01,S04,SKU001,10.49,1,0.17,8.71,10.15,1,0.291,0,34,296.14,153.34,35,0,train
2024-01-02,S04,SKU001,10.49,0,0.0,10.49,11.69,0,0.459,0,14,146.86,88.06,32,0,train
2024-01-03,S04,SKU001,10.49,0,0.0,10.49,10.58,0,0.337,0,12,125.88,75.48,60,0,train
2024-01-04,S04,SKU001,10.49,0,0.0,10.49,10.29,0,0.381,0,16,167.84,100.64,88,0,train
2024-01-05,S04,SKU001,10.49,0,0.0,10.49,10.56,0,0.398,0,17,178.33,106.93,92,0,train
2024-01-06,S04,SKU001,10.49,1,0.23,8.08,10.81,0,0.365,0,35,282.8,135.8,61,0,train
2024-01-07,S04,SKU001,10.49,1,0.19,8.5,10.37,0,0.334,1,33,280.5,141.9,33,1,train
2024-01-08,S04,SKU001,10.49,0,0.0,10.49,11.11,0,0.462,1,13,136.37,81.77,41,0,train
2024-01-09,S04,SKU001,10.49,1,0.2,8.39,10.16,0,0.451,1,19,159.41,79.61,84,0,train
2024-01-10,S04,SKU001,10.49,1,0.29,7.45,10.55,0,0.319,1,26,193.7,84.5,71,0,train
2024-01-11,S04,SKU001,10.49,0,0.0,10.49,10.37,0,0.584,1,20,209.8,125.8,86,0,train
2024-01-12,S04,SKU001,10.49,0,0.0,10.49,10.57,0,0.508,1,18,188.82,113.22,80,0,train
2024-01-13,S04,SKU001,10.49,0,0.0,10.49,11.14,0,0.411,1,19,199.31,119.51,31,0,train
2024-01-14,S04,SKU001,10.49,0,0.0,10.49,10.43,0,0.518,2,14,146.86,88.06,85,0,train
2024-01-15,S04,SKU001,10.49,0,0.0,10.49,11.39,0,0.443,2,15,157.35,94.35,99,0,train
2024-01-16,S04,SKU001,10.49,0,0.0,10.49,10.43,0,0.474,2,16,167.84,100.64,65,0,train
2024-01-17,S04,SKU001,10.49,0,0.0,10.49,10.48,0,0.532,2,22,230.78,138.38,61,0,train
2024-01-18,S04,SKU001,10.49,0,0.0,10.49,11.08,0,0.416,2,17,178.33,106.93,26,0,train
2024-01-19,S04,SKU001,10.49,0,0.0,10.49,10.06,0,0.533,2,16,167.84,100.64,86,0,train
2024-01-20,S04,SKU001,10.49,0,0.0,10.49,10.61,0,0.589,2,21,220.29,132.09,40,0,train
2024-01-21,S04,SKU001,10.49,1,0.23,8.08,10.63,0,0.591,3,25,202.0,97.0,95,0,train
2024-01-22,S04,SKU001,10.49,0,0.0,10.49,11.19,0,0.501,3,10,104.9,62.9,61,0,train
2024-01-23,S04,SKU001,10.49,0,0.0,10.49,11.3,0,0.58,3,21,220.29,132.09,38,0,train
2024-01-24,S04,SKU001,10.49,1,0.15,8.92,10.18,0,0.435,3,20,178.4,94.4,70,0,train
2024-01-25,S04,SKU001,10.49,0,0.0,10.49,11.17,0,0.53,3,15,157.35,94.35,76,0,train
2024-01-26,S04,SKU001,10.49,1,0.17,8.71,10.56,0,0.573,3,22,191.62,99.22,65,0,train
2024-01-27,S04,SKU001,10.49,0,0.0,10.49,10.93,0,0.472,3,21,220.29,132.09,99,0,train
2024-01-28,S04,SKU001,10.49,0,0.0,10.49,10.73,0,0.555,4,21,220.29,132.09,30,0,train
2024-01-29,S04,SKU001,10.49,0,0.0,10.49,10.91,0,0.67,4,16,167.84,100.64,77,0,train
2024-01-30,S04,SKU001,10.49,0,0.0,10.49,10.65,0,0.731,4,13,136.37,81.77,69,0,train
2024-01-31,S04,SKU001,10.49,0,0.0,10.49,11.09,0,0.627,4,14,146.86,88.06,28,0,train
2024-02-01,S04,SKU001,10.49,0,0.0,10.49,11.49,0,0.637,4,14,146.86,88.06,97,0,train
2024-02-02,S04,SKU001,10.49,0,0.0,10.49,10.52,0,0.536,4,9,94.41,56.61,99,0,train
2024-02-03,S04,SKU001,10.49,0,0.0,10.49,10.64,0,0.528,4,21,220.29,132.09,33,0,train
2024-02-04,S04,SKU001,10.49,0,0.0,10.49,11.21,0,0.522,5,20,209.8,125.8,57,0,train
2024-02-05,S04,SKU001,10.49,0,0.0,10.49,11.38,0,0.646,5,13,136.37,81.77,38,0,train
2024-02-06,S04,SKU001,10.49,0,0.0,10.49,11.13,0,0.665,5,19,199.31,119.51,69,0,train
2024-02-07,S04,SKU001,10.49,0,0.0,10.49,11.2,0,0.587,5,20,209.8,125.8,24,0,train
2024-02-08,S04,SKU001,10.49,0,0.0,10.49,10.77,0,0.559,5,26,272.74,163.54,78,0,train
2024-02-09,S04,SKU001,10.49,1,0.15,8.92,11.09,1,0.655,5,34,303.28,160.48,81,0,train
2024-02-10,S04,SKU001,10.49,1,0.15,8.92,11.36,0,0.665,5,33,294.36,155.76,48,0,train
2024-02-11,S04,SKU001,10.49,1,0.16,8.81,11.41,0,0.645,6,39,343.59,179.79,64,0,train
2024-02-12,S04,SKU001,10.49,0,0.0,10.49,10.69,0,0.735,6,16,167.84,100.64,97,0,train
2024-02-13,S04,SKU001,10.49,1,0.11,9.34,10.9,0,0.66,6,22,205.48,113.08,22,1,train
2024-02-14,S04,SKU001,10.49,0,0.0,10.49,10.99,0,0.667,6,16,167.84,100.64,26,0,train
2024-02-15,S04,SKU001,10.49,0,0.0,10.49,11.49,0,0.611,6,18,188.82,113.22,94,0,train
2024-02-16,S04,SKU001,10.49,0,0.0,10.49,10.8,0,0.692,6,13,136.37,81.77,86,0,train
2024-02-17,S04,SKU001,10.49,1,0.3,7.34,10.49,0,0.771,6,42,308.28,131.88,69,0,train
2024-02-18,S04,SKU001,10.49,0,0.0,10.49,10.5,0,0.699,7,12,125.88,75.48,103,0,train
2024-02-19,S04,SKU001,10.49,0,0.0,10.49,10.91,0,0.706,7,17,178.33,106.93,92,0,train
2024-02-20,S04,SKU001,10.49,0,0.0,10.49,10.03,0,0.734,7,14,146.86,88.06,84,0,train
2024-02-21,S04,SKU001,10.49,0,0.0,10.49,11.47,0,0.73,7,17,178.33,106.93,95,0,train
2024-02-22,S04,SKU001,10.49,0,0.0,10.49,11.01,0,0.751,7,16,167.84,100.64,96,0,train
2024-02-23,S04,SKU001,10.49,1,0.2,8.39,11.23,0,0.757,7,38,318.82,159.22,47,0,train
2024-02-24,S04,SKU001,10.49,0,0.0,10.49,11.0,0,0.768,7,19,199.31,119.51,52,0,train
2024-02-25,S04,SKU001,10.49,0,0.0,10.49,11.52,0,0.689,8,14,146.86,88.06,100,0,train
2024-02-26,S04,SKU001,10.49,1,0.18,8.6,10.56,0,0.76,8,26,223.6,114.4,101,0,train
2024-02-27,S04,SKU001,10.49,1,0.23,8.08,11.49,0,0.651,8,28,226.24,108.64,54,0,train
2024-02-28,S04,SKU001,10.49,0,0.0,10.49,10.96,0,0.769,8,24,251.76,150.96,72,0,train
2024-02-29,S04,SKU001,10.49,0,0.0,10.49,11.14,0,0.682,8,22,230.78,138.38,100,0,train
2024-03-01,S04,SKU001,10.49,0,0.0,10.49,10.54,0,0.759,8,28,293.72,176.12,31,0,train
2024-03-02,S04,SKU001,10.49,1,0.11,9.34,11.01,0,0.797,8,38,354.92,195.32,78,0,train
2024-03-03,S04,SKU001,10.49,1,0.35,6.82,11.47,0,0.748,9,58,395.56,151.96,78,0,train
2024-03-04,S04,SKU001,10.49,0,0.0,10.49,11.02,0,0.784,9,23,241.27,144.67,42,0,train
2024-03-05,S04,SKU001,10.49,1,0.14,9.02,11.2,0,0.685,9,36,324.72,173.52,104,0,train
2024-03-06,S04,SKU001,10.49,0,0.0,10.49,11.72,0,0.737,9,15,157.35,94.35,54,0,train
2024-03-07,S04,SKU001,10.49,0,0.0,10.49,10.55,0,0.834,9,21,220.29,132.09,88,0,train
2024-03-08,S04,SKU001,10.49,0,0.0,10.49,11.22,0,0.728,9,23,241.27,144.67,99,0,train
2024-03-09,S04,SKU001,10.49,0,0.0,10.49,11.03,0,0.841,9,34,356.66,213.86,48,0,train
2024-03-10,S04,SKU001,10.49,0,0.0,10.49,11.73,0,0.723,10,30,314.7,188.7,98,0,train
2024-03-11,S04,SKU001,10.49,0,0.0,10.49,11.1,0,0.756,10,26,272.74,163.54,89,0,train
2024-03-12,S04,SKU001,10.49,1,0.19,8.5,11.24,0,0.749,10,30,255.0,129.0,51,0,train
2024-03-13,S04,SKU001,10.49,0,0.0,10.49,11.03,0,0.82,10,37,388.13,232.73,94,0,train
2024-03-14,S04,SKU001,10.49,0,0.0,10.49,10.97,0,0.855,10,32,335.68,201.28,32,1,train
2024-03-15,S04,SKU001,10.49,1,0.13,9.13,10.92,0,0.763,10,32,292.16,157.76,82,0,train
2024-03-16,S04,SKU001,10.49,0,0.0,10.49,10.92,0,0.82,10,25,262.25,157.25,36,0,train
2024-03-17,S04,SKU001,10.49,0,0.0,10.49,11.48,0,0.932,11,26,272.74,163.54,85,0,train
2024-03-18,S04,SKU001,10.49,0,0.0,10.49,10.41,0,0.82,11,15,157.35,94.35,88,0,train
2024-03-19,S04,SKU001,10.49,1,0.15,8.92,11.58,0,0.793,11,30,267.6,141.6,47,0,train
2024-03-20,S04,SKU001,10.49,0,0.0,10.49,11.09,0,0.869,11,32,335.68,201.28,67,0,train
2024-03-21,S04,SKU001,10.49,1,0.1,9.44,11.43,0,0.836,11,37,349.28,193.88,104,0,train
2024-03-22,S04,SKU001,10.49,0,0.0,10.49,11.0,0,0.811,11,16,167.84,100.64,64,0,train
2024-03-23,S04,SKU001,10.49,0,0.0,10.49,10.9,0,0.748,11,23,241.27,144.67,76,0,train
2024-03-24,S04,SKU001,10.49,1,0.2,8.39,11.6,0,0.908,12,39,327.21,163.41,39,1,train
2024-03-25,S04,SKU001,10.49,0,0.0,10.49,11.38,0,0.828,12,25,262.25,157.25,72,0,train
2024-03-26,S04,SKU001,10.49,0,0.0,10.49,11.13,0,0.865,12,26,272.74,163.54,103,0,train
2024-03-27,S04,SKU001,10.49,0,0.0,10.49,10.35,0,0.804,12,25,262.25,157.25,91,0,train
2024-03-28,S04,SKU001,10.49,1,0.27,7.66,11.11,0,0.948,12,34,260.44,117.64,34,1,train
2024-03-29,S04,SKU001,10.49,0,0.0,10.49,11.31,0,0.918,12,22,230.78,138.38,43,0,train
2024-03-30,S04,SKU001,10.49,0,0.0,10.49,11.15,0,0.934,12,25,262.25,157.25,65,0,train
2024-03-31,S04,SKU001,10.49,0,0.0,10.49,11.62,0,0.871,13,30,314.7,188.7,66,0,train
2024-04-01,S04,SKU001,10.49,0,0.0,10.49,10.77,0,0.908,13,22,230.78,138.38,35,0,train
2024-04-02,S04,SKU001,10.49,0,0.0,10.49,11.2,0,0.935,13,19,199.31,119.51,44,0,train
2024-04-03,S04,SKU001,10.49,0,0.0,10.49,10.54,0,0.945,13,31,325.19,194.99,86,0,train
2024-04-04,S04,SKU001,10.49,0,0.0,10.49,11.2,0,0.904,13,28,293.72,176.12,102,0,train
2024-04-05,S04,SKU001,10.49,0,0.0,10.49,11.69,0,0.884,13,29,304.21,182.41,100,0,train
2024-04-06,S04,SKU001,10.49,0,0.0,10.49,11.32,0,0.868,13,29,304.21,182.41,29,1,train
2024-04-07,S04,SKU001,10.49,1,0.27,7.66,11.61,0,0.846,14,39,298.74,134.94,39,1,train
2024-04-08,S04,SKU001,10.49,1,0.16,8.81,10.59,0,0.834,14,39,343.59,179.79,45,0,train
2024-04-09,S04,SKU001,10.49,0,0.0,10.49,10.9,0,0.915,14,24,251.76,150.96,63,0,train
2024-04-10,S04,SKU001,10.49,0,0.0,10.49,11.35,0,0.88,14,29,304.21,182.41,87,0,train
2024-04-11,S04,SKU001,10.49,0,0.0,10.49,11.14,0,0.776,14,21,220.29,132.09,99,0,train
2024-04-12,S04,SKU001,10.49,0,0.0,10.49,11.76,0,0.887,14,31,325.19,194.99,72,0,train
2024-04-13,S04,SKU001,10.49,0,0.0,10.49,11.04,0,0.961,14,28,293.72,176.12,30,0,train
