ai-ml-challenge-main/retail_pricing_demand_2024.csv
date,store_id,sku_id,base_price,promo_flag,promo_depth,final_price,competitor_price,holiday_flag,weather_index,week_of_year,units_sold,revenue,margin,stock_cap,stockout_flag,set
2024-04-14,S04,SKU001,10.49,1,0.12,9.23,10.84,0,0.882,15,43,396.89,216.29,46,0,train
2024-04-15,S04,SKU001,10.49,0,0.0,10.49,11.76,0,0.788,15,30,314.7,188.7,42,0,train
2024-04-16,S04,SKU001,10.49,0,0.0,10.49,10.89,0,0.892,15,26,272.74,163.54,26,0,train
2024-04-17,S04,SKU001,10.49,0,0.0,10.49,10.91,0,0.947,15,25,262.25,157.25,82,0,train
2024-04-18,S04,SKU001,10.49,0,0.0,10.49,11.28,0,0.912,15,27,283.23,169.83,60,0,train
2024-04-19,S04,SKU001,10.49,1,0.28,7.55,10.93,0,0.874,15,43,324.65,144.05,74,0,train
2024-04-20,S04,SKU001,10.49,0,0.0,10.49,11.2,0,1.0,15,27,283.23,169.83,74,0,train
2024-04-21,S04,SKU001,10.49,0,0.0,10.49,11.93,0,1.0,16,30,314.7,188.7,30,1,train
2024-04-22,S04,SKU001,10.49,1,0.17,8.71,11.34,0,0.894,16,31,270.01,139.81,31,1,train
2024-04-23,S04,SKU001,10.49,0,0.0,10.49,11.58,0,0.948,16,26,272.74,163.54,80,0,train
2024-04-24,S04,SKU001,10.49,0,0.0,10.49,10.3,0,0.922,16,29,304.21,182.41,44,0,train
2024-04-25,S04,SKU001,10.49,0,0.0,10.49,11.0,0,0.945,16,22,230.78,138.38,79,0,train
2024-04-26,S04,SKU001,10.49,0,0.0,10.49,11.31,0,0.985,16,31,325.19,194.99,97,0,train
2024-04-27,S04,SKU001,10.49,1,0.38,6.5,10.98,0,0.946,16,79,513.5,181.7,94,0,train
2024-04-28,S04,SKU001,10.49,0,0.0,10.49,11.09,0,0.901,17,39,409.11,245.31,91,0,train
2024-04-29,S04,SKU001,10.49,0,0.0,10.49,10.89,0,0.856,17,18,188.82,113.22,87,0,train
2024-04-30,S04,SKU001,10.49,1,0.22,8.18,11.24,1,0.845,17,53,433.54,210.94,53,0,train
2024-05-01,S04,SKU001,10.49,0,0.0,10.49,11.45,1,0.891,17,42,440.58,264.18,67,0,train
2024-05-02,S04,SKU001,10.49,0,0.0,10.49,10.37,0,0.96,17,34,356.66,213.86,95,0,train
2024-05-03,S04,SKU001,10.49,1,0.2,8.39,10.58,0,0.907,17,67,562.13,280.73,89,0,train
2024-05-04,S04,SKU001,10.49,0,0.0,10.49,11.36,0,0.891,17,45,472.05,283.05,71,0,train
2024-05-05,S04,SKU001,10.49,0,0.0,10.49,11.28,0,0.901,18,43,451.07,270.47,84,0,train
2024-05-06,S04,SKU001,10.49,0,0.0,10.49,11.18,0,0.886,18,21,220.29,132.09,37,0,train
2024-05-07,S04,SKU001,10.49,0,0.0,10.49,10.6,0,0.915,18,35,367.15,220.15,91,0,train
2024-05-08,S04,SKU001,10.49,0,0.0,10.49,11.0,0,0.813,18,31,325.19,194.99,72,0,train
2024-05-09,S04,SKU001,10.49,0,0.0,10.49,11.16,0,0.759,18,36,377.64,226.44,84,0,train
2024-05-10,S04,SKU001,10.49,0,0.0,10.49,11.23,0,0.85,18,26,272.74,163.54,29,0,train
2024-05-11,S04,SKU001,10.49,1,0.2,8.39,11.35,0,0.804,18,56,469.84,234.64,95,0,train
2024-05-12,S04,SKU001,10.49,0,0.0,10.49,11.09,0,0.968,19,24,251.76,150.96,24,1,train
2024-05-13,S04,SKU001,10.49,0,0.0,10.49,11.05,0,0.858,19,36,377.64,226.44,39,0,train
2024-05-14,S04,SKU001,10.49,0,0.0,10.49,11.04,0,0.85,19,28,293.72,176.12,28,1,train
2024-05-15,S04,SKU001,10.49,1,0.2,8.39,10.92,0,0.77,19,56,469.84,234.64,56,0,train
2024-05-16,S04,SKU001,10.49,0,0.0,10.49,11.17,0,0.876,19,30,314.7,188.7,83,0,train
2024-05-17,S04,SKU001,10.49,0,0.0,10.49,10.57,0,0.819,19,31,325.19,194.99,86,0,train
2024-05-18,S04,SKU001,10.49,1,0.19,8.5,11.36,0,0.92,19,72,612.0,309.6,72,1,train
2024-05-19,S04,SKU001,10.49,0,0.0,10.49,10.97,0,0.9,20,39,409.11,245.31,73,0,train
2024-05-20,S04,SKU001,10.49,0,0.0,10.49,11.49,0,0.8,20,39,409.11,245.31,82,0,train
2024-05-21,S04,SKU001,10.49,0,0.0,10.49,10.7,0,0.868,20,26,272.74,163.54,26,1,train
2024-05-22,S04,SKU001,10.49,1,0.1,9.44,10.54,0,0.676,20,46,434.24,241.04,78,0,train
2024-05-23,S04,SKU001,10.49,0,0.0,10.49,11.09,0,0.795,20,23,241.27,144.67,23,1,train
2024-05-24,S04,SKU001,10.49,0,0.0,10.49,10.36,0,0.907,20,28,293.72,176.12,79,0,train
2024-05-25,S04,SKU001,10.49,0,0.0,10.49,11.1,0,0.875,20,41,430.09,257.89,87,0,train
2024-05-26,S04,SKU001,10.49,0,0.0,10.49,10.83,0,0.835,21,37,388.13,232.73,52,0,train
2024-05-27,S04,SKU001,10.49,0,0.0,10.49,10.98,0,0.818,21,41,430.09,257.89,89,0,train
2024-05-28,S04,SKU001,10.49,0,0.0,10.49,10.85,0,0.731,21,31,325.19,194.99,69,0,train
2024-05-29,S04,SKU001,10.49,0,0.0,10.49,10.12,0,0.73,21,31,325.19,194.99,31,1,train
2024-05-30,S04,SKU001,10.49,1,0.15,8.92,10.86,0,0.821,21,26,231.92,122.72,26,1,train
2024-05-31,S04,SKU001,10.49,0,0.0,10.49,11.0,0,0.908,21,51,534.99,320.79,88,0,train
2024-06-01,S04,SKU001,10.49,0,0.0,10.49,11.54,0,0.668,21,48,503.52,301.92,57,0,train
2024-06-02,S04,SKU001,10.49,0,0.0,10.49,11.08,0,0.831,22,50,524.5,314.5,50,1,train
2024-06-03,S04,SKU001,10.49,0,0.0,10.49,11.39,0,0.825,22,47,493.03,295.63,100,0,train
2024-06-04,S04,SKU001,10.49,0,0.0,10.49,10.48,0,0.841,22,38,398.62,239.02,76,0,train
2024-06-05,S04,SKU001,10.49,0,0.0,10.49,11.0,0,0.727,22,44,461.56,276.76,65,0,train
2024-06-06,S04,SKU001,10.49,0,0.0,10.49,10.22,0,0.742,22,32,335.68,201.28,78,0,train
2024-06-07,S04,SKU001,10.49,1,0.12,9.23,10.83,0,0.772,22,72,664.56,362.16,104,0,train
2024-06-08,S04,SKU001,10.49,1,0.05,9.97,11.1,0,0.702,22,50,498.5,288.5,104,0,train
2024-06-09,S04,SKU001,10.49,1,0.05,9.97,10.93,0,0.685,23,70,697.9,403.9,73,0,train
2024-06-10,S04,SKU001,10.49,0,0.0,10.49,10.68,0,0.7,23,35,367.15,220.15,72,0,train
2024-06-11,S04,SKU001,10.49,0,0.0,10.49,10.77,0,0.744,23,30,314.7,188.7,51,0,train
2024-06-12,S04,SKU001,10.49,0,0.0,10.49,11.23,0,0.765,23,27,283.23,169.83,68,0,train
2024-06-13,S04,SKU001,10.49,1,0.18,8.6,11.02,0,0.736,23,28,240.8,123.2,28,1,train
2024-06-14,S04,SKU001,10.49,0,0.0,10.49,10.81,0,0.736,23,44,461.56,276.76,83,0,train
2024-06-15,S04,SKU001,10.49,0,0.0,10.49,10.54,0,0.685,23,47,493.03,295.63,60,0,train
2024-06-16,S04,SKU001,10.49,0,0.0,10.49,10.62,0,0.677,24,28,293.72,176.12,28,1,train
2024-06-17,S04,SKU001,10.49,1,0.11,9.34,10.71,0,0.782,24,36,336.24,185.04,36,1,train
2024-06-18,S04,SKU001,10.49,0,0.0,10.49,10.9,0,0.705,24,46,482.54,289.34,62,0,train
2024-06-19,S04,SKU001,10.49,1,0.24,7.97,10.34,0,0.698,24,58,462.26,218.66,78,0,train
2024-06-20,S04,SKU001,10.49,0,0.0,10.49,10.86,0,0.753,24,35,367.15,220.15,82,0,train
2024-06-21,S04,SKU001,10.49,0,0.0,10.49,10.98,0,0.765,24,31,325.19,194.99,36,0,train
2024-06-22,S04,SKU001,10.49,0,0.0,10.49,10.26,0,0.761,24,45,472.05,283.05,88,0,train
2024-06-23,S04,SKU001,10.49,0,0.0,10.49,10.66,0,0.703,25,41,430.09,257.89,96,0,train
2024-06-24,S04,SKU001,10.49,0,0.0,10.49,10.4,0,0.669,25,37,388.13,232.73,65,0,train
2024-06-25,S04,SKU001,10.49,0,0.0,10.49,10.86,0,0.683,25,29,304.21,182.41,42,0,train
2024-06-26,S04,SKU001,10.49,0,0.0,10.49,10.41,0,0.671,25,34,356.66,213.86,82,0,train
2024-06-27,S04,SKU001,10.49,1,0.05,9.97,10.98,0,0.737,25,54,538.38,311.58,68,0,train
2024-06-28,S04,SKU001,10.49,0,0.0,10.49,10.28,0,0.665,25,40,419.6,251.6,60,0,train
2024-06-29,S04,SKU001,10.49,0,0.0,10.49,10.72,0,0.679,25,44,461.56,276.76,83,0,train
2024-06-30,S04,SKU001,10.49,0,0.0,10.49,11.02,0,0.633,26,44,461.56,276.76,67,0,train
2024-07-01,S04,SKU001,10.49,0,0.0,10.49,10.45,0,0.71,26,35,367.15,220.15,35,0,train
2024-07-02,S04,SKU001,10.49,0,0.0,10.49,10.62,0,0.498,26,30,314.7,188.7,30,1,train
2024-07-03,S04,SKU001,10.49,0,0.0,10.49,10.55,0,0.637,26,32,335.68,201.28,64,0,train
2024-07-04,S04,SKU001,10.49,0,0.0,10.49,10.21,0,0.653,26,49,514.01,308.21,52,0,train
2024-07-05,S04,SKU001,10.49,1,0.18,8.6,10.94,0,0.532,26,54,464.4,237.6,89,0,train
2024-07-06,S04,SKU001,10.49,0,0.0,10.49,10.14,0,0.724,26,56,587.44,352.24,57,0,train
2024-07-07,S04,SKU001,10.49,1,0.31,7.24,10.87,0,0.579,27,41,296.84,124.64,41,1,train
2024-07-08,S04,SKU001,10.49,0,0.0,10.49,10.01,0,0.572,27,40,419.6,251.6,93,0,train
2024-07-09,S04,SKU001,10.49,0,0.0,10.49,10.26,0,0.51,27,36,377.64,226.44,71,0,train
2024-07-10,S04,SKU001,10.49,0,0.0,10.49,10.29,0,0.62,27,33,346.17,207.57,80,0,train
2024-07-11,S04,SKU001,10.49,1,0.21,8.29,10.57,0,0.574,27,43,356.47,175.87,43,1,train
2024-07-12,S04,SKU001,10.49,0,0.0,10.49,10.17,0,0.519,27,25,262.25,157.25,25,1,train
2024-07-13,S04,SKU001,10.49,0,0.0,10.49,10.26,0,0.561,27,48,503.52,301.92,69,0,train
2024-07-14,S04,SKU001,10.49,0,0.0,10.49,10.16,0,0.582,28,22,230.78,138.38,22,1,train
2024-07-15,S04,SKU001,10.49,0,0.0,10.49,10.22,0,0.606,28,35,367.15,220.15,101,0,train
2024-07-16,S04,SKU001,10.49,1,0.21,8.29,10.08,0,0.54,28,31,256.99,126.79,31,1,train
2024-07-17,S04,SKU001,10.49,0,0.0,10.49,10.31,0,0.462,28,51,534.99,320.79,59,0,train
2024-07-18,S04,SKU001,10.49,1,0.17,8.71,10.41,0,0.48,28,29,252.59,130.79,29,1,train
2024-07-19,S04,SKU001,10.49,0,0.0,10.49,10.41,0,0.368,28,29,304.21,182.41,40,0,train
2024-07-20,S04,SKU001,10.49,0,0.0,10.49,10.01,0,0.455,28,36,377.64,226.44,46,0,train
2024-07-21,S04,SKU001,10.49,1,0.26,7.76,10.27,0,0.537,29,70,543.2,249.2,70,1,train
2024-07-22,S04,SKU001,10.49,0,0.0,10.49,10.52,0,0.513,29,25,262.25,157.25,25,1,train
2024-07-23,S04,SKU001,10.49,0,0.0,10.49,11.13,0,0.472,29,48,503.52,301.92,102,0,train
2024-07-24,S04,SKU001,10.49,1,0.13,9.13,10.54,0,0.451,29,36,328.68,177.48,36,1,train
2024-07-25,S04,SKU001,10.49,0,0.0,10.49,10.14,0,0.56,29,37,388.13,232.73,103,0,train
2024-07-26,S04,SKU001,10.49,0,0.0,10.49,10.39,0,0.475,29,46,482.54,289.34,89,0,train
2024-07-27,S04,SKU001,10.49,1,0.24,7.97,9.9,0,0.506,29,74,589.78,278.98,74,1,train
2024-07-28,S04,SKU001,10.49,0,0.0,10.49,9.85,0,0.468,30,43,451.07,270.47,47,0,train
2024-07-29,S04,SKU001,10.49,0,0.0,10.49,10.25,0,0.397,30,45,472.05,283.05,96,0,train
2024-07-30,S04,SKU001,10.49,0,0.0,10.49,10.39,0,0.524,30,40,419.6,251.6,43,0,train
2024-07-31,S04,SKU001,10.49,0,0.0,10.49,10.99,0,0.35,30,50,524.5,314.5,89,0,train
2024-08-01,S04,SKU001,10.49,0,0.0,10.49,9.81,0,0.345,30,44,461.56,276.76,71,0,train
2024-08-02,S04,SKU001,10.49,0,0.0,10.49,9.86,0,0.385,30,37,388.13,232.73,86,0,train
2024-08-03,S04,SKU001,10.49,1,0.18,8.6,10.82,0,0.36,30,58,498.8,255.2,58,1,train
2024-08-04,S04,SKU001,10.49,0,0.0,10.49,9.94,0,0.364,31,34,356.66,213.86,34,1,train
2024-08-05,S04,SKU001,10.49,1,0.14,9.02,10.84,0,0.355,31,57,514.14,274.74,92,0,train
2024-08-06,S04,SKU001,10.49,0,0.0,10.49,10.27,0,0.443,31,42,440.58,264.18,88,0,train
2024-08-07,S04,SKU001,10.49,0,0.0,10.49,10.26,0,0.381,31,34,356.66,213.86,37,0,train
2024-08-08,S04,SKU001,10.49,0,0.0,10.49,9.24,0,0.392,31,44,461.56,276.76,69,0,train
2024-08-09,S04,SKU001,10.49,1,0.18,8.6,10.04,0,0.269,31,41,352.6,180.4,41,1,train
2024-08-10,S04,SKU001,10.49,0,0.0,10.49,9.65,0,0.307,31,53,555.97,333.37,103,0,train
2024-08-11,S04,SKU001,10.49,0,0.0,10.49,9.79,0,0.417,32,42,440.58,264.18,55,0,train
2024-08-12,S04,SKU001,10.49,1,0.19,8.5,10.55,0,0.273,32,42,357.0,180.6,42,1,train
2024-08-13,S04,SKU001,10.49,0,0.0,10.49,10.03,0,0.41,32,26,272.74,163.54,103,0,train
2024-08-14,S04,SKU001,10.49,0,0.0,10.49,10.53,0,0.271,32,35,367.15,220.15,62,0,train
2024-08-15,S04,SKU001,10.49,0,0.0,10.49,10.24,0,0.344,32,25,262.25,157.25,25,1,train
2024-08-16,S04,SKU001,10.49,0,0.0,10.49,10.31,0,0.269,32,38,398.62,239.02,95,0,train
2024-08-17,S04,SKU001,10.49,0,0.0,10.49,9.55,0,0.326,32,51,534.99,320.79,102,0,train
2024-08-18,S04,SKU001,10.49,0,0.0,10.49,9.91,0,0.254,33,32,335.68,201.28,32,1,train
2024-08-19,S04,SKU001,10.49,0,0.0,10.49,10.53,0,0.287,33,36,377.64,226.44,98,0,train
2024-08-20,S04,SKU001,10.49,0,0.0,10.49,9.96,0,0.396,33,41,430.09,257.89,57,0,train
2024-08-21,S04,SKU001,10.49,0,0.0,10.49,9.71,0,0.268,33,26,272.74,163.54,91,0,train
2024-08-22,S04,SKU001,10.49,0,0.0,10.49,10.3,0,0.406,33,35,367.15,220.15,80,0,train
2024-08-23,S04,SKU001,10.49,0,0.0,10.49,9.27,0,0.251,33,30,314.7,188.7,30,1,train
2024-08-24,S04,SKU001,10.49,1,0.13,9.13,10.06,0,0.202,33,62,566.06,305.66,91,0,train
2024-08-25,S04,SKU001,10.49,1,0.28,7.55,9.21,0,0.272,34,98,739.9,328.3,98,1,train
2024-08-26,S04,SKU001,10.49,0,0.0,10.49,9.85,0,0.237,34,23,241.27,144.67,47,0,train
2024-08-27,S04,SKU001,10.49,0,0.0,10.49,10.03,0,0.362,34,28,293.72,176.12,94,0,train
2024-08-28,S04,SKU001,10.49,0,0.0,10.49,9.75,0,0.302,34,42,440.58,264.18,91,0,train
2024-08-29,S04,SKU001,10.49,1,0.28,7.55,10.23,0,0.316,34,69,520.95,231.15,94,0,train
2024-08-30,S04,SKU001,10.49,0,0.0,10.49,10.39,0,0.278,34,37,388.13,232.73,53,0,train
2024-08-31,S04,SKU001,10.49,0,0.0,10.49,9.81,0,0.383,34,47,493.03,295.63,96,0,train
2024-09-01,S04,SKU001,10.49,0,0.0,10.49,10.9,0,0.277,35,45,472.05,283.05,63,0,train
2024-09-02,S04,SKU001,10.49,0,0.0,10.49,9.6,1,0.257,35,39,409.11,245.31,39,1,train
2024-09-03,S04,SKU001,10.49,0,0.0,10.49,9.59,0,0.17,35,35,367.15,220.15,82,0,train
2024-09-04,S04,SKU001,10.49,0,0.0,10.49,10.04,0,0.16,35,30,314.7,188.7,34,0,train
2024-09-05,S04,SKU001,10.49,0,0.0,10.49,9.86,0,0.221,35,20,209.8,125.8,22,0,train
2024-09-06,S04,SKU001,10.49,1,0.29,7.45,9.97,0,0.265,35,31,230.95,100.75,31,1,train
2024-09-07,S04,SKU001,10.49,0,0.0,10.49,9.96,0,0.268,35,45,472.05,283.05,88,0,train
2024-09-08,S04,SKU001,10.49,0,0.0,10.49,9.54,0,0.14,36,23,241.27,144.67,23,1,train
2024-09-09,S04,SKU001,10.49,0,0.0,10.49,10.19,0,0.224,36,23,241.27,144.67,97,0,train
2024-09-10,S04,SKU001,10.49,1,0.22,8.18,10.05,0,0.199,36,70,572.6,278.6,101,0,train
2024-09-11,S04,SKU001,10.49,0,0.0,10.49,9.67,0,0.116,36,23,241.27,144.67,29,0,train
2024-09-12,S04,SKU001,10.49,0,0.0,10.49,9.97,0,0.21,36,21,220.29,132.09,99,0,train
2024-09-13,S04,SKU001,10.49,0,0.0,10.49,9.98,0,0.039,36,25,262.25,157.25,44,0,train
2024-09-14,S04,SKU001,10.49,0,0.0,10.49,9.32,0,0.187,36,31,325.19,194.99,88,0,train
2024-09-15,S04,SKU001,10.49,1,0.31,7.24,9.9,0,0.316,37,67,485.08,203.68,67,1,train
2024-09-16,S04,SKU001,10.49,0,0.0,10.49,9.82,0,0.102,37,27,283.23,169.83,31,0,train
2024-09-17,S04,SKU001,10.49,1,0.16,8.81,10.43,0,0.161,37,32,281.92,147.52,32,1,train
2024-09-18,S04,SKU001,10.49,0,0.0,10.49,9.85,0,0.043,37,22,230.78,138.38,95,0,train
2024-09-19,S04,SKU001,10.49,0,0.0,10.49,9.97,0,0.107,37,31,325.19,194.99,60,0,train
2024-09-20,S04,SKU001,10.49,0,0.0,10.49,9.97,0,0.195,37,31,325.19,194.99,92,0,train
2024-09-21,S04,SKU001,10.49,0,0.0,10.49,9.94,0,0.084,37,34,356.66,213.86,58,0,train
2024-09-22,S04,SKU001,10.49,0,0.0,10.49,9.83,0,0.141,38,29,304.21,182.41,34,0,train
2024-09-23,S04,SKU001,10.49,0,0.0,10.49,9.42,0,0.119,38,32,335.68,201.28,74,0,train
2024-09-24,S04,SKU001,10.49,0,0.0,10.49,9.66,0,0.114,38,39,409.11,245.31,84,0,train
2024-09-25,S04,SKU001,10.49,1,0.15,8.92,9.86,0,0.146,38,32,285.44,151.04,32,1,train
2024-09-26,S04,SKU001,10.49,0,0.0,10.49,10.02,0,0.16,38,42,440.58,264.18,48,0,train
2024-09-27,S04,SKU001,10.49,1,0.1,9.44,10.08,0,0.203,38,52,490.88,272.48,63,0,train
2024-09-28,S04,SKU001,10.49,0,0.0,10.49,10.15,0,0.176,38,33,346.17,207.57,55,0,train
2024-09-29,S04,SKU001,10.49,0,0.0,10.49,10.47,0,0.09,39,29,304.21,182.41,55,0,train
2024-09-30,S04,SKU001,10.49,0,0.0,10.49,9.52,0,0.207,39,36,377.64,226.44,39,0,train
2024-10-01,S04,SKU001,10.49,0,0.0,10.49,9.76,0,0.194,39,25,262.25,157.25,67,0,test
2024-10-02,S04,SKU001,10.49,0,0.0,10.49,9.2,0,0.024,39,23,241.27,144.67,23,1,test
2024-10-03,S04,SKU001,10.49,0,0.0,10.49,10.31,0,0.155,39,31,325.19,194.99,85,0,test
2024-10-04,S04,SKU001,10.49,0,0.0,10.49,9.76,0,0.163,39,27,283.23,169.83,103,0,test
2024-10-05,S04,SKU001,10.49,0,0.0,10.49,9.56,0,0.17,39,28,293.72,176.12,28,0,test
2024-10-06,S04,SKU001,10.49,1,0.22,8.18,9.41,0,0.143,40,54,441.72,214.92,85,0,test
2024-10-07,S04,SKU001,10.49,0,0.0,10.49,10.06,0,0.031,40,20,209.8,125.8,71,0,test
2024-10-08,S04,SKU001,10.49,0,0.0,10.49,10.49,0,0.091,40,29,304.21,182.41,96,0,test
2024-10-09,S04,SKU001,10.49,0,0.0,10.49,9.52,0,0.0,40,28,293.72,176.12,68,0,test
2024-10-10,S04,SKU001,10.49,0,0.0,10.49,9.93,0,0.096,40,31,325.19,194.99,44,0,test
2024-10-11,S04,SKU001,10.49,1,0.3,7.34,10.37,0,0.226,40,38,278.92,119.32,38,1,test
2024-10-12,S04,SKU001,10.49,0,0.0,10.49,9.45,0,0.144,40,23,241.27,144.67,76,0,test
2024-10-13,S04,SKU001,10.49,0,0.0,10.49,9.31,0,0.152,41,35,367.15,220.15,76,0,test
2024-10-14,S04,SKU001,10.49,0,0.0,10.49,9.69,0,0.071,41,19,199.31,119.51,77,0,test
2024-10-15,S04,SKU001,10.49,0,0.0,10.49,10.45,0,0.04,41,29,304.21,182.41,29,0,test
2024-10-16,S04,SKU001,10.49,1,0.16,8.81,9.92,0,0.036,41,24,211.44,110.64,24,1,test
2024-10-17,S04,SKU001,10.49,1,0.29,7.45,10.03,0,0.108,41,47,350.15,152.75,92,0,test
2024-10-18,S04,SKU001,10.49,0,0.0,10.49,9.73,0,0.052,41,22,230.78,138.38,37,0,test
2024-10-19,S04,SKU001,10.49,1,0.21,8.29,9.97,0,0.062,41,43,356.47,175.87,43,1,test
2024-10-20,S04,SKU001,10.49,0,0.0,10.49,9.39,0,0.169,42,34,356.66,213.86,42,0,test
2024-10-21,S04,SKU001,10.49,1,0.15,8.92,9.94,0,0.002,42,22,196.24,103.84,22,1,test
2024-10-22,S04,SKU001,10.49,0,0.0,10.49,9.53,0,0.022,42,24,251.76,150.96,24,0,test
2024-10-23,S04,SKU001,10.49,0,0.0,10.49,10.36,0,0.07,42,28,293.72,176.12,53,0,test
2024-10-24,S04,SKU001,10.49,1,0.19,8.5,9.66,0,0.095,42,39,331.5,167.7,70,0,test
2024-10-25,S04,SKU001,10.49,0,0.0,10.49,9.97,0,0.094,42,19,199.31,119.51,96,0,test
2024-10-26,S04,SKU001,10.49,0,0.0,10.49,9.96,0,0.019,42,25,262.25,157.25,51,0,test
2024-10-27,S04,SKU001,10.49,0,0.0,10.49,9.98,0,0.115,43,28,293.72,176.12,28,1,test
2024-10-28,S04,SKU001,10.49,0,0.0,10.49,10.16,0,0.097,43,28,293.72,176.12,47,0,test
2024-10-29,S04,SKU001,10.49,0,0.0,10.49,9.17,0,0.127,43,27,283.23,169.83,27,1,test
2024-10-30,S04,SKU001,10.49,0,0.0,10.49,9.82,0,0.042,43,20,209.8,125.8,32,0,test
2024-10-31,S04,SKU001,10.49,1,0.3,7.34,9.41,0,0.123,43,39,286.26,122.46,39,1,test
2024-11-01,S04,SKU001,10.49,0,0.0,10.49,10.22,0,0.123,43,21,220.29,132.09,95,0,test
2024-11-02,S04,SKU001,10.49,0,0.0,10.49,9.8,0,0.072,43,23,241.27,144.67,56,0,test
2024-11-03,S04,SKU001,10.49,0,0.0,10.49,10.64,0,0.1,44,31,325.19,194.99,99,0,test
2024-11-04,S04,SKU001,10.49,0,0.0,10.49,9.97,0,0.081,44,22,230.78,138.38,32,0,test
2024-11-05,S04,SKU001,10.49,0,0.0,10.49,10.06,0,0.198,44,21,220.29,132.09,37,0,test
2024-11-06,S04,SKU001,10.49,0,0.0,10.49,10.09,0,0.0,44,25,262.25,157.25,38,0,test
2024-11-07,S04,SKU001,10.49,0,0.0,10.49,9.74,0,0.034,44,12,125.88,75.48,84,0,test
2024-11-08,S04,SKU001,10.49,0,0.0,10.49,9.69,0,0.021,44,18,188.82,113.22,91,0,test
2024-11-09,S04,SKU001,10.49,0,0.0,10.49,9.47,0,0.103,44,24,251.76,150.96,93,0,test
2024-11-10,S04,SKU001,10.49,0,0.0,10.49,10.15,0,0.087,45,31,325.19,194.99,31,1,test
2024-11-11,S04,SKU001,10.49,0,0.0,10.49,10.03,0,0.106,45,27,283.23,169.83,38,0,test
2024-11-12,S04,SKU001,10.49,0,0.0,10.49,9.8,0,0.176,45,22,230.78,138.38,34,0,test
