ai-ml-challenge-main/retail_pricing_demand_2024.csv
date,store_id,sku_id,base_price,promo_flag,promo_depth,final_price,competitor_price,holiday_flag,weather_index,week_of_year,units_sold,revenue,margin,stock_cap,stockout_flag,set
2024-01-01,S04,SKU002,15.49,0,0.0,15.49,15.13,1,0.291,0,32,495.68,281.28,32,1,train
2024-01-02,S04,SKU002,15.49,0,0.0,15.49,15.67,0,0.459,0,27,418.23,237.33,104,0,train
2024-01-03,S04,SKU002,15.49,0,0.0,15.49,15.63,0,0.337,0,27,418.23,237.33,42,0,train
2024-01-04,S04,SKU002,15.49,0,0.0,15.49,15.92,0,0.381,0,30,464.7,263.7,94,0,train
2024-01-05,S04,SKU002,15.49,0,0.0,15.49,15.63,0,0.398,0,36,557.64,316.44,70,0,train
2024-01-06,S04,SKU002,15.49,0,0.0,15.49,14.58,0,0.365,0,26,402.74,228.54,55,0,train
2024-01-07,S04,SKU002,15.49,0,0.0,15.49,15.83,0,0.334,1,38,588.62,334.02,97,0,train
2024-01-08,S04,SKU002,15.49,0,0.0,15.49,15.8,0,0.462,1,31,480.19,272.49,31,1,train
2024-01-09,S04,SKU002,15.49,0,0.0,15.49,16.32,0,0.451,1,30,464.7,263.7,37,0,train
2024-01-10,S04,SKU002,15.49,0,0.0,15.49,15.19,0,0.319,1,32,495.68,281.28,35,0,train
2024-01-11,S04,SKU002,15.49,1,0.41,9.14,15.12,0,0.584,1,36,329.04,87.84,36,1,train
2024-01-12,S04,SKU002,15.49,0,0.0,15.49,15.4,0,0.508,1,19,294.31,167.01,96,0,train
2024-01-13,S04,SKU002,15.49,0,0.0,15.49,15.39,0,0.411,1,24,371.76,210.96,24,1,train
2024-01-14,S04,SKU002,15.49,1,0.29,11.0,15.79,0,0.518,2,48,528.0,206.4,48,1,train
2024-01-15,S04,SKU002,15.49,1,0.18,12.7,15.3,0,0.443,2,41,520.7,246.0,41,1,train
2024-01-16,S04,SKU002,15.49,0,0.0,15.49,15.72,0,0.474,2,32,495.68,281.28,82,0,train
2024-01-17,S04,SKU002,15.49,0,0.0,15.49,15.16,0,0.532,2,30,464.7,263.7,69,0,train
2024-01-18,S04,SKU002,15.49,0,0.0,15.49,15.35,0,0.416,2,38,588.62,334.02,45,0,train
2024-01-19,S04,SKU002,15.49,0,0.0,15.49,16.19,0,0.533,2,35,542.15,307.65,87,0,train
2024-01-20,S04,SKU002,15.49,0,0.0,15.49,16.12,0,0.589,2,41,635.09,360.39,52,0,train
2024-01-21,S04,SKU002,15.49,0,0.0,15.49,15.74,0,0.591,3,34,526.66,298.86,87,0,train
2024-01-22,S04,SKU002,15.49,0,0.0,15.49,15.5,0,0.501,3,30,464.7,263.7,35,0,train
2024-01-23,S04,SKU002,15.49,0,0.0,15.49,16.14,0,0.58,3,37,573.13,325.23,76,0,train
2024-01-24,S04,SKU002,15.49,0,0.0,15.49,15.11,0,0.435,3,21,325.29,184.59,90,0,train
2024-01-25,S04,SKU002,15.49,0,0.0,15.49,15.48,0,0.53,3,35,542.15,307.65,58,0,train
2024-01-26,S04,SKU002,15.49,0,0.0,15.49,15.48,0,0.573,3,23,356.27,202.17,23,1,train
2024-01-27,S04,SKU002,15.49,0,0.0,15.49,16.37,0,0.472,3,38,588.62,334.02,38,1,train
2024-01-28,S04,SKU002,15.49,0,0.0,15.49,15.41,0,0.555,4,31,480.19,272.49,61,0,train
2024-01-29,S04,SKU002,15.49,0,0.0,15.49,15.65,0,0.67,4,30,464.7,263.7,49,0,train
2024-01-30,S04,SKU002,15.49,0,0.0,15.49,15.78,0,0.731,4,36,557.64,316.44,59,0,train
2024-01-31,S04,SKU002,15.49,0,0.0,15.49,15.29,0,0.627,4,26,402.74,228.54,78,0,train
2024-02-01,S04,SKU002,15.49,0,0.0,15.49,16.03,0,0.637,4,26,402.74,228.54,97,0,train
2024-02-02,S04,SKU002,15.49,0,0.0,15.49,16.96,0,0.536,4,27,418.23,237.33,92,0,train
2024-02-03,S04,SKU002,15.49,0,0.0,15.49,17.03,0,0.528,4,25,387.25,219.75,68,0,train
2024-02-04,S04,SKU002,15.49,0,0.0,15.49,15.11,0,0.522,5,34,526.66,298.86,98,0,train
2024-02-05,S04,SKU002,15.49,0,0.0,15.49,15.47,0,0.646,5,20,309.8,175.8,96,0,train
2024-02-06,S04,SKU002,15.49,0,0.0,15.49,17.4,0,0.665,5,23,356.27,202.17,30,0,train
2024-02-07,S04,SKU002,15.49,0,0.0,15.49,17.08,0,0.587,5,19,294.31,167.01,92,0,train
2024-02-08,S04,SKU002,15.49,0,0.0,15.49,16.2,0,0.559,5,25,387.25,219.75,87,0,train
2024-02-09,S04,SKU002,15.49,0,0.0,15.49,15.74,1,0.655,5,32,495.68,281.28,32,1,train
2024-02-10,S04,SKU002,15.49,0,0.0,15.49,15.32,0,0.665,5,26,402.74,228.54,99,0,train
2024-02-11,S04,SKU002,15.49,1,0.12,13.63,15.99,0,0.645,6,58,790.54,401.94,83,0,train
2024-02-12,S04,SKU002,15.49,0,0.0,15.49,15.54,0,0.735,6,17,263.33,149.43,88,0,train
2024-02-13,S04,SKU002,15.49,1,0.05,14.72,17.32,0,0.66,6,36,529.92,288.72,63,0,train
2024-02-14,S04,SKU002,15.49,0,0.0,15.49,16.36,0,0.667,6,39,604.11,342.81,80,0,train
2024-02-15,S04,SKU002,15.49,0,0.0,15.49,14.95,0,0.611,6,24,371.76,210.96,24,1,train
2024-02-16,S04,SKU002,15.49,0,0.0,15.49,16.94,0,0.692,6,26,402.74,228.54,89,0,train
2024-02-17,S04,SKU002,15.49,0,0.0,15.49,16.35,0,0.771,6,36,557.64,316.44,38,0,train
2024-02-18,S04,SKU002,15.49,0,0.0,15.49,16.22,0,0.699,7,30,464.7,263.7,36,0,train
2024-02-19,S04,SKU002,15.49,0,0.0,15.49,16.95,0,0.706,7,26,402.74,228.54,104,0,train
2024-02-20,S04,SKU002,15.49,0,0.0,15.49,15.43,0,0.734,7,26,402.74,228.54,35,0,train
2024-02-21,S04,SKU002,15.49,0,0.0,15.49,15.9,0,0.73,7,29,449.21,254.91,58,0,train
2024-02-22,S04,SKU002,15.49,0,0.0,15.49,17.21,0,0.751,7,35,542.15,307.65,94,0,train
2024-02-23,S04,SKU002,15.49,1,0.21,12.24,15.82,0,0.757,7,50,612.0,277.0,53,0,train
2024-02-24,S04,SKU002,15.49,0,0.0,15.49,16.27,0,0.768,7,24,371.76,210.96,64,0,train
2024-02-25,S04,SKU002,15.49,0,0.0,15.49,15.61,0,0.689,8,34,526.66,298.86,83,0,train
2024-02-26,S04,SKU002,15.49,1,0.3,10.84,16.51,0,0.76,8,61,661.24,252.54,86,0,train
2024-02-27,S04,SKU002,15.49,0,0.0,15.49,16.59,0,0.651,8,27,418.23,237.33,89,0,train
2024-02-28,S04,SKU002,15.49,1,0.15,13.17,16.38,0,0.769,8,54,711.18,349.38,84,0,train
2024-02-29,S04,SKU002,15.49,1,0.23,11.93,15.83,0,0.682,8,38,453.34,198.74,38,1,train
2024-03-01,S04,SKU002,15.49,1,0.21,12.24,16.46,0,0.759,8,44,538.56,243.76,81,0,train
2024-03-02,S04,SKU002,15.49,0,0.0,15.49,16.39,0,0.797,8,32,495.68,281.28,89,0,train
2024-03-03,S04,SKU002,15.49,0,0.0,15.49,15.73,0,0.748,9,26,402.74,228.54,72,0,train
2024-03-04,S04,SKU002,15.49,0,0.0,15.49,16.16,0,0.784,9,25,387.25,219.75,37,0,train
2024-03-05,S04,SKU002,15.49,0,0.0,15.49,16.34,0,0.685,9,25,387.25,219.75,29,0,train
2024-03-06,S04,SKU002,15.49,0,0.0,15.49,16.54,0,0.737,9,30,464.7,263.7,54,0,train
2024-03-07,S04,SKU002,15.49,1,0.23,11.93,15.86,0,0.834,9,50,596.5,261.5,85,0,train
2024-03-08,S04,SKU002,15.49,1,0.14,13.32,16.49,0,0.728,9,48,639.36,317.76,83,0,train
2024-03-09,S04,SKU002,15.49,0,0.0,15.49,15.98,0,0.841,9,32,495.68,281.28,71,0,train
2024-03-10,S04,SKU002,15.49,1,0.15,13.17,16.29,0,0.723,10,42,553.14,271.74,64,0,train
2024-03-11,S04,SKU002,15.49,0,0.0,15.49,16.89,0,0.756,10,26,402.74,228.54,90,0,train
2024-03-12,S04,SKU002,15.49,0,0.0,15.49,15.92,0,0.749,10,31,480.19,272.49,103,0,train
2024-03-13,S04,SKU002,15.49,1,0.17,12.86,16.16,0,0.82,10,47,604.42,289.52,62,0,train
2024-03-14,S04,SKU002,15.49,0,0.0,15.49,15.48,0,0.855,10,24,371.76,210.96,88,0,train
2024-03-15,S04,SKU002,15.49,1,0.22,12.08,16.57,0,0.763,10,46,555.68,247.48,82,0,train
2024-03-16,S04,SKU002,15.49,0,0.0,15.49,15.49,0,0.82,10,30,464.7,263.7,53,0,train
2024-03-17,S04,SKU002,15.49,0,0.0,15.49,16.05,0,0.932,11,20,309.8,175.8,98,0,train
2024-03-18,S04,SKU002,15.49,0,0.0,15.49,17.34,0,0.82,11,29,449.21,254.91,56,0,train
2024-03-19,S04,SKU002,15.49,0,0.0,15.49,16.55,0,0.793,11,30,464.7,263.7,50,0,train
2024-03-20,S04,SKU002,15.49,0,0.0,15.49,16.1,0,0.869,11,19,294.31,167.01,95,0,train
2024-03-21,S04,SKU002,15.49,0,0.0,15.49,16.28,0,0.836,11,26,402.74,228.54,46,0,train
2024-03-22,S04,SKU002,15.49,0,0.0,15.49,16.9,0,0.811,11,24,371.76,210.96,60,0,train
2024-03-23,S04,SKU002,15.49,0,0.0,15.49,15.86,0,0.748,11,24,371.76,210.96,53,0,train
2024-03-24,S04,SKU002,15.49,0,0.0,15.49,15.87,0,0.908,12,34,526.66,298.86,72,0,train
2024-03-25,S04,SKU002,15.49,0,0.0,15.49,17.09,0,0.828,12,26,402.74,228.54,92,0,train
2024-03-26,S04,SKU002,15.49,0,0.0,15.49,15.68,0,0.865,12,17,263.33,149.43,57,0,train
2024-03-27,S04,SKU002,15.49,0,0.0,15.49,16.69,0,0.804,12,22,340.78,193.38,33,0,train
2024-03-28,S04,SKU002,15.49,0,0.0,15.49,16.19,0,0.948,12,24,371.76,210.96,24,1,train
2024-03-29,S04,SKU002,15.49,0,0.0,15.49,17.37,0,0.918,12,21,325.29,184.59,89,0,train
2024-03-30,S04,SKU002,15.49,0,0.0,15.49,15.53,0,0.934,12,24,371.76,210.96,102,0,train
2024-03-31,S04,SKU002,15.49,0,0.0,15.49,15.63,0,0.871,13,31,480.19,272.49,96,0,train
2024-04-01,S04,SKU002,15.49,0,0.0,15.49,16.49,0,0.908,13,14,216.86,123.06,54,0,train
2024-04-02,S04,SKU002,15.49,0,0.0,15.49,16.0,0,0.935,13,22,340.78,193.38,89,0,train
2024-04-03,S04,SKU002,15.49,0,0.0,15.49,16.49,0,0.945,13,17,263.33,149.43,97,0,train
2024-04-04,S04,SKU002,15.49,0,0.0,15.49,16.87,0,0.904,13,15,232.35,131.85,76,0,train
2024-04-05,S04,SKU002,15.49,0,0.0,15.49,16.63,0,0.884,13,30,464.7,263.7,39,0,train
2024-04-06,S04,SKU002,15.49,0,0.0,15.49,15.44,0,0.868,13,24,371.76,210.96,83,0,train
2024-04-07,S04,SKU002,15.49,0,0.0,15.49,16.49,0,0.846,14,28,433.72,246.12,90,0,train
2024-04-08,S04,SKU002,15.49,0,0.0,15.49,15.89,0,0.834,14,17,263.33,149.43,77,0,train
2024-04-09,S04,SKU002,15.49,0,0.0,15.49,16.63,0,0.915,14,17,263.33,149.43,24,0,train
2024-04-10,S04,SKU002,15.49,0,0.0,15.49,16.7,0,0.88,14,18,278.82,158.22,46,0,train
2024-04-11,S04,SKU002,15.49,0,0.0,15.49,17.48,0,0.776,14,16,247.84,140.64,46,0,train
2024-04-12,S04,SKU002,15.49,0,0.0,15.49,15.94,0,0.887,14,26,402.74,228.54,31,0,train
2024-04-13,S04,SKU002,15.49,0,0.0,15.49,16.77,0,0.961,14,26,402.74,228.54,42,0,train
2024-04-14,S04,SKU002,15.49,0,0.0,15.49,16.34,0,0.882,15,27,418.23,237.33,85,0,train
2024-04-15,S04,SKU002,15.49,0,0.0,15.49,16.62,0,0.788,15,21,325.29,184.59,84,0,train
2024-04-16,S04,SKU002,15.49,0,0.0,15.49,16.31,0,0.892,15,16,247.84,140.64,85,0,train
2024-04-17,S04,SKU002,15.49,0,0.0,15.49,16.73,0,0.947,15,20,309.8,175.8,30,0,train
2024-04-18,S04,SKU002,15.49,0,0.0,15.49,16.43,0,0.912,15,20,309.8,175.8,24,0,train
2024-04-19,S04,SKU002,15.49,0,0.0,15.49,16.14,0,0.874,15,22,340.78,193.38,69,0,train
2024-04-20,S04,SKU002,15.49,0,0.0,15.49,16.65,0,1.0,15,24,371.76,210.96,100,0,train
2024-04-21,S04,SKU002,15.49,0,0.0,15.49,15.59,0,1.0,16,20,309.8,175.8,71,0,train
2024-04-22,S04,SKU002,15.49,0,0.0,15.49,16.15,0,0.894,16,21,325.29,184.59,95,0,train
2024-04-23,S04,SKU002,15.49,0,0.0,15.49,15.65,0,0.948,16,22,340.78,193.38,40,0,train
2024-04-24,S04,SKU002,15.49,0,0.0,15.49,16.86,0,0.922,16,22,340.78,193.38,34,0,train
2024-04-25,S04,SKU002,15.49,0,0.0,15.49,16.44,0,0.945,16,24,371.76,210.96,61,0,train
2024-04-26,S04,SKU002,15.49,0,0.0,15.49,16.48,0,0.985,16,21,325.29,184.59,72,0,train
2024-04-27,S04,SKU002,15.49,1,0.31,10.69,15.72,0,0.946,16,62,662.78,247.38,62,1,train
2024-04-28,S04,SKU002,15.49,0,0.0,15.49,16.87,0,0.901,17,31,480.19,272.49,41,0,train
2024-04-29,S04,SKU002,15.49,0,0.0,15.49,16.39,0,0.856,17,18,278.82,158.22,48,0,train
2024-04-30,S04,SKU002,15.49,1,0.19,12.55,16.06,1,0.845,17,26,326.3,152.1,26,1,train
2024-05-01,S04,SKU002,15.49,0,0.0,15.49,17.16,1,0.891,17,29,449.21,254.91,87,0,train
2024-05-02,S04,SKU002,15.49,0,0.0,15.49,15.92,0,0.96,17,22,340.78,193.38,29,0,train
2024-05-03,S04,SKU002,15.49,0,0.0,15.49,16.9,0,0.907,17,25,387.25,219.75,73,0,train
2024-05-04,S04,SKU002,15.49,0,0.0,15.49,16.18,0,0.891,17,33,511.17,290.07,52,0,train
2024-05-05,S04,SKU002,15.49,0,0.0,15.49,17.21,0,0.901,18,34,526.66,298.86,94,0,train
2024-05-06,S04,SKU002,15.49,0,0.0,15.49,16.57,0,0.886,18,18,278.82,158.22,77,0,train
2024-05-07,S04,SKU002,15.49,0,0.0,15.49,15.81,0,0.915,18,25,387.25,219.75,97,0,train
2024-05-08,S04,SKU002,15.49,0,0.0,15.49,16.32,0,0.813,18,17,263.33,149.43,77,0,train
2024-05-09,S04,SKU002,15.49,1,0.19,12.55,16.5,0,0.759,18,42,527.1,245.7,50,0,train
2024-05-10,S04,SKU002,15.49,1,0.15,13.17,15.04,0,0.85,18,37,487.29,239.39,42,0,train
2024-05-11,S04,SKU002,15.49,0,0.0,15.49,16.2,0,0.804,18,26,402.74,228.54,62,0,train
2024-05-12,S04,SKU002,15.49,0,0.0,15.49,15.9,0,0.968,19,23,356.27,202.17,78,0,train
2024-05-13,S04,SKU002,15.49,1,0.05,14.72,16.7,0,0.858,19,23,338.56,184.46,23,1,train
2024-05-14,S04,SKU002,15.49,0,0.0,15.49,16.3,0,0.85,19,19,294.31,167.01,43,0,train
2024-05-15,S04,SKU002,15.49,0,0.0,15.49,16.9,0,0.77,19,20,309.8,175.8,43,0,train
2024-05-16,S04,SKU002,15.49,0,0.0,15.49,15.49,0,0.876,19,18,278.82,158.22,33,0,train
2024-05-17,S04,SKU002,15.49,0,0.0,15.49,15.86,0,0.819,19,22,340.78,193.38,69,0,train
2024-05-18,S04,SKU002,15.49,0,0.0,15.49,17.14,0,0.92,19,33,511.17,290.07,72,0,train
2024-05-19,S04,SKU002,15.49,0,0.0,15.49,15.46,0,0.9,20,31,480.19,272.49,65,0,train
2024-05-20,S04,SKU002,15.49,1,0.22,12.08,16.27,0,0.8,20,38,459.04,204.44,49,0,train
2024-05-21,S04,SKU002,15.49,0,0.0,15.49,16.96,0,0.868,20,20,309.8,175.8,63,0,train
2024-05-22,S04,SKU002,15.49,1,0.24,11.77,15.16,0,0.676,20,34,400.18,172.38,34,1,train
2024-05-23,S04,SKU002,15.49,0,0.0,15.49,15.36,0,0.795,20,23,356.27,202.17,33,0,train
2024-05-24,S04,SKU002,15.49,0,0.0,15.49,15.66,0,0.907,20,25,387.25,219.75,95,0,train
2024-05-25,S04,SKU002,15.49,0,0.0,15.49,16.54,0,0.875,20,23,356.27,202.17,93,0,train
2024-05-26,S04,SKU002,15.49,0,0.0,15.49,16.5,0,0.835,21,15,232.35,131.85,40,0,train
2024-05-27,S04,SKU002,15.49,0,0.0,15.49,16.62,0,0.818,21,17,263.33,149.43,28,0,train
2024-05-28,S04,SKU002,15.49,1,0.26,11.46,15.46,0,0.731,21,54,618.84,257.04,84,0,train
2024-05-29,S04,SKU002,15.49,1,0.24,11.77,15.7,0,0.73,21,38,447.26,192.66,38,1,train
2024-05-30,S04,SKU002,15.49,0,0.0,15.49,15.93,0,0.821,21,21,325.29,184.59,81,0,train
2024-05-31,S04,SKU002,15.49,0,0.0,15.49,15.82,0,0.908,21,17,263.33,149.43,28,0,train
2024-06-01,S04,SKU002,15.49,0,0.0,15.49,15.44,0,0.668,21,31,480.19,272.49,31,1,train
2024-06-02,S04,SKU002,15.49,0,0.0,15.49,15.68,0,0.831,22,33,511.17,290.07,95,0,train
2024-06-03,S04,SKU002,15.49,0,0.0,15.49,16.13,0,0.825,22,29,449.21,254.91,29,1,train
2024-06-04,S04,SKU002,15.49,0,0.0,15.49,14.71,0,0.841,22,19,294.31,167.01,26,0,train
2024-06-05,S04,SKU002,15.49,1,0.19,12.55,15.44,0,0.727,22,39,489.45,228.15,64,0,train
2024-06-06,S04,SKU002,15.49,0,0.0,15.49,15.21,0,0.742,22,14,216.86,123.06,72,0,train
2024-06-07,S04,SKU002,15.49,1,0.19,12.55,16.68,0,0.772,22,38,476.9,222.3,49,0,train
2024-06-08,S04,SKU002,15.49,0,0.0,15.49,15.91,0,0.702,22,20,309.8,175.8,23,0,train
2024-06-09,S04,SKU002,15.49,1,0.23,11.93,14.88,0,0.685,23,49,584.57,256.27,63,0,train
2024-06-10,S04,SKU002,15.49,0,0.0,15.49,15.91,0,0.7,23,21,325.29,184.59,31,0,train
2024-06-11,S04,SKU002,15.49,0,0.0,15.49,15.64,0,0.744,23,17,263.33,149.43,82,0,train
2024-06-12,S04,SKU002,15.49,0,0.0,15.49,15.42,0,0.765,23,21,325.29,184.59,23,0,train
2024-06-13,S04,SKU002,15.49,0,0.0,15.49,15.33,0,0.736,23,16,247.84,140.64,101,0,train
2024-06-14,S04,SKU002,15.49,0,0.0,15.49,17.15,0,0.736,23,27,418.23,237.33,46,0,train
2024-06-15,S04,SKU002,15.49,0,0.0,15.49,15.54,0,0.685,23,31,480.19,272.49,97,0,train
2024-06-16,S04,SKU002,15.49,0,0.0,15.49,15.54,0,0.677,24,20,309.8,175.8,58,0,train
2024-06-17,S04,SKU002,15.49,0,0.0,15.49,15.6,0,0.782,24,20,309.8,175.8,56,0,train
2024-06-18,S04,SKU002,15.49,0,0.0,15.49,15.68,0,0.705,24,30,464.7,263.7,92,0,train
2024-06-19,S04,SKU002,15.49,0,0.0,15.49,16.0,0,0.698,24,17,263.33,149.43,83,0,train
2024-06-20,S04,SKU002,15.49,0,0.0,15.49,15.01,0,0.753,24,27,418.23,237.33,97,0,train
2024-06-21,S04,SKU002,15.49,1,0.27,11.31,14.99,0,0.765,24,35,395.85,161.35,35,1,train
2024-06-22,S04,SKU002,15.49,0,0.0,15.49,15.45,0,0.761,24,22,340.78,193.38,93,0,train
2024-06-23,S04,SKU002,15.49,0,0.0,15.49,16.74,0,0.703,25,18,278.82,158.22,102,0,train
2024-06-24,S04,SKU002,15.49,0,0.0,15.49,15.38,0,0.669,25,19,294.31,167.01,104,0,train
2024-06-25,S04,SKU002,15.49,0,0.0,15.49,15.33,0,0.683,25,28,433.72,246.12,29,0,train
2024-06-26,S04,SKU002,15.49,0,0.0,15.49,15.93,0,0.671,25,18,278.82,158.22,63,0,train
2024-06-27,S04,SKU002,15.49,0,0.0,15.49,17.28,0,0.737,25,24,371.76,210.96,85,0,train
2024-06-28,S04,SKU002,15.49,0,0.0,15.49,15.12,0,0.665,25,19,294.31,167.01,75,0,train
2024-06-29,S04,SKU002,15.49,1,0.19,12.55,16.37,0,0.679,25,25,313.75,146.25,25,1,train
2024-06-30,S04,SKU002,15.49,0,0.0,15.49,15.61,0,0.633,26,14,216.86,123.06,104,0,train
2024-07-01,S04,SKU002,15.49,0,0.0,15.49,16.19,0,0.71,26,23,356.27,202.17,70,0,train
2024-07-02,S04,SKU002,15.49,0,0.0,15.49,16.33,0,0.498,26,31,480.19,272.49,31,1,train
2024-07-03,S04,SKU002,15.49,0,0.0,15.49,15.69,0,0.637,26,19,294.31,167.01,86,0,train
2024-07-04,S04,SKU002,15.49,0,0.0,15.49,16.03,0,0.653,26,27,418.23,237.33,66,0,train
2024-07-05,S04,SKU002,15.49,0,0.0,15.49,15.08,0,0.532,26,23,356.27,202.17,100,0,train
2024-07-06,S04,SKU002,15.49,1,0.18,12.7,15.81,0,0.724,26,35,444.5,210.0,35,1,train
2024-07-07,S04,SKU002,15.49,0,0.0,15.49,16.0,0,0.579,27,27,418.23,237.33,101,0,train
2024-07-08,S04,SKU002,15.49,0,0.0,15.49,15.17,0,0.572,27,27,418.23,237.33,101,0,train
2024-07-09,S04,SKU002,15.49,0,0.0,15.49,13.91,0,0.51,27,19,294.31,167.01,73,0,train
2024-07-10,S04,SKU002,15.49,0,0.0,15.49,14.9,0,0.62,27,17,263.33,149.43,64,0,train
2024-07-11,S04,SKU002,15.49,0,0.0,15.49,16.0,0,0.574,27,23,356.27,202.17,94,0,train
2024-07-12,S04,SKU002,15.49,0,0.0,15.49,14.7,0,0.519,27,15,232.35,131.85,73,0,train
2024-07-13,S04,SKU002,15.49,0,0.0,15.49,14.45,0,0.561,27,30,464.7,263.7,36,0,train
2024-07-14,S04,SKU002,15.49,0,0.0,15.49,15.16,0,0.582,28,27,418.23,237.33,104,0,train
2024-07-15,S04,SKU002,15.49,0,0.0,15.49,14.47,0,0.606,28,26,402.74,228.54,26,1,train
2024-07-16,S04,SKU002,15.49,0,0.0,15.49,15.23,0,0.54,28,30,464.7,263.7,60,0,train
2024-07-17,S04,SKU002,15.49,0,0.0,15.49,14.49,0,0.462,28,25,387.25,219.75,34,0,train
2024-07-18,S04,SKU002,15.49,1,0.19,12.55,14.82,0,0.48,28,35,439.25,204.75,69,0,train
2024-07-19,S04,SKU002,15.49,0,0.0,15.49,15.18,0,0.368,28,26,402.74,228.54,55,0,train
2024-07-20,S04,SKU002,15.49,0,0.0,15.49,15.17,0,0.455,28,27,418.23,237.33,58,0,train
2024-07-21,S04,SKU002,15.49,0,0.0,15.49,14.97,0,0.537,29,29,449.21,254.91,86,0,train
2024-07-22,S04,SKU002,15.49,0,0.0,15.49,15.55,0,0.513,29,20,309.8,175.8,57,0,train
2024-07-23,S04,SKU002,15.49,0,0.0,15.49,14.82,0,0.472,29,20,309.8,175.8,39,0,train
2024-07-24,S04,SKU002,15.49,0,0.0,15.49,14.76,0,0.451,29,30,464.7,263.7,53,0,train
2024-07-25,S04,SKU002,15.49,0,0.0,15.49,15.64,0,0.56,29,23,356.27,202.17,26,0,train
2024-07-26,S04,SKU002,15.49,0,0.0,15.49,14.06,0,0.475,29,26,402.74,228.54,100,0,train
2024-07-27,S04,SKU002,15.49,0,0.0,15.49,14.75,0,0.506,29,18,278.82,158.22,40,0,train
2024-07-28,S04,SKU002,15.49,0,0.0,15.49,15.21,0,0.468,30,28,433.72,246.12,40,0,train
