ai-ml-challenge-main/retail_pricing_demand_2024.csv
date,store_id,sku_id,base_price,promo_flag,promo_depth,final_price,competitor_price,holiday_flag,weather_index,week_of_year,units_sold,revenue,margin,stock_cap,stockout_flag,set
2024-07-29,S04,SKU002,15.49,0,0.0,15.49,15.64,0,0.397,30,28,433.72,246.12,38,0,train
2024-07-30,S04,SKU002,15.49,1,0.2,12.39,15.49,0,0.524,30,42,520.38,238.98,42,1,train
2024-07-31,S04,SKU002,15.49,0,0.0,15.49,14.87,0,0.35,30,24,371.76,210.96,67,0,train
2024-08-01,S04,SKU002,15.49,0,0.0,15.49,15.42,0,0.345,30,34,526.66,298.86,53,0,train
2024-08-02,S04,SKU002,15.49,1,0.29,11.0,15.88,0,0.385,30,59,649.0,253.7,64,0,train
2024-08-03,S04,SKU002,15.49,0,0.0,15.49,15.4,0,0.36,30,39,604.11,342.81,56,0,train
2024-08-04,S04,SKU002,15.49,0,0.0,15.49,15.16,0,0.364,31,36,557.64,316.44,90,0,train
2024-08-05,S04,SKU002,15.49,0,0.0,15.49,14.02,0,0.355,31,17,263.33,149.43,50,0,train
2024-08-06,S04,SKU002,15.49,0,0.0,15.49,14.58,0,0.443,31,29,449.21,254.91,49,0,train
2024-08-07,S04,SKU002,15.49,1,0.28,11.15,15.17,0,0.381,31,28,312.2,124.6,28,1,train
2024-08-08,S04,SKU002,15.49,0,0.0,15.49,14.5,0,0.392,31,29,449.21,254.91,61,0,train
2024-08-09,S04,SKU002,15.49,1,0.22,12.08,15.08,0,0.269,31,70,845.6,376.6,99,0,train
2024-08-10,S04,SKU002,15.49,0,0.0,15.49,15.43,0,0.307,31,28,433.72,246.12,28,1,train
2024-08-11,S04,SKU002,15.49,0,0.0,15.49,15.37,0,0.417,32,27,418.23,237.33,84,0,train
2024-08-12,S04,SKU002,15.49,0,0.0,15.49,14.01,0,0.273,32,27,418.23,237.33,36,0,train
2024-08-13,S04,SKU002,15.49,0,0.0,15.49,14.81,0,0.41,32,29,449.21,254.91,90,0,train
2024-08-14,S04,SKU002,15.49,0,0.0,15.49,14.9,0,0.271,32,29,449.21,254.91,43,0,train
2024-08-15,S04,SKU002,15.49,0,0.0,15.49,15.42,0,0.344,32,33,511.17,290.07,73,0,train
2024-08-16,S04,SKU002,15.49,0,0.0,15.49,15.54,0,0.269,32,22,340.78,193.38,80,0,train
2024-08-17,S04,SKU002,15.49,1,0.13,13.48,14.71,0,0.326,32,48,647.04,325.44,48,1,train
2024-08-18,S04,SKU002,15.49,0,0.0,15.49,14.72,0,0.254,33,29,449.21,254.91,34,0,train
2024-08-19,S04,SKU002,15.49,0,0.0,15.49,14.67,0,0.287,33,25,387.25,219.75,81,0,train
2024-08-20,S04,SKU002,15.49,0,0.0,15.49,14.75,0,0.396,33,29,449.21,254.91,90,0,train
2024-08-21,S04,SKU002,15.49,1,0.23,11.93,15.02,0,0.268,33,31,369.83,162.13,31,1,train
2024-08-22,S04,SKU002,15.49,1,0.33,10.38,14.45,0,0.406,33,56,581.28,206.08,56,1,train
2024-08-23,S04,SKU002,15.49,0,0.0,15.49,14.89,0,0.251,33,25,387.25,219.75,29,0,train
2024-08-24,S04,SKU002,15.49,0,0.0,15.49,14.99,0,0.202,33,24,371.76,210.96,24,1,train
2024-08-25,S04,SKU002,15.49,0,0.0,15.49,15.63,0,0.272,34,33,511.17,290.07,88,0,train
2024-08-26,S04,SKU002,15.49,0,0.0,15.49,15.78,0,0.237,34,25,387.25,219.75,51,0,train
2024-08-27,S04,SKU002,15.49,0,0.0,15.49,14.55,0,0.362,34,33,511.17,290.07,88,0,train
2024-08-28,S04,SKU002,15.49,0,0.0,15.49,14.36,0,0.302,34,31,480.19,272.49,44,0,train
2024-08-29,S04,SKU002,15.49,1,0.28,11.15,14.91,0,0.316,34,57,635.55,253.65,100,0,train
2024-08-30,S04,SKU002,15.49,0,0.0,15.49,15.2,0,0.278,34,33,511.17,290.07,68,0,train
2024-08-31,S04,SKU002,15.49,0,0.0,15.49,13.37,0,0.383,34,29,449.21,254.91,95,0,train
2024-09-01,S04,SKU002,15.49,0,0.0,15.49,14.53,0,0.277,35,51,789.99,448.29,63,0,train
2024-09-02,S04,SKU002,15.49,0,0.0,15.49,15.52,1,0.257,35,42,650.58,369.18,43,0,train
2024-09-03,S04,SKU002,15.49,0,0.0,15.49,14.83,0,0.17,35,24,371.76,210.96,24,1,train
2024-09-04,S04,SKU002,15.49,0,0.0,15.49,15.58,0,0.16,35,26,402.74,228.54,91,0,train
2024-09-05,S04,SKU002,15.49,0,0.0,15.49,14.95,0,0.221,35,21,325.29,184.59,73,0,train
2024-09-06,S04,SKU002,15.49,0,0.0,15.49,14.92,0,0.265,35,33,511.17,290.07,49,0,train
2024-09-07,S04,SKU002,15.49,0,0.0,15.49,14.38,0,0.268,35,30,464.7,263.7,70,0,train
2024-09-08,S04,SKU002,15.49,0,0.0,15.49,15.16,0,0.14,36,33,511.17,290.07,96,0,train
2024-09-09,S04,SKU002,15.49,0,0.0,15.49,14.15,0,0.224,36,28,433.72,246.12,75,0,train
2024-09-10,S04,SKU002,15.49,0,0.0,15.49,14.64,0,0.199,36,27,418.23,237.33,63,0,train
2024-09-11,S04,SKU002,15.49,0,0.0,15.49,13.93,0,0.116,36,30,464.7,263.7,30,1,train
2024-09-12,S04,SKU002,15.49,1,0.22,12.08,14.4,0,0.21,36,58,700.64,312.04,92,0,train
2024-09-13,S04,SKU002,15.49,1,0.22,12.08,14.72,0,0.039,36,56,676.48,301.28,99,0,train
2024-09-14,S04,SKU002,15.49,0,0.0,15.49,14.59,0,0.187,36,29,449.21,254.91,30,0,train
2024-09-15,S04,SKU002,15.49,0,0.0,15.49,14.85,0,0.316,37,35,542.15,307.65,36,0,train
2024-09-16,S04,SKU002,15.49,0,0.0,15.49,14.27,0,0.102,37,30,464.7,263.7,60,0,train
2024-09-17,S04,SKU002,15.49,0,0.0,15.49,14.59,0,0.161,37,26,402.74,228.54,26,1,train
2024-09-18,S04,SKU002,15.49,0,0.0,15.49,14.79,0,0.043,37,29,449.21,254.91,29,1,train
2024-09-19,S04,SKU002,15.49,0,0.0,15.49,14.14,0,0.107,37,21,325.29,184.59,81,0,train
2024-09-20,S04,SKU002,15.49,0,0.0,15.49,14.24,0,0.195,37,31,480.19,272.49,44,0,train
2024-09-21,S04,SKU002,15.49,1,0.28,11.15,14.85,0,0.084,37,72,802.8,320.4,72,1,train
2024-09-22,S04,SKU002,15.49,0,0.0,15.49,14.62,0,0.141,38,33,511.17,290.07,80,0,train
2024-09-23,S04,SKU002,15.49,1,0.11,13.79,13.43,0,0.119,38,43,592.97,304.87,43,1,train
2024-09-24,S04,SKU002,15.49,0,0.0,15.49,14.68,0,0.114,38,29,449.21,254.91,77,0,train
2024-09-25,S04,SKU002,15.49,0,0.0,15.49,15.53,0,0.146,38,26,402.74,228.54,98,0,train
2024-09-26,S04,SKU002,15.49,1,0.24,11.77,14.84,0,0.16,38,39,459.03,197.73,39,1,train
2024-09-27,S04,SKU002,15.49,0,0.0,15.49,14.73,0,0.203,38,39,604.11,342.81,55,0,train
2024-09-28,S04,SKU002,15.49,1,0.2,12.39,14.51,0,0.176,38,68,842.52,386.92,68,0,train
2024-09-29,S04,SKU002,15.49,0,0.0,15.49,13.6,0,0.09,39,43,666.07,377.97,89,0,train
2024-09-30,S04,SKU002,15.49,0,0.0,15.49,14.65,0,0.207,39,33,511.17,290.07,100,0,train
2024-10-01,S04,SKU002,15.49,0,0.0,15.49,14.93,0,0.194,39,39,604.11,342.81,79,0,test
2024-10-02,S04,SKU002,15.49,1,0.16,13.01,14.89,0,0.024,39,56,728.56,353.36,56,1,test
2024-10-03,S04,SKU002,15.49,1,0.22,12.08,15.12,0,0.155,39,77,930.16,414.26,78,0,test
2024-10-04,S04,SKU002,15.49,1,0.1,13.94,15.5,0,0.163,39,32,446.08,231.68,32,1,test
2024-10-05,S04,SKU002,15.49,0,0.0,15.49,14.31,0,0.17,39,24,371.76,210.96,24,1,test
2024-10-06,S04,SKU002,15.49,0,0.0,15.49,15.19,0,0.143,40,35,542.15,307.65,88,0,test
2024-10-07,S04,SKU002,15.49,0,0.0,15.49,15.06,0,0.031,40,28,433.72,246.12,38,0,test
2024-10-08,S04,SKU002,15.49,0,0.0,15.49,14.79,0,0.091,40,30,464.7,263.7,75,0,test
2024-10-09,S04,SKU002,15.49,0,0.0,15.49,14.74,0,0.0,40,27,418.23,237.33,43,0,test
2024-10-10,S04,SKU002,15.49,0,0.0,15.49,14.95,0,0.096,40,24,371.76,210.96,24,1,test
2024-10-11,S04,SKU002,15.49,0,0.0,15.49,14.82,0,0.226,40,35,542.15,307.65,42,0,test
2024-10-12,S04,SKU002,15.49,1,0.17,12.86,14.53,0,0.144,40,73,938.78,449.68,86,0,test
2024-10-13,S04,SKU002,15.49,1,0.2,12.39,14.7,0,0.152,41,77,954.03,438.13,77,1,test
2024-10-14,S04,SKU002,15.49,0,0.0,15.49,14.53,0,0.071,41,34,526.66,298.86,58,0,test
2024-10-15,S04,SKU002,15.49,1,0.15,13.17,14.19,0,0.04,41,27,355.59,174.69,27,1,test
2024-10-16,S04,SKU002,15.49,0,0.0,15.49,14.73,0,0.036,41,45,697.05,395.55,65,0,test
2024-10-17,S04,SKU002,15.49,0,0.0,15.49,15.0,0,0.108,41,46,712.54,404.34,90,0,test
2024-10-18,S04,SKU002,15.49,1,0.11,13.79,14.83,0,0.052,41,57,786.03,404.13,70,0,test
2024-10-19,S04,SKU002,15.49,1,0.2,12.39,15.29,0,0.062,41,38,470.82,216.22,38,1,test
2024-10-20,S04,SKU002,15.49,0,0.0,15.49,14.64,0,0.169,42,49,759.01,430.71,85,0,test
2024-10-21,S04,SKU002,15.49,0,0.0,15.49,14.72,0,0.002,42,36,557.64,316.44,83,0,test
2024-10-22,S04,SKU002,15.49,0,0.0,15.49,14.68,0,0.022,42,35,542.15,307.65,77,0,test
2024-10-23,S04,SKU002,15.49,0,0.0,15.49,14.72,0,0.07,42,30,464.7,263.7,88,0,test
2024-10-24,S04,SKU002,15.49,1,0.28,11.15,15.93,0,0.095,42,97,1081.55,431.65,102,0,test
2024-10-25,S04,SKU002,15.49,0,0.0,15.49,14.83,0,0.094,42,37,573.13,325.23,101,0,test
2024-10-26,S04,SKU002,15.49,0,0.0,15.49,15.76,0,0.019,42,44,681.56,386.76,103,0,test
2024-10-27,S04,SKU002,15.49,0,0.0,15.49,14.66,0,0.115,43,22,340.78,193.38,22,1,test
2024-10-28,S04,SKU002,15.49,0,0.0,15.49,13.9,0,0.097,43,40,619.6,351.6,90,0,test
2024-10-29,S04,SKU002,15.49,1,0.2,12.39,14.51,0,0.127,43,36,446.04,204.84,36,1,test
2024-10-30,S04,SKU002,15.49,0,0.0,15.49,14.51,0,0.042,43,23,356.27,202.17,44,0,test
2024-10-31,S04,SKU002,15.49,0,0.0,15.49,15.67,0,0.123,43,32,495.68,281.28,37,0,test
2024-11-01,S04,SKU002,15.49,0,0.0,15.49,14.25,0,0.123,43,28,433.72,246.12,86,0,test
2024-11-02,S04,SKU002,15.49,0,0.0,15.49,15.24,0,0.072,43,34,526.66,298.86,67,0,test
2024-11-03,S04,SKU002,15.49,0,0.0,15.49,14.38,0,0.1,44,40,619.6,351.6,61,0,test
2024-11-04,S04,SKU002,15.49,0,0.0,15.49,14.25,0,0.081,44,33,511.17,290.07,62,0,test
2024-11-05,S04,SKU002,15.49,0,0.0,15.49,14.67,0,0.198,44,40,619.6,351.6,40,1,test
2024-11-06,S04,SKU002,15.49,0,0.0,15.49,14.55,0,0.0,44,28,433.72,246.12,36,0,test
2024-11-07,S04,SKU002,15.49,0,0.0,15.49,14.58,0,0.034,44,34,526.66,298.86,34,1,test
2024-11-08,S04,SKU002,15.49,0,0.0,15.49,15.6,0,0.021,44,37,573.13,325.23,104,0,test
2024-11-09,S04,SKU002,15.49,0,0.0,15.49,15.77,0,0.103,44,46,712.54,404.34,92,0,test
2024-11-10,S04,SKU002,15.49,0,0.0,15.49,14.45,0,0.087,45,32,495.68,281.28,32,1,test
2024-11-11,S04,SKU002,15.49,1,0.28,11.15,15.01,0,0.106,45,80,892.0,356.0,80,1,test
2024-11-12,S04,SKU002,15.49,0,0.0,15.49,13.61,0,0.176,45,34,526.66,298.86,34,1,test
2024-01-01,S04,SKU003,21.99,0,0.0,21.99,22.07,1,0.291,0,30,659.7,374.7,47,0,train
2024-01-02,S04,SKU003,21.99,0,0.0,21.99,21.85,0,0.459,0,19,417.81,237.31,92,0,train
2024-01-03,S04,SKU003,21.99,0,0.0,21.99,22.49,0,0.337,0,11,241.89,137.39,32,0,train
2024-01-04,S04,SKU003,21.99,0,0.0,21.99,21.6,0,0.381,0,11,241.89,137.39,35,0,train
2024-01-05,S04,SKU003,21.99,1,0.05,20.89,21.56,0,0.398,0,25,522.25,284.75,61,0,train
2024-01-06,S04,SKU003,21.99,0,0.0,21.99,21.55,0,0.365,0,23,505.77,287.27,59,0,train
2024-01-07,S04,SKU003,21.99,0,0.0,21.99,21.05,0,0.334,1,19,417.81,237.31,52,0,train
2024-01-08,S04,SKU003,21.99,0,0.0,21.99,22.12,0,0.462,1,19,417.81,237.31,54,0,train
2024-01-09,S04,SKU003,21.99,0,0.0,21.99,20.45,0,0.451,1,14,307.86,174.86,33,0,train
2024-01-10,S04,SKU003,21.99,1,0.27,16.05,22.93,0,0.319,1,59,946.95,386.45,101,0,train
2024-01-11,S04,SKU003,21.99,1,0.15,18.69,22.01,0,0.584,1,32,598.08,294.08,93,0,train
2024-01-12,S04,SKU003,21.99,0,0.0,21.99,21.96,0,0.508,1,16,351.84,199.84,54,0,train
2024-01-13,S04,SKU003,21.99,0,0.0,21.99,23.17,0,0.411,1,16,351.84,199.84,92,0,train
2024-01-14,S04,SKU003,21.99,0,0.0,21.99,22.9,0,0.518,2,29,637.71,362.21,70,0,train
2024-01-15,S04,SKU003,21.99,0,0.0,21.99,20.52,0,0.443,2,15,329.85,187.35,49,0,train
2024-01-16,S04,SKU003,21.99,0,0.0,21.99,22.4,0,0.474,2,19,417.81,237.31,64,0,train
2024-01-17,S04,SKU003,21.99,0,0.0,21.99,21.88,0,0.532,2,19,417.81,237.31,53,0,train
2024-01-18,S04,SKU003,21.99,0,0.0,21.99,21.41,0,0.416,2,19,417.81,237.31,102,0,train
2024-01-19,S04,SKU003,21.99,1,0.19,17.81,22.5,0,0.533,2,39,694.59,324.09,95,0,train
2024-01-20,S04,SKU003,21.99,0,0.0,21.99,22.2,0,0.589,2,21,461.79,262.29,26,0,train
2024-01-21,S04,SKU003,21.99,0,0.0,21.99,22.77,0,0.591,3,17,373.83,212.33,58,0,train
2024-01-22,S04,SKU003,21.99,0,0.0,21.99,23.5,0,0.501,3,15,329.85,187.35,71,0,train
2024-01-23,S04,SKU003,21.99,0,0.0,21.99,23.26,0,0.58,3,14,307.86,174.86,38,0,train
2024-01-24,S04,SKU003,21.99,0,0.0,21.99,21.66,0,0.435,3,19,417.81,237.31,91,0,train
2024-01-25,S04,SKU003,21.99,0,0.0,21.99,21.98,0,0.53,3,27,593.73,337.23,82,0,train
2024-01-26,S04,SKU003,21.99,0,0.0,21.99,22.38,0,0.573,3,12,263.88,149.88,34,0,train
2024-01-27,S04,SKU003,21.99,1,0.16,18.47,23.02,0,0.472,3,42,775.74,376.74,59,0,train
2024-01-28,S04,SKU003,21.99,1,0.27,16.05,21.46,0,0.555,4,47,754.35,307.85,80,0,train
2024-01-29,S04,SKU003,21.99,0,0.0,21.99,23.95,0,0.67,4,10,219.9,124.9,99,0,train
2024-01-30,S04,SKU003,21.99,0,0.0,21.99,23.38,0,0.731,4,12,263.88,149.88,25,0,train
2024-01-31,S04,SKU003,21.99,1,0.22,17.15,22.5,0,0.627,4,37,634.55,283.05,37,1,train
2024-02-01,S04,SKU003,21.99,0,0.0,21.99,22.66,0,0.637,4,16,351.84,199.84,58,0,train
2024-02-02,S04,SKU003,21.99,0,0.0,21.99,21.54,0,0.536,4,16,351.84,199.84,57,0,train
2024-02-03,S04,SKU003,21.99,0,0.0,21.99,22.19,0,0.528,4,24,527.76,299.76,52,0,train
2024-02-04,S04,SKU003,21.99,0,0.0,21.99,21.93,0,0.522,5,15,329.85,187.35,89,0,train
2024-02-05,S04,SKU003,21.99,1,0.34,14.51,22.34,0,0.646,5,61,885.11,305.61,61,1,train
2024-02-06,S04,SKU003,21.99,0,0.0,21.99,23.18,0,0.665,5,24,527.76,299.76,56,0,train
2024-02-07,S04,SKU003,21.99,0,0.0,21.99,23.65,0,0.587,5,18,395.82,224.82,86,0,train
2024-02-08,S04,SKU003,21.99,0,0.0,21.99,21.76,0,0.559,5,17,373.83,212.33,90,0,train
2024-02-09,S04,SKU003,21.99,1,0.08,20.23,23.93,1,0.655,5,37,748.51,397.01,95,0,train
2024-02-10,S04,SKU003,21.99,1,0.09,20.01,22.75,0,0.665,5,35,700.35,367.85,87,0,train
2024-02-11,S04,SKU003,21.99,0,0.0,21.99,22.84,0,0.645,6,24,527.76,299.76,24,1,train
2024-02-12,S04,SKU003,21.99,0,0.0,21.99,21.84,0,0.735,6,15,329.85,187.35,99,0,train
2024-02-13,S04,SKU003,21.99,0,0.0,21.99,22.56,0,0.66,6,15,329.85,187.35,49,0,train
2024-02-14,S04,SKU003,21.99,1,0.24,16.71,22.55,0,0.667,6,42,701.82,302.82,55,0,train
2024-02-15,S04,SKU003,21.99,0,0.0,21.99,22.55,0,0.611,6,27,593.73,337.23,80,0,train
2024-02-16,S04,SKU003,21.99,0,0.0,21.99,24.77,0,0.692,6,18,395.82,224.82,72,0,train
2024-02-17,S04,SKU003,21.99,0,0.0,21.99,22.7,0,0.771,6,17,373.83,212.33,75,0,train
2024-02-18,S04,SKU003,21.99,0,0.0,21.99,24.59,0,0.699,7,26,571.74,324.74,63,0,train
2024-02-19,S04,SKU003,21.99,0,0.0,21.99,21.77,0,0.706,7,15,329.85,187.35,97,0,train
2024-02-20,S04,SKU003,21.99,0,0.0,21.99,23.73,0,0.734,7,19,417.81,237.31,88,0,train
2024-02-21,S04,SKU003,21.99,1,0.27,16.05,23.77,0,0.73,7,49,786.45,320.95,81,0,train
2024-02-22,S04,SKU003,21.99,0,0.0,21.99,23.25,0,0.751,7,30,659.7,374.7,61,0,train
2024-02-23,S04,SKU003,21.99,1,0.07,20.45,23.2,0,0.757,7,33,674.85,361.35,71,0,train
2024-02-24,S04,SKU003,21.99,0,0.0,21.99,23.72,0,0.768,7,21,461.79,262.29,32,0,train
2024-02-25,S04,SKU003,21.99,0,0.0,21.99,23.4,0,0.689,8,30,659.7,374.7,84,0,train
2024-02-26,S04,SKU003,21.99,0,0.0,21.99,22.75,0,0.76,8,18,395.82,224.82,85,0,train
2024-02-27,S04,SKU003,21.99,0,0.0,21.99,22.53,0,0.651,8,23,505.77,287.27,31,0,train
2024-02-28,S04,SKU003,21.99,0,0.0,21.99,23.91,0,0.769,8,19,417.81,237.31,95,0,train
2024-02-29,S04,SKU003,21.99,0,0.0,21.99,23.06,0,0.682,8,22,483.78,274.78,56,0,train
2024-03-01,S04,SKU003,21.99,0,0.0,21.99,22.96,0,0.759,8,19,417.81,237.31,86,0,train
2024-03-02,S04,SKU003,21.99,0,0.0,21.99,21.73,0,0.797,8,24,527.76,299.76,77,0,train
2024-03-03,S04,SKU003,21.99,0,0.0,21.99,22.98,0,0.748,9,23,505.77,287.27,67,0,train
2024-03-04,S04,SKU003,21.99,0,0.0,21.99,24.65,0,0.784,9,26,571.74,324.74,33,0,train
2024-03-05,S04,SKU003,21.99,0,0.0,21.99,24.03,0,0.685,9,24,527.76,299.76,82,0,train
2024-03-06,S04,SKU003,21.99,0,0.0,21.99,24.43,0,0.737,9,21,461.79,262.29,57,0,train
2024-03-07,S04,SKU003,21.99,0,0.0,21.99,23.51,0,0.834,9,18,395.82,224.82,73,0,train
2024-03-08,S04,SKU003,21.99,0,0.0,21.99,23.85,0,0.728,9,23,505.77,287.27,81,0,train
2024-03-09,S04,SKU003,21.99,0,0.0,21.99,24.57,0,0.841,9,27,593.73,337.23,37,0,train
2024-03-10,S04,SKU003,21.99,0,0.0,21.99,22.81,0,0.723,10,31,681.69,387.19,90,0,train
2024-03-11,S04,SKU003,21.99,0,0.0,21.99,23.04,0,0.756,10,23,505.77,287.27,57,0,train
2024-03-12,S04,SKU003,21.99,0,0.0,21.99,23.43,0,0.749,10,25,549.75,312.25,43,0,train
2024-03-13,S04,SKU003,21.99,0,0.0,21.99,22.47,0,0.82,10,18,395.82,224.82,80,0,train
2024-03-14,S04,SKU003,21.99,0,0.0,21.99,23.65,0,0.855,10,25,549.75,312.25,74,0,train
2024-03-15,S04,SKU003,21.99,0,0.0,21.99,22.76,0,0.763,10,19,417.81,237.31,46,0,train
2024-03-16,S04,SKU003,21.99,0,0.0,21.99,23.5,0,0.82,10,15,329.85,187.35,102,0,train
2024-03-17,S04,SKU003,21.99,0,0.0,21.99,24.28,0,0.932,11,19,417.81,237.31,94,0,train
2024-03-18,S04,SKU003,21.99,0,0.0,21.99,24.03,0,0.82,11,21,461.79,262.29,25,0,train
2024-03-19,S04,SKU003,21.99,0,0.0,21.99,24.27,0,0.793,11,16,351.84,199.84,34,0,train
2024-03-20,S04,SKU003,21.99,1,0.07,20.45,23.4,0,0.869,11,32,654.4,350.4,71,0,train
2024-03-21,S04,SKU003,21.99,1,0.2,17.59,23.22,0,0.836,11,68,1196.12,550.12,69,0,train
2024-03-22,S04,SKU003,21.99,1,0.18,18.03,22.31,0,0.811,11,44,793.32,375.32,71,0,train
2024-03-23,S04,SKU003,21.99,0,0.0,21.99,22.36,0,0.748,11,28,615.72,349.72,72,0,train
2024-03-24,S04,SKU003,21.99,1,0.35,14.29,23.19,0,0.908,12,36,514.44,172.44,36,1,train
2024-03-25,S04,SKU003,21.99,0,0.0,21.99,21.98,0,0.828,12,18,395.82,224.82,71,0,train
2024-03-26,S04,SKU003,21.99,1,0.18,18.03,24.14,0,0.865,12,44,793.32,375.32,67,0,train
2024-03-27,S04,SKU003,21.99,0,0.0,21.99,23.39,0,0.804,12,21,461.79,262.29,32,0,train
2024-03-28,S04,SKU003,21.99,0,0.0,21.99,23.16,0,0.948,12,13,285.87,162.37,53,0,train
2024-03-29,S04,SKU003,21.99,1,0.26,16.27,22.45,0,0.918,12,36,585.72,243.72,36,1,train
2024-03-30,S04,SKU003,21.99,1,0.21,17.37,22.64,0,0.934,12,52,903.24,409.24,52,1,train
2024-03-31,S04,SKU003,21.99,0,0.0,21.99,23.26,0,0.871,13,17,373.83,212.33,81,0,train
2024-04-01,S04,SKU003,21.99,0,0.0,21.99,22.8,0,0.908,13,20,439.8,249.8,69,0,train
2024-04-02,S04,SKU003,21.99,1,0.18,18.03,23.71,0,0.935,13,54,973.62,460.62,90,0,train
2024-04-03,S04,SKU003,21.99,1,0.17,18.25,23.86,0,0.945,13,36,657.0,315.0,36,1,train
2024-04-04,S04,SKU003,21.99,0,0.0,21.99,21.97,0,0.904,13,23,505.77,287.27,99,0,train
2024-04-05,S04,SKU003,21.99,0,0.0,21.99,23.18,0,0.884,13,31,681.69,387.19,64,0,train
2024-04-06,S04,SKU003,21.99,0,0.0,21.99,24.6,0,0.868,13,36,791.64,449.64,95,0,train
2024-04-07,S04,SKU003,21.99,0,0.0,21.99,22.38,0,0.846,14,34,747.66,424.66,74,0,train
2024-04-08,S04,SKU003,21.99,0,0.0,21.99,23.1,0,0.834,14,21,461.79,262.29,27,0,train
2024-04-09,S04,SKU003,21.99,0,0.0,21.99,22.61,0,0.915,14,20,439.8,249.8,102,0,train
2024-04-10,S04,SKU003,21.99,0,0.0,21.99,23.78,0,0.88,14,29,637.71,362.21,64,0,train
2024-04-11,S04,SKU003,21.99,1,0.24,16.71,22.82,0,0.776,14,71,1186.41,511.91,71,1,train
2024-04-12,S04,SKU003,21.99,0,0.0,21.99,23.04,0,0.887,14,29,637.71,362.21,55,0,train
