ai-ml-challenge-main/retail_pricing_demand_2024.csv
date,store_id,sku_id,base_price,promo_flag,promo_depth,final_price,competitor_price,holiday_flag,weather_index,week_of_year,units_sold,revenue,margin,stock_cap,stockout_flag,set
2024-04-13,S04,SKU003,21.99,0,0.0,21.99,22.17,0,0.961,14,27,593.73,337.23,32,0,train
2024-04-14,S04,SKU003,21.99,0,0.0,21.99,22.84,0,0.882,15,34,747.66,424.66,80,0,train
2024-04-15,S04,SKU003,21.99,0,0.0,21.99,23.32,0,0.788,15,23,505.77,287.27,58,0,train
2024-04-16,S04,SKU003,21.99,0,0.0,21.99,23.29,0,0.892,15,28,615.72,349.72,90,0,train
2024-04-17,S04,SKU003,21.99,0,0.0,21.99,23.25,0,0.947,15,18,395.82,224.82,91,0,train
2024-04-18,S04,SKU003,21.99,0,0.0,21.99,23.51,0,0.912,15,32,703.68,399.68,32,0,train
2024-04-19,S04,SKU003,21.99,0,0.0,21.99,23.46,0,0.874,15,26,571.74,324.74,100,0,train
2024-04-20,S04,SKU003,21.99,0,0.0,21.99,24.02,0,1.0,15,24,527.76,299.76,84,0,train
2024-04-21,S04,SKU003,21.99,1,0.19,17.81,23.76,0,1.0,16,42,748.02,349.02,42,1,train
2024-04-22,S04,SKU003,21.99,1,0.2,17.59,24.51,0,0.894,16,59,1037.81,477.31,98,0,train
2024-04-23,S04,SKU003,21.99,0,0.0,21.99,23.39,0,0.948,16,17,373.83,212.33,98,0,train
2024-04-24,S04,SKU003,21.99,1,0.2,17.59,23.03,0,0.922,16,59,1037.81,477.31,96,0,train
2024-04-25,S04,SKU003,21.99,1,0.26,16.27,23.44,0,0.945,16,72,1171.44,487.44,73,0,train
2024-04-26,S04,SKU003,21.99,0,0.0,21.99,23.75,0,0.985,16,26,571.74,324.74,100,0,train
2024-04-27,S04,SKU003,21.99,0,0.0,21.99,23.99,0,0.946,16,26,571.74,324.74,52,0,train
2024-04-28,S04,SKU003,21.99,0,0.0,21.99,23.25,0,0.901,17,38,835.62,474.62,76,0,train
2024-04-29,S04,SKU003,21.99,0,0.0,21.99,22.41,0,0.856,17,27,593.73,337.23,40,0,train
2024-04-30,S04,SKU003,21.99,0,0.0,21.99,23.16,1,0.845,17,27,593.73,337.23,66,0,train
2024-05-01,S04,SKU003,21.99,0,0.0,21.99,23.19,1,0.891,17,35,769.65,437.15,54,0,train
2024-05-02,S04,SKU003,21.99,0,0.0,21.99,22.97,0,0.96,17,19,417.81,237.31,41,0,train
2024-05-03,S04,SKU003,21.99,1,0.21,17.37,23.12,0,0.907,17,63,1094.31,495.81,73,0,train
2024-05-04,S04,SKU003,21.99,0,0.0,21.99,23.81,0,0.891,17,34,747.66,424.66,86,0,train
2024-05-05,S04,SKU003,21.99,0,0.0,21.99,24.01,0,0.901,18,28,615.72,349.72,67,0,train
2024-05-06,S04,SKU003,21.99,0,0.0,21.99,24.11,0,0.886,18,28,615.72,349.72,51,0,train
2024-05-07,S04,SKU003,21.99,0,0.0,21.99,23.52,0,0.915,18,24,527.76,299.76,36,0,train
2024-05-08,S04,SKU003,21.99,0,0.0,21.99,22.7,0,0.813,18,20,439.8,249.8,62,0,train
2024-05-09,S04,SKU003,21.99,0,0.0,21.99,23.81,0,0.759,18,28,615.72,349.72,54,0,train
2024-05-10,S04,SKU003,21.99,0,0.0,21.99,23.19,0,0.85,18,27,593.73,337.23,43,0,train
2024-05-11,S04,SKU003,21.99,1,0.17,18.25,22.46,0,0.804,18,52,949.0,455.0,52,1,train
2024-05-12,S04,SKU003,21.99,0,0.0,21.99,22.52,0,0.968,19,41,901.59,512.09,68,0,train
2024-05-13,S04,SKU003,21.99,0,0.0,21.99,22.7,0,0.858,19,34,747.66,424.66,43,0,train
2024-05-14,S04,SKU003,21.99,0,0.0,21.99,22.79,0,0.85,19,19,417.81,237.31,29,0,train
2024-05-15,S04,SKU003,21.99,0,0.0,21.99,23.08,0,0.77,19,33,725.67,412.17,33,1,train
2024-05-16,S04,SKU003,21.99,0,0.0,21.99,22.83,0,0.876,19,28,615.72,349.72,28,0,train
2024-05-17,S04,SKU003,21.99,1,0.16,18.47,23.65,0,0.819,19,33,609.51,296.01,33,1,train
2024-05-18,S04,SKU003,21.99,0,0.0,21.99,22.87,0,0.92,19,32,703.68,399.68,49,0,train
2024-05-19,S04,SKU003,21.99,0,0.0,21.99,23.06,0,0.9,20,28,615.72,349.72,46,0,train
2024-05-20,S04,SKU003,21.99,0,0.0,21.99,23.59,0,0.8,20,34,747.66,424.66,40,0,train
2024-05-21,S04,SKU003,21.99,0,0.0,21.99,24.15,0,0.868,20,25,549.75,312.25,83,0,train
2024-05-22,S04,SKU003,21.99,0,0.0,21.99,23.11,0,0.676,20,12,263.88,149.88,51,0,train
2024-05-23,S04,SKU003,21.99,0,0.0,21.99,22.64,0,0.795,20,32,703.68,399.68,89,0,train
2024-05-24,S04,SKU003,21.99,1,0.26,16.27,23.05,0,0.907,20,27,439.29,182.79,27,1,train
2024-05-25,S04,SKU003,21.99,0,0.0,21.99,23.02,0,0.875,20,25,549.75,312.25,101,0,train
2024-05-26,S04,SKU003,21.99,1,0.36,14.07,20.9,0,0.835,21,53,745.71,242.21,53,1,train
2024-05-27,S04,SKU003,21.99,0,0.0,21.99,22.45,0,0.818,21,37,813.63,462.13,74,0,train
2024-05-28,S04,SKU003,21.99,0,0.0,21.99,23.62,0,0.731,21,32,703.68,399.68,56,0,train
2024-05-29,S04,SKU003,21.99,1,0.22,17.15,22.27,0,0.73,21,32,548.8,244.8,32,1,train
2024-05-30,S04,SKU003,21.99,1,0.34,14.51,21.45,0,0.821,21,71,1030.21,355.71,71,1,train
2024-05-31,S04,SKU003,21.99,0,0.0,21.99,22.91,0,0.908,21,32,703.68,399.68,70,0,train
2024-06-01,S04,SKU003,21.99,1,0.14,18.91,22.2,0,0.668,21,60,1134.6,564.6,60,1,train
2024-06-02,S04,SKU003,21.99,0,0.0,21.99,21.9,0,0.831,22,32,703.68,399.68,73,0,train
2024-06-03,S04,SKU003,21.99,0,0.0,21.99,23.43,0,0.825,22,20,439.8,249.8,81,0,train
2024-06-04,S04,SKU003,21.99,0,0.0,21.99,20.82,0,0.841,22,24,527.76,299.76,24,1,train
2024-06-05,S04,SKU003,21.99,1,0.24,16.71,22.39,0,0.727,22,54,902.34,389.34,54,1,train
2024-06-06,S04,SKU003,21.99,1,0.13,19.13,23.51,0,0.742,22,37,707.81,356.31,37,1,train
2024-06-07,S04,SKU003,21.99,0,0.0,21.99,22.32,0,0.772,22,31,681.69,387.19,42,0,train
2024-06-08,S04,SKU003,21.99,0,0.0,21.99,22.02,0,0.702,22,29,637.71,362.21,65,0,train
2024-06-09,S04,SKU003,21.99,0,0.0,21.99,21.57,0,0.685,23,37,813.63,462.13,65,0,train
2024-06-10,S04,SKU003,21.99,0,0.0,21.99,24.64,0,0.7,23,22,483.78,274.78,22,1,train
2024-06-11,S04,SKU003,21.99,0,0.0,21.99,22.71,0,0.744,23,23,505.77,287.27,41,0,train
2024-06-12,S04,SKU003,21.99,0,0.0,21.99,21.77,0,0.765,23,28,615.72,349.72,28,1,train
2024-06-13,S04,SKU003,21.99,1,0.21,17.37,21.68,0,0.736,23,38,660.06,299.06,38,1,train
2024-06-14,S04,SKU003,21.99,0,0.0,21.99,22.78,0,0.736,23,28,615.72,349.72,97,0,train
2024-06-15,S04,SKU003,21.99,0,0.0,21.99,21.57,0,0.685,23,25,549.75,312.25,91,0,train
2024-06-16,S04,SKU003,21.99,0,0.0,21.99,21.51,0,0.677,24,31,681.69,387.19,83,0,train
2024-06-17,S04,SKU003,21.99,0,0.0,21.99,23.17,0,0.782,24,26,571.74,324.74,39,0,train
2024-06-18,S04,SKU003,21.99,0,0.0,21.99,22.23,0,0.705,24,28,615.72,349.72,42,0,train
2024-06-19,S04,SKU003,21.99,0,0.0,21.99,22.31,0,0.698,24,37,813.63,462.13,88,0,train
2024-06-20,S04,SKU003,21.99,1,0.23,16.93,22.51,0,0.753,24,24,406.32,178.32,24,1,train
2024-06-21,S04,SKU003,21.99,1,0.1,19.79,22.78,0,0.765,24,46,910.34,473.34,91,0,train
2024-06-22,S04,SKU003,21.99,0,0.0,21.99,22.98,0,0.761,24,24,527.76,299.76,36,0,train
2024-06-23,S04,SKU003,21.99,0,0.0,21.99,21.75,0,0.703,25,41,901.59,512.09,97,0,train
2024-06-24,S04,SKU003,21.99,0,0.0,21.99,23.06,0,0.669,25,24,527.76,299.76,83,0,train
2024-06-25,S04,SKU003,21.99,0,0.0,21.99,22.51,0,0.683,25,36,791.64,449.64,99,0,train
2024-06-26,S04,SKU003,21.99,0,0.0,21.99,22.02,0,0.671,25,32,703.68,399.68,85,0,train
2024-06-27,S04,SKU003,21.99,1,0.18,18.03,23.0,0,0.737,25,29,522.87,247.37,29,1,train
2024-06-28,S04,SKU003,21.99,0,0.0,21.99,21.37,0,0.665,25,26,571.74,324.74,56,0,train
2024-06-29,S04,SKU003,21.99,0,0.0,21.99,22.75,0,0.679,25,35,769.65,437.15,55,0,train
2024-06-30,S04,SKU003,21.99,0,0.0,21.99,23.39,0,0.633,26,23,505.77,287.27,23,1,train
2024-07-01,S04,SKU003,21.99,0,0.0,21.99,20.36,0,0.71,26,26,571.74,324.74,97,0,train
2024-07-02,S04,SKU003,21.99,0,0.0,21.99,20.86,0,0.498,26,22,483.78,274.78,61,0,train
2024-07-03,S04,SKU003,21.99,0,0.0,21.99,21.3,0,0.637,26,28,615.72,349.72,28,1,train
2024-07-04,S04,SKU003,21.99,0,0.0,21.99,21.14,0,0.653,26,16,351.84,199.84,77,0,train
2024-07-05,S04,SKU003,21.99,1,0.27,16.05,21.32,0,0.532,26,84,1348.2,550.2,85,0,train
2024-07-06,S04,SKU003,21.99,0,0.0,21.99,22.02,0,0.724,26,30,659.7,374.7,54,0,train
2024-07-07,S04,SKU003,21.99,1,0.17,18.25,22.51,0,0.579,27,38,693.5,332.5,38,1,train
2024-07-08,S04,SKU003,21.99,0,0.0,21.99,21.26,0,0.572,27,33,725.67,412.17,58,0,train
2024-07-09,S04,SKU003,21.99,0,0.0,21.99,21.26,0,0.51,27,23,505.77,287.27,23,1,train
2024-07-10,S04,SKU003,21.99,0,0.0,21.99,22.51,0,0.62,27,25,549.75,312.25,78,0,train
2024-07-11,S04,SKU003,21.99,0,0.0,21.99,22.57,0,0.574,27,33,725.67,412.17,75,0,train
2024-07-12,S04,SKU003,21.99,0,0.0,21.99,22.73,0,0.519,27,25,549.75,312.25,45,0,train
2024-07-13,S04,SKU003,21.99,1,0.05,20.89,21.47,0,0.561,27,41,856.49,466.99,82,0,train
2024-07-14,S04,SKU003,21.99,0,0.0,21.99,21.16,0,0.582,28,36,791.64,449.64,36,1,train
2024-07-15,S04,SKU003,21.99,0,0.0,21.99,22.65,0,0.606,28,28,615.72,349.72,66,0,train
2024-07-16,S04,SKU003,21.99,0,0.0,21.99,21.69,0,0.54,28,25,549.75,312.25,98,0,train
2024-07-17,S04,SKU003,21.99,0,0.0,21.99,22.32,0,0.462,28,31,681.69,387.19,100,0,train
2024-07-18,S04,SKU003,21.99,0,0.0,21.99,21.8,0,0.48,28,24,527.76,299.76,24,1,train
2024-07-19,S04,SKU003,21.99,0,0.0,21.99,21.62,0,0.368,28,36,791.64,449.64,83,0,train
2024-07-20,S04,SKU003,21.99,0,0.0,21.99,22.62,0,0.455,28,28,615.72,349.72,50,0,train
2024-07-21,S04,SKU003,21.99,0,0.0,21.99,22.23,0,0.537,29,25,549.75,312.25,100,0,train
2024-07-22,S04,SKU003,21.99,0,0.0,21.99,20.75,0,0.513,29,32,703.68,399.68,37,0,train
2024-07-23,S04,SKU003,21.99,0,0.0,21.99,20.33,0,0.472,29,28,615.72,349.72,31,0,train
2024-07-24,S04,SKU003,21.99,0,0.0,21.99,21.5,0,0.451,29,32,703.68,399.68,57,0,train
2024-07-25,S04,SKU003,21.99,0,0.0,21.99,22.44,0,0.56,29,28,615.72,349.72,79,0,train
2024-07-26,S04,SKU003,21.99,0,0.0,21.99,21.34,0,0.475,29,31,681.69,387.19,98,0,train
2024-07-27,S04,SKU003,21.99,0,0.0,21.99,20.55,0,0.506,29,32,703.68,399.68,48,0,train
2024-07-28,S04,SKU003,21.99,1,0.13,19.13,20.19,0,0.468,30,70,1339.1,674.1,76,0,train
2024-07-29,S04,SKU003,21.99,0,0.0,21.99,20.95,0,0.397,30,20,439.8,249.8,95,0,train
2024-07-30,S04,SKU003,21.99,0,0.0,21.99,20.75,0,0.524,30,24,527.76,299.76,93,0,train
2024-07-31,S04,SKU003,21.99,0,0.0,21.99,21.47,0,0.35,30,21,461.79,262.29,55,0,train
2024-08-01,S04,SKU003,21.99,0,0.0,21.99,21.2,0,0.345,30,29,637.71,362.21,57,0,train
2024-08-02,S04,SKU003,21.99,1,0.19,17.81,20.96,0,0.385,30,48,854.88,398.88,48,1,train
2024-08-03,S04,SKU003,21.99,0,0.0,21.99,21.94,0,0.36,30,21,461.79,262.29,77,0,train
2024-08-04,S04,SKU003,21.99,1,0.05,20.89,18.96,0,0.364,31,41,856.49,466.99,99,0,train
2024-08-05,S04,SKU003,21.99,0,0.0,21.99,19.83,0,0.355,31,19,417.81,237.31,26,0,train
2024-08-06,S04,SKU003,21.99,1,0.24,16.71,22.08,0,0.443,31,37,618.27,266.77,37,1,train
2024-08-07,S04,SKU003,21.99,1,0.29,15.61,21.05,0,0.381,31,54,842.94,329.94,54,1,train
2024-08-08,S04,SKU003,21.99,1,0.22,17.15,20.81,0,0.392,31,54,926.1,413.1,54,1,train
2024-08-09,S04,SKU003,21.99,1,0.29,15.61,20.68,0,0.269,31,42,655.62,256.62,42,1,train
2024-08-10,S04,SKU003,21.99,0,0.0,21.99,21.84,0,0.307,31,27,593.73,337.23,56,0,train
2024-08-11,S04,SKU003,21.99,0,0.0,21.99,21.84,0,0.417,32,22,483.78,274.78,22,1,train
2024-08-12,S04,SKU003,21.99,0,0.0,21.99,22.66,0,0.273,32,31,681.69,387.19,36,0,train
2024-08-13,S04,SKU003,21.99,0,0.0,21.99,20.86,0,0.41,32,25,549.75,312.25,25,1,train
2024-08-14,S04,SKU003,21.99,1,0.11,19.57,20.9,0,0.271,32,39,763.23,392.73,89,0,train
2024-08-15,S04,SKU003,21.99,0,0.0,21.99,19.16,0,0.344,32,20,439.8,249.8,69,0,train
2024-08-16,S04,SKU003,21.99,0,0.0,21.99,20.77,0,0.269,32,27,593.73,337.23,90,0,train
2024-08-17,S04,SKU003,21.99,0,0.0,21.99,21.31,0,0.326,32,29,637.71,362.21,73,0,train
2024-08-18,S04,SKU003,21.99,1,0.18,18.03,21.85,0,0.254,33,63,1135.89,537.39,63,1,train
2024-08-19,S04,SKU003,21.99,0,0.0,21.99,20.96,0,0.287,33,14,307.86,174.86,97,0,train
2024-08-20,S04,SKU003,21.99,0,0.0,21.99,20.72,0,0.396,33,21,461.79,262.29,85,0,train
2024-08-21,S04,SKU003,21.99,1,0.22,17.15,20.76,0,0.268,33,52,891.8,397.8,52,1,train
2024-08-22,S04,SKU003,21.99,0,0.0,21.99,21.42,0,0.406,33,19,417.81,237.31,29,0,train
2024-08-23,S04,SKU003,21.99,0,0.0,21.99,19.69,0,0.251,33,22,483.78,274.78,70,0,train
2024-08-24,S04,SKU003,21.99,0,0.0,21.99,20.28,0,0.202,33,38,835.62,474.62,40,0,train
2024-08-25,S04,SKU003,21.99,1,0.18,18.03,21.9,0,0.272,34,66,1189.98,562.98,66,1,train
2024-08-26,S04,SKU003,21.99,0,0.0,21.99,20.51,0,0.237,34,19,417.81,237.31,102,0,train
2024-08-27,S04,SKU003,21.99,0,0.0,21.99,21.7,0,0.362,34,27,593.73,337.23,63,0,train
2024-08-28,S04,SKU003,21.99,0,0.0,21.99,20.83,0,0.302,34,30,659.7,374.7,77,0,train
2024-08-29,S04,SKU003,21.99,0,0.0,21.99,20.67,0,0.316,34,22,483.78,274.78,75,0,train
2024-08-30,S04,SKU003,21.99,0,0.0,21.99,20.64,0,0.278,34,16,351.84,199.84,54,0,train
2024-08-31,S04,SKU003,21.99,1,0.14,18.91,19.63,0,0.383,34,24,453.84,225.84,24,1,train
2024-09-01,S04,SKU003,21.99,0,0.0,21.99,21.59,0,0.277,35,19,417.81,237.31,61,0,train
2024-09-02,S04,SKU003,21.99,1,0.19,17.81,20.05,1,0.257,35,61,1086.41,506.91,83,0,train
2024-09-03,S04,SKU003,21.99,0,0.0,21.99,21.48,0,0.17,35,24,527.76,299.76,87,0,train
2024-09-04,S04,SKU003,21.99,1,0.25,16.49,21.93,0,0.16,35,57,939.93,398.43,71,0,train
2024-09-05,S04,SKU003,21.99,0,0.0,21.99,20.93,0,0.221,35,20,439.8,249.8,23,0,train
2024-09-06,S04,SKU003,21.99,0,0.0,21.99,20.0,0,0.265,35,15,329.85,187.35,67,0,train
2024-09-07,S04,SKU003,21.99,1,0.21,17.37,21.5,0,0.268,35,58,1007.46,456.46,58,1,train
2024-09-08,S04,SKU003,21.99,1,0.3,15.39,19.75,0,0.14,36,48,738.72,282.72,48,1,train
2024-09-09,S04,SKU003,21.99,0,0.0,21.99,20.79,0,0.224,36,17,373.83,212.33,42,0,train
2024-09-10,S04,SKU003,21.99,1,0.28,15.83,20.61,0,0.199,36,39,617.37,246.87,39,1,train
2024-09-11,S04,SKU003,21.99,0,0.0,21.99,22.29,0,0.116,36,25,549.75,312.25,53,0,train
2024-09-12,S04,SKU003,21.99,1,0.26,16.27,19.52,0,0.21,36,33,536.91,223.41,33,1,train
2024-09-13,S04,SKU003,21.99,0,0.0,21.99,20.67,0,0.039,36,14,307.86,174.86,24,0,train
2024-09-14,S04,SKU003,21.99,0,0.0,21.99,20.23,0,0.187,36,29,637.71,362.21,81,0,train
2024-09-15,S04,SKU003,21.99,0,0.0,21.99,20.46,0,0.316,37,29,637.71,362.21,48,0,train
2024-09-16,S04,SKU003,21.99,0,0.0,21.99,21.96,0,0.102,37,20,439.8,249.8,24,0,train
2024-09-17,S04,SKU003,21.99,1,0.31,15.17,21.47,0,0.161,37,55,834.35,311.85,55,1,train
2024-09-18,S04,SKU003,21.99,0,0.0,21.99,20.39,0,0.043,37,29,637.71,362.21,76,0,train
2024-09-19,S04,SKU003,21.99,0,0.0,21.99,20.51,0,0.107,37,25,549.75,312.25,35,0,train
2024-09-20,S04,SKU003,21.99,0,0.0,21.99,20.62,0,0.195,37,18,395.82,224.82,38,0,train
2024-09-21,S04,SKU003,21.99,0,0.0,21.99,20.0,0,0.084,37,16,351.84,199.84,71,0,train
2024-09-22,S04,SKU003,21.99,0,0.0,21.99,20.21,0,0.141,38,25,549.75,312.25,59,0,train
2024-09-23,S04,SKU003,21.99,0,0.0,21.99,21.23,0,0.119,38,21,461.79,262.29,43,0,train
2024-09-24,S04,SKU003,21.99,0,0.0,21.99,20.79,0,0.114,38,27,593.73,337.23,56,0,train
2024-09-25,S04,SKU003,21.99,0,0.0,21.99,21.17,0,0.146,38,19,417.81,237.31,85,0,train
2024-09-26,S04,SKU003,21.99,1,0.13,19.13,21.48,0,0.16,38,44,841.72,423.72,80,0,train
2024-09-27,S04,SKU003,21.99,1,0.19,17.81,19.16,0,0.203,38,49,872.69,407.19,49,1,train
2024-09-28,S04,SKU003,21.99,0,0.0,21.99,21.16,0,0.176,38,32,703.68,399.68,76,0,train
2024-09-29,S04,SKU003,21.99,0,0.0,21.99,22.07,0,0.09,39,30,659.7,374.7,85,0,train
2024-09-30,S04,SKU003,21.99,0,0.0,21.99,20.72,0,0.207,39,19,417.81,237.31,41,0,train
2024-10-01,S04,SKU003,21.99,0,0.0,21.99,21.63,0,0.194,39,17,373.83,212.33,68,0,test
2024-10-02,S04,SKU003,21.99,0,0.0,21.99,20.57,0,0.024,39,25,549.75,312.25,51,0,test
2024-10-03,S04,SKU003,21.99,0,0.0,21.99,21.46,0,0.155,39,19,417.81,237.31,72,0,test
2024-10-04,S04,SKU003,21.99,0,0.0,21.99,21.12,0,0.163,39,23,505.77,287.27,54,0,test
2024-10-05,S04,SKU003,21.99,0,0.0,21.99,20.33,0,0.17,39,23,505.77,287.27,97,0,test
2024-10-06,S04,SKU003,21.99,1,0.26,16.27,19.71,0,0.143,40,53,862.31,358.81,53,1,test
2024-10-07,S04,SKU003,21.99,0,0.0,21.99,21.14,0,0.031,40,20,439.8,249.8,52,0,test
2024-10-08,S04,SKU003,21.99,1,0.24,16.71,21.05,0,0.091,40,53,885.63,382.13,98,0,test
2024-10-09,S04,SKU003,21.99,1,0.34,14.51,20.58,0,0.0,40,85,1233.35,425.85,102,0,test
2024-10-10,S04,SKU003,21.99,0,0.0,21.99,20.84,0,0.096,40,15,329.85,187.35,26,0,test
2024-10-11,S04,SKU003,21.99,0,0.0,21.99,21.03,0,0.226,40,27,593.73,337.23,100,0,test
2024-10-12,S04,SKU003,21.99,0,0.0,21.99,21.64,0,0.144,40,24,527.76,299.76,36,0,test
2024-10-13,S04,SKU003,21.99,0,0.0,21.99,20.77,0,0.152,41,30,659.7,374.7,70,0,test
2024-10-14,S04,SKU003,21.99,1,0.26,16.27,21.48,0,0.071,41,65,1057.55,440.05,65,1,test
2024-10-15,S04,SKU003,21.99,0,0.0,21.99,21.12,0,0.04,41,18,395.82,224.82,100,0,test
2024-10-16,S04,SKU003,21.99,0,0.0,21.99,21.41,0,0.036,41,22,483.78,274.78,32,0,test
2024-10-17,S04,SKU003,21.99,0,0.0,21.99,21.4,0,0.108,41,20,439.8,249.8,95,0,test
2024-10-18,S04,SKU003,21.99,0,0.0,21.99,20.96,0,0.052,41,22,483.78,274.78,95,0,test
2024-10-19,S04,SKU003,21.99,0,0.0,21.99,21.55,0,0.062,41,26,571.74,324.74,45,0,test
2024-10-20,S04,SKU003,21.99,0,0.0,21.99,20.94,0,0.169,42,21,461.79,262.29,37,0,test
2024-10-21,S04,SKU003,21.99,0,0.0,21.99,20.45,0,0.002,42,25,549.75,312.25,37,0,test
2024-10-22,S04,SKU003,21.99,0,0.0,21.99,20.81,0,0.022,42,26,571.74,324.74,101,0,test
2024-10-23,S04,SKU003,21.99,0,0.0,21.99,20.99,0,0.07,42,16,351.84,199.84,29,0,test
2024-10-24,S04,SKU003,21.99,0,0.0,21.99,21.12,0,0.095,42,27,593.73,337.23,44,0,test
2024-10-25,S04,SKU003,21.99,0,0.0,21.99,20.5,0,0.094,42,23,505.77,287.27,28,0,test
2024-10-26,S04,SKU003,21.99,0,0.0,21.99,20.12,0,0.019,42,27,593.73,337.23,91,0,test
2024-10-27,S04,SKU003,21.99,0,0.0,21.99,20.36,0,0.115,43,24,527.76,299.76,59,0,test
2024-10-28,S04,SKU003,21.99,1,0.22,17.15,21.0,0,0.097,43,31,531.65,237.15,31,1,test
2024-10-29,S04,SKU003,21.99,0,0.0,21.99,21.15,0,0.127,43,20,439.8,249.8,46,0,test
2024-10-30,S04,SKU003,21.99,1,0.26,16.27,20.22,0,0.042,43,54,878.58,365.58,71,0,test
2024-10-31,S04,SKU003,21.99,1,0.14,18.91,19.85,0,0.123,43,38,718.58,357.58,87,0,test
2024-11-01,S04,SKU003,21.99,0,0.0,21.99,19.11,0,0.123,43,23,505.77,287.27,90,0,test
2024-11-02,S04,SKU003,21.99,0,0.0,21.99,19.21,0,0.072,43,17,373.83,212.33,98,0,test
2024-11-03,S04,SKU003,21.99,0,0.0,21.99,19.56,0,0.1,44,29,637.71,362.21,93,0,test
2024-11-04,S04,SKU003,21.99,0,0.0,21.99,21.43,0,0.081,44,25,549.75,312.25,61,0,test
2024-11-05,S04,SKU003,21.99,1,0.21,17.37,20.63,0,0.198,44,22,382.14,173.14,22,1,test
2024-11-06,S04,SKU003,21.99,1,0.23,16.93,20.4,0,0.0,44,57,965.01,423.51,62,0,test
2024-11-07,S04,SKU003,21.99,0,0.0,21.99,20.13,0,0.034,44,16,351.84,199.84,83,0,test
2024-11-08,S04,SKU003,21.99,0,0.0,21.99,20.03,0,0.021,44,17,373.83,212.33,72,0,test
2024-11-09,S04,SKU003,21.99,1,0.12,19.35,21.37,0,0.103,44,55,1064.25,541.75,65,0,test
2024-11-10,S04,SKU003,21.99,0,0.0,21.99,20.53,0,0.087,45,16,351.84,199.84,75,0,test
2024-11-11,S04,SKU003,21.99,0,0.0,21.99,22.04,0,0.106,45,24,527.76,299.76,42,0,test
2024-11-12,S04,SKU003,21.99,0,0.0,21.99,20.41,0,0.176,45,27,593.73,337.23,79,0,test
