ai-ml-challenge-main/retail_pricing_demand_2024.csv
date,store_id,sku_id,base_price,promo_flag,promo_depth,final_price,competitor_price,holiday_flag,weather_index,week_of_year,units_sold,revenue,margin,stock_cap,stockout_flag,set
2024-01-01,S05,SKU001,10.49,0,0.0,10.49,10.37,1,0.291,0,16,167.84,100.64,47,0,train
2024-01-02,S05,SKU001,10.49,0,0.0,10.49,10.7,0,0.459,0,20,209.8,125.8,23,0,train
2024-01-03,S05,SKU001,10.49,0,0.0,10.49,10.5,0,0.337,0,12,125.88,75.48,80,0,train
2024-01-04,S05,SKU001,10.49,0,0.0,10.49,10.77,0,0.381,0,20,209.8,125.8,102,0,train
2024-01-05,S05,SKU001,10.49,1,0.19,8.5,10.89,0,0.398,0,27,229.5,116.1,66,0,train
2024-01-06,S05,SKU001,10.49,0,0.0,10.49,11.42,0,0.365,0,21,220.29,132.09,69,0,train
2024-01-07,S05,SKU001,10.49,0,0.0,10.49,10.53,0,0.334,1,21,220.29,132.09,44,0,train
2024-01-08,S05,SKU001,10.49,0,0.0,10.49,10.21,0,0.462,1,14,146.86,88.06,46,0,train
2024-01-09,S05,SKU001,10.49,0,0.0,10.49,11.26,0,0.451,1,22,230.78,138.38,65,0,train
2024-01-10,S05,SKU001,10.49,0,0.0,10.49,10.35,0,0.319,1,16,167.84,100.64,30,0,train
2024-01-11,S05,SKU001,10.49,0,0.0,10.49,10.67,0,0.584,1,25,262.25,157.25,82,0,train
2024-01-12,S05,SKU001,10.49,0,0.0,10.49,10.76,0,0.508,1,23,241.27,144.67,100,0,train
2024-01-13,S05,SKU001,10.49,0,0.0,10.49,10.62,0,0.411,1,16,167.84,100.64,92,0,train
2024-01-14,S05,SKU001,10.49,0,0.0,10.49,10.78,0,0.518,2,29,304.21,182.41,81,0,train
2024-01-15,S05,SKU001,10.49,0,0.0,10.49,10.7,0,0.443,2,20,209.8,125.8,58,0,train
2024-01-16,S05,SKU001,10.49,0,0.0,10.49,10.78,0,0.474,2,21,220.29,132.09,51,0,train
2024-01-17,S05,SKU001,10.49,1,0.16,8.81,10.68,0,0.532,2,34,299.54,156.74,64,0,train
2024-01-18,S05,SKU001,10.49,0,0.0,10.49,10.5,0,0.416,2,20,209.8,125.8,24,0,train
2024-01-19,S05,SKU001,10.49,0,0.0,10.49,10.32,0,0.533,2,22,230.78,138.38,38,0,train
2024-01-20,S05,SKU001,10.49,0,0.0,10.49,10.62,0,0.589,2,17,178.33,106.93,45,0,train
2024-01-21,S05,SKU001,10.49,0,0.0,10.49,10.84,0,0.591,3,26,272.74,163.54,33,0,train
2024-01-22,S05,SKU001,10.49,0,0.0,10.49,11.13,0,0.501,3,19,199.31,119.51,77,0,train
2024-01-23,S05,SKU001,10.49,0,0.0,10.49,11.57,0,0.58,3,28,293.72,176.12,84,0,train
2024-01-24,S05,SKU001,10.49,0,0.0,10.49,10.83,0,0.435,3,26,272.74,163.54,95,0,train
2024-01-25,S05,SKU001,10.49,0,0.0,10.49,11.05,0,0.53,3,17,178.33,106.93,22,0,train
2024-01-26,S05,SKU001,10.49,1,0.13,9.13,11.67,0,0.573,3,38,346.94,187.34,39,0,train
2024-01-27,S05,SKU001,10.49,0,0.0,10.49,11.22,0,0.472,3,20,209.8,125.8,58,0,train
2024-01-28,S05,SKU001,10.49,0,0.0,10.49,11.14,0,0.555,4,23,241.27,144.67,37,0,train
2024-01-29,S05,SKU001,10.49,0,0.0,10.49,10.37,0,0.67,4,21,220.29,132.09,82,0,train
2024-01-30,S05,SKU001,10.49,0,0.0,10.49,10.59,0,0.731,4,16,167.84,100.64,51,0,train
2024-01-31,S05,SKU001,10.49,0,0.0,10.49,11.47,0,0.627,4,21,220.29,132.09,90,0,train
2024-02-01,S05,SKU001,10.49,0,0.0,10.49,10.89,0,0.637,4,25,262.25,157.25,87,0,train
2024-02-02,S05,SKU001,10.49,0,0.0,10.49,10.94,0,0.536,4,18,188.82,113.22,67,0,train
2024-02-03,S05,SKU001,10.49,0,0.0,10.49,10.74,0,0.528,4,23,241.27,144.67,59,0,train
2024-02-04,S05,SKU001,10.49,0,0.0,10.49,10.68,0,0.522,5,25,262.25,157.25,79,0,train
2024-02-05,S05,SKU001,10.49,1,0.24,7.97,11.2,0,0.646,5,41,326.77,154.57,98,0,train
2024-02-06,S05,SKU001,10.49,0,0.0,10.49,11.16,0,0.665,5,17,178.33,106.93,84,0,train
2024-02-07,S05,SKU001,10.49,0,0.0,10.49,10.65,0,0.587,5,20,209.8,125.8,86,0,train
2024-02-08,S05,SKU001,10.49,0,0.0,10.49,10.78,0,0.559,5,14,146.86,88.06,89,0,train
2024-02-09,S05,SKU001,10.49,1,0.17,8.71,10.86,1,0.655,5,43,374.53,193.93,77,0,train
2024-02-10,S05,SKU001,10.49,1,0.24,7.97,10.7,0,0.665,5,52,414.44,196.04,62,0,train
2024-02-11,S05,SKU001,10.49,0,0.0,10.49,10.51,0,0.645,6,25,262.25,157.25,33,0,train
2024-02-12,S05,SKU001,10.49,1,0.1,9.44,10.83,0,0.735,6,29,273.76,151.96,101,0,train
2024-02-13,S05,SKU001,10.49,0,0.0,10.49,11.27,0,0.66,6,21,220.29,132.09,90,0,train
2024-02-14,S05,SKU001,10.49,0,0.0,10.49,11.29,0,0.667,6,18,188.82,113.22,89,0,train
2024-02-15,S05,SKU001,10.49,0,0.0,10.49,10.55,0,0.611,6,20,209.8,125.8,79,0,train
2024-02-16,S05,SKU001,10.49,1,0.24,7.97,10.91,0,0.692,6,36,286.92,135.72,88,0,train
2024-02-17,S05,SKU001,10.49,1,0.18,8.6,10.94,0,0.771,6,34,292.4,149.6,52,0,train
2024-02-18,S05,SKU001,10.49,0,0.0,10.49,11.35,0,0.699,7,17,178.33,106.93,86,0,train
2024-02-19,S05,SKU001,10.49,0,0.0,10.49,11.59,0,0.706,7,24,251.76,150.96,46,0,train
2024-02-20,S05,SKU001,10.49,1,0.29,7.45,10.97,0,0.734,7,43,320.35,139.75,77,0,train
2024-02-21,S05,SKU001,10.49,0,0.0,10.49,11.27,0,0.73,7,19,199.31,119.51,77,0,train
2024-02-22,S05,SKU001,10.49,0,0.0,10.49,10.63,0,0.751,7,23,241.27,144.67,62,0,train
2024-02-23,S05,SKU001,10.49,0,0.0,10.49,12.05,0,0.757,7,16,167.84,100.64,35,0,train
2024-02-24,S05,SKU001,10.49,0,0.0,10.49,11.11,0,0.768,7,18,188.82,113.22,102,0,train
2024-02-25,S05,SKU001,10.49,0,0.0,10.49,11.01,0,0.689,8,33,346.17,207.57,101,0,train
2024-02-26,S05,SKU001,10.49,0,0.0,10.49,11.35,0,0.76,8,15,157.35,94.35,29,0,train
2024-02-27,S05,SKU001,10.49,0,0.0,10.49,11.25,0,0.651,8,27,283.23,169.83,97,0,train
2024-02-28,S05,SKU001,10.49,0,0.0,10.49,11.31,0,0.769,8,17,178.33,106.93,32,0,train
2024-02-29,S05,SKU001,10.49,1,0.21,8.29,11.55,0,0.682,8,48,397.92,196.32,79,0,train
2024-03-01,S05,SKU001,10.49,0,0.0,10.49,10.94,0,0.759,8,17,178.33,106.93,60,0,train
2024-03-02,S05,SKU001,10.49,0,0.0,10.49,10.79,0,0.797,8,38,398.62,239.02,99,0,train
2024-03-03,S05,SKU001,10.49,0,0.0,10.49,10.53,0,0.748,9,29,304.21,182.41,57,0,train
2024-03-04,S05,SKU001,10.49,0,0.0,10.49,10.58,0,0.784,9,24,251.76,150.96,69,0,train
2024-03-05,S05,SKU001,10.49,0,0.0,10.49,11.09,0,0.685,9,26,272.74,163.54,26,1,train
2024-03-06,S05,SKU001,10.49,0,0.0,10.49,11.33,0,0.737,9,23,241.27,144.67,73,0,train
2024-03-07,S05,SKU001,10.49,0,0.0,10.49,11.31,0,0.834,9,23,241.27,144.67,66,0,train
2024-03-08,S05,SKU001,10.49,0,0.0,10.49,11.66,0,0.728,9,14,146.86,88.06,83,0,train
2024-03-09,S05,SKU001,10.49,0,0.0,10.49,10.86,0,0.841,9,19,199.31,119.51,28,0,train
2024-03-10,S05,SKU001,10.49,0,0.0,10.49,10.21,0,0.723,10,20,209.8,125.8,32,0,train
2024-03-11,S05,SKU001,10.49,0,0.0,10.49,10.87,0,0.756,10,18,188.82,113.22,42,0,train
2024-03-12,S05,SKU001,10.49,0,0.0,10.49,10.8,0,0.749,10,30,314.7,188.7,57,0,train
2024-03-13,S05,SKU001,10.49,0,0.0,10.49,10.86,0,0.82,10,27,283.23,169.83,83,0,train
2024-03-14,S05,SKU001,10.49,0,0.0,10.49,10.59,0,0.855,10,29,304.21,182.41,56,0,train
2024-03-15,S05,SKU001,10.49,0,0.0,10.49,10.73,0,0.763,10,29,304.21,182.41,42,0,train
2024-03-16,S05,SKU001,10.49,0,0.0,10.49,11.68,0,0.82,10,30,314.7,188.7,55,0,train
2024-03-17,S05,SKU001,10.49,1,0.22,8.18,11.29,0,0.932,11,50,409.0,199.0,53,0,train
2024-03-18,S05,SKU001,10.49,0,0.0,10.49,12.14,0,0.82,11,24,251.76,150.96,88,0,train
2024-03-19,S05,SKU001,10.49,0,0.0,10.49,11.34,0,0.793,11,25,262.25,157.25,73,0,train
2024-03-20,S05,SKU001,10.49,1,0.26,7.76,11.22,0,0.869,11,66,512.16,234.96,67,0,train
2024-03-21,S05,SKU001,10.49,0,0.0,10.49,10.71,0,0.836,11,21,220.29,132.09,53,0,train
2024-03-22,S05,SKU001,10.49,0,0.0,10.49,11.36,0,0.811,11,25,262.25,157.25,67,0,train
2024-03-23,S05,SKU001,10.49,0,0.0,10.49,11.38,0,0.748,11,26,272.74,163.54,26,1,train
2024-03-24,S05,SKU001,10.49,1,0.27,7.66,10.62,0,0.908,12,41,314.06,141.86,41,1,train
2024-03-25,S05,SKU001,10.49,0,0.0,10.49,10.99,0,0.828,12,29,304.21,182.41,71,0,train
2024-03-26,S05,SKU001,10.49,0,0.0,10.49,11.36,0,0.865,12,34,356.66,213.86,82,0,train
2024-03-27,S05,SKU001,10.49,0,0.0,10.49,11.17,0,0.804,12,21,220.29,132.09,100,0,train
2024-03-28,S05,SKU001,10.49,0,0.0,10.49,11.29,0,0.948,12,31,325.19,194.99,45,0,train
2024-03-29,S05,SKU001,10.49,1,0.16,8.81,11.21,0,0.918,12,34,299.54,156.74,59,0,train
2024-03-30,S05,SKU001,10.49,0,0.0,10.49,11.26,0,0.934,12,24,251.76,150.96,63,0,train
2024-03-31,S05,SKU001,10.49,0,0.0,10.49,10.91,0,0.871,13,25,262.25,157.25,50,0,train
2024-04-01,S05,SKU001,10.49,0,0.0,10.49,11.79,0,0.908,13,33,346.17,207.57,89,0,train
2024-04-02,S05,SKU001,10.49,0,0.0,10.49,11.55,0,0.935,13,28,293.72,176.12,95,0,train
2024-04-03,S05,SKU001,10.49,0,0.0,10.49,11.73,0,0.945,13,22,230.78,138.38,22,1,train
2024-04-04,S05,SKU001,10.49,0,0.0,10.49,11.15,0,0.904,13,32,335.68,201.28,55,0,train
2024-04-05,S05,SKU001,10.49,0,0.0,10.49,11.03,0,0.884,13,16,167.84,100.64,100,0,train
2024-04-06,S05,SKU001,10.49,0,0.0,10.49,10.89,0,0.868,13,34,356.66,213.86,36,0,train
2024-04-07,S05,SKU001,10.49,0,0.0,10.49,10.85,0,0.846,14,29,304.21,182.41,74,0,train
2024-04-08,S05,SKU001,10.49,0,0.0,10.49,11.1,0,0.834,14,27,283.23,169.83,74,0,train
2024-04-09,S05,SKU001,10.49,0,0.0,10.49,11.42,0,0.915,14,33,346.17,207.57,38,0,train
2024-04-10,S05,SKU001,10.49,0,0.0,10.49,11.52,0,0.88,14,27,283.23,169.83,87,0,train
2024-04-11,S05,SKU001,10.49,1,0.15,8.92,11.68,0,0.776,14,55,490.6,259.6,60,0,train
2024-04-12,S05,SKU001,10.49,0,0.0,10.49,11.14,0,0.887,14,30,314.7,188.7,70,0,train
2024-04-13,S05,SKU001,10.49,0,0.0,10.49,10.7,0,0.961,14,28,293.72,176.12,68,0,train
2024-04-14,S05,SKU001,10.49,0,0.0,10.49,11.27,0,0.882,15,23,241.27,144.67,23,1,train
2024-04-15,S05,SKU001,10.49,0,0.0,10.49,11.03,0,0.788,15,30,314.7,188.7,95,0,train
2024-04-16,S05,SKU001,10.49,0,0.0,10.49,10.71,0,0.892,15,49,514.01,308.21,76,0,train
2024-04-17,S05,SKU001,10.49,0,0.0,10.49,11.15,0,0.947,15,28,293.72,176.12,56,0,train
2024-04-18,S05,SKU001,10.49,0,0.0,10.49,11.09,0,0.912,15,37,388.13,232.73,96,0,train
2024-04-19,S05,SKU001,10.49,0,0.0,10.49,11.25,0,0.874,15,24,251.76,150.96,28,0,train
2024-04-20,S05,SKU001,10.49,1,0.22,8.18,11.66,0,1.0,15,60,490.8,238.8,60,1,train
2024-04-21,S05,SKU001,10.49,0,0.0,10.49,11.14,0,1.0,16,39,409.11,245.31,41,0,train
2024-04-22,S05,SKU001,10.49,1,0.26,7.76,10.32,0,0.894,16,43,333.68,153.08,43,1,train
2024-04-23,S05,SKU001,10.49,0,0.0,10.49,11.19,0,0.948,16,26,272.74,163.54,61,0,train
2024-04-24,S05,SKU001,10.49,0,0.0,10.49,11.22,0,0.922,16,33,346.17,207.57,35,0,train
2024-04-25,S05,SKU001,10.49,0,0.0,10.49,10.31,0,0.945,16,23,241.27,144.67,40,0,train
2024-04-26,S05,SKU001,10.49,0,0.0,10.49,12.08,0,0.985,16,33,346.17,207.57,87,0,train
2024-04-27,S05,SKU001,10.49,1,0.16,8.81,11.29,0,0.946,16,55,484.55,253.55,70,0,train
2024-04-28,S05,SKU001,10.49,0,0.0,10.49,10.94,0,0.901,17,30,314.7,188.7,37,0,train
2024-04-29,S05,SKU001,10.49,1,0.16,8.81,10.68,0,0.856,17,43,378.83,198.23,83,0,train
2024-04-30,S05,SKU001,10.49,1,0.17,8.71,11.42,1,0.845,17,55,479.05,248.05,96,0,train
2024-05-01,S05,SKU001,10.49,0,0.0,10.49,11.34,1,0.891,17,52,545.48,327.08,55,0,train
2024-05-02,S05,SKU001,10.49,0,0.0,10.49,11.28,0,0.96,17,48,503.52,301.92,97,0,train
2024-05-03,S05,SKU001,10.49,0,0.0,10.49,11.03,0,0.907,17,25,262.25,157.25,25,1,train
2024-05-04,S05,SKU001,10.49,0,0.0,10.49,10.81,0,0.891,17,44,461.56,276.76,74,0,train
2024-05-05,S05,SKU001,10.49,1,0.29,7.45,11.09,0,0.901,18,79,588.55,256.75,80,0,train
2024-05-06,S05,SKU001,10.49,1,0.17,8.71,11.07,0,0.886,18,45,391.95,202.95,45,1,train
2024-05-07,S05,SKU001,10.49,0,0.0,10.49,11.05,0,0.915,18,41,430.09,257.89,41,1,train
2024-05-08,S05,SKU001,10.49,1,0.23,8.08,10.55,0,0.813,18,42,339.36,162.96,42,1,train
2024-05-09,S05,SKU001,10.49,0,0.0,10.49,11.12,0,0.759,18,37,388.13,232.73,58,0,train
2024-05-10,S05,SKU001,10.49,0,0.0,10.49,10.51,0,0.85,18,37,388.13,232.73,37,1,train
2024-05-11,S05,SKU001,10.49,0,0.0,10.49,11.35,0,0.804,18,35,367.15,220.15,35,1,train
2024-05-12,S05,SKU001,10.49,0,0.0,10.49,10.57,0,0.968,19,40,419.6,251.6,83,0,train
2024-05-13,S05,SKU001,10.49,0,0.0,10.49,10.88,0,0.858,19,30,314.7,188.7,75,0,train
2024-05-14,S05,SKU001,10.49,0,0.0,10.49,10.98,0,0.85,19,30,314.7,188.7,44,0,train
2024-05-15,S05,SKU001,10.49,0,0.0,10.49,11.8,0,0.77,19,38,398.62,239.02,56,0,train
2024-05-16,S05,SKU001,10.49,1,0.17,8.71,11.41,0,0.876,19,74,644.54,333.74,91,0,train
2024-05-17,S05,SKU001,10.49,0,0.0,10.49,10.91,0,0.819,19,32,335.68,201.28,32,1,train
2024-05-18,S05,SKU001,10.49,1,0.24,7.97,10.65,0,0.92,19,45,358.65,169.65,45,1,train
2024-05-19,S05,SKU001,10.49,0,0.0,10.49,11.0,0,0.9,20,40,419.6,251.6,103,0,train
2024-05-20,S05,SKU001,10.49,0,0.0,10.49,11.27,0,0.8,20,40,419.6,251.6,103,0,train
2024-05-21,S05,SKU001,10.49,1,0.35,6.82,11.22,0,0.868,20,47,320.54,123.14,47,1,train
2024-05-22,S05,SKU001,10.49,0,0.0,10.49,10.35,0,0.676,20,38,398.62,239.02,82,0,train
2024-05-23,S05,SKU001,10.49,1,0.18,8.6,11.34,0,0.795,20,34,292.4,149.6,34,1,train
2024-05-24,S05,SKU001,10.49,1,0.23,8.08,10.93,0,0.907,20,63,509.04,244.44,63,1,train
2024-05-25,S05,SKU001,10.49,1,0.25,7.87,10.95,0,0.875,20,99,779.13,363.33,99,1,train
2024-05-26,S05,SKU001,10.49,0,0.0,10.49,11.0,0,0.835,21,45,472.05,283.05,102,0,train
2024-05-27,S05,SKU001,10.49,0,0.0,10.49,10.33,0,0.818,21,30,314.7,188.7,30,1,train
2024-05-28,S05,SKU001,10.49,0,0.0,10.49,11.0,0,0.731,21,40,419.6,251.6,41,0,train
2024-05-29,S05,SKU001,10.49,0,0.0,10.49,10.96,0,0.73,21,30,314.7,188.7,48,0,train
2024-05-30,S05,SKU001,10.49,0,0.0,10.49,10.57,0,0.821,21,29,304.21,182.41,47,0,train
2024-05-31,S05,SKU001,10.49,0,0.0,10.49,10.71,0,0.908,21,38,398.62,239.02,38,1,train
2024-06-01,S05,SKU001,10.49,0,0.0,10.49,11.72,0,0.668,21,43,451.07,270.47,43,1,train
2024-06-02,S05,SKU001,10.49,0,0.0,10.49,11.24,0,0.831,22,55,576.95,345.95,55,1,train
2024-06-03,S05,SKU001,10.49,0,0.0,10.49,10.62,0,0.825,22,57,597.93,358.53,67,0,train
2024-06-04,S05,SKU001,10.49,0,0.0,10.49,11.53,0,0.841,22,51,534.99,320.79,55,0,train
2024-06-05,S05,SKU001,10.49,0,0.0,10.49,10.58,0,0.727,22,43,451.07,270.47,49,0,train
2024-06-06,S05,SKU001,10.49,0,0.0,10.49,10.63,0,0.742,22,34,356.66,213.86,34,1,train
2024-06-07,S05,SKU001,10.49,0,0.0,10.49,10.87,0,0.772,22,35,367.15,220.15,57,0,train
2024-06-08,S05,SKU001,10.49,1,0.15,8.92,10.84,0,0.702,22,24,214.08,113.28,24,1,train
2024-06-09,S05,SKU001,10.49,0,0.0,10.49,10.27,0,0.685,23,49,514.01,308.21,49,1,train
2024-06-10,S05,SKU001,10.49,1,0.09,9.55,9.87,0,0.7,23,37,353.35,197.95,37,1,train
2024-06-11,S05,SKU001,10.49,0,0.0,10.49,10.31,0,0.744,23,46,482.54,289.34,56,0,train
2024-06-12,S05,SKU001,10.49,0,0.0,10.49,11.04,0,0.765,23,43,451.07,270.47,43,1,train
2024-06-13,S05,SKU001,10.49,1,0.23,8.08,11.29,0,0.736,23,43,347.44,166.84,43,1,train
2024-06-14,S05,SKU001,10.49,1,0.32,7.13,10.45,0,0.736,23,31,221.03,90.83,31,1,train
2024-06-15,S05,SKU001,10.49,0,0.0,10.49,10.11,0,0.685,23,43,451.07,270.47,79,0,train
2024-06-16,S05,SKU001,10.49,0,0.0,10.49,10.53,0,0.677,24,38,398.62,239.02,38,1,train
2024-06-17,S05,SKU001,10.49,0,0.0,10.49,11.19,0,0.782,24,45,472.05,283.05,45,1,train
2024-06-18,S05,SKU001,10.49,0,0.0,10.49,10.95,0,0.705,24,37,388.13,232.73,42,0,train
2024-06-19,S05,SKU001,10.49,0,0.0,10.49,10.01,0,0.698,24,34,356.66,213.86,34,1,train
2024-06-20,S05,SKU001,10.49,0,0.0,10.49,10.85,0,0.753,24,48,503.52,301.92,66,0,train
2024-06-21,S05,SKU001,10.49,0,0.0,10.49,10.41,0,0.765,24,33,346.17,207.57,33,1,train
2024-06-22,S05,SKU001,10.49,1,0.21,8.29,11.22,0,0.761,24,47,389.63,192.23,47,1,train
2024-06-23,S05,SKU001,10.49,0,0.0,10.49,10.63,0,0.703,25,28,293.72,176.12,28,1,train
2024-06-24,S05,SKU001,10.49,1,0.19,8.5,10.6,0,0.669,25,66,561.0,283.8,92,0,train
2024-06-25,S05,SKU001,10.49,0,0.0,10.49,10.75,0,0.683,25,34,356.66,213.86,79,0,train
2024-06-26,S05,SKU001,10.49,0,0.0,10.49,10.93,0,0.671,25,26,272.74,163.54,36,0,train
2024-06-27,S05,SKU001,10.49,0,0.0,10.49,10.84,0,0.737,25,46,482.54,289.34,57,0,train
2024-06-28,S05,SKU001,10.49,0,0.0,10.49,11.25,0,0.665,25,48,503.52,301.92,67,0,train
2024-06-29,S05,SKU001,10.49,0,0.0,10.49,11.04,0,0.679,25,35,367.15,220.15,35,1,train
2024-06-30,S05,SKU001,10.49,0,0.0,10.49,9.56,0,0.633,26,48,503.52,301.92,66,0,train
2024-07-01,S05,SKU001,10.49,1,0.27,7.66,10.47,0,0.71,26,90,689.4,311.4,90,1,train
2024-07-02,S05,SKU001,10.49,0,0.0,10.49,10.83,0,0.498,26,40,419.6,251.6,40,1,train
2024-07-03,S05,SKU001,10.49,0,0.0,10.49,10.55,0,0.637,26,43,451.07,270.47,64,0,train
2024-07-04,S05,SKU001,10.49,0,0.0,10.49,10.31,0,0.653,26,48,503.52,301.92,48,1,train
2024-07-05,S05,SKU001,10.49,0,0.0,10.49,10.75,0,0.532,26,44,461.56,276.76,75,0,train
2024-07-06,S05,SKU001,10.49,0,0.0,10.49,10.84,0,0.724,26,45,472.05,283.05,94,0,train
2024-07-07,S05,SKU001,10.49,1,0.16,8.81,10.56,0,0.579,27,30,264.3,138.3,30,1,train
2024-07-08,S05,SKU001,10.49,0,0.0,10.49,10.05,0,0.572,27,35,367.15,220.15,35,1,train
2024-07-09,S05,SKU001,10.49,0,0.0,10.49,10.63,0,0.51,27,33,346.17,207.57,33,1,train
2024-07-10,S05,SKU001,10.49,0,0.0,10.49,10.08,0,0.62,27,46,482.54,289.34,72,0,train
2024-07-11,S05,SKU001,10.49,1,0.21,8.29,10.11,0,0.574,27,89,737.81,364.01,90,0,train
2024-07-12,S05,SKU001,10.49,0,0.0,10.49,11.11,0,0.519,27,36,377.64,226.44,36,1,train
2024-07-13,S05,SKU001,10.49,0,0.0,10.49,10.21,0,0.561,27,55,576.95,345.95,89,0,train
2024-07-14,S05,SKU001,10.49,0,0.0,10.49,10.76,0,0.582,28,56,587.44,352.24,62,0,train
2024-07-15,S05,SKU001,10.49,1,0.23,8.08,10.73,0,0.606,28,78,630.24,302.64,78,1,train
2024-07-16,S05,SKU001,10.49,0,0.0,10.49,10.77,0,0.54,28,41,430.09,257.89,41,1,train
2024-07-17,S05,SKU001,10.49,0,0.0,10.49,10.72,0,0.462,28,45,472.05,283.05,79,0,train
2024-07-18,S05,SKU001,10.49,1,0.18,8.6,10.29,0,0.48,28,87,748.2,382.8,87,1,train
2024-07-19,S05,SKU001,10.49,0,0.0,10.49,9.89,0,0.368,28,43,451.07,270.47,43,0,train
2024-07-20,S05,SKU001,10.49,0,0.0,10.49,10.07,0,0.455,28,43,451.07,270.47,43,1,train
2024-07-21,S05,SKU001,10.49,0,0.0,10.49,11.14,0,0.537,29,48,503.52,301.92,93,0,train
2024-07-22,S05,SKU001,10.49,1,0.23,8.08,9.7,0,0.513,29,91,735.28,353.08,91,1,train
2024-07-23,S05,SKU001,10.49,0,0.0,10.49,10.06,0,0.472,29,45,472.05,283.05,62,0,train
2024-07-24,S05,SKU001,10.49,0,0.0,10.49,10.31,0,0.451,29,40,419.6,251.6,56,0,train
2024-07-25,S05,SKU001,10.49,0,0.0,10.49,10.41,0,0.56,29,46,482.54,289.34,48,0,train
2024-07-26,S05,SKU001,10.49,0,0.0,10.49,10.51,0,0.475,29,47,493.03,295.63,101,0,train
2024-07-27,S05,SKU001,10.49,1,0.14,9.02,10.29,0,0.506,29,86,775.72,414.52,100,0,train
2024-07-28,S05,SKU001,10.49,0,0.0,10.49,10.22,0,0.468,30,32,335.68,201.28,32,1,train
2024-07-29,S05,SKU001,10.49,1,0.18,8.6,10.18,0,0.397,30,64,550.4,281.6,99,0,train
