ai-ml-challenge-main/retail_pricing_demand_2024.csv
date,store_id,sku_id,base_price,promo_flag,promo_depth,final_price,competitor_price,holiday_flag,weather_index,week_of_year,units_sold,revenue,margin,stock_cap,stockout_flag,set
2024-07-30,S05,SKU001,10.49,0,0.0,10.49,10.37,0,0.524,30,49,514.01,308.21,54,0,train
2024-07-31,S05,SKU001,10.49,0,0.0,10.49,10.59,0,0.35,30,34,356.66,213.86,103,0,train
2024-08-01,S05,SKU001,10.49,0,0.0,10.49,10.3,0,0.345,30,23,241.27,144.67,23,1,train
2024-08-02,S05,SKU001,10.49,0,0.0,10.49,9.47,0,0.385,30,42,440.58,264.18,65,0,train
2024-08-03,S05,SKU001,10.49,1,0.23,8.08,10.25,0,0.36,30,79,638.32,306.52,88,0,train
2024-08-04,S05,SKU001,10.49,0,0.0,10.49,9.96,0,0.364,31,39,409.11,245.31,39,1,train
2024-08-05,S05,SKU001,10.49,1,0.27,7.66,10.11,0,0.355,31,78,597.48,269.88,100,0,train
2024-08-06,S05,SKU001,10.49,0,0.0,10.49,9.97,0,0.443,31,44,461.56,276.76,69,0,train
2024-08-07,S05,SKU001,10.49,0,0.0,10.49,10.25,0,0.381,31,22,230.78,138.38,22,1,train
2024-08-08,S05,SKU001,10.49,0,0.0,10.49,9.63,0,0.392,31,31,325.19,194.99,31,1,train
2024-08-09,S05,SKU001,10.49,0,0.0,10.49,10.17,0,0.269,31,31,325.19,194.99,42,0,train
2024-08-10,S05,SKU001,10.49,0,0.0,10.49,10.17,0,0.307,31,25,262.25,157.25,25,1,train
2024-08-11,S05,SKU001,10.49,0,0.0,10.49,9.65,0,0.417,32,60,629.4,377.4,68,0,train
2024-08-12,S05,SKU001,10.49,0,0.0,10.49,10.12,0,0.273,32,29,304.21,182.41,29,1,train
2024-08-13,S05,SKU001,10.49,0,0.0,10.49,10.21,0,0.41,32,32,335.68,201.28,81,0,train
2024-08-14,S05,SKU001,10.49,0,0.0,10.49,10.23,0,0.271,32,43,451.07,270.47,43,1,train
2024-08-15,S05,SKU001,10.49,0,0.0,10.49,9.91,0,0.344,32,41,430.09,257.89,74,0,train
2024-08-16,S05,SKU001,10.49,0,0.0,10.49,10.02,0,0.269,32,37,388.13,232.73,93,0,train
2024-08-17,S05,SKU001,10.49,0,0.0,10.49,10.35,0,0.326,32,56,587.44,352.24,76,0,train
2024-08-18,S05,SKU001,10.49,0,0.0,10.49,10.27,0,0.254,33,33,346.17,207.57,76,0,train
2024-08-19,S05,SKU001,10.49,0,0.0,10.49,9.93,0,0.287,33,49,514.01,308.21,55,0,train
2024-08-20,S05,SKU001,10.49,0,0.0,10.49,8.7,0,0.396,33,38,398.62,239.02,86,0,train
2024-08-21,S05,SKU001,10.49,0,0.0,10.49,10.35,0,0.268,33,51,534.99,320.79,75,0,train
2024-08-22,S05,SKU001,10.49,0,0.0,10.49,9.55,0,0.406,33,37,388.13,232.73,67,0,train
2024-08-23,S05,SKU001,10.49,1,0.15,8.92,9.57,0,0.251,33,63,561.96,297.36,93,0,train
2024-08-24,S05,SKU001,10.49,0,0.0,10.49,10.34,0,0.202,33,45,472.05,283.05,75,0,train
2024-08-25,S05,SKU001,10.49,0,0.0,10.49,10.16,0,0.272,34,55,576.95,345.95,63,0,train
2024-08-26,S05,SKU001,10.49,0,0.0,10.49,9.19,0,0.237,34,44,461.56,276.76,44,1,train
2024-08-27,S05,SKU001,10.49,0,0.0,10.49,10.52,0,0.362,34,41,430.09,257.89,57,0,train
2024-08-28,S05,SKU001,10.49,0,0.0,10.49,9.8,0,0.302,34,45,472.05,283.05,50,0,train
2024-08-29,S05,SKU001,10.49,0,0.0,10.49,9.63,0,0.316,34,52,545.48,327.08,84,0,train
2024-08-30,S05,SKU001,10.49,1,0.39,6.4,9.86,0,0.278,34,91,582.4,200.2,91,1,train
2024-08-31,S05,SKU001,10.49,0,0.0,10.49,9.8,0,0.383,34,39,409.11,245.31,39,0,train
2024-09-01,S05,SKU001,10.49,0,0.0,10.49,9.84,0,0.277,35,44,461.56,276.76,73,0,train
2024-09-02,S05,SKU001,10.49,1,0.17,8.71,10.52,1,0.257,35,68,592.28,306.68,68,1,train
2024-09-03,S05,SKU001,10.49,1,0.11,9.34,9.61,0,0.17,35,26,242.84,133.64,26,1,train
2024-09-04,S05,SKU001,10.49,0,0.0,10.49,9.63,0,0.16,35,31,325.19,194.99,100,0,train
2024-09-05,S05,SKU001,10.49,0,0.0,10.49,9.99,0,0.221,35,32,335.68,201.28,39,0,train
2024-09-06,S05,SKU001,10.49,0,0.0,10.49,9.69,0,0.265,35,25,262.25,157.25,46,0,train
2024-09-07,S05,SKU001,10.49,0,0.0,10.49,10.83,0,0.268,35,44,461.56,276.76,49,0,train
2024-09-08,S05,SKU001,10.49,0,0.0,10.49,9.64,0,0.14,36,37,388.13,232.73,83,0,train
2024-09-09,S05,SKU001,10.49,0,0.0,10.49,9.62,0,0.224,36,44,461.56,276.76,77,0,train
2024-09-10,S05,SKU001,10.49,0,0.0,10.49,10.03,0,0.199,36,50,524.5,314.5,95,0,train
2024-09-11,S05,SKU001,10.49,0,0.0,10.49,10.37,0,0.116,36,24,251.76,150.96,48,0,train
2024-09-12,S05,SKU001,10.49,0,0.0,10.49,9.7,0,0.21,36,22,230.78,138.38,22,1,train
2024-09-13,S05,SKU001,10.49,0,0.0,10.49,9.8,0,0.039,36,37,388.13,232.73,39,0,train
2024-09-14,S05,SKU001,10.49,0,0.0,10.49,9.7,0,0.187,36,52,545.48,327.08,95,0,train
2024-09-15,S05,SKU001,10.49,0,0.0,10.49,9.78,0,0.316,37,39,409.11,245.31,66,0,train
2024-09-16,S05,SKU001,10.49,0,0.0,10.49,9.41,0,0.102,37,37,388.13,232.73,44,0,train
2024-09-17,S05,SKU001,10.49,0,0.0,10.49,9.98,0,0.161,37,25,262.25,157.25,25,1,train
2024-09-18,S05,SKU001,10.49,1,0.28,7.55,9.75,0,0.043,37,42,317.1,140.7,42,1,train
2024-09-19,S05,SKU001,10.49,0,0.0,10.49,9.77,0,0.107,37,26,272.74,163.54,38,0,train
2024-09-20,S05,SKU001,10.49,0,0.0,10.49,10.38,0,0.195,37,30,314.7,188.7,64,0,train
2024-09-21,S05,SKU001,10.49,1,0.11,9.34,10.26,0,0.084,37,62,579.08,318.68,67,0,train
2024-09-22,S05,SKU001,10.49,0,0.0,10.49,9.14,0,0.141,38,47,493.03,295.63,65,0,train
2024-09-23,S05,SKU001,10.49,0,0.0,10.49,10.17,0,0.119,38,24,251.76,150.96,24,1,train
2024-09-24,S05,SKU001,10.49,0,0.0,10.49,9.06,0,0.114,38,31,325.19,194.99,49,0,train
2024-09-25,S05,SKU001,10.49,1,0.15,8.92,10.03,0,0.146,38,39,347.88,184.08,39,1,train
2024-09-26,S05,SKU001,10.49,1,0.29,7.45,9.5,0,0.16,38,63,469.35,204.75,63,1,train
2024-09-27,S05,SKU001,10.49,0,0.0,10.49,9.6,0,0.203,38,33,346.17,207.57,81,0,train
2024-09-28,S05,SKU001,10.49,0,0.0,10.49,9.12,0,0.176,38,40,419.6,251.6,74,0,train
2024-09-29,S05,SKU001,10.49,1,0.18,8.6,9.67,0,0.09,39,71,610.6,312.4,87,0,train
2024-09-30,S05,SKU001,10.49,1,0.2,8.39,9.81,0,0.207,39,62,520.18,259.78,78,0,train
2024-10-01,S05,SKU001,10.49,0,0.0,10.49,10.02,0,0.194,39,38,398.62,239.02,87,0,test
2024-10-02,S05,SKU001,10.49,0,0.0,10.49,10.19,0,0.024,39,37,388.13,232.73,66,0,test
2024-10-03,S05,SKU001,10.49,0,0.0,10.49,9.68,0,0.155,39,30,314.7,188.7,67,0,test
2024-10-04,S05,SKU001,10.49,0,0.0,10.49,9.01,0,0.163,39,29,304.21,182.41,51,0,test
2024-10-05,S05,SKU001,10.49,0,0.0,10.49,10.25,0,0.17,39,33,346.17,207.57,58,0,test
2024-10-06,S05,SKU001,10.49,0,0.0,10.49,10.3,0,0.143,40,24,251.76,150.96,24,1,test
2024-10-07,S05,SKU001,10.49,0,0.0,10.49,9.68,0,0.031,40,25,262.25,157.25,68,0,test
2024-10-08,S05,SKU001,10.49,0,0.0,10.49,9.68,0,0.091,40,22,230.78,138.38,99,0,test
2024-10-09,S05,SKU001,10.49,0,0.0,10.49,10.08,0,0.0,40,30,314.7,188.7,92,0,test
2024-10-10,S05,SKU001,10.49,0,0.0,10.49,9.43,0,0.096,40,25,262.25,157.25,97,0,test
2024-10-11,S05,SKU001,10.49,1,0.25,7.87,9.77,0,0.226,40,40,314.8,146.8,40,1,test
2024-10-12,S05,SKU001,10.49,0,0.0,10.49,10.2,0,0.144,40,38,398.62,239.02,38,1,test
2024-10-13,S05,SKU001,10.49,0,0.0,10.49,10.26,0,0.152,41,38,398.62,239.02,52,0,test
2024-10-14,S05,SKU001,10.49,1,0.28,7.55,9.3,0,0.071,41,42,317.1,140.7,42,1,test
2024-10-15,S05,SKU001,10.49,0,0.0,10.49,9.93,0,0.04,41,40,419.6,251.6,51,0,test
2024-10-16,S05,SKU001,10.49,1,0.25,7.87,9.88,0,0.036,41,53,417.11,194.51,87,0,test
2024-10-17,S05,SKU001,10.49,0,0.0,10.49,10.24,0,0.108,41,29,304.21,182.41,60,0,test
2024-10-18,S05,SKU001,10.49,0,0.0,10.49,9.97,0,0.052,41,28,293.72,176.12,100,0,test
2024-10-19,S05,SKU001,10.49,0,0.0,10.49,10.2,0,0.062,41,33,346.17,207.57,52,0,test
2024-10-20,S05,SKU001,10.49,0,0.0,10.49,9.5,0,0.169,42,32,335.68,201.28,89,0,test
2024-10-21,S05,SKU001,10.49,1,0.16,8.81,9.9,0,0.002,42,55,484.55,253.55,65,0,test
2024-10-22,S05,SKU001,10.49,0,0.0,10.49,9.1,0,0.022,42,32,335.68,201.28,51,0,test
2024-10-23,S05,SKU001,10.49,0,0.0,10.49,10.27,0,0.07,42,24,251.76,150.96,24,1,test
2024-10-24,S05,SKU001,10.49,0,0.0,10.49,9.55,0,0.095,42,15,157.35,94.35,90,0,test
2024-10-25,S05,SKU001,10.49,0,0.0,10.49,9.92,0,0.094,42,30,314.7,188.7,51,0,test
2024-10-26,S05,SKU001,10.49,0,0.0,10.49,9.56,0,0.019,42,36,377.64,226.44,83,0,test
2024-10-27,S05,SKU001,10.49,1,0.07,9.76,10.34,0,0.115,43,38,370.88,211.28,38,1,test
2024-10-28,S05,SKU001,10.49,0,0.0,10.49,9.56,0,0.097,43,25,262.25,157.25,65,0,test
2024-10-29,S05,SKU001,10.49,0,0.0,10.49,9.56,0,0.127,43,26,272.74,163.54,63,0,test
2024-10-30,S05,SKU001,10.49,0,0.0,10.49,10.31,0,0.042,43,26,272.74,163.54,33,0,test
2024-10-31,S05,SKU001,10.49,0,0.0,10.49,9.65,0,0.123,43,25,262.25,157.25,28,0,test
2024-11-01,S05,SKU001,10.49,1,0.28,7.55,9.78,0,0.123,43,45,339.75,150.75,45,1,test
2024-11-02,S05,SKU001,10.49,0,0.0,10.49,10.6,0,0.072,43,32,335.68,201.28,43,0,test
2024-11-03,S05,SKU001,10.49,0,0.0,10.49,9.94,0,0.1,44,24,251.76,150.96,76,0,test
2024-11-04,S05,SKU001,10.49,0,0.0,10.49,10.57,0,0.081,44,24,251.76,150.96,39,0,test
2024-11-05,S05,SKU001,10.49,1,0.35,6.82,9.66,0,0.198,44,54,368.28,141.48,98,0,test
2024-11-06,S05,SKU001,10.49,1,0.24,7.97,10.65,0,0.0,44,50,398.5,188.5,74,0,test
2024-11-07,S05,SKU001,10.49,0,0.0,10.49,10.15,0,0.034,44,28,293.72,176.12,89,0,test
2024-11-08,S05,SKU001,10.49,0,0.0,10.49,10.18,0,0.021,44,14,146.86,88.06,103,0,test
2024-11-09,S05,SKU001,10.49,1,0.24,7.97,10.3,0,0.103,44,57,454.29,214.89,60,0,test
2024-11-10,S05,SKU001,10.49,0,0.0,10.49,10.29,0,0.087,45,26,272.74,163.54,65,0,test
2024-11-11,S05,SKU001,10.49,0,0.0,10.49,9.8,0,0.106,45,26,272.74,163.54,80,0,test
2024-11-12,S05,SKU001,10.49,0,0.0,10.49,9.64,0,0.176,45,30,314.7,188.7,43,0,test
2024-01-01,S05,SKU002,15.49,0,0.0,15.49,15.57,1,0.291,0,29,449.21,254.91,53,0,train
2024-01-02,S05,SKU002,15.49,0,0.0,15.49,14.91,0,0.459,0,33,511.17,290.07,68,0,train
2024-01-03,S05,SKU002,15.49,0,0.0,15.49,14.96,0,0.337,0,22,340.78,193.38,22,1,train
2024-01-04,S05,SKU002,15.49,0,0.0,15.49,15.83,0,0.381,0,29,449.21,254.91,40,0,train
2024-01-05,S05,SKU002,15.49,0,0.0,15.49,15.42,0,0.398,0,34,526.66,298.86,77,0,train
2024-01-06,S05,SKU002,15.49,0,0.0,15.49,15.83,0,0.365,0,42,650.58,369.18,95,0,train
2024-01-07,S05,SKU002,15.49,1,0.14,13.32,15.78,0,0.334,1,73,972.36,483.26,73,1,train
2024-01-08,S05,SKU002,15.49,0,0.0,15.49,16.04,0,0.462,1,42,650.58,369.18,94,0,train
2024-01-09,S05,SKU002,15.49,0,0.0,15.49,15.85,0,0.451,1,40,619.6,351.6,44,0,train
2024-01-10,S05,SKU002,15.49,0,0.0,15.49,15.39,0,0.319,1,18,278.82,158.22,102,0,train
2024-01-11,S05,SKU002,15.49,1,0.23,11.93,15.68,0,0.584,1,75,894.75,392.25,94,0,train
2024-01-12,S05,SKU002,15.49,0,0.0,15.49,14.8,0,0.508,1,28,433.72,246.12,44,0,train
2024-01-13,S05,SKU002,15.49,0,0.0,15.49,15.74,0,0.411,1,35,542.15,307.65,53,0,train
2024-01-14,S05,SKU002,15.49,1,0.24,11.77,15.03,0,0.518,2,87,1023.99,441.09,87,1,train
2024-01-15,S05,SKU002,15.49,0,0.0,15.49,15.91,0,0.443,2,35,542.15,307.65,82,0,train
2024-01-16,S05,SKU002,15.49,1,0.25,11.62,14.76,0,0.474,2,35,406.7,172.2,35,1,train
2024-01-17,S05,SKU002,15.49,0,0.0,15.49,16.16,0,0.532,2,27,418.23,237.33,27,1,train
2024-01-18,S05,SKU002,15.49,0,0.0,15.49,14.99,0,0.416,2,26,402.74,228.54,65,0,train
2024-01-19,S05,SKU002,15.49,0,0.0,15.49,15.72,0,0.533,2,37,573.13,325.23,80,0,train
2024-01-20,S05,SKU002,15.49,0,0.0,15.49,15.56,0,0.589,2,49,759.01,430.71,51,0,train
2024-01-21,S05,SKU002,15.49,1,0.2,12.39,16.06,0,0.591,3,37,458.43,210.53,37,1,train
2024-01-22,S05,SKU002,15.49,0,0.0,15.49,16.21,0,0.501,3,19,294.31,167.01,64,0,train
2024-01-23,S05,SKU002,15.49,0,0.0,15.49,14.76,0,0.58,3,29,449.21,254.91,58,0,train
2024-01-24,S05,SKU002,15.49,0,0.0,15.49,15.89,0,0.435,3,29,449.21,254.91,88,0,train
2024-01-25,S05,SKU002,15.49,0,0.0,15.49,15.82,0,0.53,3,32,495.68,281.28,92,0,train
2024-01-26,S05,SKU002,15.49,1,0.12,13.63,15.2,0,0.573,3,61,831.43,422.73,86,0,train
2024-01-27,S05,SKU002,15.49,0,0.0,15.49,15.8,0,0.472,3,32,495.68,281.28,32,1,train
2024-01-28,S05,SKU002,15.49,0,0.0,15.49,15.61,0,0.555,4,36,557.64,316.44,54,0,train
2024-01-29,S05,SKU002,15.49,0,0.0,15.49,16.05,0,0.67,4,36,557.64,316.44,45,0,train
2024-01-30,S05,SKU002,15.49,1,0.22,12.08,15.98,0,0.731,4,60,724.8,322.8,60,0,train
2024-01-31,S05,SKU002,15.49,0,0.0,15.49,15.4,0,0.627,4,34,526.66,298.86,37,0,train
2024-02-01,S05,SKU002,15.49,0,0.0,15.49,16.29,0,0.637,4,23,356.27,202.17,101,0,train
2024-02-02,S05,SKU002,15.49,0,0.0,15.49,16.78,0,0.536,4,28,433.72,246.12,78,0,train
2024-02-03,S05,SKU002,15.49,1,0.14,13.32,16.39,0,0.528,4,51,679.32,337.62,51,1,train
2024-02-04,S05,SKU002,15.49,0,0.0,15.49,17.17,0,0.522,5,39,604.11,342.81,99,0,train
2024-02-05,S05,SKU002,15.49,0,0.0,15.49,15.43,0,0.646,5,34,526.66,298.86,93,0,train
2024-02-06,S05,SKU002,15.49,0,0.0,15.49,15.5,0,0.665,5,39,604.11,342.81,91,0,train
2024-02-07,S05,SKU002,15.49,0,0.0,15.49,15.84,0,0.587,5,24,371.76,210.96,59,0,train
2024-02-08,S05,SKU002,15.49,0,0.0,15.49,16.16,0,0.559,5,24,371.76,210.96,37,0,train
2024-02-09,S05,SKU002,15.49,0,0.0,15.49,15.28,1,0.655,5,37,573.13,325.23,78,0,train
2024-02-10,S05,SKU002,15.49,0,0.0,15.49,16.74,0,0.665,5,25,387.25,219.75,84,0,train
2024-02-11,S05,SKU002,15.49,0,0.0,15.49,15.76,0,0.645,6,40,619.6,351.6,93,0,train
2024-02-12,S05,SKU002,15.49,0,0.0,15.49,15.22,0,0.735,6,32,495.68,281.28,34,0,train
2024-02-13,S05,SKU002,15.49,0,0.0,15.49,16.5,0,0.66,6,31,480.19,272.49,78,0,train
2024-02-14,S05,SKU002,15.49,0,0.0,15.49,15.78,0,0.667,6,26,402.74,228.54,53,0,train
2024-02-15,S05,SKU002,15.49,0,0.0,15.49,16.31,0,0.611,6,30,464.7,263.7,71,0,train
2024-02-16,S05,SKU002,15.49,0,0.0,15.49,16.83,0,0.692,6,42,650.58,369.18,71,0,train
2024-02-17,S05,SKU002,15.49,0,0.0,15.49,16.19,0,0.771,6,35,542.15,307.65,88,0,train
2024-02-18,S05,SKU002,15.49,1,0.12,13.63,16.73,0,0.699,7,61,831.43,422.73,81,0,train
2024-02-19,S05,SKU002,15.49,0,0.0,15.49,16.69,0,0.706,7,28,433.72,246.12,92,0,train
2024-02-20,S05,SKU002,15.49,0,0.0,15.49,15.49,0,0.734,7,24,371.76,210.96,42,0,train
2024-02-21,S05,SKU002,15.49,0,0.0,15.49,16.24,0,0.73,7,32,495.68,281.28,33,0,train
2024-02-22,S05,SKU002,15.49,0,0.0,15.49,16.12,0,0.751,7,29,449.21,254.91,50,0,train
2024-02-23,S05,SKU002,15.49,0,0.0,15.49,15.69,0,0.757,7,34,526.66,298.86,60,0,train
2024-02-24,S05,SKU002,15.49,0,0.0,15.49,16.3,0,0.768,7,29,449.21,254.91,80,0,train
2024-02-25,S05,SKU002,15.49,0,0.0,15.49,16.57,0,0.689,8,42,650.58,369.18,67,0,train
2024-02-26,S05,SKU002,15.49,0,0.0,15.49,15.58,0,0.76,8,30,464.7,263.7,42,0,train
2024-02-27,S05,SKU002,15.49,0,0.0,15.49,17.17,0,0.651,8,34,526.66,298.86,101,0,train
2024-02-28,S05,SKU002,15.49,0,0.0,15.49,17.01,0,0.769,8,24,371.76,210.96,56,0,train
2024-02-29,S05,SKU002,15.49,0,0.0,15.49,16.38,0,0.682,8,38,588.62,334.02,89,0,train
2024-03-01,S05,SKU002,15.49,0,0.0,15.49,16.66,0,0.759,8,26,402.74,228.54,102,0,train
2024-03-02,S05,SKU002,15.49,0,0.0,15.49,16.96,0,0.797,8,32,495.68,281.28,69,0,train
2024-03-03,S05,SKU002,15.49,0,0.0,15.49,16.5,0,0.748,9,34,526.66,298.86,45,0,train
2024-03-04,S05,SKU002,15.49,0,0.0,15.49,17.14,0,0.784,9,23,356.27,202.17,59,0,train
2024-03-05,S05,SKU002,15.49,0,0.0,15.49,15.64,0,0.685,9,20,309.8,175.8,32,0,train
2024-03-06,S05,SKU002,15.49,0,0.0,15.49,16.14,0,0.737,9,27,418.23,237.33,65,0,train
2024-03-07,S05,SKU002,15.49,0,0.0,15.49,16.97,0,0.834,9,31,480.19,272.49,103,0,train
2024-03-08,S05,SKU002,15.49,0,0.0,15.49,16.21,0,0.728,9,25,387.25,219.75,66,0,train
2024-03-09,S05,SKU002,15.49,0,0.0,15.49,16.09,0,0.841,9,28,433.72,246.12,85,0,train
2024-03-10,S05,SKU002,15.49,0,0.0,15.49,16.49,0,0.723,10,26,402.74,228.54,26,1,train
2024-03-11,S05,SKU002,15.49,0,0.0,15.49,17.01,0,0.756,10,18,278.82,158.22,62,0,train
2024-03-12,S05,SKU002,15.49,0,0.0,15.49,15.88,0,0.749,10,24,371.76,210.96,24,0,train
2024-03-13,S05,SKU002,15.49,0,0.0,15.49,15.82,0,0.82,10,26,402.74,228.54,40,0,train
2024-03-14,S05,SKU002,15.49,0,0.0,15.49,17.06,0,0.855,10,22,340.78,193.38,83,0,train
2024-03-15,S05,SKU002,15.49,0,0.0,15.49,16.83,0,0.763,10,34,526.66,298.86,78,0,train
2024-03-16,S05,SKU002,15.49,0,0.0,15.49,16.16,0,0.82,10,33,511.17,290.07,33,1,train
2024-03-17,S05,SKU002,15.49,0,0.0,15.49,17.23,0,0.932,11,29,449.21,254.91,32,0,train
2024-03-18,S05,SKU002,15.49,0,0.0,15.49,16.98,0,0.82,11,38,588.62,334.02,43,0,train
2024-03-19,S05,SKU002,15.49,0,0.0,15.49,15.94,0,0.793,11,28,433.72,246.12,52,0,train
2024-03-20,S05,SKU002,15.49,1,0.18,12.7,15.89,0,0.869,11,54,685.8,324.0,94,0,train
2024-03-21,S05,SKU002,15.49,0,0.0,15.49,16.36,0,0.836,11,21,325.29,184.59,61,0,train
2024-03-22,S05,SKU002,15.49,0,0.0,15.49,16.29,0,0.811,11,27,418.23,237.33,88,0,train
2024-03-23,S05,SKU002,15.49,0,0.0,15.49,16.25,0,0.748,11,30,464.7,263.7,81,0,train
2024-03-24,S05,SKU002,15.49,0,0.0,15.49,17.36,0,0.908,12,37,573.13,325.23,50,0,train
2024-03-25,S05,SKU002,15.49,0,0.0,15.49,16.44,0,0.828,12,29,449.21,254.91,62,0,train
2024-03-26,S05,SKU002,15.49,0,0.0,15.49,16.22,0,0.865,12,31,480.19,272.49,88,0,train
2024-03-27,S05,SKU002,15.49,0,0.0,15.49,16.45,0,0.804,12,20,309.8,175.8,68,0,train
2024-03-28,S05,SKU002,15.49,1,0.14,13.32,17.15,0,0.948,12,32,426.24,211.84,32,1,train
2024-03-29,S05,SKU002,15.49,0,0.0,15.49,16.31,0,0.918,12,29,449.21,254.91,93,0,train
2024-03-30,S05,SKU002,15.49,0,0.0,15.49,16.51,0,0.934,12,43,666.07,377.97,66,0,train
2024-03-31,S05,SKU002,15.49,1,0.21,12.24,16.72,0,0.871,13,64,783.36,354.56,64,1,train
2024-04-01,S05,SKU002,15.49,0,0.0,15.49,17.39,0,0.908,13,27,418.23,237.33,52,0,train
2024-04-02,S05,SKU002,15.49,0,0.0,15.49,16.83,0,0.935,13,19,294.31,167.01,41,0,train
2024-04-03,S05,SKU002,15.49,0,0.0,15.49,15.79,0,0.945,13,22,340.78,193.38,55,0,train
2024-04-04,S05,SKU002,15.49,1,0.05,14.72,15.5,0,0.904,13,37,544.64,296.74,61,0,train
2024-04-05,S05,SKU002,15.49,0,0.0,15.49,16.73,0,0.884,13,30,464.7,263.7,30,0,train
2024-04-06,S05,SKU002,15.49,0,0.0,15.49,16.34,0,0.868,13,33,511.17,290.07,49,0,train
2024-04-07,S05,SKU002,15.49,0,0.0,15.49,17.0,0,0.846,14,35,542.15,307.65,69,0,train
2024-04-08,S05,SKU002,15.49,0,0.0,15.49,17.16,0,0.834,14,26,402.74,228.54,53,0,train
2024-04-09,S05,SKU002,15.49,0,0.0,15.49,16.59,0,0.915,14,20,309.8,175.8,46,0,train
2024-04-10,S05,SKU002,15.49,0,0.0,15.49,16.18,0,0.88,14,18,278.82,158.22,100,0,train
2024-04-11,S05,SKU002,15.49,0,0.0,15.49,16.02,0,0.776,14,21,325.29,184.59,61,0,train
2024-04-12,S05,SKU002,15.49,1,0.14,13.32,16.13,0,0.887,14,40,532.8,264.8,104,0,train
2024-04-13,S05,SKU002,15.49,1,0.15,13.17,16.76,0,0.961,14,47,618.99,304.09,58,0,train
2024-04-14,S05,SKU002,15.49,0,0.0,15.49,16.26,0,0.882,15,29,449.21,254.91,45,0,train
2024-04-15,S05,SKU002,15.49,0,0.0,15.49,16.62,0,0.788,15,24,371.76,210.96,63,0,train
