ai-ml-challenge-main/retail_pricing_demand_2024.csv
date,store_id,sku_id,base_price,promo_flag,promo_depth,final_price,competitor_price,holiday_flag,weather_index,week_of_year,units_sold,revenue,margin,stock_cap,stockout_flag,set
2024-04-16,S05,SKU002,15.49,0,0.0,15.49,16.0,0,0.892,15,27,418.23,237.33,27,1,train
2024-04-17,S05,SKU002,15.49,1,0.22,12.08,16.98,0,0.947,15,40,483.2,215.2,51,0,train
2024-04-18,S05,SKU002,15.49,1,0.2,12.39,16.61,0,0.912,15,49,607.11,278.81,49,1,train
2024-04-19,S05,SKU002,15.49,0,0.0,15.49,16.88,0,0.874,15,31,480.19,272.49,68,0,train
2024-04-20,S05,SKU002,15.49,0,0.0,15.49,15.49,0,1.0,15,29,449.21,254.91,86,0,train
2024-04-21,S05,SKU002,15.49,0,0.0,15.49,16.64,0,1.0,16,35,542.15,307.65,73,0,train
2024-04-22,S05,SKU002,15.49,0,0.0,15.49,16.56,0,0.894,16,34,526.66,298.86,50,0,train
2024-04-23,S05,SKU002,15.49,0,0.0,15.49,16.39,0,0.948,16,25,387.25,219.75,84,0,train
2024-04-24,S05,SKU002,15.49,0,0.0,15.49,15.85,0,0.922,16,24,371.76,210.96,86,0,train
2024-04-25,S05,SKU002,15.49,0,0.0,15.49,16.02,0,0.945,16,27,418.23,237.33,99,0,train
2024-04-26,S05,SKU002,15.49,0,0.0,15.49,16.75,0,0.985,16,23,356.27,202.17,86,0,train
2024-04-27,S05,SKU002,15.49,0,0.0,15.49,16.81,0,0.946,16,29,449.21,254.91,94,0,train
2024-04-28,S05,SKU002,15.49,0,0.0,15.49,17.02,0,0.901,17,28,433.72,246.12,36,0,train
2024-04-29,S05,SKU002,15.49,0,0.0,15.49,16.82,0,0.856,17,24,371.76,210.96,45,0,train
2024-04-30,S05,SKU002,15.49,0,0.0,15.49,16.26,1,0.845,17,24,371.76,210.96,100,0,train
2024-05-01,S05,SKU002,15.49,0,0.0,15.49,16.06,1,0.891,17,38,588.62,334.02,66,0,train
2024-05-02,S05,SKU002,15.49,0,0.0,15.49,16.05,0,0.96,17,30,464.7,263.7,102,0,train
2024-05-03,S05,SKU002,15.49,0,0.0,15.49,15.98,0,0.907,17,20,309.8,175.8,57,0,train
2024-05-04,S05,SKU002,15.49,0,0.0,15.49,16.61,0,0.891,17,21,325.29,184.59,47,0,train
2024-05-05,S05,SKU002,15.49,0,0.0,15.49,16.66,0,0.901,18,40,619.6,351.6,54,0,train
2024-05-06,S05,SKU002,15.49,0,0.0,15.49,15.92,0,0.886,18,21,325.29,184.59,99,0,train
2024-05-07,S05,SKU002,15.49,0,0.0,15.49,16.55,0,0.915,18,22,340.78,193.38,73,0,train
2024-05-08,S05,SKU002,15.49,1,0.25,11.62,16.12,0,0.813,18,50,581.0,246.0,54,0,train
2024-05-09,S05,SKU002,15.49,0,0.0,15.49,16.92,0,0.759,18,26,402.74,228.54,43,0,train
2024-05-10,S05,SKU002,15.49,0,0.0,15.49,17.57,0,0.85,18,28,433.72,246.12,89,0,train
2024-05-11,S05,SKU002,15.49,0,0.0,15.49,15.92,0,0.804,18,37,573.13,325.23,57,0,train
2024-05-12,S05,SKU002,15.49,0,0.0,15.49,15.5,0,0.968,19,42,650.58,369.18,98,0,train
2024-05-13,S05,SKU002,15.49,1,0.19,12.55,16.49,0,0.858,19,49,614.95,286.65,57,0,train
2024-05-14,S05,SKU002,15.49,1,0.1,13.94,16.2,0,0.85,19,34,473.96,246.16,60,0,train
2024-05-15,S05,SKU002,15.49,0,0.0,15.49,15.74,0,0.77,19,28,433.72,246.12,63,0,train
2024-05-16,S05,SKU002,15.49,0,0.0,15.49,16.64,0,0.876,19,31,480.19,272.49,69,0,train
2024-05-17,S05,SKU002,15.49,1,0.17,12.86,16.66,0,0.819,19,43,552.98,264.88,64,0,train
2024-05-18,S05,SKU002,15.49,0,0.0,15.49,16.25,0,0.92,19,36,557.64,316.44,67,0,train
2024-05-19,S05,SKU002,15.49,1,0.24,11.77,16.64,0,0.9,20,44,517.88,223.08,44,1,train
2024-05-20,S05,SKU002,15.49,0,0.0,15.49,16.6,0,0.8,20,24,371.76,210.96,88,0,train
2024-05-21,S05,SKU002,15.49,0,0.0,15.49,16.65,0,0.868,20,19,294.31,167.01,48,0,train
2024-05-22,S05,SKU002,15.49,0,0.0,15.49,16.42,0,0.676,20,27,418.23,237.33,67,0,train
2024-05-23,S05,SKU002,15.49,0,0.0,15.49,15.63,0,0.795,20,27,418.23,237.33,66,0,train
2024-05-24,S05,SKU002,15.49,0,0.0,15.49,16.74,0,0.907,20,23,356.27,202.17,23,1,train
2024-05-25,S05,SKU002,15.49,0,0.0,15.49,15.77,0,0.875,20,25,387.25,219.75,67,0,train
2024-05-26,S05,SKU002,15.49,1,0.12,13.63,16.64,0,0.835,21,54,736.02,374.22,59,0,train
2024-05-27,S05,SKU002,15.49,0,0.0,15.49,16.28,0,0.818,21,30,464.7,263.7,45,0,train
2024-05-28,S05,SKU002,15.49,0,0.0,15.49,16.39,0,0.731,21,22,340.78,193.38,58,0,train
2024-05-29,S05,SKU002,15.49,0,0.0,15.49,16.2,0,0.73,21,21,325.29,184.59,57,0,train
2024-05-30,S05,SKU002,15.49,0,0.0,15.49,15.55,0,0.821,21,28,433.72,246.12,60,0,train
2024-05-31,S05,SKU002,15.49,1,0.16,13.01,15.62,0,0.908,21,58,754.58,365.98,88,0,train
2024-06-01,S05,SKU002,15.49,0,0.0,15.49,15.94,0,0.668,21,31,480.19,272.49,84,0,train
2024-06-02,S05,SKU002,15.49,1,0.11,13.79,14.99,0,0.831,22,39,537.81,276.51,39,1,train
2024-06-03,S05,SKU002,15.49,1,0.16,13.01,15.37,0,0.825,22,40,520.4,252.4,53,0,train
2024-06-04,S05,SKU002,15.49,0,0.0,15.49,16.89,0,0.841,22,26,402.74,228.54,34,0,train
2024-06-05,S05,SKU002,15.49,0,0.0,15.49,15.39,0,0.727,22,27,418.23,237.33,92,0,train
2024-06-06,S05,SKU002,15.49,0,0.0,15.49,15.92,0,0.742,22,25,387.25,219.75,29,0,train
2024-06-07,S05,SKU002,15.49,0,0.0,15.49,16.86,0,0.772,22,31,480.19,272.49,89,0,train
2024-06-08,S05,SKU002,15.49,0,0.0,15.49,15.35,0,0.702,22,26,402.74,228.54,98,0,train
2024-06-09,S05,SKU002,15.49,0,0.0,15.49,14.69,0,0.685,23,28,433.72,246.12,98,0,train
2024-06-10,S05,SKU002,15.49,0,0.0,15.49,15.64,0,0.7,23,24,371.76,210.96,39,0,train
2024-06-11,S05,SKU002,15.49,1,0.22,12.08,15.45,0,0.744,23,48,579.84,258.24,91,0,train
2024-06-12,S05,SKU002,15.49,0,0.0,15.49,15.64,0,0.765,23,20,309.8,175.8,37,0,train
2024-06-13,S05,SKU002,15.49,1,0.35,10.07,16.83,0,0.736,23,92,926.44,310.04,92,0,train
2024-06-14,S05,SKU002,15.49,0,0.0,15.49,15.96,0,0.736,23,15,232.35,131.85,26,0,train
2024-06-15,S05,SKU002,15.49,0,0.0,15.49,15.49,0,0.685,23,28,433.72,246.12,37,0,train
2024-06-16,S05,SKU002,15.49,0,0.0,15.49,17.06,0,0.677,24,33,511.17,290.07,58,0,train
2024-06-17,S05,SKU002,15.49,0,0.0,15.49,15.45,0,0.782,24,32,495.68,281.28,57,0,train
2024-06-18,S05,SKU002,15.49,0,0.0,15.49,15.14,0,0.705,24,34,526.66,298.86,102,0,train
2024-06-19,S05,SKU002,15.49,0,0.0,15.49,16.42,0,0.698,24,25,387.25,219.75,102,0,train
2024-06-20,S05,SKU002,15.49,1,0.16,13.01,14.74,0,0.753,24,38,494.38,239.78,45,0,train
2024-06-21,S05,SKU002,15.49,0,0.0,15.49,15.63,0,0.765,24,37,573.13,325.23,93,0,train
2024-06-22,S05,SKU002,15.49,0,0.0,15.49,14.8,0,0.761,24,34,526.66,298.86,36,0,train
2024-06-23,S05,SKU002,15.49,0,0.0,15.49,15.56,0,0.703,25,24,371.76,210.96,62,0,train
2024-06-24,S05,SKU002,15.49,0,0.0,15.49,15.51,0,0.669,25,22,340.78,193.38,22,1,train
2024-06-25,S05,SKU002,15.49,0,0.0,15.49,15.64,0,0.683,25,28,433.72,246.12,86,0,train
2024-06-26,S05,SKU002,15.49,0,0.0,15.49,15.24,0,0.671,25,33,511.17,290.07,69,0,train
2024-06-27,S05,SKU002,15.49,1,0.14,13.32,15.23,0,0.737,25,50,666.0,331.0,70,0,train
2024-06-28,S05,SKU002,15.49,0,0.0,15.49,15.57,0,0.665,25,19,294.31,167.01,70,0,train
2024-06-29,S05,SKU002,15.49,0,0.0,15.49,15.13,0,0.679,25,33,511.17,290.07,86,0,train
2024-06-30,S05,SKU002,15.49,0,0.0,15.49,15.67,0,0.633,26,25,387.25,219.75,47,0,train
2024-07-01,S05,SKU002,15.49,0,0.0,15.49,15.97,0,0.71,26,30,464.7,263.7,75,0,train
2024-07-02,S05,SKU002,15.49,0,0.0,15.49,14.52,0,0.498,26,32,495.68,281.28,85,0,train
2024-07-03,S05,SKU002,15.49,1,0.2,12.39,15.8,0,0.637,26,56,693.84,318.64,79,0,train
2024-07-04,S05,SKU002,15.49,0,0.0,15.49,16.16,0,0.653,26,30,464.7,263.7,93,0,train
2024-07-05,S05,SKU002,15.49,0,0.0,15.49,15.52,0,0.532,26,36,557.64,316.44,66,0,train
2024-07-06,S05,SKU002,15.49,0,0.0,15.49,14.18,0,0.724,26,35,542.15,307.65,80,0,train
2024-07-07,S05,SKU002,15.49,0,0.0,15.49,15.05,0,0.579,27,34,526.66,298.86,70,0,train
2024-07-08,S05,SKU002,15.49,0,0.0,15.49,14.64,0,0.572,27,21,325.29,184.59,89,0,train
2024-07-09,S05,SKU002,15.49,0,0.0,15.49,15.16,0,0.51,27,26,402.74,228.54,64,0,train
2024-07-10,S05,SKU002,15.49,0,0.0,15.49,15.9,0,0.62,27,21,325.29,184.59,57,0,train
2024-07-11,S05,SKU002,15.49,0,0.0,15.49,15.76,0,0.574,27,26,402.74,228.54,101,0,train
2024-07-12,S05,SKU002,15.49,1,0.18,12.7,15.51,0,0.519,27,51,647.7,306.0,78,0,train
2024-07-13,S05,SKU002,15.49,0,0.0,15.49,15.62,0,0.561,27,31,480.19,272.49,98,0,train
2024-07-14,S05,SKU002,15.49,0,0.0,15.49,14.88,0,0.582,28,32,495.68,281.28,42,0,train
2024-07-15,S05,SKU002,15.49,1,0.18,12.7,15.4,0,0.606,28,51,647.7,306.0,70,0,train
2024-07-16,S05,SKU002,15.49,0,0.0,15.49,15.37,0,0.54,28,15,232.35,131.85,104,0,train
2024-07-17,S05,SKU002,15.49,0,0.0,15.49,15.3,0,0.462,28,25,387.25,219.75,97,0,train
2024-07-18,S05,SKU002,15.49,0,0.0,15.49,16.12,0,0.48,28,39,604.11,342.81,50,0,train
2024-07-19,S05,SKU002,15.49,0,0.0,15.49,14.63,0,0.368,28,27,418.23,237.33,32,0,train
2024-07-20,S05,SKU002,15.49,1,0.19,12.55,14.89,0,0.455,28,46,577.3,269.1,46,1,train
2024-07-21,S05,SKU002,15.49,1,0.18,12.7,15.11,0,0.537,29,72,914.4,432.0,95,0,train
2024-07-22,S05,SKU002,15.49,0,0.0,15.49,15.54,0,0.513,29,28,433.72,246.12,62,0,train
2024-07-23,S05,SKU002,15.49,0,0.0,15.49,15.49,0,0.472,29,26,402.74,228.54,73,0,train
2024-07-24,S05,SKU002,15.49,1,0.15,13.17,14.76,0,0.451,29,49,645.33,317.03,55,0,train
2024-07-25,S05,SKU002,15.49,1,0.29,11.0,15.32,0,0.56,29,25,275.0,107.5,25,1,train
2024-07-26,S05,SKU002,15.49,1,0.17,12.86,14.45,0,0.475,29,47,604.42,289.52,99,0,train
2024-07-27,S05,SKU002,15.49,0,0.0,15.49,14.68,0,0.506,29,31,480.19,272.49,88,0,train
2024-07-28,S05,SKU002,15.49,0,0.0,15.49,15.57,0,0.468,30,28,433.72,246.12,74,0,train
2024-07-29,S05,SKU002,15.49,1,0.36,9.91,14.54,0,0.397,30,66,654.06,211.86,66,1,train
2024-07-30,S05,SKU002,15.49,0,0.0,15.49,15.66,0,0.524,30,25,387.25,219.75,56,0,train
2024-07-31,S05,SKU002,15.49,0,0.0,15.49,14.99,0,0.35,30,22,340.78,193.38,70,0,train
2024-08-01,S05,SKU002,15.49,0,0.0,15.49,14.85,0,0.345,30,23,356.27,202.17,95,0,train
2024-08-02,S05,SKU002,15.49,0,0.0,15.49,15.63,0,0.385,30,30,464.7,263.7,96,0,train
2024-08-03,S05,SKU002,15.49,0,0.0,15.49,14.8,0,0.36,30,36,557.64,316.44,90,0,train
2024-08-04,S05,SKU002,15.49,0,0.0,15.49,14.94,0,0.364,31,45,697.05,395.55,87,0,train
2024-08-05,S05,SKU002,15.49,0,0.0,15.49,15.65,0,0.355,31,25,387.25,219.75,79,0,train
2024-08-06,S05,SKU002,15.49,0,0.0,15.49,14.62,0,0.443,31,28,433.72,246.12,92,0,train
2024-08-07,S05,SKU002,15.49,0,0.0,15.49,13.86,0,0.381,31,21,325.29,184.59,40,0,train
2024-08-08,S05,SKU002,15.49,0,0.0,15.49,14.76,0,0.392,31,37,573.13,325.23,92,0,train
2024-08-09,S05,SKU002,15.49,0,0.0,15.49,14.34,0,0.269,31,36,557.64,316.44,94,0,train
2024-08-10,S05,SKU002,15.49,0,0.0,15.49,14.76,0,0.307,31,40,619.6,351.6,99,0,train
2024-08-11,S05,SKU002,15.49,1,0.28,11.15,14.77,0,0.417,32,49,546.35,218.05,49,1,train
2024-08-12,S05,SKU002,15.49,0,0.0,15.49,14.16,0,0.273,32,28,433.72,246.12,63,0,train
2024-08-13,S05,SKU002,15.49,1,0.17,12.86,14.56,0,0.41,32,53,681.58,326.48,91,0,train
2024-08-14,S05,SKU002,15.49,0,0.0,15.49,15.33,0,0.271,32,36,557.64,316.44,62,0,train
2024-08-15,S05,SKU002,15.49,0,0.0,15.49,15.06,0,0.344,32,26,402.74,228.54,31,0,train
2024-08-16,S05,SKU002,15.49,1,0.14,13.32,15.12,0,0.269,32,44,586.08,291.28,44,1,train
2024-08-17,S05,SKU002,15.49,0,0.0,15.49,14.75,0,0.326,32,41,635.09,360.39,69,0,train
2024-08-18,S05,SKU002,15.49,0,0.0,15.49,14.05,0,0.254,33,25,387.25,219.75,94,0,train
2024-08-19,S05,SKU002,15.49,0,0.0,15.49,14.84,0,0.287,33,29,449.21,254.91,104,0,train
2024-08-20,S05,SKU002,15.49,0,0.0,15.49,14.74,0,0.396,33,25,387.25,219.75,46,0,train
2024-08-21,S05,SKU002,15.49,1,0.24,11.77,14.28,0,0.268,33,74,870.98,375.18,89,0,train
2024-08-22,S05,SKU002,15.49,0,0.0,15.49,14.22,0,0.406,33,23,356.27,202.17,90,0,train
2024-08-23,S05,SKU002,15.49,0,0.0,15.49,14.95,0,0.251,33,25,387.25,219.75,25,1,train
2024-08-24,S05,SKU002,15.49,1,0.27,11.31,14.6,0,0.202,33,78,882.18,359.58,95,0,train
2024-08-25,S05,SKU002,15.49,0,0.0,15.49,14.55,0,0.272,34,30,464.7,263.7,65,0,train
2024-08-26,S05,SKU002,15.49,0,0.0,15.49,14.31,0,0.237,34,32,495.68,281.28,59,0,train
2024-08-27,S05,SKU002,15.49,0,0.0,15.49,13.89,0,0.362,34,34,526.66,298.86,94,0,train
2024-08-28,S05,SKU002,15.49,0,0.0,15.49,14.67,0,0.302,34,29,449.21,254.91,32,0,train
2024-08-29,S05,SKU002,15.49,1,0.25,11.62,14.63,0,0.316,34,55,639.1,270.6,87,0,train
2024-08-30,S05,SKU002,15.49,0,0.0,15.49,15.19,0,0.278,34,22,340.78,193.38,22,1,train
2024-08-31,S05,SKU002,15.49,1,0.16,13.01,15.57,0,0.383,34,56,728.56,353.36,63,0,train
2024-09-01,S05,SKU002,15.49,1,0.2,12.39,14.73,0,0.277,35,29,359.31,165.01,29,1,train
2024-09-02,S05,SKU002,15.49,0,0.0,15.49,14.49,1,0.257,35,51,789.99,448.29,85,0,train
2024-09-03,S05,SKU002,15.49,0,0.0,15.49,15.35,0,0.17,35,36,557.64,316.44,42,0,train
2024-09-04,S05,SKU002,15.49,0,0.0,15.49,13.2,0,0.16,35,44,681.56,386.76,85,0,train
2024-09-05,S05,SKU002,15.49,0,0.0,15.49,14.71,0,0.221,35,42,650.58,369.18,69,0,train
2024-09-06,S05,SKU002,15.49,0,0.0,15.49,14.91,0,0.265,35,30,464.7,263.7,37,0,train
2024-09-07,S05,SKU002,15.49,0,0.0,15.49,14.63,0,0.268,35,47,728.03,413.13,55,0,train
2024-09-08,S05,SKU002,15.49,0,0.0,15.49,13.79,0,0.14,36,29,449.21,254.91,98,0,train
2024-09-09,S05,SKU002,15.49,1,0.2,12.39,14.78,0,0.224,36,67,830.13,381.23,67,1,train
2024-09-10,S05,SKU002,15.49,0,0.0,15.49,15.22,0,0.199,36,29,449.21,254.91,41,0,train
2024-09-11,S05,SKU002,15.49,1,0.13,13.48,13.9,0,0.116,36,48,647.04,325.44,48,1,train
2024-09-12,S05,SKU002,15.49,1,0.08,14.25,15.15,0,0.21,36,34,484.5,256.7,34,1,train
2024-09-13,S05,SKU002,15.49,0,0.0,15.49,14.23,0,0.039,36,36,557.64,316.44,71,0,train
2024-09-14,S05,SKU002,15.49,0,0.0,15.49,14.9,0,0.187,36,41,635.09,360.39,54,0,train
2024-09-15,S05,SKU002,15.49,0,0.0,15.49,15.06,0,0.316,37,44,681.56,386.76,67,0,train
2024-09-16,S05,SKU002,15.49,0,0.0,15.49,13.39,0,0.102,37,43,666.07,377.97,77,0,train
2024-09-17,S05,SKU002,15.49,1,0.18,12.7,14.79,0,0.161,37,58,736.6,348.0,58,1,train
2024-09-18,S05,SKU002,15.49,0,0.0,15.49,14.38,0,0.043,37,28,433.72,246.12,33,0,train
2024-09-19,S05,SKU002,15.49,0,0.0,15.49,14.1,0,0.107,37,27,418.23,237.33,45,0,train
2024-09-20,S05,SKU002,15.49,0,0.0,15.49,14.71,0,0.195,37,37,573.13,325.23,100,0,train
2024-09-21,S05,SKU002,15.49,0,0.0,15.49,15.12,0,0.084,37,41,635.09,360.39,52,0,train
2024-09-22,S05,SKU002,15.49,0,0.0,15.49,14.86,0,0.141,38,27,418.23,237.33,27,1,train
2024-09-23,S05,SKU002,15.49,0,0.0,15.49,14.6,0,0.119,38,40,619.6,351.6,43,0,train
2024-09-24,S05,SKU002,15.49,0,0.0,15.49,14.28,0,0.114,38,23,356.27,202.17,99,0,train
2024-09-25,S05,SKU002,15.49,0,0.0,15.49,13.47,0,0.146,38,23,356.27,202.17,79,0,train
2024-09-26,S05,SKU002,15.49,0,0.0,15.49,14.69,0,0.16,38,22,340.78,193.38,22,1,train
2024-09-27,S05,SKU002,15.49,0,0.0,15.49,13.55,0,0.203,38,36,557.64,316.44,54,0,train
2024-09-28,S05,SKU002,15.49,0,0.0,15.49,14.58,0,0.176,38,35,542.15,307.65,67,0,train
2024-09-29,S05,SKU002,15.49,0,0.0,15.49,14.3,0,0.09,39,46,712.54,404.34,102,0,train
2024-09-30,S05,SKU002,15.49,0,0.0,15.49,14.92,0,0.207,39,28,433.72,246.12,28,1,train
2024-10-01,S05,SKU002,15.49,1,0.16,13.01,13.91,0,0.194,39,66,858.66,416.46,99,0,test
2024-10-02,S05,SKU002,15.49,0,0.0,15.49,13.94,0,0.024,39,52,805.48,457.08,75,0,test
2024-10-03,S05,SKU002,15.49,1,0.28,11.15,13.93,0,0.155,39,88,981.2,391.6,88,1,test
2024-10-04,S05,SKU002,15.49,0,0.0,15.49,14.82,0,0.163,39,45,697.05,395.55,45,1,test
2024-10-05,S05,SKU002,15.49,0,0.0,15.49,15.3,0,0.17,39,36,557.64,316.44,81,0,test
2024-10-06,S05,SKU002,15.49,0,0.0,15.49,15.52,0,0.143,40,38,588.62,334.02,64,0,test
2024-10-07,S05,SKU002,15.49,0,0.0,15.49,14.74,0,0.031,40,37,573.13,325.23,55,0,test
2024-10-08,S05,SKU002,15.49,0,0.0,15.49,14.67,0,0.091,40,31,480.19,272.49,83,0,test
2024-10-09,S05,SKU002,15.49,1,0.3,10.84,14.45,0,0.0,40,92,997.28,380.88,92,1,test
2024-10-10,S05,SKU002,15.49,0,0.0,15.49,14.58,0,0.096,40,23,356.27,202.17,23,1,test
2024-10-11,S05,SKU002,15.49,0,0.0,15.49,15.21,0,0.226,40,49,759.01,430.71,73,0,test
2024-10-12,S05,SKU002,15.49,0,0.0,15.49,15.54,0,0.144,40,57,882.93,501.03,62,0,test
2024-10-13,S05,SKU002,15.49,0,0.0,15.49,15.08,0,0.152,41,45,697.05,395.55,68,0,test
2024-10-14,S05,SKU002,15.49,0,0.0,15.49,14.23,0,0.071,41,31,480.19,272.49,91,0,test
2024-10-15,S05,SKU002,15.49,0,0.0,15.49,14.72,0,0.04,41,26,402.74,228.54,28,0,test
2024-10-16,S05,SKU002,15.49,0,0.0,15.49,13.81,0,0.036,41,38,588.62,334.02,53,0,test
2024-10-17,S05,SKU002,15.49,0,0.0,15.49,14.14,0,0.108,41,32,495.68,281.28,86,0,test
2024-10-18,S05,SKU002,15.49,0,0.0,15.49,14.16,0,0.052,41,40,619.6,351.6,82,0,test
2024-10-19,S05,SKU002,15.49,1,0.19,12.55,13.72,0,0.062,41,90,1129.5,526.5,99,0,test
2024-10-20,S05,SKU002,15.49,0,0.0,15.49,14.89,0,0.169,42,45,697.05,395.55,66,0,test
2024-10-21,S05,SKU002,15.49,0,0.0,15.49,14.75,0,0.002,42,33,511.17,290.07,38,0,test
2024-10-22,S05,SKU002,15.49,1,0.09,14.1,14.79,0,0.022,42,55,775.5,407.0,87,0,test
2024-10-23,S05,SKU002,15.49,0,0.0,15.49,14.73,0,0.07,42,31,480.19,272.49,41,0,test
2024-10-24,S05,SKU002,15.49,0,0.0,15.49,15.37,0,0.095,42,32,495.68,281.28,32,1,test
2024-10-25,S05,SKU002,15.49,0,0.0,15.49,14.0,0,0.094,42,38,588.62,334.02,38,1,test
2024-10-26,S05,SKU002,15.49,0,0.0,15.49,14.35,0,0.019,42,52,805.48,457.08,92,0,test
2024-10-27,S05,SKU002,15.49,0,0.0,15.49,14.49,0,0.115,43,33,511.17,290.07,33,1,test
2024-10-28,S05,SKU002,15.49,0,0.0,15.49,14.67,0,0.097,43,50,774.5,439.5,101,0,test
2024-10-29,S05,SKU002,15.49,1,0.18,12.7,15.35,0,0.127,43,38,482.6,228.0,38,1,test
2024-10-30,S05,SKU002,15.49,0,0.0,15.49,15.65,0,0.042,43,35,542.15,307.65,65,0,test
2024-10-31,S05,SKU002,15.49,0,0.0,15.49,14.81,0,0.123,43,45,697.05,395.55,94,0,test
2024-11-01,S05,SKU002,15.49,0,0.0,15.49,14.36,0,0.123,43,38,588.62,334.02,38,1,test
2024-11-02,S05,SKU002,15.49,0,0.0,15.49,14.93,0,0.072,43,51,789.99,448.29,71,0,test
2024-11-03,S05,SKU002,15.49,0,0.0,15.49,14.97,0,0.1,44,56,867.44,492.24,56,1,test
2024-11-04,S05,SKU002,15.49,0,0.0,15.49,14.02,0,0.081,44,37,573.13,325.23,66,0,test
2024-11-05,S05,SKU002,15.49,0,0.0,15.49,14.57,0,0.198,44,27,418.23,237.33,27,1,test
2024-11-06,S05,SKU002,15.49,0,0.0,15.49,14.21,0,0.0,44,29,449.21,254.91,65,0,test
2024-11-07,S05,SKU002,15.49,0,0.0,15.49,14.4,0,0.034,44,38,588.62,334.02,66,0,test
2024-11-08,S05,SKU002,15.49,0,0.0,15.49,14.45,0,0.021,44,41,635.09,360.39,88,0,test
2024-11-09,S05,SKU002,15.49,0,0.0,15.49,14.63,0,0.103,44,40,619.6,351.6,40,1,test
2024-11-10,S05,SKU002,15.49,0,0.0,15.49,15.26,0,0.087,45,37,573.13,325.23,92,0,test
2024-11-11,S05,SKU002,15.49,0,0.0,15.49,14.83,0,0.106,45,45,697.05,395.55,49,0,test
2024-11-12,S05,SKU002,15.49,0,0.0,15.49,15.12,0,0.176,45,24,371.76,210.96,24,1,test
