ai-ml-challenge-main/retail_pricing_demand_2024.csv
date,store_id,sku_id,base_price,promo_flag,promo_depth,final_price,competitor_price,holiday_flag,weather_index,week_of_year,units_sold,revenue,margin,stock_cap,stockout_flag,set
2024-01-01,S05,SKU003,21.99,0,0.0,21.99,22.72,1,0.291,0,24,527.76,299.76,49,0,train
2024-01-02,S05,SKU003,21.99,0,0.0,21.99,22.02,0,0.459,0,20,439.8,249.8,33,0,train
2024-01-03,S05,SKU003,21.99,0,0.0,21.99,20.19,0,0.337,0,15,329.85,187.35,33,0,train
2024-01-04,S05,SKU003,21.99,0,0.0,21.99,23.05,0,0.381,0,20,439.8,249.8,28,0,train
2024-01-05,S05,SKU003,21.99,1,0.1,19.79,22.25,0,0.398,0,32,633.28,329.28,67,0,train
2024-01-06,S05,SKU003,21.99,0,0.0,21.99,20.46,0,0.365,0,26,571.74,324.74,44,0,train
2024-01-07,S05,SKU003,21.99,0,0.0,21.99,23.22,0,0.334,1,24,527.76,299.76,91,0,train
2024-01-08,S05,SKU003,21.99,0,0.0,21.99,22.01,0,0.462,1,22,483.78,274.78,22,1,train
2024-01-09,S05,SKU003,21.99,0,0.0,21.99,22.82,0,0.451,1,19,417.81,237.31,80,0,train
2024-01-10,S05,SKU003,21.99,0,0.0,21.99,21.88,0,0.319,1,23,505.77,287.27,62,0,train
2024-01-11,S05,SKU003,21.99,0,0.0,21.99,21.43,0,0.584,1,19,417.81,237.31,24,0,train
2024-01-12,S05,SKU003,21.99,0,0.0,21.99,22.44,0,0.508,1,18,395.82,224.82,50,0,train
2024-01-13,S05,SKU003,21.99,0,0.0,21.99,21.62,0,0.411,1,29,637.71,362.21,70,0,train
2024-01-14,S05,SKU003,21.99,1,0.32,14.95,22.36,0,0.518,2,44,657.8,239.8,44,1,train
2024-01-15,S05,SKU003,21.99,0,0.0,21.99,22.42,0,0.443,2,27,593.73,337.23,83,0,train
2024-01-16,S05,SKU003,21.99,0,0.0,21.99,23.73,0,0.474,2,13,285.87,162.37,54,0,train
2024-01-17,S05,SKU003,21.99,0,0.0,21.99,21.76,0,0.532,2,16,351.84,199.84,31,0,train
2024-01-18,S05,SKU003,21.99,0,0.0,21.99,22.43,0,0.416,2,28,615.72,349.72,60,0,train
2024-01-19,S05,SKU003,21.99,0,0.0,21.99,22.98,0,0.533,2,22,483.78,274.78,58,0,train
2024-01-20,S05,SKU003,21.99,0,0.0,21.99,21.33,0,0.589,2,24,527.76,299.76,95,0,train
2024-01-21,S05,SKU003,21.99,0,0.0,21.99,22.47,0,0.591,3,25,549.75,312.25,54,0,train
2024-01-22,S05,SKU003,21.99,0,0.0,21.99,23.31,0,0.501,3,17,373.83,212.33,31,0,train
2024-01-23,S05,SKU003,21.99,0,0.0,21.99,21.06,0,0.58,3,20,439.8,249.8,50,0,train
2024-01-24,S05,SKU003,21.99,0,0.0,21.99,22.39,0,0.435,3,25,549.75,312.25,28,0,train
2024-01-25,S05,SKU003,21.99,1,0.18,18.03,22.5,0,0.53,3,22,396.66,187.66,22,1,train
2024-01-26,S05,SKU003,21.99,1,0.28,15.83,22.75,0,0.573,3,49,775.67,310.17,76,0,train
2024-01-27,S05,SKU003,21.99,0,0.0,21.99,22.04,0,0.472,3,21,461.79,262.29,85,0,train
2024-01-28,S05,SKU003,21.99,1,0.24,16.71,22.74,0,0.555,4,52,868.92,374.92,85,0,train
2024-01-29,S05,SKU003,21.99,0,0.0,21.99,22.46,0,0.67,4,14,307.86,174.86,28,0,train
2024-01-30,S05,SKU003,21.99,0,0.0,21.99,24.06,0,0.731,4,17,373.83,212.33,93,0,train
2024-01-31,S05,SKU003,21.99,0,0.0,21.99,21.99,0,0.627,4,19,417.81,237.31,65,0,train
2024-02-01,S05,SKU003,21.99,0,0.0,21.99,21.96,0,0.637,4,25,549.75,312.25,100,0,train
2024-02-02,S05,SKU003,21.99,0,0.0,21.99,24.79,0,0.536,4,21,461.79,262.29,28,0,train
2024-02-03,S05,SKU003,21.99,0,0.0,21.99,21.91,0,0.528,4,28,615.72,349.72,34,0,train
2024-02-04,S05,SKU003,21.99,0,0.0,21.99,22.22,0,0.522,5,29,637.71,362.21,32,0,train
2024-02-05,S05,SKU003,21.99,0,0.0,21.99,22.89,0,0.646,5,27,593.73,337.23,68,0,train
2024-02-06,S05,SKU003,21.99,0,0.0,21.99,22.46,0,0.665,5,22,483.78,274.78,53,0,train
2024-02-07,S05,SKU003,21.99,0,0.0,21.99,22.42,0,0.587,5,24,527.76,299.76,51,0,train
2024-02-08,S05,SKU003,21.99,1,0.23,16.93,22.2,0,0.559,5,39,660.27,289.77,39,1,train
2024-02-09,S05,SKU003,21.99,0,0.0,21.99,23.4,1,0.655,5,35,769.65,437.15,94,0,train
2024-02-10,S05,SKU003,21.99,0,0.0,21.99,23.61,0,0.665,5,15,329.85,187.35,32,0,train
2024-02-11,S05,SKU003,21.99,0,0.0,21.99,23.09,0,0.645,6,25,549.75,312.25,70,0,train
2024-02-12,S05,SKU003,21.99,0,0.0,21.99,23.07,0,0.735,6,22,483.78,274.78,46,0,train
2024-02-13,S05,SKU003,21.99,1,0.21,17.37,23.91,0,0.66,6,29,503.73,228.23,29,1,train
2024-02-14,S05,SKU003,21.99,0,0.0,21.99,24.44,0,0.667,6,25,549.75,312.25,89,0,train
2024-02-15,S05,SKU003,21.99,0,0.0,21.99,22.33,0,0.611,6,23,505.77,287.27,74,0,train
2024-02-16,S05,SKU003,21.99,1,0.11,19.57,23.61,0,0.692,6,43,841.51,433.01,45,0,train
2024-02-17,S05,SKU003,21.99,1,0.17,18.25,22.3,0,0.771,6,59,1076.75,516.25,87,0,train
2024-02-18,S05,SKU003,21.99,0,0.0,21.99,23.24,0,0.699,7,25,549.75,312.25,72,0,train
2024-02-19,S05,SKU003,21.99,1,0.24,16.71,22.78,0,0.706,7,57,952.47,410.97,57,1,train
2024-02-20,S05,SKU003,21.99,0,0.0,21.99,22.46,0,0.734,7,23,505.77,287.27,96,0,train
2024-02-21,S05,SKU003,21.99,0,0.0,21.99,23.01,0,0.73,7,15,329.85,187.35,43,0,train
2024-02-22,S05,SKU003,21.99,0,0.0,21.99,23.05,0,0.751,7,24,527.76,299.76,40,0,train
2024-02-23,S05,SKU003,21.99,0,0.0,21.99,23.88,0,0.757,7,14,307.86,174.86,23,0,train
2024-02-24,S05,SKU003,21.99,0,0.0,21.99,22.55,0,0.768,7,26,571.74,324.74,95,0,train
2024-02-25,S05,SKU003,21.99,0,0.0,21.99,22.32,0,0.689,8,25,549.75,312.25,64,0,train
2024-02-26,S05,SKU003,21.99,0,0.0,21.99,22.66,0,0.76,8,19,417.81,237.31,102,0,train
2024-02-27,S05,SKU003,21.99,0,0.0,21.99,23.46,0,0.651,8,19,417.81,237.31,66,0,train
2024-02-28,S05,SKU003,21.99,0,0.0,21.99,24.19,0,0.769,8,23,505.77,287.27,66,0,train
2024-02-29,S05,SKU003,21.99,1,0.07,20.45,22.3,0,0.682,8,25,511.25,273.75,25,1,train
2024-03-01,S05,SKU003,21.99,0,0.0,21.99,22.59,0,0.759,8,26,571.74,324.74,85,0,train
2024-03-02,S05,SKU003,21.99,0,0.0,21.99,24.72,0,0.797,8,35,769.65,437.15,50,0,train
2024-03-03,S05,SKU003,21.99,0,0.0,21.99,23.69,0,0.748,9,38,835.62,474.62,60,0,train
2024-03-04,S05,SKU003,21.99,0,0.0,21.99,23.63,0,0.784,9,21,461.79,262.29,77,0,train
2024-03-05,S05,SKU003,21.99,0,0.0,21.99,22.45,0,0.685,9,24,527.76,299.76,76,0,train
2024-03-06,S05,SKU003,21.99,0,0.0,21.99,22.51,0,0.737,9,25,549.75,312.25,66,0,train
2024-03-07,S05,SKU003,21.99,0,0.0,21.99,23.03,0,0.834,9,26,571.74,324.74,48,0,train
2024-03-08,S05,SKU003,21.99,0,0.0,21.99,24.25,0,0.728,9,20,439.8,249.8,37,0,train
2024-03-09,S05,SKU003,21.99,1,0.1,19.79,21.13,0,0.841,9,26,514.54,267.54,26,1,train
2024-03-10,S05,SKU003,21.99,0,0.0,21.99,22.81,0,0.723,10,30,659.7,374.7,70,0,train
2024-03-11,S05,SKU003,21.99,0,0.0,21.99,23.74,0,0.756,10,28,615.72,349.72,83,0,train
2024-03-12,S05,SKU003,21.99,0,0.0,21.99,22.6,0,0.749,10,30,659.7,374.7,52,0,train
2024-03-13,S05,SKU003,21.99,0,0.0,21.99,24.59,0,0.82,10,22,483.78,274.78,31,0,train
2024-03-14,S05,SKU003,21.99,0,0.0,21.99,24.51,0,0.855,10,19,417.81,237.31,50,0,train
2024-03-15,S05,SKU003,21.99,1,0.22,17.15,22.46,0,0.763,10,69,1183.35,527.85,73,0,train
2024-03-16,S05,SKU003,21.99,0,0.0,21.99,23.86,0,0.82,10,27,593.73,337.23,103,0,train
2024-03-17,S05,SKU003,21.99,0,0.0,21.99,23.77,0,0.932,11,25,549.75,312.25,42,0,train
2024-03-18,S05,SKU003,21.99,0,0.0,21.99,23.94,0,0.82,11,21,461.79,262.29,65,0,train
2024-03-19,S05,SKU003,21.99,0,0.0,21.99,23.05,0,0.793,11,19,417.81,237.31,100,0,train
2024-03-20,S05,SKU003,21.99,0,0.0,21.99,23.63,0,0.869,11,16,351.84,199.84,55,0,train
2024-03-21,S05,SKU003,21.99,1,0.19,17.81,22.99,0,0.836,11,61,1086.41,506.91,90,0,train
2024-03-22,S05,SKU003,21.99,0,0.0,21.99,22.39,0,0.811,11,26,571.74,324.74,62,0,train
2024-03-23,S05,SKU003,21.99,1,0.18,18.03,21.79,0,0.748,11,28,504.84,238.84,28,1,train
2024-03-24,S05,SKU003,21.99,1,0.1,19.79,24.06,0,0.908,12,49,969.71,504.21,49,1,train
2024-03-25,S05,SKU003,21.99,0,0.0,21.99,25.0,0,0.828,12,23,505.77,287.27,40,0,train
2024-03-26,S05,SKU003,21.99,0,0.0,21.99,22.47,0,0.865,12,25,549.75,312.25,76,0,train
2024-03-27,S05,SKU003,21.99,0,0.0,21.99,23.54,0,0.804,12,26,571.74,324.74,94,0,train
2024-03-28,S05,SKU003,21.99,1,0.19,17.81,23.79,0,0.948,12,55,979.55,457.05,103,0,train
2024-03-29,S05,SKU003,21.99,0,0.0,21.99,22.35,0,0.918,12,24,527.76,299.76,98,0,train
2024-03-30,S05,SKU003,21.99,0,0.0,21.99,20.73,0,0.934,12,29,637.71,362.21,55,0,train
2024-03-31,S05,SKU003,21.99,1,0.15,18.69,23.51,0,0.871,13,55,1027.95,505.45,93,0,train
2024-04-01,S05,SKU003,21.99,0,0.0,21.99,24.09,0,0.908,13,29,637.71,362.21,52,0,train
2024-04-02,S05,SKU003,21.99,0,0.0,21.99,23.77,0,0.935,13,23,505.77,287.27,23,1,train
2024-04-03,S05,SKU003,21.99,0,0.0,21.99,23.51,0,0.945,13,29,637.71,362.21,57,0,train
2024-04-04,S05,SKU003,21.99,0,0.0,21.99,23.47,0,0.904,13,30,659.7,374.7,33,0,train
2024-04-05,S05,SKU003,21.99,0,0.0,21.99,22.63,0,0.884,13,33,725.67,412.17,33,1,train
2024-04-06,S05,SKU003,21.99,0,0.0,21.99,23.53,0,0.868,13,51,1121.49,636.99,73,0,train
2024-04-07,S05,SKU003,21.99,0,0.0,21.99,24.69,0,0.846,14,39,857.61,487.11,103,0,train
2024-04-08,S05,SKU003,21.99,0,0.0,21.99,22.07,0,0.834,14,37,813.63,462.13,89,0,train
2024-04-09,S05,SKU003,21.99,0,0.0,21.99,23.83,0,0.915,14,34,747.66,424.66,46,0,train
2024-04-10,S05,SKU003,21.99,1,0.16,18.47,23.23,0,0.88,14,64,1182.08,574.08,94,0,train
2024-04-11,S05,SKU003,21.99,0,0.0,21.99,24.28,0,0.776,14,34,747.66,424.66,66,0,train
2024-04-12,S05,SKU003,21.99,1,0.16,18.47,24.38,0,0.887,14,51,941.97,457.47,88,0,train
2024-04-13,S05,SKU003,21.99,1,0.13,19.13,23.46,0,0.961,14,47,899.11,452.61,59,0,train
2024-04-14,S05,SKU003,21.99,0,0.0,21.99,22.76,0,0.882,15,29,637.71,362.21,64,0,train
2024-04-15,S05,SKU003,21.99,1,0.22,17.15,23.99,0,0.788,15,81,1389.15,619.65,85,0,train
2024-04-16,S05,SKU003,21.99,0,0.0,21.99,22.71,0,0.892,15,32,703.68,399.68,53,0,train
2024-04-17,S05,SKU003,21.99,0,0.0,21.99,24.21,0,0.947,15,26,571.74,324.74,26,1,train
2024-04-18,S05,SKU003,21.99,0,0.0,21.99,22.72,0,0.912,15,33,725.67,412.17,44,0,train
2024-04-19,S05,SKU003,21.99,0,0.0,21.99,23.71,0,0.874,15,22,483.78,274.78,29,0,train
2024-04-20,S05,SKU003,21.99,1,0.21,17.37,23.7,0,1.0,15,72,1250.64,566.64,99,0,train
2024-04-21,S05,SKU003,21.99,0,0.0,21.99,22.92,0,1.0,16,33,725.67,412.17,56,0,train
2024-04-22,S05,SKU003,21.99,0,0.0,21.99,22.48,0,0.894,16,25,549.75,312.25,33,0,train
2024-04-23,S05,SKU003,21.99,1,0.2,17.59,23.44,0,0.948,16,75,1319.25,606.75,84,0,train
2024-04-24,S05,SKU003,21.99,1,0.3,15.39,21.82,0,0.922,16,65,1000.35,382.85,65,1,train
2024-04-25,S05,SKU003,21.99,0,0.0,21.99,22.02,0,0.945,16,20,439.8,249.8,68,0,train
2024-04-26,S05,SKU003,21.99,0,0.0,21.99,24.52,0,0.985,16,25,549.75,312.25,66,0,train
2024-04-27,S05,SKU003,21.99,0,0.0,21.99,23.1,0,0.946,16,29,637.71,362.21,34,0,train
2024-04-28,S05,SKU003,21.99,0,0.0,21.99,22.84,0,0.901,17,42,923.58,524.58,64,0,train
2024-04-29,S05,SKU003,21.99,1,0.16,18.47,23.36,0,0.856,17,50,923.5,448.5,50,1,train
2024-04-30,S05,SKU003,21.99,1,0.24,16.71,23.83,1,0.845,17,47,785.37,338.87,47,1,train
2024-05-01,S05,SKU003,21.99,0,0.0,21.99,22.94,1,0.891,17,37,813.63,462.13,66,0,train
2024-05-02,S05,SKU003,21.99,0,0.0,21.99,22.37,0,0.96,17,16,351.84,199.84,29,0,train
2024-05-03,S05,SKU003,21.99,0,0.0,21.99,22.9,0,0.907,17,42,923.58,524.58,44,0,train
2024-05-04,S05,SKU003,21.99,0,0.0,21.99,22.53,0,0.891,17,24,527.76,299.76,92,0,train
2024-05-05,S05,SKU003,21.99,0,0.0,21.99,22.72,0,0.901,18,41,901.59,512.09,44,0,train
2024-05-06,S05,SKU003,21.99,1,0.27,16.05,22.75,0,0.886,18,50,802.5,327.5,50,1,train
2024-05-07,S05,SKU003,21.99,0,0.0,21.99,22.44,0,0.915,18,36,791.64,449.64,44,0,train
2024-05-08,S05,SKU003,21.99,0,0.0,21.99,22.97,0,0.813,18,27,593.73,337.23,86,0,train
2024-05-09,S05,SKU003,21.99,0,0.0,21.99,24.26,0,0.759,18,38,835.62,474.62,52,0,train
2024-05-10,S05,SKU003,21.99,0,0.0,21.99,23.9,0,0.85,18,33,725.67,412.17,104,0,train
2024-05-11,S05,SKU003,21.99,1,0.11,19.57,23.9,0,0.804,18,64,1252.48,644.48,64,1,train
2024-05-12,S05,SKU003,21.99,1,0.21,17.37,23.36,0,0.968,19,86,1493.82,676.82,104,0,train
2024-05-13,S05,SKU003,21.99,1,0.18,18.03,24.06,0,0.858,19,55,991.65,469.15,55,1,train
2024-05-14,S05,SKU003,21.99,0,0.0,21.99,23.72,0,0.85,19,26,571.74,324.74,99,0,train
2024-05-15,S05,SKU003,21.99,0,0.0,21.99,22.67,0,0.77,19,35,769.65,437.15,92,0,train
2024-05-16,S05,SKU003,21.99,1,0.2,17.59,23.29,0,0.876,19,83,1459.97,671.47,98,0,train
2024-05-17,S05,SKU003,21.99,0,0.0,21.99,22.08,0,0.819,19,29,637.71,362.21,74,0,train
2024-05-18,S05,SKU003,21.99,1,0.13,19.13,23.4,0,0.92,19,46,879.98,442.98,46,1,train
2024-05-19,S05,SKU003,21.99,1,0.28,15.83,22.75,0,0.9,20,25,395.75,158.25,25,1,train
2024-05-20,S05,SKU003,21.99,0,0.0,21.99,23.23,0,0.8,20,34,747.66,424.66,56,0,train
2024-05-21,S05,SKU003,21.99,0,0.0,21.99,24.11,0,0.868,20,24,527.76,299.76,73,0,train
2024-05-22,S05,SKU003,21.99,0,0.0,21.99,22.55,0,0.676,20,35,769.65,437.15,74,0,train
2024-05-23,S05,SKU003,21.99,0,0.0,21.99,22.27,0,0.795,20,32,703.68,399.68,55,0,train
2024-05-24,S05,SKU003,21.99,0,0.0,21.99,22.65,0,0.907,20,35,769.65,437.15,66,0,train
2024-05-25,S05,SKU003,21.99,0,0.0,21.99,23.32,0,0.875,20,22,483.78,274.78,22,1,train
2024-05-26,S05,SKU003,21.99,0,0.0,21.99,22.61,0,0.835,21,44,967.56,549.56,49,0,train
2024-05-27,S05,SKU003,21.99,0,0.0,21.99,22.78,0,0.818,21,30,659.7,374.7,46,0,train
2024-05-28,S05,SKU003,21.99,0,0.0,21.99,24.08,0,0.731,21,31,681.69,387.19,31,0,train
2024-05-29,S05,SKU003,21.99,0,0.0,21.99,23.01,0,0.73,21,28,615.72,349.72,70,0,train
2024-05-30,S05,SKU003,21.99,0,0.0,21.99,23.4,0,0.821,21,24,527.76,299.76,85,0,train
2024-05-31,S05,SKU003,21.99,0,0.0,21.99,22.99,0,0.908,21,35,769.65,437.15,89,0,train
2024-06-01,S05,SKU003,21.99,0,0.0,21.99,23.46,0,0.668,21,33,725.67,412.17,102,0,train
2024-06-02,S05,SKU003,21.99,1,0.23,16.93,21.55,0,0.831,22,52,880.36,386.36,52,1,train
2024-06-03,S05,SKU003,21.99,1,0.17,18.25,21.99,0,0.825,22,65,1186.25,568.75,67,0,train
2024-06-04,S05,SKU003,21.99,0,0.0,21.99,23.12,0,0.841,22,25,549.75,312.25,43,0,train
2024-06-05,S05,SKU003,21.99,0,0.0,21.99,23.3,0,0.727,22,29,637.71,362.21,89,0,train
2024-06-06,S05,SKU003,21.99,0,0.0,21.99,22.56,0,0.742,22,26,571.74,324.74,26,1,train
2024-06-07,S05,SKU003,21.99,1,0.23,16.93,22.61,0,0.772,22,64,1083.52,475.52,87,0,train
2024-06-08,S05,SKU003,21.99,0,0.0,21.99,22.67,0,0.702,22,42,923.58,524.58,90,0,train
2024-06-09,S05,SKU003,21.99,0,0.0,21.99,22.87,0,0.685,23,39,857.61,487.11,87,0,train
2024-06-10,S05,SKU003,21.99,0,0.0,21.99,21.87,0,0.7,23,41,901.59,512.09,87,0,train
2024-06-11,S05,SKU003,21.99,0,0.0,21.99,23.49,0,0.744,23,28,615.72,349.72,75,0,train
2024-06-12,S05,SKU003,21.99,0,0.0,21.99,21.97,0,0.765,23,38,835.62,474.62,82,0,train
2024-06-13,S05,SKU003,21.99,0,0.0,21.99,22.35,0,0.736,23,29,637.71,362.21,87,0,train
2024-06-14,S05,SKU003,21.99,0,0.0,21.99,21.81,0,0.736,23,34,747.66,424.66,49,0,train
2024-06-15,S05,SKU003,21.99,0,0.0,21.99,22.84,0,0.685,23,30,659.7,374.7,30,1,train
2024-06-16,S05,SKU003,21.99,0,0.0,21.99,22.78,0,0.677,24,39,857.61,487.11,56,0,train
2024-06-17,S05,SKU003,21.99,0,0.0,21.99,21.74,0,0.782,24,27,593.73,337.23,27,1,train
2024-06-18,S05,SKU003,21.99,0,0.0,21.99,21.42,0,0.705,24,31,681.69,387.19,46,0,train
2024-06-19,S05,SKU003,21.99,0,0.0,21.99,23.23,0,0.698,24,23,505.77,287.27,52,0,train
2024-06-20,S05,SKU003,21.99,0,0.0,21.99,21.76,0,0.753,24,22,483.78,274.78,22,1,train
2024-06-21,S05,SKU003,21.99,0,0.0,21.99,22.48,0,0.765,24,35,769.65,437.15,52,0,train
2024-06-22,S05,SKU003,21.99,0,0.0,21.99,22.62,0,0.761,24,39,857.61,487.11,102,0,train
2024-06-23,S05,SKU003,21.99,0,0.0,21.99,22.74,0,0.703,25,34,747.66,424.66,52,0,train
2024-06-24,S05,SKU003,21.99,0,0.0,21.99,21.34,0,0.669,25,42,923.58,524.58,71,0,train
2024-06-25,S05,SKU003,21.99,0,0.0,21.99,21.91,0,0.683,25,26,571.74,324.74,101,0,train
2024-06-26,S05,SKU003,21.99,1,0.27,16.05,22.57,0,0.671,25,40,642.0,262.0,40,1,train
2024-06-27,S05,SKU003,21.99,1,0.11,19.57,22.1,0,0.737,25,43,841.51,433.01,43,1,train
2024-06-28,S05,SKU003,21.99,1,0.21,17.37,21.43,0,0.665,25,50,868.5,393.5,50,1,train
2024-06-29,S05,SKU003,21.99,0,0.0,21.99,23.25,0,0.679,25,41,901.59,512.09,42,0,train
2024-06-30,S05,SKU003,21.99,0,0.0,21.99,21.92,0,0.633,26,43,945.57,537.07,95,0,train
2024-07-01,S05,SKU003,21.99,0,0.0,21.99,22.95,0,0.71,26,26,571.74,324.74,26,0,train
2024-07-02,S05,SKU003,21.99,0,0.0,21.99,23.52,0,0.498,26,36,791.64,449.64,64,0,train
2024-07-03,S05,SKU003,21.99,0,0.0,21.99,21.4,0,0.637,26,32,703.68,399.68,70,0,train
2024-07-04,S05,SKU003,21.99,0,0.0,21.99,22.68,0,0.653,26,33,725.67,412.17,58,0,train
2024-07-05,S05,SKU003,21.99,0,0.0,21.99,20.64,0,0.532,26,32,703.68,399.68,87,0,train
2024-07-06,S05,SKU003,21.99,0,0.0,21.99,21.79,0,0.724,26,41,901.59,512.09,44,0,train
2024-07-07,S05,SKU003,21.99,0,0.0,21.99,22.77,0,0.579,27,35,769.65,437.15,47,0,train
2024-07-08,S05,SKU003,21.99,0,0.0,21.99,22.59,0,0.572,27,29,637.71,362.21,35,0,train
2024-07-09,S05,SKU003,21.99,0,0.0,21.99,19.89,0,0.51,27,26,571.74,324.74,45,0,train
2024-07-10,S05,SKU003,21.99,1,0.11,19.57,21.47,0,0.62,27,59,1154.63,594.13,83,0,train
2024-07-11,S05,SKU003,21.99,0,0.0,21.99,21.57,0,0.574,27,33,725.67,412.17,40,0,train
2024-07-12,S05,SKU003,21.99,0,0.0,21.99,22.33,0,0.519,27,34,747.66,424.66,90,0,train
2024-07-13,S05,SKU003,21.99,0,0.0,21.99,22.32,0,0.561,27,26,571.74,324.74,26,1,train
2024-07-14,S05,SKU003,21.99,0,0.0,21.99,21.37,0,0.582,28,26,571.74,324.74,26,1,train
2024-07-15,S05,SKU003,21.99,1,0.17,18.25,22.79,0,0.606,28,66,1204.5,577.5,76,0,train
2024-07-16,S05,SKU003,21.99,0,0.0,21.99,21.72,0,0.54,28,37,813.63,462.13,40,0,train
2024-07-17,S05,SKU003,21.99,0,0.0,21.99,21.09,0,0.462,28,34,747.66,424.66,98,0,train
2024-07-18,S05,SKU003,21.99,0,0.0,21.99,21.63,0,0.48,28,29,637.71,362.21,38,0,train
2024-07-19,S05,SKU003,21.99,1,0.26,16.27,22.11,0,0.368,28,93,1513.11,629.61,98,0,train
2024-07-20,S05,SKU003,21.99,0,0.0,21.99,20.82,0,0.455,28,30,659.7,374.7,30,1,train
2024-07-21,S05,SKU003,21.99,0,0.0,21.99,21.94,0,0.537,29,33,725.67,412.17,39,0,train
2024-07-22,S05,SKU003,21.99,0,0.0,21.99,21.87,0,0.513,29,34,747.66,424.66,101,0,train
2024-07-23,S05,SKU003,21.99,0,0.0,21.99,21.18,0,0.472,29,26,571.74,324.74,26,1,train
2024-07-24,S05,SKU003,21.99,0,0.0,21.99,22.43,0,0.451,29,32,703.68,399.68,50,0,train
2024-07-25,S05,SKU003,21.99,0,0.0,21.99,21.44,0,0.56,29,44,967.56,549.56,104,0,train
2024-07-26,S05,SKU003,21.99,0,0.0,21.99,20.3,0,0.475,29,36,791.64,449.64,59,0,train
2024-07-27,S05,SKU003,21.99,0,0.0,21.99,20.76,0,0.506,29,37,813.63,462.13,52,0,train
2024-07-28,S05,SKU003,21.99,0,0.0,21.99,20.31,0,0.468,30,38,835.62,474.62,82,0,train
