ai-ml-challenge-main/retail_pricing_demand_2024.csv
date,store_id,sku_id,base_price,promo_flag,promo_depth,final_price,competitor_price,holiday_flag,weather_index,week_of_year,units_sold,revenue,margin,stock_cap,stockout_flag,set
2024-07-29,S05,SKU003,21.99,1,0.21,17.37,22.34,0,0.397,30,41,712.17,322.67,41,1,train
2024-07-30,S05,SKU003,21.99,0,0.0,21.99,22.07,0,0.524,30,25,549.75,312.25,25,1,train
2024-07-31,S05,SKU003,21.99,1,0.27,16.05,22.14,0,0.35,30,95,1524.75,622.25,95,1,train
2024-08-01,S05,SKU003,21.99,0,0.0,21.99,21.52,0,0.345,30,24,527.76,299.76,66,0,train
2024-08-02,S05,SKU003,21.99,0,0.0,21.99,21.58,0,0.385,30,17,373.83,212.33,89,0,train
2024-08-03,S05,SKU003,21.99,0,0.0,21.99,20.79,0,0.36,30,43,945.57,537.07,73,0,train
2024-08-04,S05,SKU003,21.99,0,0.0,21.99,20.27,0,0.364,31,37,813.63,462.13,80,0,train
2024-08-05,S05,SKU003,21.99,0,0.0,21.99,22.11,0,0.355,31,28,615.72,349.72,80,0,train
2024-08-06,S05,SKU003,21.99,0,0.0,21.99,22.8,0,0.443,31,28,615.72,349.72,69,0,train
2024-08-07,S05,SKU003,21.99,1,0.34,14.51,20.85,0,0.381,31,82,1189.82,410.82,82,1,train
2024-08-08,S05,SKU003,21.99,1,0.21,17.37,22.27,0,0.392,31,52,903.24,409.24,52,1,train
2024-08-09,S05,SKU003,21.99,0,0.0,21.99,20.09,0,0.269,31,22,483.78,274.78,30,0,train
2024-08-10,S05,SKU003,21.99,1,0.16,18.47,21.36,0,0.307,31,42,775.74,376.74,42,1,train
2024-08-11,S05,SKU003,21.99,0,0.0,21.99,20.89,0,0.417,32,31,681.69,387.19,83,0,train
2024-08-12,S05,SKU003,21.99,1,0.09,20.01,21.82,0,0.273,32,56,1120.56,588.56,92,0,train
2024-08-13,S05,SKU003,21.99,0,0.0,21.99,23.18,0,0.41,32,25,549.75,312.25,42,0,train
2024-08-14,S05,SKU003,21.99,0,0.0,21.99,21.17,0,0.271,32,29,637.71,362.21,42,0,train
2024-08-15,S05,SKU003,21.99,1,0.16,18.47,22.15,0,0.344,32,60,1108.2,538.2,79,0,train
2024-08-16,S05,SKU003,21.99,0,0.0,21.99,19.87,0,0.269,32,27,593.73,337.23,62,0,train
2024-08-17,S05,SKU003,21.99,1,0.24,16.71,21.44,0,0.326,32,40,668.4,288.4,40,1,train
2024-08-18,S05,SKU003,21.99,0,0.0,21.99,21.49,0,0.254,33,22,483.78,274.78,22,1,train
2024-08-19,S05,SKU003,21.99,0,0.0,21.99,21.19,0,0.287,33,22,483.78,274.78,57,0,train
2024-08-20,S05,SKU003,21.99,1,0.37,13.85,20.75,0,0.396,33,34,470.9,147.9,34,1,train
2024-08-21,S05,SKU003,21.99,0,0.0,21.99,21.07,0,0.268,33,23,505.77,287.27,60,0,train
2024-08-22,S05,SKU003,21.99,0,0.0,21.99,20.86,0,0.406,33,23,505.77,287.27,26,0,train
2024-08-23,S05,SKU003,21.99,0,0.0,21.99,21.44,0,0.251,33,29,637.71,362.21,77,0,train
2024-08-24,S05,SKU003,21.99,0,0.0,21.99,20.72,0,0.202,33,22,483.78,274.78,22,1,train
2024-08-25,S05,SKU003,21.99,0,0.0,21.99,21.73,0,0.272,34,41,901.59,512.09,95,0,train
2024-08-26,S05,SKU003,21.99,1,0.29,15.61,20.62,0,0.237,34,87,1358.07,531.57,87,1,train
2024-08-27,S05,SKU003,21.99,0,0.0,21.99,19.98,0,0.362,34,23,505.77,287.27,89,0,train
2024-08-28,S05,SKU003,21.99,0,0.0,21.99,20.27,0,0.302,34,23,505.77,287.27,52,0,train
2024-08-29,S05,SKU003,21.99,0,0.0,21.99,21.18,0,0.316,34,27,593.73,337.23,67,0,train
2024-08-30,S05,SKU003,21.99,0,0.0,21.99,19.76,0,0.278,34,25,549.75,312.25,82,0,train
2024-08-31,S05,SKU003,21.99,0,0.0,21.99,20.42,0,0.383,34,32,703.68,399.68,87,0,train
2024-09-01,S05,SKU003,21.99,0,0.0,21.99,20.65,0,0.277,35,30,659.7,374.7,48,0,train
2024-09-02,S05,SKU003,21.99,0,0.0,21.99,22.29,1,0.257,35,27,593.73,337.23,44,0,train
2024-09-03,S05,SKU003,21.99,0,0.0,21.99,20.79,0,0.17,35,34,747.66,424.66,48,0,train
2024-09-04,S05,SKU003,21.99,0,0.0,21.99,20.55,0,0.16,35,22,483.78,274.78,22,0,train
2024-09-05,S05,SKU003,21.99,1,0.17,18.25,21.26,0,0.221,35,54,985.5,472.5,101,0,train
2024-09-06,S05,SKU003,21.99,0,0.0,21.99,21.04,0,0.265,35,25,549.75,312.25,26,0,train
2024-09-07,S05,SKU003,21.99,0,0.0,21.99,19.64,0,0.268,35,26,571.74,324.74,62,0,train
2024-09-08,S05,SKU003,21.99,0,0.0,21.99,21.61,0,0.14,36,27,593.73,337.23,82,0,train
2024-09-09,S05,SKU003,21.99,0,0.0,21.99,21.53,0,0.224,36,29,637.71,362.21,45,0,train
2024-09-10,S05,SKU003,21.99,0,0.0,21.99,20.95,0,0.199,36,14,307.86,174.86,69,0,train
2024-09-11,S05,SKU003,21.99,0,0.0,21.99,21.26,0,0.116,36,29,637.71,362.21,66,0,train
2024-09-12,S05,SKU003,21.99,0,0.0,21.99,19.37,0,0.21,36,35,769.65,437.15,78,0,train
2024-09-13,S05,SKU003,21.99,0,0.0,21.99,21.76,0,0.039,36,28,615.72,349.72,87,0,train
2024-09-14,S05,SKU003,21.99,0,0.0,21.99,20.9,0,0.187,36,23,505.77,287.27,23,1,train
2024-09-15,S05,SKU003,21.99,1,0.21,17.37,19.73,0,0.316,37,76,1320.12,598.12,76,1,train
2024-09-16,S05,SKU003,21.99,1,0.15,18.69,19.94,0,0.102,37,49,915.81,450.31,84,0,train
2024-09-17,S05,SKU003,21.99,0,0.0,21.99,20.96,0,0.161,37,25,549.75,312.25,79,0,train
2024-09-18,S05,SKU003,21.99,0,0.0,21.99,22.49,0,0.043,37,28,615.72,349.72,89,0,train
2024-09-19,S05,SKU003,21.99,1,0.1,19.79,20.96,0,0.107,37,52,1029.08,535.08,64,0,train
2024-09-20,S05,SKU003,21.99,0,0.0,21.99,20.77,0,0.195,37,33,725.67,412.17,69,0,train
2024-09-21,S05,SKU003,21.99,0,0.0,21.99,19.82,0,0.084,37,31,681.69,387.19,31,1,train
2024-09-22,S05,SKU003,21.99,1,0.13,19.13,21.41,0,0.141,38,62,1186.06,597.06,87,0,train
2024-09-23,S05,SKU003,21.99,0,0.0,21.99,19.97,0,0.119,38,31,681.69,387.19,63,0,train
2024-09-24,S05,SKU003,21.99,0,0.0,21.99,21.6,0,0.114,38,30,659.7,374.7,70,0,train
2024-09-25,S05,SKU003,21.99,0,0.0,21.99,20.05,0,0.146,38,19,417.81,237.31,72,0,train
2024-09-26,S05,SKU003,21.99,0,0.0,21.99,19.35,0,0.16,38,23,505.77,287.27,90,0,train
2024-09-27,S05,SKU003,21.99,1,0.18,18.03,21.18,0,0.203,38,34,613.02,290.02,34,1,train
2024-09-28,S05,SKU003,21.99,0,0.0,21.99,20.79,0,0.176,38,23,505.77,287.27,90,0,train
2024-09-29,S05,SKU003,21.99,0,0.0,21.99,21.32,0,0.09,39,34,747.66,424.66,66,0,train
2024-09-30,S05,SKU003,21.99,0,0.0,21.99,20.41,0,0.207,39,19,417.81,237.31,86,0,train
2024-10-01,S05,SKU003,21.99,0,0.0,21.99,22.03,0,0.194,39,33,725.67,412.17,73,0,test
2024-10-02,S05,SKU003,21.99,1,0.27,16.05,20.95,0,0.024,39,35,561.75,229.25,35,1,test
2024-10-03,S05,SKU003,21.99,0,0.0,21.99,22.26,0,0.155,39,20,439.8,249.8,58,0,test
2024-10-04,S05,SKU003,21.99,1,0.24,16.71,21.03,0,0.163,39,44,735.24,317.24,44,1,test
2024-10-05,S05,SKU003,21.99,0,0.0,21.99,20.78,0,0.17,39,26,571.74,324.74,49,0,test
2024-10-06,S05,SKU003,21.99,1,0.31,15.17,20.16,0,0.143,40,57,864.69,323.19,57,1,test
2024-10-07,S05,SKU003,21.99,0,0.0,21.99,19.17,0,0.031,40,30,659.7,374.7,41,0,test
2024-10-08,S05,SKU003,21.99,0,0.0,21.99,21.39,0,0.091,40,21,461.79,262.29,52,0,test
2024-10-09,S05,SKU003,21.99,0,0.0,21.99,20.44,0,0.0,40,23,505.77,287.27,91,0,test
2024-10-10,S05,SKU003,21.99,0,0.0,21.99,20.58,0,0.096,40,26,571.74,324.74,47,0,test
2024-10-11,S05,SKU003,21.99,0,0.0,21.99,21.68,0,0.226,40,25,549.75,312.25,78,0,test
2024-10-12,S05,SKU003,21.99,1,0.2,17.59,21.23,0,0.144,40,23,404.57,186.07,23,1,test
2024-10-13,S05,SKU003,21.99,0,0.0,21.99,22.03,0,0.152,41,33,725.67,412.17,51,0,test
2024-10-14,S05,SKU003,21.99,0,0.0,21.99,20.0,0,0.071,41,33,725.67,412.17,92,0,test
2024-10-15,S05,SKU003,21.99,0,0.0,21.99,20.24,0,0.04,41,16,351.84,199.84,69,0,test
2024-10-16,S05,SKU003,21.99,0,0.0,21.99,20.67,0,0.036,41,25,549.75,312.25,53,0,test
2024-10-17,S05,SKU003,21.99,0,0.0,21.99,21.41,0,0.108,41,19,417.81,237.31,48,0,test
2024-10-18,S05,SKU003,21.99,0,0.0,21.99,21.12,0,0.052,41,21,461.79,262.29,51,0,test
2024-10-19,S05,SKU003,21.99,0,0.0,21.99,21.42,0,0.062,41,24,527.76,299.76,34,0,test
2024-10-20,S05,SKU003,21.99,1,0.23,16.93,19.04,0,0.169,42,82,1388.26,609.26,97,0,test
2024-10-21,S05,SKU003,21.99,0,0.0,21.99,20.03,0,0.002,42,27,593.73,337.23,42,0,test
2024-10-22,S05,SKU003,21.99,0,0.0,21.99,21.75,0,0.022,42,33,725.67,412.17,71,0,test
2024-10-23,S05,SKU003,21.99,0,0.0,21.99,19.89,0,0.07,42,27,593.73,337.23,84,0,test
2024-10-24,S05,SKU003,21.99,0,0.0,21.99,20.55,0,0.095,42,24,527.76,299.76,96,0,test
2024-10-25,S05,SKU003,21.99,0,0.0,21.99,20.94,0,0.094,42,29,637.71,362.21,75,0,test
2024-10-26,S05,SKU003,21.99,0,0.0,21.99,21.13,0,0.019,42,33,725.67,412.17,43,0,test
2024-10-27,S05,SKU003,21.99,0,0.0,21.99,21.86,0,0.115,43,22,483.78,274.78,34,0,test
2024-10-28,S05,SKU003,21.99,0,0.0,21.99,20.54,0,0.097,43,23,505.77,287.27,57,0,test
2024-10-29,S05,SKU003,21.99,0,0.0,21.99,22.25,0,0.127,43,30,659.7,374.7,93,0,test
2024-10-30,S05,SKU003,21.99,1,0.17,18.25,19.63,0,0.042,43,49,894.25,428.75,64,0,test
2024-10-31,S05,SKU003,21.99,1,0.24,16.71,21.05,0,0.123,43,58,969.18,418.18,74,0,test
2024-11-01,S05,SKU003,21.99,0,0.0,21.99,22.19,0,0.123,43,22,483.78,274.78,34,0,test
2024-11-02,S05,SKU003,21.99,0,0.0,21.99,21.15,0,0.072,43,24,527.76,299.76,64,0,test
2024-11-03,S05,SKU003,21.99,0,0.0,21.99,21.17,0,0.1,44,29,637.71,362.21,84,0,test
2024-11-04,S05,SKU003,21.99,0,0.0,21.99,21.27,0,0.081,44,25,549.75,312.25,47,0,test
2024-11-05,S05,SKU003,21.99,0,0.0,21.99,20.71,0,0.198,44,21,461.79,262.29,72,0,test
2024-11-06,S05,SKU003,21.99,0,0.0,21.99,21.06,0,0.0,44,23,505.77,287.27,37,0,test
2024-11-07,S05,SKU003,21.99,0,0.0,21.99,21.5,0,0.034,44,26,571.74,324.74,49,0,test
2024-11-08,S05,SKU003,21.99,1,0.22,17.15,20.11,0,0.021,44,44,754.6,336.6,44,1,test
2024-11-09,S05,SKU003,21.99,0,0.0,21.99,20.71,0,0.103,44,34,747.66,424.66,50,0,test
2024-11-10,S05,SKU003,21.99,1,0.25,16.49,20.76,0,0.087,45,76,1253.24,531.24,87,0,test
2024-11-11,S05,SKU003,21.99,0,0.0,21.99,21.94,0,0.106,45,26,571.74,324.74,84,0,test
2024-11-12,S05,SKU003,21.99,0,0.0,21.99,21.4,0,0.176,45,25,549.75,312.25,92,0,test
